$ bun run validate:imports && tsci build index.circuit.tsx --pcb-png --pcb-svgs --schematic-svgs
$ node scripts/check-critical-import-pins.mjs
Critical import-label audit passed. Full schematic, BOM, mechanical and fabrication validation remains mandatory.
Building 1 file(s)...
Building index.circuit.tsx...
Generating circuit JSON...
trace: `key` is not a prop. Trying to access it will result in `undefined` being returned. If you need to access the same value within the child component, you should pass it as a different prop. (https://react.dev/link/special-props)
Autorouting <board#965 /> phase 1/1 "Saved local copper" failed start: connections=69, obstacles=1080, previous_traces=0, router=precomputed, version=beta_pipeline7, effort=1x, cache=disabled(precomputed)
  connections: net.V3V3, net.NRST, net.I2C_SCL, net.I2C_SDA, net.CAN_TX, net.CAN_RX, net.CAN_H, net.CAN_L, net.BUCK_SW, net.BUCK_BST, net.TMC_ENABLE_N, net.TMC_STEP, net.TMC_DIAG, net.TMC_UART_TX, net.TMC_UART_RX, net.TMC_CPO, net.TMC_CPI, net.TMC_VCP, net.TMC_5VOUT, net.TMC_VREF, net.TMC_SENSE_A, net.TMC_SENSE_B, net.MOTOR_A1, net.MOTOR_A2, net.MOTOR_B1, net.MOTOR_B2, net.USB_DP, net.USB_DM, net.PD_CC1_CONN, net.PD_CC2_CONN, net.PD_CC1_MCU, net.PD_CC2_MCU, net.PD_GATE, net.PD_OVP_SERIES, net.PD_OVP, net.PD_DB, net.PD_FLT, net.VBUS_DIV, net.VBUS_ADC, net.SWCLK_GUARDED, net.NRST_GUARDED, net.SWDIO, net.SWDIO_CONN, net.SWCLK_CONN, net.NRST_CONN, net.POWER_GOOD, net.VBUS_ADC_PRE_GUARD, net.TEMP_ALERT_N, net.EXT_DIR_CONN, net.EXT_ENABLE_N_CONN, net.EXT_STEP, net.EXT_ENABLE_N, net.LIMIT1_CONN, net.LIMIT2_CONN, net.LIMIT1, net.LIMIT2, net.LED_POWER_A, net.LED_STATUS_A, net.LED_FAULT_A, net.LED_STATUS_DRIVE, net.LED_FAULT_DRIVE, net.EFUSE_EN, net.EFUSE_OVP_TOP_1, net.EFUSE_OVP_TOP_2, net.EFUSE_OVP, net.EFUSE_ILIM, net.EFUSE_ILIM_SWITCH, net.EFUSE_DVDT, net.CAN_TERM_LINK
  phase 1/1 "Saved local copper" error after 8ms: Saved phase paths for "net.TMC_ENABLE_N" must connect every endpoint; use autorouter="fanout" for saved escapes
Async effect error in PcbTraceRender "autorouting":
Error: Saved phase paths for "source_net_12" must connect every endpoint; use autorouter="fanout" for saved escapes
    at getSavedAutoroutingPhaseTracesFromPaths (/workspace/smart-nema14-motor-controller/node_modules/@tscircuit/core/dist/index.js:20810:17)
    at _runLocalAutorouting (/workspace/smart-nema14-motor-controller/node_modules/@tscircuit/core/dist/index.js:119997:26)
    at <anonymous> (/workspace/smart-nema14-motor-controller/node_modules/@tscircuit/core/dist/index.js:120252:26)
    at _queueAsyncEffect (/workspace/smart-nema14-motor-controller/node_modules/@tscircuit/core/dist/index.js:1218:16)
    at _startAsyncAutorouting (/workspace/smart-nema14-motor-controller/node_modules/@tscircuit/core/dist/index.js:120250:12)
    at doInitialPcbTraceRender (/workspace/smart-nema14-motor-controller/node_modules/@tscircuit/core/dist/index.js:120290:10)
    at runRenderPhase (/workspace/smart-nema14-motor-controller/node_modules/@tscircuit/core/dist/index.js:1385:24)
    at runRenderCycle (/workspace/smart-nema14-motor-controller/node_modules/@tscircuit/core/dist/index.js:1334:12)
    at render (/workspace/smart-nema14-motor-controller/node_modules/@tscircuit/core/dist/index.js:122353:16)
    at generateCircuitJson (/workspace/smart-nema14-motor-controller/node_modules/@tscircuit/cli/dist/cli/main.js:167877:12)
    at unknown
    at unknown
    at unknown
    at processTicksAndRejections (native:7:39)
