placement summary: 3 suboptimal orientations

worst issues:
1. C9 connections cross the routing path between its pads. Suggested move: rotate C9 180 degrees.
2. R10 connections cross the routing path between its pads. Suggested move: rotate R10 180 degrees.
3. R31 connections cross the routing path between its pads. Suggested move: rotate R31 180 degrees.

board top-layer utilization:
- occupied: 55.624% (681.397mm^2 of 1225mm^2)
- empty spaces over 5% of board area:
  - 7% (85.749mm^2); bounds=(minX=-17.5mm, maxX=17.5mm, minY=15.05mm, maxY=17.5mm)

board-edge status:
- U1: 4mm inside right edge
- C1: 8.83mm inside right edge
- C2: 8.83mm inside right edge
- C3: 11.08mm inside right edge
- C4: 10.48mm inside top edge
- R1: 6.534mm inside right edge
- C5: 1.83mm inside right edge
- U4: 13.82mm inside top edge
- C6: 12.48mm inside bottom edge
- R2: 14.23mm inside top edge
- R3: 12.23mm inside top edge
- U6: 2mm inside bottom edge
- C7: 5.23mm inside bottom edge
- R49: 4.48mm inside bottom edge
- R50: 0.73mm inside bottom edge
- U5: 0.775mm inside left edge
- C8: 4.165mm inside left edge
- C9: 9.65mm inside left edge
- C10: 9.05mm inside top edge
- L1: 4.1mm inside left edge
- C11: 1.075mm inside left edge
- C12: 1.045mm inside top edge
- U2: 5.55mm inside left edge
- C13: 9.58mm inside left edge
- C14: 11.65mm inside left edge
- C15: 12.795mm inside left edge
- C16: 12.33mm inside left edge
- C17: 1.15mm inside left edge
- C18: 3.136mm inside bottom edge
- C19: 1.98mm inside left edge
- C20: 5.33mm inside right edge
- R5: 0.567mm inside left edge
- R6: 0.567mm inside left edge
- R4: 12.784mm inside left edge
- R7: 10.48mm inside top edge
- R8: 11.48mm inside bottom edge
- R9: 11.73mm inside bottom edge
- R10: 11.48mm inside bottom edge
- R11: 10.23mm inside bottom edge
- C21: 12.83mm inside left edge
- J_USB: 1.76mm inside top edge
- U3: 5.76mm inside left edge
- Q_PD: 6.2mm inside left edge
- D_USB: 3.05mm inside top edge
- D_VBUS: 3.8mm inside top edge
- C25: 3.55mm inside top edge
- C26: 1.3mm inside top edge
- C22: 3.33mm inside left edge
- C23: 5.98mm inside top edge
- C24: 5.98mm inside top edge
- R12: 3.284mm inside left edge
- R13: 11.73mm inside top edge
- R14: 11.48mm inside top edge
- R15: 12.48mm inside top edge
- R16: 10.23mm inside top edge
- R17: 9.48mm inside top edge
- R18: 7.98mm inside top edge
- C27: 10.73mm inside top edge
- J_SWD: 0.325mm inside right edge
- U7: 6.4mm inside top edge
- U8: 8.8mm inside right edge
- R19: 7.534mm inside right edge
- C28: 7.23mm inside top edge
- C29: 12.23mm inside top edge
- R20: 4.784mm inside right edge
- R21: 4.784mm inside right edge
- R22: 3.48mm inside top edge
- R51: 11.784mm inside right edge
- R52: 8.284mm inside right edge
- R53: 6.034mm inside right edge
- J_IO: 0.687mm inside right edge
- J_MOTOR: 2.9mm inside bottom edge
- U9: 9.45mm inside left edge
- D_IO1: 7.4mm inside right edge
- D_IO2: 7.4mm inside right edge
- D_CAN: 10.034mm inside bottom edge
- R23: 8.284mm inside right edge
- R24: 10.534mm inside right edge
- R25: 10.534mm inside right edge
- R26: 9.784mm inside right edge
- R27: 9.784mm inside right edge
- R28: 12.784mm inside right edge
- R29: 12.784mm inside right edge
- R30: 12.784mm inside right edge
- R31: 12.034mm inside right edge
- R32: 12.034mm inside right edge
- R33: 11.23mm inside bottom edge
- R34: 9.23mm inside bottom edge
- C30: 5.73mm inside bottom edge
- C31: 7.58mm inside right edge
- C32: 6.83mm inside left edge
- R35: 12.48mm inside bottom edge
- LED_POWER: 15.097mm inside bottom edge
- R36: 11.23mm inside bottom edge
- LED_STATUS: 13.097mm inside bottom edge
- R37: 11.23mm inside bottom edge
- LED_FAULT: 15.301mm inside right edge
- U10: 7.3mm inside top edge
- Q_ILIM: 10.73mm inside left edge
- R38: 10.48mm inside top edge
- R39: 5.48mm inside top edge
- R40: 8.534mm inside left edge
- R41: 10.784mm inside left edge
- R42: 10.48mm inside top edge
- R43: 8.23mm inside top edge
- R44: 4.73mm inside top edge
- R45: 10.23mm inside top edge
- R46: 9.784mm inside left edge
- R47: 4.23mm inside top edge
- C33: 5.55mm inside top edge
- R48: 3.48mm inside top edge

flagged components:
- C9
  source placement: placement_mode=none
  resolved placement: center=(-6.75mm, -3.5mm) on top; bounds=(minX=-7.85mm, maxX=-5.65mm, minY=-3.95mm, maxY=-3.05mm); size=(width=2.2mm, height=0.9mm); anchor_alignment="center"
  board edge status: 9.65mm inside left edge
  issues:
  - C9 connections cross the routing path between its pads. Suggested move: rotate C9 180 degrees.
- R10
  source placement: placement_mode=none
  resolved placement: center=(-5.25mm, 5.75mm) on top; bounds=(minX=-5.966mm, maxX=-4.534mm, minY=5.48mm, maxY=6.02mm); size=(width=1.431mm, height=0.54mm); anchor_alignment="center"
  board edge status: 11.48mm inside bottom edge
  issues:
  - R10 connections cross the routing path between its pads. Suggested move: rotate R10 180 degrees.
- R31
  source placement: placement_mode=none
  resolved placement: center=(4.75mm, 0mm) on bottom; bounds=(minX=4.034mm, maxX=5.466mm, minY=-0.27mm, maxY=0.27mm); size=(width=1.431mm, height=0.54mm); anchor_alignment="center"
  board edge status: 12.034mm inside right edge
  issues:
  - R31 connections cross the routing path between its pads. Suggested move: rotate R31 180 degrees.

placement drc:
Errors: 0
Warnings: 0
