{"phase":"topologyMergingSolver","progress":0.21066594183201956,"elapsed_seconds":4.329744123999999,"solved":false,"failed":false,"error":null}
{"phase":"nodeDimensionSubdivisionSolver","progress":0.24,"node_count":29736,"elapsed_seconds":53.793938581,"solved":false,"failed":false,"error":null}
{"phase":"edgeSolver","progress":0.28,"node_count":30285,"elapsed_seconds":64.863944757,"solved":false,"failed":false,"error":null}
{"phase":"availableSegmentPointSolver","progress":0.32,"node_count":30285,"edge_count":90452,"elapsed_seconds":81.42937627,"solved":false,"failed":false,"error":null}
{"phase":"portPointPathingSolver","progress":0.44,"node_count":30285,"edge_count":90452,"elapsed_seconds":87.861634734,"solved":false,"failed":false,"error":null}
{"phase":"portPointPathingSolver","progress":0.44,"node_count":30285,"edge_count":90452,"elapsed_seconds":92.861635174,"solved":false,"failed":false,"error":null}
{"phase":"portPointPathingSolver","progress":0.44,"node_count":30285,"edge_count":90452,"elapsed_seconds":97.8920131,"solved":false,"failed":false,"error":null}
{"phase":"uniformPortDistributionSolver","progress":0.48,"node_count":30285,"edge_count":90452,"elapsed_seconds":102.89385616199999,"solved":false,"failed":false,"error":null}
{"phase":"highDensityRouteSolver","progress":0.5255687606112054,"node_count":30285,"edge_count":90452,"elapsed_seconds":107.895016725,"solved":false,"failed":false,"error":null}
{"phase":"highDensityRouteSolver","progress":0.537453310696095,"node_count":30285,"edge_count":90452,"elapsed_seconds":112.89510676799999,"solved":false,"failed":false,"error":null}
{"phase":"highDensityRouteSolver","progress":0.54553480475382,"node_count":30285,"edge_count":90452,"elapsed_seconds":117.895826284,"solved":false,"failed":false,"error":null}
{"phase":"highDensityRepairSolver","progress":0.6,"node_count":30285,"edge_count":90452,"elapsed_seconds":123.30783154500001,"solved":false,"failed":false,"error":null}
{"phase":"globalDrcForceImproveSolver","progress":0.8,"node_count":30285,"edge_count":90452,"elapsed_seconds":128.372601575,"solved":false,"failed":false,"error":null}
{"phase":"globalDrcForceImproveSolver","progress":0.8,"node_count":30285,"edge_count":90452,"elapsed_seconds":133.491806541,"solved":false,"failed":false,"error":null}
{"phase":"pipeline9JointDrcRepairSolver","progress":0.84,"node_count":30285,"edge_count":90452,"elapsed_seconds":138.88081703999998,"solved":false,"failed":false,"error":null}
{"phase":"pipeline9JointDrcRepairSolver","progress":0.84,"node_count":30285,"edge_count":90452,"elapsed_seconds":143.932175909,"solved":false,"failed":false,"error":null}
{"phase":"pipeline9JointDrcRepairSolver","progress":0.84,"node_count":30285,"edge_count":90452,"elapsed_seconds":148.94929752899998,"solved":false,"failed":false,"error":null}
{"phase":"pipeline9JointDrcRepairSolver","progress":0.84,"node_count":30285,"edge_count":90452,"elapsed_seconds":154.45327650399997,"solved":false,"failed":false,"error":null}
{"phase":"pipeline9JointDrcRepairSolver","progress":0.84,"node_count":30285,"edge_count":90452,"elapsed_seconds":161.016063587,"solved":false,"failed":false,"error":null}
{"phase":"pipeline9JointDrcRepairSolver","progress":0.84,"node_count":30285,"edge_count":90452,"elapsed_seconds":166.56673559599997,"solved":false,"failed":false,"error":null}
{"phase":"pipeline9JointDrcRepairSolver","progress":0.84,"node_count":30285,"edge_count":90452,"elapsed_seconds":172.889218024,"solved":false,"failed":false,"error":null}
{"phase":"pipeline9JointDrcRepairSolver","progress":0.84,"node_count":30285,"edge_count":90452,"elapsed_seconds":178.267381721,"solved":false,"failed":false,"error":null}
{"phase":"pipeline9JointDrcRepairSolver","progress":0.84,"node_count":30285,"edge_count":90452,"elapsed_seconds":184.047471203,"solved":false,"failed":false,"error":null}
{"phase":"pipeline9JointDrcRepairSolver","progress":0.84,"node_count":30285,"edge_count":90452,"elapsed_seconds":190.660726908,"solved":false,"failed":false,"error":null}
{"phase":"pipeline9JointDrcRepairSolver","progress":0.84,"node_count":30285,"edge_count":90452,"elapsed_seconds":196.16001305799998,"solved":false,"failed":false,"error":null}
{"phase":"pipeline9JointDrcRepairSolver","progress":0.84,"node_count":30285,"edge_count":90452,"elapsed_seconds":201.160211119,"solved":false,"failed":false,"error":null}
{"phase":"pipeline9JointDrcRepairSolver","progress":0.84,"node_count":30285,"edge_count":90452,"elapsed_seconds":207.334079563,"solved":false,"failed":false,"error":null}
{"phase":"pipeline9JointDrcRepairSolver","progress":0.84,"node_count":30285,"edge_count":90452,"elapsed_seconds":213.91874611799997,"solved":false,"failed":false,"error":null}
{"phase":"pipeline9JointDrcRepairSolver","progress":0.8533333333333333,"node_count":30285,"edge_count":90452,"elapsed_seconds":221.46630758,"solved":false,"failed":false,"error":null}
{"phase":"pipeline9JointDrcRepairSolver","progress":0.8672222222222223,"node_count":30285,"edge_count":90452,"elapsed_seconds":226.46751968099997,"solved":false,"failed":false,"error":null}
{"phase":"pipeline9JointDrcRepairSolver","progress":0.8677777777777778,"node_count":30285,"edge_count":90452,"elapsed_seconds":231.46894052399998,"solved":false,"failed":false,"error":null}
{"phase":"pipeline9JointDrcRepairSolver","progress":0.8677777777777778,"node_count":30285,"edge_count":90452,"elapsed_seconds":236.488488215,"solved":false,"failed":false,"error":null}
{"phase":"pipeline9JointDrcRepairSolver","progress":0.8677777777777778,"node_count":30285,"edge_count":90452,"elapsed_seconds":241.489018025,"solved":false,"failed":false,"error":null}
{"phase":"pipeline9JointDrcRepairSolver","progress":0.8683333333333333,"node_count":30285,"edge_count":90452,"elapsed_seconds":246.489450029,"solved":false,"failed":false,"error":null}
{"phase":"pipeline9JointDrcRepairSolver","progress":0.8683333333333333,"node_count":30285,"edge_count":90452,"elapsed_seconds":251.49103566499997,"solved":false,"failed":false,"error":null}
{"phase":"pipeline9JointDrcRepairSolver","progress":0.8688888888888888,"node_count":30285,"edge_count":90452,"elapsed_seconds":256.491865456,"solved":false,"failed":false,"error":null}
{"phase":"pipeline9JointDrcRepairSolver","progress":0.8694444444444445,"node_count":30285,"edge_count":90452,"elapsed_seconds":261.492327671,"solved":false,"failed":false,"error":null}
{"phase":"pipeline9JointDrcRepairSolver","progress":0.8705555555555555,"node_count":30285,"edge_count":90452,"elapsed_seconds":266.495106722,"solved":false,"failed":false,"error":null}
{"phase":"pipeline9JointDrcRepairSolver","progress":0.8705555555555555,"node_count":30285,"edge_count":90452,"elapsed_seconds":271.496641506,"solved":false,"failed":false,"error":null}
{"phase":"none","progress":1,"node_count":30285,"edge_count":90452,"elapsed_seconds":273.124974782,"solved":true,"failed":false,"error":null}
