Checked STEP 1: RP2040.step
Checked STEP 2: TLV803EA30DBZR.step
Checked STEP 3: CL05B104KO5NNNC.step
Checked STEP 4: GD25Q16EEIGR.step
Checked STEP 5: A_0402WGF1002TCE.step
Checked STEP 6: ABM8_272_T3.step
Checked STEP 7: A_0402WGF1001TCE.step
Checked STEP 8: A_0402CG150J500NT.step
Checked STEP 9: A_0402WGF270JTCE.step
Checked STEP 10: CL10A105KB8NNNC.step
Checked STEP 11: TMP112AIDRLR.step
Checked STEP 12: A_0402WGF4701TCE.step
Checked STEP 13: MLT_5020.step
Checked STEP 14: B5819WS.step
Checked STEP 15: DMG1012T_7.step
Checked STEP 16: A_0402WGF1000TCE.step
Checked STEP 17: RT0402BRD07100KL.step
Checked STEP 18: SN65HVD230DR.step
Checked STEP 19: A_0402WGF1200TCE.step
Checked STEP 20: MCP2515T_I_ML.step
Checked STEP 21: ABM8_16_000MHZ_B2_T.step
Checked STEP 22: A_0402CG300J500NT.step
Checked STEP 23: AP63203WU_7.step
Checked STEP 24: CL31A106KBHNNNE.step
Checked STEP 25: CC0603KRX7R9BB104.step
Checked STEP 26: SRN6028C_3R9M.step
Checked STEP 27: CL21A226MAQNNNE.step
Checked STEP 28: TMC2209_LA_T.step
Checked STEP 29: CL05B223KB5VPNC.step
Checked STEP 30: CL21A475KBQNNNE.step
Checked STEP 31: EEEFPV101XAP.step
Checked STEP 32: RT1206BRD071RL.step
Checked STEP 33: BAT54WS_7_F.step
Checked STEP 34: SN74LVC1G27DBVR.step
Checked STEP 35: SN74LVC3G17DCUR.step
Checked STEP 36: usb4110-gf-a.stp
Checked STEP 37: STUSB4500QTR.step
Checked STEP 38: STL8P4LLF6.step
Checked STEP 39: A_0402WGF2202TCE.step
Checked STEP 40: A_0402WGF4700TCE.step
Checked STEP 41: UMK107BBJ225KA_T.step
Checked STEP 42: ERJ_P08F1001V.step
Checked STEP 43: ESDA25P35_1U1M.step
Checked STEP 44: A_0402WGF2203TCE.step
Checked STEP 45: A_0402WGF5101TCE.step
Checked STEP 46: TPD2EUSB30DRTR.step
Checked STEP 47: C136657.step
Checked STEP 48: TMUX1511RSVR.step
Checked STEP 49: SM10B_SRSS_TB_LF__SN_.step
Checked STEP 50: SM04B_GHS_TB_LF__SN_.step
Checked STEP 51: TPD4E05U06DQAR.step
Checked STEP 52: SM712_TCT.step
Checked STEP 53: XL_1608SYGC_06.step
Checked STEP 54: RHF0024A.stp
Checked STEP 55: A_0402WGF4702TCE.step
Checked STEP 56: RT0402BRD076K04L.step
Checked STEP 57: A_0402WGF2402TCE.step
Chip STEP compatibility: 14/14
All fitted components: 162/162
