<SchematicSheet name="MotorInterlock" id="schematic_sheet_5">
<SchematicBoxPositions>
<SchematicBoxPlacement componentName="U_MOTOR_SUPERVISOR" positionAnchor="center" schX="-8" schY="-7" width="1.2" height="0.6" />
<SchematicBoxPlacement componentName="R_MOTOR_BOOT_PULLUP" positionAnchor="center" schX="-10.5" schY="-7" width="0.9" height="0.6" />
</SchematicBoxPositions>
<SchematicPlacementIssues>
<SchematicTextCollision text="U_MOTOR_ENN is a Schmitt-input NAND: ENN is low only with a qualified request AND supervisor power-good. R7 uses TMC VCC_IO (3V3), never5VOUT. TMC I/O undervoltage reset covers the sub-POR region." collidingObjectType="trace" newSchX="-6.5" newSchY="-9.02" message="Text &quot;U_MOTOR_ENN is a Schmitt-input NAND: ENN is low only with a qualified request AND supervisor power-good. R7 uses TMC VCC_IO (3V3), never5VOUT. TMC I/O undervoltage reset covers the sub-POR region.&quot; overlaps trace; reposition the text to leave its visible area clear." />
<SchematicTextCollision text="U_MOTOR_ENN is a Schmitt-input NAND: ENN is low only with a qualified request AND supervisor power-good. R7 uses TMC VCC_IO (3V3), never5VOUT. TMC I/O undervoltage reset covers the sub-POR region." collidingObjectType="text" collidingText="MOTOR_POWER_GOOD" newSchX="-6.5" newSchY="-9.02" message="Text &quot;U_MOTOR_ENN is a Schmitt-input NAND: ENN is low only with a qualified request AND supervisor power-good. R7 uses TMC VCC_IO (3V3), never5VOUT. TMC I/O undervoltage reset covers the sub-POR region.&quot; overlaps text MOTOR_POWER_GOOD; reposition the text to leave its visible area clear." />
<SchematicBoxInnerLabelCollision message="Inner labels are colliding. Increase the schWidth." componentName="U_MOTOR_SUPERVISOR" currentSchWidth="1.2" currentSchHeight="0.6" overlappingSides="left,right" />
<ComponentNetLabelCollision pair1="R_MOTOR_BOOT_PULLUP/U_MOTOR_SUPERVISOR">
  <SuggestedFix note="Apply all moves simultaneously. Set schAutoLayoutEnabled on your circuit.">
    <Move componentName="R_MOTOR_BOOT_PULLUP" newSchX="-11.09" newSchY="-7" />
    <Move componentName="U_MOTOR_SUPERVISOR" newSchX="-7.41" newSchY="-7" />
  </SuggestedFix>
</ComponentNetLabelCollision>
</SchematicPlacementIssues>
</SchematicSheet>
<SchematicSheet name="UsbPd" id="schematic_sheet_6">
<SchematicBoxPositions>
<SchematicBoxPlacement componentName="D_VBUS" positionAnchor="center" schX="-4.6" schY="-3.3" width="0.2" height="0.28" />
</SchematicBoxPositions>
<SchematicPlacementIssues>
<TwoPinComponentShouldBeVertical componentName="D_VBUS" railPin="pin1" railType="power" deltaSchRotation="-90" suggestedRailFacingDirection="up" message="rotate D_VBUS by -90° so its power-connected pin faces up and the component is vertical" />
</SchematicPlacementIssues>
</SchematicSheet>
