<SchematicSheet name="MotorInterlock" id="schematic_sheet_5">
<SchematicBoxPositions>
<SchematicBoxPlacement componentName="D_PD_VALID" positionAnchor="center" schX="-12" schY="2" width="1.04" height="0.54" />
<SchematicBoxPlacement componentName="R_PD_PATH" positionAnchor="center" schX="-9" schY="4" width="0.9" height="0.6" />
<SchematicBoxPlacement componentName="C_PD_SCHMITT" positionAnchor="center" schX="-5.25" schY="-5.6" width="0.9" height="0.6" />
<SchematicBoxPlacement componentName="C_MOTOR_INTERLOCK" positionAnchor="center" schX="-2.3" schY="-5.6" width="0.9" height="0.6" />
<SchematicBoxPlacement componentName="C_MOTOR_ENN" positionAnchor="center" schX="0.7" schY="-5.6" width="0.9" height="0.6" />
<SchematicBoxPlacement componentName="C_MOTOR_SUPERVISOR" positionAnchor="center" schX="2.4" schY="-7.4" width="0.9" height="0.6" />
</SchematicBoxPositions>
<SchematicPlacementIssues>
<DiodeResistorNotAligned diodeComponentName="D_PD_VALID" diodePin="anode" resistorComponentName="R_PD_PATH" resistorPin="cathode" message="trace has corners — align D_PD_VALID and R_PD_PATH on same axis and rotate so D_PD_VALID.anode faces R_PD_PATH.cathode" />
<DecouplingCapacitorsNotCloseTogether rail="V3V3" ground="GND" capacitorNames="C_PD_SCHMITT, C_MOTOR_INTERLOCK, C_MOTOR_ENN, C_MOTOR_SUPERVISOR" maxBodyGap="2.1" maxRecommendedBodyGap="1" message="Group the decoupling capacitors between V3V3 and GND closer together in this schematic block. Preserve their net connections." />
</SchematicPlacementIssues>
</SchematicSheet>
<SchematicSheet name="UsbPd" id="schematic_sheet_6">
<SchematicBoxPositions>
<SchematicBoxPlacement componentName="D_VBUS" positionAnchor="center" schX="-4.6" schY="-3.3" width="0.2" height="0.28" />
</SchematicBoxPositions>
<SchematicPlacementIssues>
<TwoPinComponentShouldBeVertical componentName="D_VBUS" railPin="pin1" railType="power" deltaSchRotation="-90" suggestedRailFacingDirection="up" message="rotate D_VBUS by -90° so its power-connected pin faces up and the component is vertical" />
</SchematicPlacementIssues>
</SchematicSheet>
