Building 1 file(s)...
Building scripts/two-port-usb-model-audit.circuit.tsx...
Generating circuit JSON...
Circuit JSON written to dist/scripts/two-port-usb-model-audit/circuit.json
Port SHELL4 on J_TOP is missing a trace
Port SHELL3 on J_TOP is missing a trace
Port SHELL2 on J_TOP is missing a trace
Port SHELL1 on J_TOP is missing a trace
Port DN1 on J_TOP is missing a trace
Port DP2 on J_TOP is missing a trace
Port SBU1 on J_TOP is missing a trace
Port CC2 on J_TOP is missing a trace
Port DP1 on J_TOP is missing a trace
Port DN2 on J_TOP is missing a trace
Port CC1 on J_TOP is missing a trace
Port SBU2 on J_TOP is missing a trace
Port VBUS1 on J_TOP is missing a trace
Port VBUS2 on J_TOP is missing a trace
Port GND1 on J_TOP is missing a trace
Port GND2 on J_TOP is missing a trace
Port SHELL4 on J_BOTTOM_A is missing a trace
Port SHELL3 on J_BOTTOM_A is missing a trace
Port SHELL2 on J_BOTTOM_A is missing a trace
Port SHELL1 on J_BOTTOM_A is missing a trace
Port DN1 on J_BOTTOM_A is missing a trace
Port DP2 on J_BOTTOM_A is missing a trace
Port SBU1 on J_BOTTOM_A is missing a trace
Port CC2 on J_BOTTOM_A is missing a trace
Port DP1 on J_BOTTOM_A is missing a trace
Port DN2 on J_BOTTOM_A is missing a trace
Port CC1 on J_BOTTOM_A is missing a trace
Port SBU2 on J_BOTTOM_A is missing a trace
Port VBUS1 on J_BOTTOM_A is missing a trace
Port VBUS2 on J_BOTTOM_A is missing a trace
Port GND1 on J_BOTTOM_A is missing a trace
Port GND2 on J_BOTTOM_A is missing a trace
Port SHELL4 on J_BOTTOM_B is missing a trace
Port SHELL3 on J_BOTTOM_B is missing a trace
Port SHELL2 on J_BOTTOM_B is missing a trace
Port SHELL1 on J_BOTTOM_B is missing a trace
Port DN1 on J_BOTTOM_B is missing a trace
Port DP2 on J_BOTTOM_B is missing a trace
Port SBU1 on J_BOTTOM_B is missing a trace
Port CC2 on J_BOTTOM_B is missing a trace
Port DP1 on J_BOTTOM_B is missing a trace
Port DN2 on J_BOTTOM_B is missing a trace
Port CC1 on J_BOTTOM_B is missing a trace
Port SBU2 on J_BOTTOM_B is missing a trace
Port VBUS1 on J_BOTTOM_B is missing a trace
Port VBUS2 on J_BOTTOM_B is missing a trace
Port GND1 on J_BOTTOM_B is missing a trace
Port GND2 on J_BOTTOM_B is missing a trace
Port SHELL4 on J_BOTTOM_C is missing a trace
Port SHELL3 on J_BOTTOM_C is missing a trace
Port SHELL2 on J_BOTTOM_C is missing a trace
Port SHELL1 on J_BOTTOM_C is missing a trace
Port DN1 on J_BOTTOM_C is missing a trace
Port DP2 on J_BOTTOM_C is missing a trace
Port SBU1 on J_BOTTOM_C is missing a trace
Port CC2 on J_BOTTOM_C is missing a trace
Port DP1 on J_BOTTOM_C is missing a trace
Port DN2 on J_BOTTOM_C is missing a trace
Port CC1 on J_BOTTOM_C is missing a trace
Port SBU2 on J_BOTTOM_C is missing a trace
Port VBUS1 on J_BOTTOM_C is missing a trace
Port VBUS2 on J_BOTTOM_C is missing a trace
Port GND1 on J_BOTTOM_C is missing a trace
Port GND2 on J_BOTTOM_C is missing a trace
Port SHELL4 on J_BOTTOM_D is missing a trace
Port SHELL3 on J_BOTTOM_D is missing a trace
Port SHELL2 on J_BOTTOM_D is missing a trace
Port SHELL1 on J_BOTTOM_D is missing a trace
Port DN1 on J_BOTTOM_D is missing a trace
Port DP2 on J_BOTTOM_D is missing a trace
Port SBU1 on J_BOTTOM_D is missing a trace
Port CC2 on J_BOTTOM_D is missing a trace
Port DP1 on J_BOTTOM_D is missing a trace
Port DN2 on J_BOTTOM_D is missing a trace
Port CC1 on J_BOTTOM_D is missing a trace
Port SBU2 on J_BOTTOM_D is missing a trace
Port VBUS1 on J_BOTTOM_D is missing a trace
Port VBUS2 on J_BOTTOM_D is missing a trace
Port GND1 on J_BOTTOM_D is missing a trace
Port GND2 on J_BOTTOM_D is missing a trace
No <schematicsheet> was found. Add a <schematicsheet> to define the schematic drawing area.
Generating GLB models for all builds...
[scripts/two-port-usb-model-audit] Converting circuit to GLB...
[scripts/two-port-usb-model-audit] Written 3d.glb

Build complete
  Circuits  1 passed
  Options   glbs
  Output    dist

✓ Done
Build exiting with code 0: build finished successfully
