placement summary: 6 suboptimal orientations

worst issues:
1. C_RESET connections cross the routing path between its pads. Suggested move: rotate C_RESET 180 degrees.
2. C_CAN_XOUT connections cross the routing path between its pads. Suggested move: rotate C_CAN_XOUT 180 degrees.
3. C12 connections cross the routing path between its pads. Suggested move: rotate C12 180 degrees.
4. D_PD_VALID connections cross the routing path between its pads. Suggested move: rotate D_PD_VALID 180 degrees.
5. C_MOTOR_INTERLOCK connections cross the routing path between its pads. Suggested move: rotate C_MOTOR_INTERLOCK 180 degrees.

board top-layer utilization:
- occupied: 57.764% (707.612mm^2 of 1225mm^2)
- empty spaces over 5% of board area: none

board-edge status:
- U1: 5.15mm inside right edge
- U_RESET: 7.925mm inside top edge
- C_RESET: 6.68mm inside top edge
- U_FLASH: 0.927mm inside right edge
- R_FLASH_CS: 0.73mm inside right edge
- C_FLASH: 2.08mm inside right edge
- Y_RP: 8.9mm inside right edge
- R_XOUT: 10.284mm inside right edge
- C_XIN: 12.23mm inside top edge
- C_XOUT: 10.08mm inside top edge
- R_USB_DM: 6.63mm inside right edge
- R_USB_DP: 7.73mm inside right edge
- R1: 6.534mm inside right edge
- C5: 1.83mm inside right edge
- C1: 12.83mm inside bottom edge
- C_IO2: 13.48mm inside right edge
- C_IO3: 8.08mm inside right edge
- C_IO4: 3.98mm inside right edge
- C_IO5: 3.98mm inside right edge
- C_IO6: 10.33mm inside bottom edge
- C_ADC: 4.08mm inside right edge
- C_USBPHY: 8.98mm inside right edge
- C2: 2.05mm inside right edge
- C_VCORE: 3.55mm inside right edge
- C3: 6.08mm inside right edge
- C4: 9.83mm inside bottom edge
- U9: 9.45mm inside left edge
- R2: 9.98mm inside bottom edge
- R3: 9.23mm inside bottom edge
- R33: 11.23mm inside bottom edge
- C32: 9.18mm inside bottom edge
- BZ1: 1.65mm inside bottom edge
- D_BUZZ: 7.078mm inside bottom edge
- Q_BUZZ: 8.3mm inside bottom edge
- R_BUZZ_GATE: 6.534mm inside bottom edge
- R_BUZZ_OFF: 8.784mm inside bottom edge
- C_BUZZ: 7.4mm inside bottom edge
- U6: 2mm inside bottom edge
- C7: 9.63mm inside bottom edge
- R49: 4.48mm inside bottom edge
- R50: 0.73mm inside bottom edge
- U_CAN: 11.76mm inside top edge
- Y_CAN: 8.525mm inside top edge
- C_CAN_XIN: 9.58mm inside top edge
- C_CAN_XOUT: 12.23mm inside top edge
- C_CAN_CORE: 15.73mm inside top edge
- R_CAN_CS: 15.284mm inside right edge
- R_CAN_INT: 12.73mm inside top edge
- U5: 0.775mm inside left edge
- C8: 2.636mm inside left edge
- C9: 0.9mm inside left edge
- C10: 0.9mm inside left edge
- L1: 4.1mm inside left edge
- C11: 2.825mm inside top edge
- C12: 0.825mm inside top edge
- U2: 5.55mm inside left edge
- C13: 8.08mm inside left edge
- C14: 10.65mm inside left edge
- C15: 13.325mm inside left edge
- C16: 11.48mm inside left edge
- C17: 2.4mm inside left edge
- C18: 1.165mm inside left edge
- C19: 1.98mm inside left edge
- C20: 5.33mm inside right edge
- R5: 0.567mm inside left edge
- R6: 0.567mm inside left edge
- R4: 12.784mm inside left edge
- R7: 10.784mm inside left edge
- R8: 12.23mm inside bottom edge
- R9: 11.73mm inside bottom edge
- R10: 11.23mm inside bottom edge
- R11: 10.98mm inside bottom edge
- C21: 3.23mm inside left edge
- D_PD_VALID: 11.45mm inside left edge
- R_PD_PATH: 13.03mm inside bottom edge
- R_MOTOR_REQUEST: 14.784mm inside right edge
- U_MOTOR_INTERLOCK: 13.35mm inside left edge
- U_PD_SCHMITT: 7.725mm inside top edge
- C_PD_SCHMITT: 9.98mm inside top edge
- C_MOTOR_INTERLOCK: 14.13mm inside bottom edge
- U_MOTOR_ENN: 13.134mm inside top edge
- C_MOTOR_ENN: 13.33mm inside top edge
- U_MOTOR_SUPERVISOR: 2.425mm inside bottom edge
- R_MOTOR_BOOT_PULLUP: 1.73mm inside bottom edge
- C_MOTOR_SUPERVISOR: 0.93mm inside bottom edge
- J_USB: 0.56mm inside top edge
- U3: 4.4mm inside left edge
- Q_PD_IN: 5.5mm inside left edge
- Q_PD_OUT: 6.57mm inside left edge
- R13: 9.73mm inside left edge
- R_PD_GATE: 5.23mm inside left edge
- R14: 5.23mm inside left edge
- C_PD_VDD: 7.55mm inside bottom edge
- C_PD_1V2: 4.05mm inside bottom edge
- C_PD_2V7: 6.4mm inside left edge
- R_PD_RESET: 3.23mm inside left edge
- R12: 4.48mm inside bottom edge
- R_PD_OK: 2.784mm inside bottom edge
- R_PD_SENSE: 1.649mm inside bottom edge
- R_PD_DISCH1: 0.899mm inside left edge
- R_PD_DISCH2: 5.649mm inside left edge
- D_VBUS: 3.25mm inside top edge
- C25: 3.55mm inside top edge
- C26: 2.5mm inside bottom edge
- R16: 4.73mm inside top edge
- R17: 5.23mm inside top edge
- R18: 3.48mm inside top edge
- C27: 10.73mm inside top edge
- J_DATA: 0.56mm inside top edge
- R_DATA_CC1: 7.73mm inside top edge
- R_DATA_CC2: 7.73mm inside top edge
- D_USB: 7.55mm inside top edge
- R_DATA_SENSE_TOP: 2.484mm inside right edge
- R_DATA_SENSE_OFF: 0.684mm inside right edge
- Q_DATA_PRESENT: 2.295mm inside right edge
- R_DATA_PRESENT: 2.484mm inside right edge
- J_SWD: 0.425mm inside right edge
- U7: 6.4mm inside top edge
- U8: 8.8mm inside right edge
- R19: 7.534mm inside right edge
- C28: 5.83mm inside top edge
- C29: 12.23mm inside top edge
- R20: 2.784mm inside right edge
- R21: 4.784mm inside right edge
- R22: 3.48mm inside top edge
- R51: 11.784mm inside right edge
- R52: 8.284mm inside right edge
- R53: 4.73mm inside top edge
- J_IO: 0.687mm inside right edge
- J_MOTOR: 2.9mm inside bottom edge
- D_IO1: 7.4mm inside right edge
- D_IO2: 7.4mm inside right edge
- D_CAN: 7.13mm inside right edge
- R23: 11.034mm inside right edge
- R24: 11.284mm inside right edge
- R25: 10.784mm inside right edge
- R26: 10.534mm inside right edge
- R27: 9.784mm inside right edge
- R28: 11.23mm inside bottom edge
- R29: 12.784mm inside right edge
- R30: 12.784mm inside right edge
- R31: 12.784mm inside right edge
- R32: 12.034mm inside right edge
- R34: 9.73mm inside bottom edge
- C30: 5.73mm inside bottom edge
- C31: 7.58mm inside right edge
- R35: 12.48mm inside bottom edge
- LED_POWER: 15.097mm inside bottom edge
- R36: 11.23mm inside bottom edge
- LED_STATUS: 13.097mm inside bottom edge
- R37: 11.23mm inside bottom edge
- LED_FAULT: 15.301mm inside right edge
- U10: 7.51mm inside top edge
- Q_ILIM: 11.595mm inside left edge
- R38: 5.88mm inside top edge
- R39: 5.23mm inside top edge
- R40: 3.534mm inside left edge
- R41: 10.784mm inside left edge
- R42: 2.284mm inside top edge
- R43: 1.43mm inside top edge
- R44: 1.43mm inside top edge
- R45: 11.98mm inside top edge
- R46: 9.784mm inside left edge
- C33: 10.5mm inside top edge
- C34: 6.45mm inside top edge
- R48: 3.93mm inside top edge

flagged components:
- C_RESET
  source placement: placement_mode=none
  resolved placement: center=(-0.9mm, -10.15mm) on top; bounds=(minX=-1.17mm, maxX=-0.63mm, minY=-10.82mm, maxY=-9.48mm); size=(width=0.54mm, height=1.34mm); anchor_alignment="center"
  board edge status: 6.68mm inside top edge
  issues:
  - C_RESET connections cross the routing path between its pads. Suggested move: rotate C_RESET 180 degrees.
- C_CAN_XOUT
  source placement: placement_mode=none
  resolved placement: center=(-3.25mm, -5mm) on top; bounds=(minX=-3.92mm, maxX=-2.58mm, minY=-5.27mm, maxY=-4.73mm); size=(width=1.34mm, height=0.54mm); anchor_alignment="center"
  board edge status: 12.23mm inside top edge
  issues:
  - C_CAN_XOUT connections cross the routing path between its pads. Suggested move: rotate C_CAN_XOUT 180 degrees.
- C12
  source placement: placement_mode=none
  resolved placement: center=(-9.5mm, -16mm) on top; bounds=(minX=-11.205mm, maxX=-7.795mm, minY=-16.675mm, maxY=-15.325mm); size=(width=3.41mm, height=1.35mm); anchor_alignment="center"
  board edge status: 0.825mm inside top edge
  issues:
  - C12 connections cross the routing path between its pads. Suggested move: rotate C12 180 degrees.
- D_PD_VALID
  source placement: placement_mode=none
  resolved placement: center=(-5.7mm, 2.7mm) on bottom; bounds=(minX=-6.05mm, maxX=-5.35mm, minY=1.028mm, maxY=4.372mm); size=(width=0.7mm, height=3.345mm); anchor_alignment="center"
  board edge status: 11.45mm inside left edge
  issues:
  - D_PD_VALID connections cross the routing path between its pads. Suggested move: rotate D_PD_VALID 180 degrees.
- C_MOTOR_INTERLOCK
  source placement: placement_mode=none
  resolved placement: center=(-0.2mm, 3.1mm) on bottom; bounds=(minX=-0.87mm, maxX=0.47mm, minY=2.83mm, maxY=3.37mm); size=(width=1.34mm, height=0.54mm); anchor_alignment="center"
  board edge status: 14.13mm inside bottom edge
  issues:
  - C_MOTOR_INTERLOCK connections cross the routing path between its pads. Suggested move: rotate C_MOTOR_INTERLOCK 180 degrees.
- D_VBUS
  source placement: placement_mode=none
  resolved placement: center=(-6.4mm, -13.8mm) on top; bounds=(minX=-7.225mm, maxX=-5.575mm, minY=-14.25mm, maxY=-13.35mm); size=(width=1.65mm, height=0.9mm); anchor_alignment="center"
  board edge status: 3.25mm inside top edge
  issues:
  - D_VBUS connections cross the routing path between its pads. Suggested move: rotate D_VBUS 180 degrees.

placement drc:
Errors: 0
Warnings: 0
