{
  "revision": "0.0.51-alpha.0",
  "input": "evidence/rev-0.0.51-alpha.0/routing/power017-replay/circuit.json",
  "input_sha256": "7b9b77f19f2b5f33ba2d1bae2565639e33db426a5dc5bc609ac5e2fbc334deb3",
  "scope": "Actual tracks, drills, component/test pads, board edges, NPTH and mechanical keepouts. USB path length is independently measured by measure-usb-paths.py; absent legacy trace-name lengths below are not a USB pass. Pour geometry, silkscreen, paste, impedance CAM and full connectivity remain separate checks.",
  "track_count": 112,
  "segment_count": 973,
  "via_count": 86,
  "thermal_manifest_sha256": "ed03b4f22813a5978cc151e3616e2d93c740ae977a4f64bd0503c8f1110d03b5",
  "reviewed_thermal_drill_contacts": [
    {
      "name": "TMC_THERMAL_SW",
      "via": "pcb_via_9",
      "reference": "U2",
      "pin_number": 29,
      "net": "GND",
      "actual_drill_to_owner_pad_mm": -0.15,
      "reason": "Direct exposed-pad thermal conduction to the four-layer solid GND plane; Type VII filled/capped construction."
    },
    {
      "name": "TMC_THERMAL_S",
      "via": "pcb_via_10",
      "reference": "U2",
      "pin_number": 29,
      "net": "GND",
      "actual_drill_to_owner_pad_mm": -0.15,
      "reason": "Direct exposed-pad thermal conduction to the four-layer solid GND plane; Type VII filled/capped construction."
    },
    {
      "name": "TMC_THERMAL_SE",
      "via": "pcb_via_11",
      "reference": "U2",
      "pin_number": 29,
      "net": "GND",
      "actual_drill_to_owner_pad_mm": -0.15,
      "reason": "Direct exposed-pad thermal conduction to the four-layer solid GND plane; Type VII filled/capped construction."
    },
    {
      "name": "TMC_THERMAL_NW",
      "via": "pcb_via_12",
      "reference": "U2",
      "pin_number": 29,
      "net": "GND",
      "actual_drill_to_owner_pad_mm": -0.15,
      "reason": "Direct exposed-pad thermal conduction to the four-layer solid GND plane; Type VII filled/capped construction."
    },
    {
      "name": "TMC_THERMAL_NE",
      "via": "pcb_via_13",
      "reference": "U2",
      "pin_number": 29,
      "net": "GND",
      "actual_drill_to_owner_pad_mm": -0.15,
      "reason": "Direct exposed-pad thermal conduction to the four-layer solid GND plane; Type VII filled/capped construction."
    }
  ],
  "filled_manifest_sha256": null,
  "reviewed_filled_contacts": [],
  "filled_features_matched": [],
  "usb_path_lengths_mm": {},
  "usb_length_skew_mm": null,
  "minimum_clearances": {
    "via_drill_to_pad_mm": {
      "via": "pcb_via_36",
      "reference": "U_MOTOR_INTERLOCK",
      "pad": "pcb_smtpad_284",
      "same_net": false,
      "actual_mm": 0.34999110000000033,
      "required_mm": 0.35
    },
    "track_to_pad_mm": {
      "track": "saved_phase_null_0_76",
      "segment": 21,
      "pad": "pcb_smtpad_618",
      "reference": "C34",
      "actual_mm": 0.10000090000000127,
      "required_mm": 0.1
    },
    "track_to_track_mm": {
      "first": "saved_phase_null_0_96",
      "first_segment": 3,
      "second": "saved_phase_null_2_6",
      "second_segment": 4,
      "layer": "top",
      "actual_mm": 0.1519349550499548,
      "required_mm": 0.15
    },
    "via_to_track_mm": {
      "via": "pcb_via_6",
      "track": "saved_phase_null_0_43",
      "segment": 16,
      "layer": "inner1",
      "actual_mm": 0.15172591095042479,
      "required_mm": 0.15
    },
    "via_to_via_mm": {
      "first": "pcb_via_80",
      "second": "pcb_via_85",
      "actual_mm": -0.3497250958614274,
      "required_mm": 0.15
    },
    "via_hole_to_via_hole_mm": {
      "first": "pcb_via_80",
      "second": "pcb_via_85",
      "actual_mm": -0.1997250958614274,
      "required_mm": 0.35
    }
  },
  "measurement_counts": {
    "via_drill_to_pad_mm": 53487,
    "track_to_pad_mm": 264505,
    "track_to_track_mm": 171970,
    "via_to_track_mm": 80153,
    "via_to_via_mm": 3655,
    "via_hole_to_via_hole_mm": 3655
  },
  "violations": [
    {
      "check": "via_hole_to_via_hole_mm",
      "first": "pcb_via_78",
      "second": "pcb_via_79",
      "actual_mm": -0.04999999999999999,
      "required_mm": 0.35
    },
    {
      "check": "via_to_via_mm",
      "first": "pcb_via_78",
      "second": "pcb_via_79",
      "actual_mm": -0.2,
      "required_mm": 0.15
    },
    {
      "check": "via_hole_to_via_hole_mm",
      "first": "pcb_via_80",
      "second": "pcb_via_84",
      "actual_mm": 0.26824290580701465,
      "required_mm": 0.35
    },
    {
      "check": "via_to_via_mm",
      "first": "pcb_via_80",
      "second": "pcb_via_84",
      "actual_mm": 0.11824290580701463,
      "required_mm": 0.15
    },
    {
      "check": "via_hole_to_via_hole_mm",
      "first": "pcb_via_80",
      "second": "pcb_via_85",
      "actual_mm": -0.1997250958614274,
      "required_mm": 0.35
    },
    {
      "check": "via_to_via_mm",
      "first": "pcb_via_80",
      "second": "pcb_via_85",
      "actual_mm": -0.3497250958614274,
      "required_mm": 0.15
    }
  ],
  "passed": false
}
