{
  "revision": "0.0.51-alpha.0",
  "input": "evidence/rev-0.0.51-alpha.0/routing/power006-replay/circuit.json",
  "input_sha256": "b1ef1e731cb6179251af9ff912281db09370db9522f58961b0467b71d94a7d54",
  "scope": "Actual tracks, drills, component/test pads, board edges, NPTH and mechanical keepouts. USB path length is independently measured by measure-usb-paths.py; absent legacy trace-name lengths below are not a USB pass. Pour geometry, silkscreen, paste, impedance CAM and full connectivity remain separate checks.",
  "track_count": 97,
  "segment_count": 909,
  "via_count": 77,
  "thermal_manifest_sha256": "ed03b4f22813a5978cc151e3616e2d93c740ae977a4f64bd0503c8f1110d03b5",
  "reviewed_thermal_drill_contacts": [
    {
      "name": "TMC_THERMAL_SW",
      "via": "pcb_via_9",
      "reference": "U2",
      "pin_number": 29,
      "net": "GND",
      "actual_drill_to_owner_pad_mm": -0.15,
      "reason": "Direct exposed-pad thermal conduction to the four-layer solid GND plane; Type VII filled/capped construction."
    },
    {
      "name": "TMC_THERMAL_S",
      "via": "pcb_via_10",
      "reference": "U2",
      "pin_number": 29,
      "net": "GND",
      "actual_drill_to_owner_pad_mm": -0.15,
      "reason": "Direct exposed-pad thermal conduction to the four-layer solid GND plane; Type VII filled/capped construction."
    },
    {
      "name": "TMC_THERMAL_SE",
      "via": "pcb_via_11",
      "reference": "U2",
      "pin_number": 29,
      "net": "GND",
      "actual_drill_to_owner_pad_mm": -0.15,
      "reason": "Direct exposed-pad thermal conduction to the four-layer solid GND plane; Type VII filled/capped construction."
    },
    {
      "name": "TMC_THERMAL_NW",
      "via": "pcb_via_12",
      "reference": "U2",
      "pin_number": 29,
      "net": "GND",
      "actual_drill_to_owner_pad_mm": -0.15,
      "reason": "Direct exposed-pad thermal conduction to the four-layer solid GND plane; Type VII filled/capped construction."
    },
    {
      "name": "TMC_THERMAL_NE",
      "via": "pcb_via_13",
      "reference": "U2",
      "pin_number": 29,
      "net": "GND",
      "actual_drill_to_owner_pad_mm": -0.15,
      "reason": "Direct exposed-pad thermal conduction to the four-layer solid GND plane; Type VII filled/capped construction."
    }
  ],
  "filled_manifest_sha256": null,
  "reviewed_filled_contacts": [],
  "filled_features_matched": [],
  "usb_path_lengths_mm": {},
  "usb_length_skew_mm": null,
  "minimum_clearances": {
    "via_drill_to_pad_mm": {
      "via": "pcb_via_72",
      "reference": "L1",
      "pad": "pcb_smtpad_206",
      "same_net": false,
      "actual_mm": -0.13457718835665808,
      "required_mm": 0.35
    },
    "track_to_pad_mm": {
      "track": "saved_phase_null_0_91",
      "segment": 21,
      "pad": "pcb_smtpad_618",
      "reference": "C34",
      "actual_mm": 0.10000090000000127,
      "required_mm": 0.1
    },
    "track_to_track_mm": {
      "first": "saved_phase_null_0_77",
      "first_segment": 9,
      "second": "saved_phase_null_0_95",
      "second_segment": 15,
      "layer": "inner2",
      "actual_mm": 0.10427473809268763,
      "required_mm": 0.15
    },
    "via_to_track_mm": {
      "via": "pcb_via_72",
      "track": "saved_phase_null_0_77",
      "segment": 9,
      "layer": "inner2",
      "actual_mm": 0.10067841198745378,
      "required_mm": 0.15
    },
    "via_to_via_mm": {
      "first": "pcb_via_16",
      "second": "pcb_via_35",
      "actual_mm": 0.217466126976882,
      "required_mm": 0.15
    },
    "via_hole_to_via_hole_mm": {
      "first": "pcb_via_16",
      "second": "pcb_via_35",
      "actual_mm": 0.367466126976882,
      "required_mm": 0.35
    }
  },
  "measurement_counts": {
    "via_drill_to_pad_mm": 47889,
    "track_to_pad_mm": 245828,
    "track_to_track_mm": 148261,
    "via_to_track_mm": 66995,
    "via_to_via_mm": 2926,
    "via_hole_to_via_hole_mm": 2926
  },
  "violations": [
    {
      "check": "track_to_track_mm",
      "first": "saved_phase_null_0_77",
      "first_segment": 9,
      "second": "saved_phase_null_0_93",
      "second_segment": 13,
      "layer": "inner2",
      "actual_mm": 0.11317841198745349,
      "required_mm": 0.15
    },
    {
      "check": "track_to_track_mm",
      "first": "saved_phase_null_0_77",
      "first_segment": 9,
      "second": "saved_phase_null_0_93",
      "second_segment": 14,
      "layer": "inner2",
      "actual_mm": 0.10448262157597377,
      "required_mm": 0.15
    },
    {
      "check": "track_to_track_mm",
      "first": "saved_phase_null_0_77",
      "first_segment": 9,
      "second": "saved_phase_null_0_93",
      "second_segment": 15,
      "layer": "inner2",
      "actual_mm": 0.10448262157597377,
      "required_mm": 0.15
    },
    {
      "check": "track_to_track_mm",
      "first": "saved_phase_null_0_77",
      "first_segment": 9,
      "second": "saved_phase_null_0_95",
      "second_segment": 12,
      "layer": "inner2",
      "actual_mm": 0.11317841198745349,
      "required_mm": 0.15
    },
    {
      "check": "track_to_track_mm",
      "first": "saved_phase_null_0_77",
      "first_segment": 9,
      "second": "saved_phase_null_0_95",
      "second_segment": 13,
      "layer": "inner2",
      "actual_mm": 0.10571889429482262,
      "required_mm": 0.15
    },
    {
      "check": "track_to_track_mm",
      "first": "saved_phase_null_0_77",
      "first_segment": 9,
      "second": "saved_phase_null_0_95",
      "second_segment": 14,
      "layer": "inner2",
      "actual_mm": 0.10571889429482262,
      "required_mm": 0.15
    },
    {
      "check": "track_to_track_mm",
      "first": "saved_phase_null_0_77",
      "first_segment": 9,
      "second": "saved_phase_null_0_95",
      "second_segment": 15,
      "layer": "inner2",
      "actual_mm": 0.10427473809268763,
      "required_mm": 0.15
    },
    {
      "check": "via_drill_to_pad_mm",
      "via": "pcb_via_72",
      "reference": "L1",
      "pad": "pcb_smtpad_206",
      "same_net": false,
      "actual_mm": -0.13457718835665808,
      "required_mm": 0.35
    },
    {
      "check": "via_annulus_to_other_net_pad",
      "via": "pcb_via_72",
      "pad": "pcb_smtpad_206",
      "reference": "L1"
    },
    {
      "check": "via_to_track_mm",
      "via": "pcb_via_72",
      "track": "saved_phase_null_0_77",
      "segment": 9,
      "layer": "inner2",
      "actual_mm": 0.10067841198745378,
      "required_mm": 0.15
    },
    {
      "check": "via_to_track_mm",
      "via": "pcb_via_73",
      "track": "saved_phase_null_0_69",
      "segment": 9,
      "layer": "inner2",
      "actual_mm": 0.11868655133369418,
      "required_mm": 0.15
    },
    {
      "check": "via_drill_to_pad_mm",
      "via": "pcb_via_74",
      "reference": "R40",
      "pad": "pcb_smtpad_603",
      "same_net": true,
      "actual_mm": 0.2869442649727979,
      "required_mm": 0.35
    },
    {
      "check": "via_drill_to_pad_mm",
      "via": "pcb_via_76",
      "reference": "R7",
      "pad": "pcb_smtpad_264",
      "same_net": false,
      "actual_mm": 0.2886523623551429,
      "required_mm": 0.35
    }
  ],
  "passed": false
}
