Using public board release 1b8346be-2413-4489-8ab5-606ceadd5161
Prepared exact-byte archives 65 groups for 742 files
Uploaded group 1 / 65 106 files 578977 request bytes
Uploaded group 2 / 65 13 files 706845 request bytes
Uploaded group 3 / 65 7 files 750089 request bytes
Uploaded group 4 / 65 5 files 742681 request bytes
Uploaded group 5 / 65 7 files 629913 request bytes
Uploaded group 6 / 65 9 files 725089 request bytes
Uploaded group 7 / 65 9 files 725093 request bytes
Uploaded group 8 / 65 9 files 725105 request bytes
Uploaded group 9 / 65 9 files 725093 request bytes
Uploaded group 10 / 65 6 files 651745 request bytes
Uploaded group 11 / 65 6 files 696317 request bytes
Uploaded group 12 / 65 5 files 730761 request bytes
Uploaded group 13 / 65 4 files 404221 request bytes
Uploaded group 14 / 65 5 files 734117 request bytes
Uploaded group 15 / 65 4 files 490173 request bytes
Uploaded group 16 / 65 6 files 661213 request bytes
Uploaded group 17 / 65 6 files 566033 request bytes
Uploaded group 18 / 65 3 files 274077 request bytes
Uploaded group 19 / 65 3 files 524041 request bytes
Uploaded group 20 / 65 3 files 395229 request bytes
Uploaded group 21 / 65 6 files 678917 request bytes
Uploaded group 22 / 65 6 files 516197 request bytes
Uploaded group 23 / 65 3 files 566265 request bytes
Uploaded group 24 / 65 3 files 598033 request bytes
Uploaded group 25 / 65 6 files 687165 request bytes
Uploaded group 26 / 65 1 files 823821 request bytes
Uploaded group 27 / 65 5 files 680897 request bytes
Uploaded group 28 / 65 1 files 847037 request bytes
Uploaded group 29 / 65 2 files 498453 request bytes
Uploaded group 30 / 65 3 files 521325 request bytes
Uploaded group 31 / 65 2 files 327845 request bytes
Uploaded group 32 / 65 1 files 1570129 request bytes
Uploaded group 33 / 65 1 files 2138981 request bytes
Uploaded group 34 / 65 5 files 399141 request bytes
Uploaded group 35 / 65 3 files 620721 request bytes
Uploaded group 36 / 65 2 files 712637 request bytes
Uploaded group 37 / 65 4 files 697633 request bytes
Uploaded group 38 / 65 3 files 675697 request bytes
Uploaded group 39 / 65 6 files 683713 request bytes
Uploaded group 40 / 65 4 files 520909 request bytes
Uploaded group 41 / 65 17 files 672721 request bytes
Uploaded group 42 / 65 2 files 689601 request bytes
Uploaded group 43 / 65 1 files 120781 request bytes
Uploaded group 44 / 65 1 files 997565 request bytes
Uploaded group 45 / 65 5 files 712369 request bytes
Uploaded group 46 / 65 2 files 631225 request bytes
Uploaded group 47 / 65 2 files 532393 request bytes
Uploaded group 48 / 65 3 files 303821 request bytes
Uploaded group 49 / 65 2 files 491677 request bytes
Uploaded group 50 / 65 2 files 417753 request bytes
Uploaded group 51 / 65 1 files 949769 request bytes
Uploaded group 52 / 65 3 files 341785 request bytes
Uploaded group 53 / 65 1 files 2341497 request bytes
Uploaded group 54 / 65 2 files 17305 request bytes
Uploaded group 55 / 65 1 files 1977509 request bytes
Uploaded group 56 / 65 1 files 34025 request bytes
Uploaded group 57 / 65 1 files 1174989 request bytes
Uploaded group 58 / 65 1 files 16825 request bytes
Uploaded group 59 / 65 1 files 892825 request bytes
Uploaded group 60 / 65 1 files 19953 request bytes
Uploaded group 61 / 65 1 files 2986877 request bytes
Uploaded group 62 / 65 1 files 17021 request bytes
Uploaded group 63 / 65 1 files 1056641 request bytes
Uploaded group 64 / 65 319 files 581749 request bytes
Uploaded group 65 / 65 78 files 289365 request bytes
Anonymous files verified 742 / 742
Checking immutable GitHub files 0 / 742
Checking immutable GitHub files 20 / 742
Checking immutable GitHub files 40 / 742
Checking immutable GitHub files 60 / 742
Checking immutable GitHub files 80 / 742
Checking immutable GitHub files 120 / 742
Checking immutable GitHub files 140 / 742
Checking immutable GitHub files 140 / 742
Checking immutable GitHub files 160 / 742
Checking immutable GitHub files 180 / 742
Checking immutable GitHub files 200 / 742
Checking immutable GitHub files 220 / 742
Checking immutable GitHub files 240 / 742
Checking immutable GitHub files 260 / 742
Checking immutable GitHub files 280 / 742
Checking immutable GitHub files 300 / 742
Checking immutable GitHub files 320 / 742
Checking immutable GitHub files 340 / 742
Checking immutable GitHub files 360 / 742
Checking immutable GitHub files 380 / 742
Checking immutable GitHub files 400 / 742
Checking immutable GitHub files 420 / 742
Checking immutable GitHub files 440 / 742
Checking immutable GitHub files 460 / 742
Checking immutable GitHub files 480 / 742
Checking immutable GitHub files 500 / 742
Checking immutable GitHub files 520 / 742
Checking immutable GitHub files 540 / 742
Checking immutable GitHub files 560 / 742
Checking immutable GitHub files 580 / 742
Checking immutable GitHub files 600 / 742
Checking immutable GitHub files 620 / 742
Checking immutable GitHub files 640 / 742
Checking immutable GitHub files 640 / 742
Checking immutable GitHub files 660 / 742
Checking immutable GitHub files 680 / 742
Checking immutable GitHub files 700 / 742
Checking immutable GitHub files 720 / 742
Checking immutable GitHub files 740 / 742
Public matching revision verified: 1b8346be-2413-4489-8ab5-606ceadd5161 742 package files and 742 GitHub files
