Using public board release f1f1e3f0-735d-4eac-b04d-6e000382af50
Prepared exact-byte archives 65 groups for 815 files
Uploaded group 1 / 65 106 files 621577 request bytes
Uploaded group 2 / 65 2 files 746505 request bytes
Uploaded group 3 / 65 67 files 645093 request bytes
Uploaded group 4 / 65 6 files 701625 request bytes
Uploaded group 5 / 65 6 files 740413 request bytes
Uploaded group 6 / 65 9 files 725081 request bytes
Uploaded group 7 / 65 9 files 725097 request bytes
Uploaded group 8 / 65 9 files 725097 request bytes
Uploaded group 9 / 65 9 files 725097 request bytes
Uploaded group 10 / 65 6 files 536569 request bytes
Uploaded group 11 / 65 6 files 673693 request bytes
Uploaded group 12 / 65 5 files 729977 request bytes
Uploaded group 13 / 65 4 files 403605 request bytes
Uploaded group 14 / 65 5 files 732009 request bytes
Uploaded group 15 / 65 6 files 695517 request bytes
Uploaded group 16 / 65 4 files 579049 request bytes
Uploaded group 17 / 65 6 files 499757 request bytes
Uploaded group 18 / 65 6 files 597441 request bytes
Uploaded group 19 / 65 3 files 524041 request bytes
Uploaded group 20 / 65 3 files 395229 request bytes
Uploaded group 21 / 65 6 files 678917 request bytes
Uploaded group 22 / 65 6 files 516197 request bytes
Uploaded group 23 / 65 3 files 566265 request bytes
Uploaded group 24 / 65 3 files 598033 request bytes
Uploaded group 25 / 65 6 files 687165 request bytes
Uploaded group 26 / 65 1 files 823821 request bytes
Uploaded group 27 / 65 5 files 680897 request bytes
Uploaded group 28 / 65 1 files 847037 request bytes
Uploaded group 29 / 65 2 files 498453 request bytes
Uploaded group 30 / 65 3 files 521325 request bytes
Uploaded group 31 / 65 2 files 327845 request bytes
Uploaded group 32 / 65 1 files 1570129 request bytes
Uploaded group 33 / 65 1 files 2138981 request bytes
Uploaded group 34 / 65 5 files 399141 request bytes
Uploaded group 35 / 65 3 files 620721 request bytes
Uploaded group 36 / 65 2 files 712637 request bytes
Uploaded group 37 / 65 4 files 697633 request bytes
Uploaded group 38 / 65 3 files 675697 request bytes
Uploaded group 39 / 65 6 files 683713 request bytes
Uploaded group 40 / 65 4 files 520909 request bytes
Uploaded group 41 / 65 17 files 672721 request bytes
Uploaded group 42 / 65 2 files 689601 request bytes
Uploaded group 43 / 65 1 files 120781 request bytes
Uploaded group 44 / 65 1 files 997565 request bytes
Uploaded group 45 / 65 5 files 712369 request bytes
Uploaded group 46 / 65 2 files 631225 request bytes
Uploaded group 47 / 65 2 files 532393 request bytes
Uploaded group 48 / 65 3 files 303821 request bytes
Uploaded group 49 / 65 2 files 491677 request bytes
Uploaded group 50 / 65 2 files 417753 request bytes
Uploaded group 51 / 65 1 files 949769 request bytes
Uploaded group 52 / 65 3 files 341785 request bytes
Uploaded group 53 / 65 1 files 2341497 request bytes
Uploaded group 54 / 65 2 files 17305 request bytes
Uploaded group 55 / 65 1 files 1977509 request bytes
Uploaded group 56 / 65 1 files 34025 request bytes
Uploaded group 57 / 65 1 files 1174989 request bytes
Uploaded group 58 / 65 1 files 16825 request bytes
Uploaded group 59 / 65 1 files 892825 request bytes
Uploaded group 60 / 65 1 files 19953 request bytes
Uploaded group 61 / 65 1 files 2986877 request bytes
Uploaded group 62 / 65 1 files 17021 request bytes
Uploaded group 63 / 65 1 files 1056641 request bytes
Uploaded group 64 / 65 328 files 574817 request bytes
Uploaded group 65 / 65 90 files 304377 request bytes
Anonymous files verified 815 / 815
Checking immutable GitHub files 0 / 815
Checking immutable GitHub files 0 / 815
Checking immutable GitHub files 20 / 815
Checking immutable GitHub files 40 / 815
Checking immutable GitHub files 60 / 815
Checking immutable GitHub files 80 / 815
Checking immutable GitHub files 100 / 815
Checking immutable GitHub files 120 / 815
Checking immutable GitHub files 140 / 815
Checking immutable GitHub files 160 / 815
Checking immutable GitHub files 180 / 815
Checking immutable GitHub files 180 / 815
Checking immutable GitHub files 200 / 815
Checking immutable GitHub files 220 / 815
Checking immutable GitHub files 240 / 815
Checking immutable GitHub files 260 / 815
Checking immutable GitHub files 280 / 815
Checking immutable GitHub files 300 / 815
Checking immutable GitHub files 320 / 815
Checking immutable GitHub files 340 / 815
Checking immutable GitHub files 360 / 815
Checking immutable GitHub files 380 / 815
Checking immutable GitHub files 400 / 815
Checking immutable GitHub files 400 / 815
Checking immutable GitHub files 420 / 815
Checking immutable GitHub files 440 / 815
Checking immutable GitHub files 460 / 815
Checking immutable GitHub files 480 / 815
Checking immutable GitHub files 500 / 815
Checking immutable GitHub files 520 / 815
Checking immutable GitHub files 540 / 815
Checking immutable GitHub files 560 / 815
Checking immutable GitHub files 580 / 815
Checking immutable GitHub files 600 / 815
Checking immutable GitHub files 620 / 815
Checking immutable GitHub files 640 / 815
Checking immutable GitHub files 660 / 815
Checking immutable GitHub files 680 / 815
Checking immutable GitHub files 700 / 815
Checking immutable GitHub files 720 / 815
Checking immutable GitHub files 740 / 815
Checking immutable GitHub files 760 / 815
Checking immutable GitHub files 780 / 815
Checking immutable GitHub files 800 / 815
file:///workspace/smart-nema14-motor-controller/.publication/publish52.mjs:74
if(!receipt.github_public_checks.every(f=>f.verified))throw new Error('GitHub immutable checksum verification failed')
                                                            ^

Error: GitHub immutable checksum verification failed
    at file:///workspace/smart-nema14-motor-controller/.publication/publish52.mjs:74:61
    at process.processTicksAndRejections (node:internal/process/task_queues:104:5)

Node.js v24.19.0
