Building 1 file(s)...
Building scripts/manual-ground-escape.circuit.tsx...
Generating circuit JSON...
Each child in a list should have a unique "key" prop.

Check the render method of `SmartNema14MotorController`. It was passed a child from UsbReference. See https://react.dev/link/warning-keys for more information.
6020 |         detail = `It has [${labelList}]`;
6021 |       }
6022 |       const errorMessage = `Could not find port for selector "${selector}". Component "${targetComponent.props.name ?? parentSelector}" found, but does not have pin "${portLabel}". ${detail}`;
6023 |       const subcircuit = trace.getSubcircuit();
6024 |       const sourceGroup = subcircuit.getGroup();
6025 |       throw new TraceConnectionError({
                   ^
TraceConnectionError: Could not find port for selector ".GND_PA10_ESCAPE > .pin1". Component "top" found, but does not have pin "pin1". It has no ports
 errorData: {
  error_type: "source_trace_not_connected_error",
  message: "Could not find port for selector \".GND_PA10_ESCAPE > .pin1\". Component \"top\" found, but does not have pin \"pin1\". It has no ports",
  subcircuit_id: "subcircuit_source_group_0",
  source_group_id: "source_group_0",
  source_trace_id: undefined,
  selectors_not_found: [ ".GND_PA10_ESCAPE > .pin1" ],
},

      at Trace__findConnectedPorts (/Users/anassarkiz/tsci/tscircuit-store/boards/smart-nema14-motor-controller--01a0fd9b/node_modules/@tscircuit/core/dist/index.js:6025:13)
      at traceHasEndpointMatchingConnectionSelector (/Users/anassarkiz/tsci/tscircuit-store/boards/smart-nema14-motor-controller--01a0fd9b/node_modules/@tscircuit/core/dist/index.js:112293:34)
      at some (1:11)
      at Group_getRoutingPhasePlans (/Users/anassarkiz/tsci/tscircuit-store/boards/smart-nema14-motor-controller--01a0fd9b/node_modules/@tscircuit/core/dist/index.js:112428:44)
      at _hasTracesToRoute (/Users/anassarkiz/tsci/tscircuit-store/boards/smart-nema14-motor-controller--01a0fd9b/node_modules/@tscircuit/core/dist/index.js:114283:36)
      at doInitialPcbTraceRender (/Users/anassarkiz/tsci/tscircuit-store/boards/smart-nema14-motor-controller--01a0fd9b/node_modules/@tscircuit/core/dist/index.js:115218:15)
      at runRenderPhase (/Users/anassarkiz/tsci/tscircuit-store/boards/smart-nema14-motor-controller--01a0fd9b/node_modules/@tscircuit/core/dist/index.js:1366:24)
      at runRenderCycle (/Users/anassarkiz/tsci/tscircuit-store/boards/smart-nema14-motor-controller--01a0fd9b/node_modules/@tscircuit/core/dist/index.js:1315:12)
      at render (/Users/anassarkiz/tsci/tscircuit-store/boards/smart-nema14-motor-controller--01a0fd9b/node_modules/@tscircuit/core/dist/index.js:117273:16)
      at generateCircuitJson (/Users/anassarkiz/tsci/tscircuit-store/boards/smart-nema14-motor-controller--01a0fd9b/node_modules/@tscircuit/cli/dist/cli/main.js:167877:12)
      at async <anonymous> (/Users/anassarkiz/tsci/tscircuit-store/boards/smart-nema14-motor-controller--01a0fd9b/node_modules/@tscircuit/cli/dist/cli/main.js:167984:28)
      at async <anonymous> (/Users/anassarkiz/tsci/tscircuit-store/boards/smart-nema14-motor-controller--01a0fd9b/node_modules/@tscircuit/cli/dist/cli/main.js:182506:38)
      at async <anonymous> (/Users/anassarkiz/tsci/tscircuit-store/boards/smart-nema14-motor-controller--01a0fd9b/node_modules/@tscircuit/cli/dist/cli/main.js:182628:15)

Fatal error [circuit_generation_failed]: Could not find port for selector ".GND_PA10_ESCAPE > .pin1". Component "top" found, but does not have pin "pin1". It has no ports
Generating preview images...
No successful build output available for preview image generation.

Build complete
  Circuits  0 passed 1 failed
  Options   pcb-png, pcb-svgs
  Output    dist

⚠ Build completed with errors
Build exiting with code 1: fatal circuit build errors occurred
