{
  "revision": "0.0.17-alpha.1",
  "input": "evidence/rev-0.0.18-alpha.0/usb-saved-ground-separate/circuit.json",
  "input_sha256": "d357138711d03516f2b1a14b4676113cf19ab7250677a30afe73e47184d10904",
  "scope": "Actual tracks, drills and component/test pads. Pour geometry, silkscreen, paste, impedance CAM and full connectivity remain separate checks.",
  "track_count": 134,
  "segment_count": 2731,
  "via_count": 97,
  "usb_path_lengths_mm": {},
  "usb_length_skew_mm": null,
  "minimum_clearances": {
    "via_drill_to_pad_mm": {
      "via": "pcb_via_37",
      "reference": "J_MOTOR",
      "pad": "pcb_smtpad_298",
      "same_net": true,
      "actual_mm": 0.35393720000000106,
      "required_mm": 0.35
    },
    "track_to_pad_mm": {
      "track": "saved_phase_null_0_7",
      "segment": 1,
      "pad": "pcb_smtpad_76",
      "reference": "U6",
      "actual_mm": 0.10054982373235043,
      "required_mm": 0.1
    },
    "track_to_track_mm": {
      "first": "saved_phase_null_0_55",
      "first_segment": 12,
      "second": "saved_phase_null_0_75",
      "second_segment": 10,
      "layer": "inner2",
      "actual_mm": 0.15169999999999906,
      "required_mm": 0.15
    },
    "via_to_track_mm": {
      "via": "pcb_via_48",
      "track": "saved_phase_null_0_57",
      "segment": 14,
      "layer": "inner1",
      "actual_mm": 0.15165313062773927,
      "required_mm": 0.15
    },
    "via_to_via_mm": {
      "first": "pcb_via_72",
      "second": "pcb_via_77",
      "actual_mm": 0.15246853090345247,
      "required_mm": 0.15
    }
  },
  "measurement_counts": {
    "via_drill_to_pad_mm": 41031,
    "track_to_pad_mm": 501803,
    "track_to_track_mm": 829570,
    "via_to_track_mm": 254274,
    "via_to_via_mm": 4656
  },
  "violations": [],
  "passed": true
}
