{
  "revision": "0.0.46-alpha.0",
  "input": "evidence/rev-0.0.46-alpha.0/routing/controls064/circuit.json",
  "input_sha256": "1c9d1bff629997d86286fbb5eebc202a60de9b3c56e03897097f98aa6072a8ac",
  "scope": "Actual tracks, drills, component/test pads, board edges, NPTH and mechanical keepouts. USB path length is independently measured by measure-usb-paths.py; absent legacy trace-name lengths below are not a USB pass. Pour geometry, silkscreen, paste, impedance CAM and full connectivity remain separate checks.",
  "track_count": 82,
  "segment_count": 564,
  "via_count": 52,
  "thermal_manifest_sha256": null,
  "reviewed_thermal_drill_contacts": [],
  "filled_manifest_sha256": null,
  "reviewed_filled_contacts": [],
  "filled_features_matched": [],
  "usb_path_lengths_mm": {},
  "usb_length_skew_mm": null,
  "minimum_clearances": {
    "via_drill_to_pad_mm": {
      "via": "pcb_via_47",
      "reference": "R53",
      "pad": "pcb_smtpad_422",
      "same_net": false,
      "actual_mm": 0.26015520968165196,
      "required_mm": 0.35
    },
    "track_to_pad_mm": {
      "track": "saved_phase_null_0_71",
      "segment": 4,
      "pad": "pcb_smtpad_29",
      "reference": "U1",
      "actual_mm": 0.1025173364200578,
      "required_mm": 0.1
    },
    "track_to_track_mm": {
      "first": "saved_phase_null_0_59",
      "first_segment": 8,
      "second": "saved_phase_null_0_60",
      "second_segment": 8,
      "layer": "inner2",
      "actual_mm": 0.14999995141332773,
      "required_mm": 0.15
    },
    "via_to_track_mm": {
      "via": "pcb_via_6",
      "track": "saved_phase_null_0_65",
      "segment": 16,
      "layer": "inner1",
      "actual_mm": 0.15172591095042479,
      "required_mm": 0.15
    },
    "via_to_via_mm": {
      "first": "pcb_via_32",
      "second": "pcb_via_34",
      "actual_mm": 0.20000000000000034,
      "required_mm": 0.15
    },
    "via_hole_to_via_hole_mm": {
      "first": "pcb_via_32",
      "second": "pcb_via_34",
      "actual_mm": 0.35000000000000037,
      "required_mm": 0.35
    }
  },
  "measurement_counts": {
    "via_drill_to_pad_mm": 28808,
    "track_to_pad_mm": 133656,
    "track_to_track_mm": 59338,
    "via_to_track_mm": 28529,
    "via_to_via_mm": 1326,
    "via_hole_to_via_hole_mm": 1326
  },
  "violations": [
    {
      "check": "via_drill_to_pad_mm",
      "via": "pcb_via_47",
      "reference": "R53",
      "pad": "pcb_smtpad_422",
      "same_net": false,
      "actual_mm": 0.26015520968165196,
      "required_mm": 0.35
    }
  ],
  "passed": false
}
