$ bun run validate:imports && tsci build index.circuit.tsx --pcb-png --pcb-svgs --schematic-svgs
$ node scripts/check-critical-import-pins.mjs
Critical import-label audit passed. Full schematic, BOM, mechanical and fabrication validation remains mandatory.
Building 1 file(s)...
Building index.circuit.tsx...
Generating circuit JSON...
trace: `key` is not a prop. Trying to access it will result in `undefined` being returned. If you need to access the same value within the child component, you should pass it as a different prop. (https://react.dev/link/special-props)
Autorouting <board#966 /> phase 1/3 "Reviewed partial signal branches" stage 1/2 failed start: connections=0, obstacles=570, previous_traces=77, router=precomputed, version=beta_pipeline7, effort=1x, cache=disabled(precomputed)
  phase 1/3 "Reviewed partial signal branches" stage 1/2 error after 2ms: Saved phase path ".U10 > .pin22" must select exactly one connection in this phase
Async effect error in PcbTraceRender "autorouting":
Error: Saved phase path ".U10 > .pin22" must select exactly one connection in this phase
    at getSavedAutoroutingPhaseTracesFromPaths (/workspace/smart-nema14-motor-controller/node_modules/@tscircuit/core/dist/index.js:20684:17)
    at _runLocalAutorouting (/workspace/smart-nema14-motor-controller/node_modules/@tscircuit/core/dist/index.js:119997:26)
    at <anonymous> (/workspace/smart-nema14-motor-controller/node_modules/@tscircuit/core/dist/index.js:120252:26)
    at _queueAsyncEffect (/workspace/smart-nema14-motor-controller/node_modules/@tscircuit/core/dist/index.js:1218:16)
    at _startAsyncAutorouting (/workspace/smart-nema14-motor-controller/node_modules/@tscircuit/core/dist/index.js:120250:12)
    at doInitialPcbTraceRender (/workspace/smart-nema14-motor-controller/node_modules/@tscircuit/core/dist/index.js:120290:10)
    at runRenderPhase (/workspace/smart-nema14-motor-controller/node_modules/@tscircuit/core/dist/index.js:1385:24)
    at runRenderCycle (/workspace/smart-nema14-motor-controller/node_modules/@tscircuit/core/dist/index.js:1334:12)
    at render (/workspace/smart-nema14-motor-controller/node_modules/@tscircuit/core/dist/index.js:122353:16)
    at generateCircuitJson (/workspace/smart-nema14-motor-controller/node_modules/@tscircuit/cli/dist/cli/main.js:167877:12)
    at unknown
    at unknown
    at unknown
    at processTicksAndRejections (native:7:39)
Circuit JSON written to dist/index/circuit.json
The "J" prefix is being used with a <chip />, try using it with a <connector /> or <jumper />
The "Q" prefix is being used with a <chip />, try using it with a <transistor />
The "J" prefix is being used with a <chip />, try using it with a <connector /> or <jumper />
The "J" prefix is being used with a <chip />, try using it with a <connector /> or <jumper />
The "Q" prefix is being used with a <chip />, try using it with a <transistor />
U4 has no pin with requires_power=true
U2 has no pin with requires_power=true
J_USB has no pin with requires_power=true
J_USB has no pin with requires_ground=true
Q_PD has no pin with requires_power=true
Q_PD has no pin with requires_ground=true
All pins on Q_PD are underspecified (no pinAttributes set)
D_USB has no pin with requires_power=true
D_VBUS has no pin with requires_power=true
D_VBUS has no pin with requires_ground=true
All pins on D_VBUS are underspecified (no pinAttributes set)
J_IO has no pin with requires_power=true
J_IO has no pin with requires_ground=true
All pins on J_IO are underspecified (no pinAttributes set)
J_MOTOR has no pin with requires_power=true
J_MOTOR has no pin with requires_ground=true
All pins on J_MOTOR are underspecified (no pinAttributes set)
U9 has no pin with requires_power=true
D_IO1 has no pin with requires_power=true
D_IO2 has no pin with requires_power=true
D_CAN has no pin with requires_power=true
D_CAN has no pin with requires_ground=true
All pins on D_CAN are underspecified (no pinAttributes set)
U10 has no pin with requires_power=true
Q_ILIM has no pin with requires_power=true
Q_ILIM has no pin with requires_ground=true
All pins on Q_ILIM are underspecified (no pinAttributes set)
Trace [.GND_STITCH_MCU > .top to .U1 > .pin29] is routed thinner than requested (requested: 0.2mm, actual: 0.15mm).
Trace [.PROTECTED_MONITOR_EAST > .bottom to .TCPP_PROTECTED_MONITOR > .bottom] is routed thinner than requested (requested: 0.18mm, actual: 0.15mm).
Trace [.PROTECTED_LOW_RETURN > .bottom to .PROTECTED_MONITOR_WEST > .bottom] is routed thinner than requested (requested: 0.18mm, actual: 0.15mm).
Trace [.VM_TMC_LOW > .top to .VM_BUCK > .top] is routed thinner than requested (requested: 0.4mm, actual: 0.15mm).
Trace [.VM_TMC_BULK > .top to .VM_TMC_HIGH > .top] is routed thinner than requested (requested: 0.6mm, actual: 0.15mm).
Trace [.VM_BULK_LEFT > .top to .VM_TMC_HIGH > .top] is routed thinner than requested (requested: 0.4mm, actual: 0.15mm).
Trace [.PROTECTED_MONITOR_WEST > .bottom to .PROTECTED_MONITOR_EAST > .bottom] is routed thinner than requested (requested: 0.18mm, actual: 0.15mm).
Trace [.U10 > .pin8 to .U10 > .pin9] is routed thinner than requested (requested: 0.28mm, actual: 0.15mm).
Trace [.U10 > .pin8 to .C34 > .pin1] is routed thinner than requested (requested: 0.28mm, actual: 0.15mm).
Trace [.VM_BUCK > .top to .U5 > .pin2] is routed thinner than requested (requested: 0.4mm, actual: 0.15mm).
Trace [.VM_BUCK > .top to .U5 > .pin3] is routed thinner than requested (requested: 0.4mm, actual: 0.15mm).
Trace [.VM_BUCK > .top to .C9 > .pin1] is routed thinner than requested (requested: 0.4mm, actual: 0.15mm).
Trace [.VM_BUCK_CAP > .bottom to .C8 > .pin1] is routed thinner than requested (requested: 0.4mm, actual: 0.15mm).
Trace [.VM_TMC_LOW > .top to .U2 > .pin28] is routed thinner than requested (requested: 0.28mm, actual: 0.15mm).
Trace [.VM_TMC_HIGH > .top to .U2 > .pin22] is routed thinner than requested (requested: 0.28mm, actual: 0.15mm).
Trace [.VM_TMC_BYPASS > .bottom to .C17 > .pin1] is routed thinner than requested (requested: 0.4mm, actual: 0.15mm).
Trace [.VM_TMC_BULK > .bottom to .C18 > .pin1] is routed thinner than requested (requested: 0.4mm, actual: 0.15mm).
Trace [.VM_BULK_LEFT > .top to .C19 > .pin1] is routed thinner than requested (requested: 0.4mm, actual: 0.15mm).
Trace [.VM_BULK_RIGHT > .top to .C20 > .pin1] is routed thinner than requested (requested: 0.4mm, actual: 0.15mm).
Trace [.VM_EFUSE_OUT > .bottom to .U10 > .pin24] is routed thinner than requested (requested: 0.28mm, actual: 0.15mm).
Trace [.VM_EFUSE_OUT > .bottom to .U10 > .pin23] is routed thinner than requested (requested: 0.28mm, actual: 0.15mm).
Trace [.VM_OUT_BRIDGE > .top to .VM_EFUSE_OUT > .top] is routed thinner than requested (requested: 0.4mm, actual: 0.15mm).
Trace [.RAW_USB_LEFT > .top to .J_USB > .pin21] is routed thinner than requested (requested: 0.28mm, actual: 0.15mm).
Trace [.RAW_USB_RIGHT > .top to .J_USB > .pin20] is routed thinner than requested (requested: 0.28mm, actual: 0.15mm).
Trace [.RAW_PMOS_SOURCE > .bottom to .Q_PD > .pin9] is routed thinner than requested (requested: 0.4mm, actual: 0.15mm).
Trace [.RAW_TVS > .bottom to .D_VBUS > .pin1] is routed thinner than requested (requested: 0.4mm, actual: 0.15mm).
Trace [.RAW_TVS > .bottom to .C25 > .pin1] is routed thinner than requested (requested: 0.4mm, actual: 0.15mm).
Trace [.PROTECTED_PMOS_DRAIN > .bottom to .Q_PD > .pin1] is routed thinner than requested (requested: 0.28mm, actual: 0.15mm).
Trace [.PROTECTED_EFUSE_INPUT_VIA > .bottom to .U10 > .pin8] is routed thinner than requested (requested: 0.28mm, actual: 0.15mm).
Q_PD is missing schematic reference designator text. For a custom symbol, add name="{REFDES}" inside the symbol.
D_USB is missing schematic reference designator text. For a custom symbol, add name="{REFDES}" inside the symbol.
D_VBUS is missing schematic reference designator text. For a custom symbol, add name="{REFDES}" inside the symbol.
D_CAN is missing schematic reference designator text. For a custom symbol, add name="{REFDES}" inside the symbol.
Q_ILIM is missing schematic reference designator text. For a custom symbol, add name="{REFDES}" inside the symbol.
Saved phase path ".U10 > .pin22" must select exactly one connection in this phase
Port [U1.VDD] is not connected to net [V3V3] by a PCB trace.
Port [U1.VBAT] is not connected to net [V3V3] by a PCB trace.
Port [U1.VREF_POS] is not connected to net [V3V3] by a PCB trace.
Port [U1.PF2_NRST] is not connected to net [NRST] by a PCB trace.
Port [U1.PB8] is not connected to net [I2C_SCL] by a PCB trace.
Port [U1.PB9] is not connected to net [I2C_SDA] by a PCB trace.
Port [U1.PB5] is not connected to net [CAN_RX] by a PCB trace.
Port [U1.PB6] is not connected to net [CAN_TX] by a PCB trace.
Port [U1.PA2] is not connected to net [TMC_UART_TX] by a PCB trace.
Port [U1.PA3] is not connected to net [TMC_UART_RX] by a PCB trace.
Port [U1.PA5] is not connected to net [TMC_DIAG] by a PCB trace.
Port [U1.PA6] is not connected to net [TMC_STEP] by a PCB trace.
Port [U1.PA7] is not connected to net [TMC_DIR] by a PCB trace.
Port [U1.PA11_PA9_] is not connected to net [USB_DM] by a PCB trace.
Port [U1.PA12_PA10_] is not connected to net [USB_DP] by a PCB trace.
Port [U1.PA8] is not connected to net [PD_CC1_MCU] by a PCB trace.
Port [U1.PB15] is not connected to net [PD_CC2_MCU] by a PCB trace.
Port [U1.PB12] is not connected to net [PD_DB] by a PCB trace.
Port [U1.PB13] is not connected to net [PD_FLT] by a PCB trace.
Port [U1.PA0] is not connected to net [VBUS_ADC] by a PCB trace.
Port [U1.PA1] is not connected to net [TEMP_ALERT_N] by a PCB trace.
Port [U1.PA13] is not connected to net [SWDIO] by a PCB trace.
Port [U1.PB0] is not connected to net [EXT_STEP] by a PCB trace.
Port [U1.PB1] is not connected to net [EXT_DIR] by a PCB trace.
Port [U1.PB2] is not connected to net [EXT_ENABLE_N] by a PCB trace.
Port [U1.PB10] is not connected to net [LIMIT1] by a PCB trace.
Port [U1.PB11] is not connected to net [LIMIT2] by a PCB trace.
Port [U1.PC6] is not connected to net [LED_STATUS_DRIVE] by a PCB trace.
Port [U1.PC7] is not connected to net [LED_FAULT_DRIVE] by a PCB trace.
Port [U1.PB3] is not connected to net [CAN_RS] by a PCB trace.
Port [C1.pin1] is not connected to net [V3V3] by a PCB trace.
Port [C2.pin1] is not connected to net [V3V3] by a PCB trace.
Port [C3.pin1] is not connected to net [V3V3] by a PCB trace.
Port [C4.pin1] is not connected to net [V3V3] by a PCB trace.
Port [R1.pin1] is not connected to net [V3V3] by a PCB trace.
Port [R1.pin2] is not connected to net [NRST] by a PCB trace.
Port [C5.pin1] is not connected to net [NRST] by a PCB trace.
Port [U4.VDD5V] is not connected to net [V3V3] by a PCB trace.
Port [U4.VDD3V3] is not connected to net [V3V3] by a PCB trace.
Port [U4.SDA] is not connected to net [I2C_SDA] by a PCB trace.
Port [U4.SCL] is not connected to net [I2C_SCL] by a PCB trace.
Port [C6.pin1] is not connected to net [V3V3] by a PCB trace.
Port [R2.pin1] is not connected to net [V3V3] by a PCB trace.
Port [R2.pin2] is not connected to net [I2C_SCL] by a PCB trace.
Port [R3.pin1] is not connected to net [V3V3] by a PCB trace.
Port [R3.pin2] is not connected to net [I2C_SDA] by a PCB trace.
Port [U6.D] is not connected to net [CAN_TX] by a PCB trace.
Port [U6.R] is not connected to net [CAN_RX] by a PCB trace.
Port [U6.VCC] is not connected to net [V3V3] by a PCB trace.
Port [U6.RS] is not connected to net [CAN_RS] by a PCB trace.
Port [U6.CANH] is not connected to net [CAN_H] by a PCB trace.
Port [U6.CANL] is not connected to net [CAN_L] by a PCB trace.
Port [C7.pin1] is not connected to net [V3V3] by a PCB trace.
Port [R49.pin1] is not connected to net [CAN_H] by a PCB trace.
Port [R49.pin2] is not connected to net [CAN_TERM_LINK] by a PCB trace.
Port [R50.pin1] is not connected to net [CAN_TERM_LINK] by a PCB trace.
Port [R50.pin2] is not connected to net [CAN_L] by a PCB trace.
Port [U5.FB] is not connected to net [V3V3] by a PCB trace.
Port [U5.SW] is not connected to net [BUCK_SW] by a PCB trace.
Port [U5.BST] is not connected to net [BUCK_BST] by a PCB trace.
Port [C10.pin1] is not connected to net [BUCK_BST] by a PCB trace.
Port [C10.pin2] is not connected to net [BUCK_SW] by a PCB trace.
Port [L1.pin1] is not connected to net [BUCK_SW] by a PCB trace.
Port [L1.pin2] is not connected to net [V3V3] by a PCB trace.
Port [C11.pin1] is not connected to net [V3V3] by a PCB trace.
Port [C12.pin1] is not connected to net [V3V3] by a PCB trace.
Port [U2.OB2] is not connected to net [MOTOR_B2] by a PCB trace.
Port [U2.OB1] is not connected to net [MOTOR_B1] by a PCB trace.
Port [U2.OA2] is not connected to net [MOTOR_A2] by a PCB trace.
Port [U2.OA1] is not connected to net [MOTOR_A1] by a PCB trace.
Port [U2.CPO] is not connected to net [TMC_CPO] by a PCB trace.
Port [U2.CPI] is not connected to net [TMC_CPI] by a PCB trace.
Port [U2.VCP] is not connected to net [TMC_VCP] by a PCB trace.
Port [U2.5VOUT] is not connected to net [TMC_5VOUT] by a PCB trace.
Port [U2.DIAG] is not connected to net [TMC_DIAG] by a PCB trace.
Port [U2.PDN_UART] is not connected to net [TMC_UART_RX] by a PCB trace.
Port [U2.VCC_IO] is not connected to net [V3V3] by a PCB trace.
Port [U2.STEP] is not connected to net [TMC_STEP] by a PCB trace.
Port [U2.DIR] is not connected to net [TMC_DIR] by a PCB trace.
Port [U2.VREF] is not connected to net [TMC_VREF] by a PCB trace.
Port [U2.BRA] is not connected to net [TMC_SENSE_A] by a PCB trace.
Port [U2.BRB] is not connected to net [TMC_SENSE_B] by a PCB trace.
Port [C13.pin1] is not connected to net [TMC_CPO] by a PCB trace.
Port [C13.pin2] is not connected to net [TMC_CPI] by a PCB trace.
Port [C14.pin1] is not connected to net [TMC_VCP] by a PCB trace.
Port [C15.pin1] is not connected to net [TMC_5VOUT] by a PCB trace.
Port [C16.pin1] is not connected to net [V3V3] by a PCB trace.
Port [R5.pin1] is not connected to net [TMC_SENSE_A] by a PCB trace.
Port [R6.pin1] is not connected to net [TMC_SENSE_B] by a PCB trace.
Port [R4.pin1] is not connected to net [TMC_UART_TX] by a PCB trace.
Port [R4.pin2] is not connected to net [TMC_UART_RX] by a PCB trace.
Port [R7.pin1] is not connected to net [V3V3] by a PCB trace.
Port [R8.pin1] is not connected to net [TMC_STEP] by a PCB trace.
Port [R9.pin1] is not connected to net [TMC_DIR] by a PCB trace.
Port [R10.pin1] is not connected to net [TMC_5VOUT] by a PCB trace.
Port [R10.pin2] is not connected to net [TMC_VREF] by a PCB trace.
Port [R11.pin1] is not connected to net [TMC_VREF] by a PCB trace.
Port [C21.pin1] is not connected to net [TMC_VREF] by a PCB trace.
Port [J_USB.CC1] is not connected to net [PD_CC1_CONN] by a PCB trace.
Port [J_USB.CC2] is not connected to net [PD_CC2_CONN] by a PCB trace.
Port [J_USB.DP1] is not connected to net [USB_DP] by a PCB trace.
Port [J_USB.DP2] is not connected to net [USB_DP] by a PCB trace.
Port [J_USB.DN1] is not connected to net [USB_DM] by a PCB trace.
Port [J_USB.DN2] is not connected to net [USB_DM] by a PCB trace.
Port [U3.CC1c] is not connected to net [PD_CC1_CONN] by a PCB trace.
Port [U3.CC2c] is not connected to net [PD_CC2_CONN] by a PCB trace.
Port [U3.CC1] is not connected to net [PD_CC1_MCU] by a PCB trace.
Port [U3.CC2] is not connected to net [PD_CC2_MCU] by a PCB trace.
Port [U3.GATE] is not connected to net [PD_GATE] by a PCB trace.
Port [U3.CTRLVBUS] is not connected to net [PD_OVP] by a PCB trace.
Port [U3.VCC] is not connected to net [V3V3] by a PCB trace.
Port [U3.DB] is not connected to net [PD_DB] by a PCB trace.
Port [U3.FLT] is not connected to net [PD_FLT] by a PCB trace.
Port [Q_PD.pin4] is not connected to net [PD_GATE] by a PCB trace.
Port [D_USB.pin1] is not connected to net [USB_DP] by a PCB trace.
Port [D_USB.pin2] is not connected to net [USB_DM] by a PCB trace.
Port [C22.pin1] is not connected to net [V3V3] by a PCB trace.
Port [C23.pin1] is not connected to net [PD_CC1_CONN] by a PCB trace.
Port [C24.pin1] is not connected to net [PD_CC2_CONN] by a PCB trace.
Port [R12.pin1] is not connected to net [V3V3] by a PCB trace.
Port [R12.pin2] is not connected to net [PD_FLT] by a PCB trace.
Port [R13.pin2] is not connected to net [PD_OVP_SERIES] by a PCB trace.
Port [R14.pin1] is not connected to net [PD_OVP_SERIES] by a PCB trace.
Port [R14.pin2] is not connected to net [PD_OVP] by a PCB trace.
Port [R15.pin1] is not connected to net [PD_OVP] by a PCB trace.
Port [R16.pin2] is not connected to net [VBUS_DIV] by a PCB trace.
Port [R17.pin1] is not connected to net [VBUS_DIV] by a PCB trace.
Port [R18.pin1] is not connected to net [VBUS_DIV] by a PCB trace.
Port [R18.pin2] is not connected to net [VBUS_ADC_PRE_GUARD] by a PCB trace.
Port [C27.pin1] is not connected to net [VBUS_ADC] by a PCB trace.
Port [J_SWD.SWDIO] is not connected to net [SWDIO_CONN] by a PCB trace.
Port [J_SWD.SWCLK] is not connected to net [SWCLK_CONN] by a PCB trace.
Port [J_SWD.NRST] is not connected to net [NRST_CONN] by a PCB trace.
Port [U7.VDD] is not connected to net [V3V3] by a PCB trace.
Port [U7.SEL1] is not connected to net [POWER_GOOD] by a PCB trace.
Port [U7.SEL2] is not connected to net [POWER_GOOD] by a PCB trace.
Port [U7.SEL3] is not connected to net [POWER_GOOD] by a PCB trace.
Port [U7.SEL4] is not connected to net [POWER_GOOD] by a PCB trace.
Port [U7.S1] is not connected to net [SWDIO_CONN] by a PCB trace.
Port [U7.D1] is not connected to net [SWDIO_GUARDED] by a PCB trace.
Port [U7.S2] is not connected to net [SWCLK_CONN] by a PCB trace.
Port [U7.D2] is not connected to net [SWCLK_GUARDED] by a PCB trace.
Port [U7.S3] is not connected to net [NRST_CONN] by a PCB trace.
Port [U7.D3] is not connected to net [NRST_GUARDED] by a PCB trace.
Port [U7.S4] is not connected to net [VBUS_ADC_PRE_GUARD] by a PCB trace.
Port [U7.D4] is not connected to net [VBUS_ADC] by a PCB trace.
Port [U8.VDD] is not connected to net [V3V3] by a PCB trace.
Port [U8.N_RESET] is not connected to net [POWER_GOOD] by a PCB trace.
Port [R19.pin1] is not connected to net [V3V3] by a PCB trace.
Port [R19.pin2] is not connected to net [POWER_GOOD] by a PCB trace.
Port [C28.pin1] is not connected to net [V3V3] by a PCB trace.
Port [C29.pin1] is not connected to net [V3V3] by a PCB trace.
Port [R20.pin1] is not connected to net [SWDIO_GUARDED] by a PCB trace.
Port [R20.pin2] is not connected to net [SWDIO] by a PCB trace.
Port [R21.pin1] is not connected to net [SWCLK_GUARDED] by a PCB trace.
Port [R22.pin1] is not connected to net [NRST_GUARDED] by a PCB trace.
Port [R22.pin2] is not connected to net [NRST] by a PCB trace.
Port [R51.pin1] is not connected to net [VBUS_ADC] by a PCB trace.
Port [R52.pin1] is not connected to net [SWDIO] by a PCB trace.
Port [J_IO.pin2] is not connected to net [CAN_H] by a PCB trace.
Port [J_IO.pin3] is not connected to net [CAN_L] by a PCB trace.
Port [J_IO.pin6] is not connected to net [EXT_DIR_CONN] by a PCB trace.
Port [J_IO.pin7] is not connected to net [EXT_ENABLE_N_CONN] by a PCB trace.
Port [J_IO.pin8] is not connected to net [LIMIT1_CONN] by a PCB trace.
Port [J_IO.pin9] is not connected to net [LIMIT2_CONN] by a PCB trace.
Port [J_MOTOR.pin1] is not connected to net [MOTOR_A1] by a PCB trace.
Port [J_MOTOR.pin2] is not connected to net [MOTOR_A2] by a PCB trace.
Port [J_MOTOR.pin3] is not connected to net [MOTOR_B1] by a PCB trace.
Port [J_MOTOR.pin4] is not connected to net [MOTOR_B2] by a PCB trace.
Port [U9.SCL] is not connected to net [I2C_SCL] by a PCB trace.
Port [U9.SDA] is not connected to net [I2C_SDA] by a PCB trace.
Port [U9.V_POS] is not connected to net [V3V3] by a PCB trace.
Port [U9.ALERT] is not connected to net [TEMP_ALERT_N] by a PCB trace.
Port [D_IO1.D1_NEG] is not connected to net [EXT_DIR_CONN] by a PCB trace.
Port [D_IO1.D2_POS] is not connected to net [EXT_ENABLE_N_CONN] by a PCB trace.
Port [D_IO1.D2_NEG] is not connected to net [LIMIT1_CONN] by a PCB trace.
Port [D_IO2.D1_POS] is not connected to net [LIMIT2_CONN] by a PCB trace.
Port [D_CAN.pin1] is not connected to net [CAN_H] by a PCB trace.
Port [D_CAN.pin2] is not connected to net [CAN_L] by a PCB trace.
Port [R23.pin2] is not connected to net [EXT_STEP] by a PCB trace.
Port [R24.pin1] is not connected to net [EXT_DIR_CONN] by a PCB trace.
Port [R24.pin2] is not connected to net [EXT_DIR] by a PCB trace.
Port [R25.pin1] is not connected to net [EXT_ENABLE_N_CONN] by a PCB trace.
Port [R26.pin1] is not connected to net [LIMIT1_CONN] by a PCB trace.
Port [R27.pin1] is not connected to net [LIMIT2_CONN] by a PCB trace.
Port [R27.pin2] is not connected to net [LIMIT2] by a PCB trace.
Port [R28.pin1] is not connected to net [EXT_STEP] by a PCB trace.
Port [R29.pin1] is not connected to net [EXT_DIR] by a PCB trace.
Port [R30.pin1] is not connected to net [V3V3] by a PCB trace.
Port [R31.pin1] is not connected to net [V3V3] by a PCB trace.
Port [R32.pin1] is not connected to net [V3V3] by a PCB trace.
Port [R32.pin2] is not connected to net [LIMIT2] by a PCB trace.
Port [R33.pin1] is not connected to net [V3V3] by a PCB trace.
Port [R33.pin2] is not connected to net [TEMP_ALERT_N] by a PCB trace.
Port [R34.pin1] is not connected to net [V3V3] by a PCB trace.
Port [R34.pin2] is not connected to net [CAN_RS] by a PCB trace.
Port [C30.pin1] is not connected to net [LIMIT1] by a PCB trace.
Port [C31.pin1] is not connected to net [LIMIT2] by a PCB trace.
Port [C32.pin1] is not connected to net [V3V3] by a PCB trace.
Port [R35.pin1] is not connected to net [V3V3] by a PCB trace.
Port [R35.pin2] is not connected to net [LED_POWER_A] by a PCB trace.
Port [LED_POWER.anode] is not connected to net [LED_POWER_A] by a PCB trace.
Port [R36.pin1] is not connected to net [LED_STATUS_DRIVE] by a PCB trace.
Port [R36.pin2] is not connected to net [LED_STATUS_A] by a PCB trace.
Port [LED_STATUS.anode] is not connected to net [LED_STATUS_A] by a PCB trace.
Port [R37.pin1] is not connected to net [LED_FAULT_DRIVE] by a PCB trace.
Port [R37.pin2] is not connected to net [LED_FAULT_A] by a PCB trace.
Port [LED_FAULT.anode] is not connected to net [LED_FAULT_A] by a PCB trace.
Port [U10.UVLO] is not connected to net [EFUSE_EN] by a PCB trace.
Port [U10.OVP] is not connected to net [EFUSE_OVP] by a PCB trace.
Port [U10.dVdT] is not connected to net [EFUSE_DVDT] by a PCB trace.
Port [Q_ILIM.pin3] is not connected to net [EFUSE_ILIM_SWITCH] by a PCB trace.
Port [R38.pin2] is not connected to net [EFUSE_EN] by a PCB trace.
Port [R39.pin1] is not connected to net [EFUSE_EN] by a PCB trace.
Port [R40.pin2] is not connected to net [EFUSE_OVP_TOP_1] by a PCB trace.
Port [R41.pin1] is not connected to net [EFUSE_OVP_TOP_1] by a PCB trace.
Port [R41.pin2] is not connected to net [EFUSE_OVP_TOP_2] by a PCB trace.
Port [R42.pin1] is not connected to net [EFUSE_OVP_TOP_2] by a PCB trace.
Port [R42.pin2] is not connected to net [EFUSE_OVP] by a PCB trace.
Port [R43.pin1] is not connected to net [EFUSE_OVP] by a PCB trace.
Port [R44.pin1] is not connected to net [EFUSE_ILIM] by a PCB trace.
Port [R45.pin2] is not connected to net [EFUSE_ILIM_SWITCH] by a PCB trace.
Port [C33.pin1] is not connected to net [EFUSE_DVDT] by a PCB trace.
Port [R48.pin1] is not connected to net [V3V3] by a PCB trace.
Trace [.SWCLK_MCU_ESCAPE > .top to .U1 > .pin36] has dangling endpoint at (5.55, 3.00)
Trace [.POWER_HIGH_GATE_FILLED > .bottom to .Q_ILIM > .pin1] has dangling endpoint at (-5.65, -4.30)
Trace [.POWER_HIGH_PULLDOWN_FILLED > .bottom to .R46 > .pin1] has dangling endpoint at (-5.70, 0.00)
Trace [.SWCLK_PULLDOWN_FILLED > .bottom to .R53 > .pin1] has dangling endpoint at (10.60, -4.10)
Trace [.STEP_SERIES_FILLED > .bottom to .R23 > .pin1] has dangling endpoint at (8.10, 8.05)
Trace [.FLT_MCU_ESCAPE > .top to .U1 > .pin43] has dangling endpoint at (5.45, 1.25)
Trace [.TMC_ENABLE_MCU_FILLED > .top to .U1 > .pin15] has dangling endpoint at (10.45, -1.85)
Generating preview images...
[index] Generating PCB SVG...
[index] Written pcb.svg
[index] Generating PCB PNG...
[index] Written pcb.png
[index] Generating schematic SVG...
[index] Written schematic.svg

Build complete
  Circuits  0 passed 1 failed
  Options   pcb-png, pcb-svgs, schematic-svgs
  Output    dist

⚠ Build completed with errors
Build exiting with code 1: circuit build errors occurred
error: script "build" exited with code 1
