Building 1 file(s)...
Building index.circuit.tsx...
Generating circuit JSON...
Autorouting <board#655 /> phase 1/1 failed start: connections=82, obstacles=576, previous_traces=0, router=tscircuit, solver=AutoroutingPipelineSolver9_PreloadedTraceGraph, effort=5x, cache=miss, cache_id=0f4f0038/9ab8516f
  connections: net.GND, net.V3V3, net.NRST, net.I2C_SCL, net.I2C_SDA, net.CAN_TX, net.CAN_RX, net.CAN_H, net.CAN_L, net.BUCK_SW, net.BUCK_BST, net.VM, net.TMC_ENABLE_N, net.TMC_STEP, net.TMC_DIR, net.TMC_DIAG, net.TMC_UART_TX, net.TMC_UART_RX, net.TMC_CPO, net.TMC_CPI, net.TMC_VCP, net.TMC_5VOUT, net.TMC_VREF, net.TMC_SENSE_A, net.TMC_SENSE_B, net.MOTOR_A1, net.MOTOR_A2, net.MOTOR_B1, net.MOTOR_B2, net.VBUS_CONN, net.VBUS_PROTECTED, net.USB_DP, net.USB_DM, net.PD_CC1_CONN, net.PD_CC2_CONN, net.PD_CC1_MCU, net.PD_CC2_MCU, net.PD_GATE, net.PD_OVP_SERIES, net.PD_OVP, net.PD_DB, net.PD_FLT, net.VBUS_DIV, net.VBUS_ADC, net.SWDIO_GUARDED, net.SWCLK_GUARDED, net.NRST_GUARDED, net.SWDIO, net.SWCLK, net.SWDIO_CONN, net.SWCLK_CONN, net.NRST_CONN, net.POWER_GOOD, net.VBUS_ADC_PRE_GUARD, net.TEMP_ALERT_N, net.EXT_STEP_CONN, net.EXT_DIR_CONN, net.EXT_ENABLE_N_CONN, net.EXT_STEP, net.EXT_DIR, net.EXT_ENABLE_N, net.LIMIT1_CONN, net.LIMIT2_CONN, net.LIMIT1, net.LIMIT2, net.LED_POWER_A, net.LED_STATUS_A, net.LED_FAULT_A, net.LED_STATUS_DRIVE, net.LED_FAULT_DRIVE, net.CAN_RS, net.EFUSE_FLT_N, net.POWER_HIGH_CURRENT, net.EFUSE_EN, net.EFUSE_OVP_TOP_1, net.EFUSE_OVP_TOP_2, net.EFUSE_OVP, net.EFUSE_ILIM, net.EFUSE_ILIM_SWITCH, net.EFUSE_DVDT, net.EFUSE_RTN, net.CAN_TERM_LINK
  phase 1/1 error after 3.5s: Static reachability precheck failed: 1 route(s) have no legal path under the current reservation and start-region rules net.GND_mst56 (internal element->internal element) (capacity-autorouter@0.0.953)
Async effect error in PcbTraceRender "autorouting":
AutorouterError: Static reachability precheck failed: 1 route(s) have no legal path under the current reservation and start-region rules source_net_0_mst56 (pcb_port_207->pcb_port_237) (capacity-autorouter@0.0.953)
    at runCycleAndQueueNextCycle (/Users/anassarkiz/tsci/tscircuit-store/boards/smart-nema14-motor-controller--01a0fd9b/node_modules/@tscircuit/core/dist/index.js:102063:24)
    at <anonymous> (/Users/anassarkiz/tsci/tscircuit-store/boards/smart-nema14-motor-controller--01a0fd9b/node_modules/@tscircuit/core/dist/index.js:102098:27)
Circuit JSON written to dist/index/circuit.json
The "J" prefix is being used with a <chip />, try using it with a <connector /> or <jumper />
The "Q" prefix is being used with a <chip />, try using it with a <transistor />
The "J" prefix is being used with a <chip />, try using it with a <connector /> or <jumper />
The "J" prefix is being used with a <chip />, try using it with a <connector /> or <jumper />
The "Q" prefix is being used with a <chip />, try using it with a <transistor />
All pins on Q_PD are underspecified (no pinAttributes set)
All pins on D_VBUS are underspecified (no pinAttributes set)
All pins on J_IO are underspecified (no pinAttributes set)
All pins on J_MOTOR are underspecified (no pinAttributes set)
All pins on D_CAN are underspecified (no pinAttributes set)
All pins on Q_ILIM are underspecified (no pinAttributes set)
U4 has no pin with requires_power=true
U2 has no pin with requires_power=true
J_USB has no pin with requires_power=true
Q_PD has no pin with requires_power=true
D_USB has no pin with requires_power=true
D_VBUS has no pin with requires_power=true
J_IO has no pin with requires_power=true
J_MOTOR has no pin with requires_power=true
U9 has no pin with requires_power=true
D_IO1 has no pin with requires_power=true
D_IO2 has no pin with requires_power=true
D_CAN has no pin with requires_power=true
U10 has no pin with requires_power=true
Q_ILIM has no pin with requires_power=true
J_USB has no pin with requires_ground=true
Q_PD has no pin with requires_ground=true
D_VBUS has no pin with requires_ground=true
J_IO has no pin with requires_ground=true
J_MOTOR has no pin with requires_ground=true
D_CAN has no pin with requires_ground=true
Q_ILIM has no pin with requires_ground=true
Q_PD is missing schematic reference designator text. For a custom symbol, add name="{REFDES}" inside the symbol.
D_USB is missing schematic reference designator text. For a custom symbol, add name="{REFDES}" inside the symbol.
D_VBUS is missing schematic reference designator text. For a custom symbol, add name="{REFDES}" inside the symbol.
D_CAN is missing schematic reference designator text. For a custom symbol, add name="{REFDES}" inside the symbol.
Q_ILIM is missing schematic reference designator text. For a custom symbol, add name="{REFDES}" inside the symbol.
Static reachability precheck failed: 1 route(s) have no legal path under the current reservation and start-region rules source_net_0_mst56 (pcb_port_207->pcb_port_237) (capacity-autorouter@0.0.953)
DRC could not complete (routing): pcb_trace_4: Cannot determine one wire layer between route points 3 and 4
Generating preview images...
[index] Generating PCB SVG...
[index] Written pcb.svg
[index] Generating PCB PNG...
[index] Written pcb.png
[index] Generating schematic SVG...
[index] Written schematic.svg

Build complete
  Circuits  0 passed 1 failed
  Options   pcb-png, pcb-svgs, schematic-svgs
  Output    dist

⚠ Build completed with errors
Build exiting with code 1: circuit build errors occurred
