Building 1 file(s)...
Building index.circuit.tsx...
Generating circuit JSON...
Wrote debug artifact: evidence/rev-0.0.17-alpha.0/pipeline7-router/phase-0.input.simple-route.json
Autorouting phase 1/1 has been running for 10.2s; enabling phase diagnostics. Re-run with --autorouter-debug for full autorouter logs from the start.
Autorouting <board#656 /> phase 1/1 long-running start: connections=82, obstacles=595, previous_traces=0, router=tscircuit, version=beta_pipeline7, solver=AutoroutingPipelineSolver7_MultiGraph, effort=5x, cache=miss, cache_id=8a5670e6/eb5f754f
  connections: net.GND, net.V3V3, net.NRST, net.I2C_SCL, net.I2C_SDA, net.CAN_TX, net.CAN_RX, net.CAN_H, net.CAN_L, net.BUCK_SW, net.BUCK_BST, net.VM, net.TMC_ENABLE_N, net.TMC_STEP, net.TMC_DIR, net.TMC_DIAG, net.TMC_UART_TX, net.TMC_UART_RX, net.TMC_CPO, net.TMC_CPI, net.TMC_VCP, net.TMC_5VOUT, net.TMC_VREF, net.TMC_SENSE_A, net.TMC_SENSE_B, net.MOTOR_A1, net.MOTOR_A2, net.MOTOR_B1, net.MOTOR_B2, net.VBUS_CONN, net.VBUS_PROTECTED, net.USB_DP, net.USB_DM, net.PD_CC1_CONN, net.PD_CC2_CONN, net.PD_CC1_MCU, net.PD_CC2_MCU, net.PD_GATE, net.PD_OVP_SERIES, net.PD_OVP, net.PD_DB, net.PD_FLT, net.VBUS_DIV, net.VBUS_ADC, net.SWDIO_GUARDED, net.SWCLK_GUARDED, net.NRST_GUARDED, net.SWDIO, net.SWCLK, net.SWDIO_CONN, net.SWCLK_CONN, net.NRST_CONN, net.POWER_GOOD, net.VBUS_ADC_PRE_GUARD, net.TEMP_ALERT_N, net.EXT_STEP_CONN, net.EXT_DIR_CONN, net.EXT_ENABLE_N_CONN, net.EXT_STEP, net.EXT_DIR, net.EXT_ENABLE_N, net.LIMIT1_CONN, net.LIMIT2_CONN, net.LIMIT1, net.LIMIT2, net.LED_POWER_A, net.LED_STATUS_A, net.LED_FAULT_A, net.LED_STATUS_DRIVE, net.LED_FAULT_DRIVE, net.CAN_RS, net.EFUSE_FLT_N, net.POWER_HIGH_CURRENT, net.EFUSE_EN, net.EFUSE_OVP_TOP_1, net.EFUSE_OVP_TOP_2, net.EFUSE_OVP, net.EFUSE_ILIM, net.EFUSE_ILIM_SWITCH, net.EFUSE_DVDT, net.EFUSE_RTN, net.CAN_TERM_LINK
  phase 1/1 progress: solver=AutoroutingPipelineSolver7_MultiGraph solver_phase=portPointPathingSolver steps=20 progress=45% iterations_per_second=301048 elapsed=10.2s
  phase 1/1 progress: solver=AutoroutingPipelineSolver7_MultiGraph solver_phase=portPointPathingSolver steps=21 progress=45% iterations_per_second=286652 elapsed=10.5s
  phase 1/1 progress: solver=AutoroutingPipelineSolver7_MultiGraph solver_phase=highDensityRouteSolver steps=28 progress=55% iterations_per_second=217 elapsed=22.3s
  phase 1/1 progress: solver=AutoroutingPipelineSolver7_MultiGraph solver_phase=highDensityRouteSolver steps=61 progress=55% iterations_per_second=5516 elapsed=32.4s
  phase 1/1 progress: solver=AutoroutingPipelineSolver7_MultiGraph solver_phase=highDensityRouteSolver steps=95 progress=55% iterations_per_second=4212 elapsed=42.6s
  phase 1/1 progress: solver=AutoroutingPipelineSolver7_MultiGraph solver_phase=highDensityRouteSolver steps=128 progress=55% iterations_per_second=14556 elapsed=52.6s
  phase 1/1 progress: solver=AutoroutingPipelineSolver7_MultiGraph solver_phase=highDensityRouteSolver steps=162 progress=55% iterations_per_second=46980 elapsed=62.8s
  phase 1/1 progress: solver=AutoroutingPipelineSolver7_MultiGraph solver_phase=highDensityRouteSolver steps=196 progress=55% iterations_per_second=3696 elapsed=72.8s
  phase 1/1 progress: solver=AutoroutingPipelineSolver7_MultiGraph solver_phase=highDensityRouteSolver steps=230 progress=55% iterations_per_second=5820 elapsed=83.0s
  phase 1/1 progress: solver=AutoroutingPipelineSolver7_MultiGraph solver_phase=highDensityRouteSolver steps=264 progress=55% iterations_per_second=7392 elapsed=93.3s
  phase 1/1 progress: solver=AutoroutingPipelineSolver7_MultiGraph solver_phase=highDensityRouteSolver steps=298 progress=55% iterations_per_second=4972 elapsed=103.4s
  phase 1/1 progress: solver=AutoroutingPipelineSolver7_MultiGraph solver_phase=highDensityRouteSolver steps=331 progress=55% iterations_per_second=5512 elapsed=113.6s
  phase 1/1 progress: solver=AutoroutingPipelineSolver7_MultiGraph solver_phase=highDensityRouteSolver steps=365 progress=55% iterations_per_second=18340 elapsed=123.9s
  phase 1/1 progress: solver=AutoroutingPipelineSolver7_MultiGraph solver_phase=highDensityRouteSolver steps=398 progress=55% iterations_per_second=3400 elapsed=134.1s
  phase 1/1 progress: solver=AutoroutingPipelineSolver7_MultiGraph solver_phase=highDensityRouteSolver steps=432 progress=55% iterations_per_second=4848 elapsed=144.2s
  phase 1/1 progress: solver=AutoroutingPipelineSolver7_MultiGraph solver_phase=highDensityRouteSolver steps=466 progress=55% iterations_per_second=8520 elapsed=154.3s
  phase 1/1 progress: solver=AutoroutingPipelineSolver7_MultiGraph solver_phase=highDensityRouteSolver steps=499 progress=55% iterations_per_second=39940 elapsed=164.6s
  phase 1/1 progress: solver=AutoroutingPipelineSolver7_MultiGraph solver_phase=highDensityRouteSolver steps=531 progress=55% iterations_per_second=33044 elapsed=174.6s
  phase 1/1 progress: solver=AutoroutingPipelineSolver7_MultiGraph solver_phase=highDensityRouteSolver steps=563 progress=55% iterations_per_second=15656 elapsed=184.6s
  phase 1/1 progress: solver=AutoroutingPipelineSolver7_MultiGraph solver_phase=highDensityRouteSolver steps=597 progress=55% iterations_per_second=8596 elapsed=194.7s
  phase 1/1 progress: solver=AutoroutingPipelineSolver7_MultiGraph solver_phase=highDensityRouteSolver steps=630 progress=55% iterations_per_second=34088 elapsed=204.7s
  phase 1/1 progress: solver=AutoroutingPipelineSolver7_MultiGraph solver_phase=highDensityRouteSolver steps=665 progress=55% iterations_per_second=28720 elapsed=214.9s
  phase 1/1 progress: solver=AutoroutingPipelineSolver7_MultiGraph solver_phase=highDensityRouteSolver steps=699 progress=55% iterations_per_second=32136 elapsed=225.2s
  phase 1/1 progress: solver=AutoroutingPipelineSolver7_MultiGraph solver_phase=highDensityRouteSolver steps=733 progress=55% iterations_per_second=13940 elapsed=235.5s
  phase 1/1 progress: solver=AutoroutingPipelineSolver7_MultiGraph solver_phase=highDensityRouteSolver steps=767 progress=55% iterations_per_second=18820 elapsed=245.7s
  phase 1/1 progress: solver=AutoroutingPipelineSolver7_MultiGraph solver_phase=highDensityRouteSolver steps=800 progress=55% iterations_per_second=43280 elapsed=256.0s
  phase 1/1 progress: solver=AutoroutingPipelineSolver7_MultiGraph solver_phase=highDensityRouteSolver steps=834 progress=55% iterations_per_second=5856 elapsed=266.0s
  phase 1/1 progress: solver=AutoroutingPipelineSolver7_MultiGraph solver_phase=highDensityRouteSolver steps=868 progress=55% iterations_per_second=35844 elapsed=276.3s
  phase 1/1 progress: solver=AutoroutingPipelineSolver7_MultiGraph solver_phase=highDensityRouteSolver steps=902 progress=55% iterations_per_second=6604 elapsed=286.4s
  phase 1/1 progress: solver=AutoroutingPipelineSolver7_MultiGraph solver_phase=highDensityRouteSolver steps=936 progress=55% iterations_per_second=10120 elapsed=296.5s
  phase 1/1 progress: solver=AutoroutingPipelineSolver7_MultiGraph solver_phase=highDensityRouteSolver steps=969 progress=55% iterations_per_second=8516 elapsed=306.5s
  phase 1/1 progress: solver=AutoroutingPipelineSolver7_MultiGraph solver_phase=highDensityRouteSolver steps=1003 progress=55% iterations_per_second=47136 elapsed=316.7s
  phase 1/1 progress: solver=AutoroutingPipelineSolver7_MultiGraph solver_phase=highDensityRouteSolver steps=1036 progress=55% iterations_per_second=4552 elapsed=326.9s
  phase 1/1 progress: solver=AutoroutingPipelineSolver7_MultiGraph solver_phase=highDensityRouteSolver steps=1068 progress=55% iterations_per_second=34 elapsed=336.9s
  phase 1/1 progress: solver=AutoroutingPipelineSolver7_MultiGraph solver_phase=highDensityRouteSolver steps=1103 progress=55% iterations_per_second=32760 elapsed=347.2s
  phase 1/1 progress: solver=AutoroutingPipelineSolver7_MultiGraph solver_phase=highDensityForceImproveSolver steps=1117 progress=59% iterations_per_second=844 elapsed=357.4s
  phase 1/1 progress: solver=AutoroutingPipelineSolver7_MultiGraph solver_phase=highDensityForceImproveSolver steps=1118 progress=59% iterations_per_second=8 elapsed=368.5s
  phase 1/1 progress: solver=AutoroutingPipelineSolver7_MultiGraph solver_phase=highDensityRepairSolver steps=1129 progress=64% iterations_per_second=7 elapsed=380.6s
  phase 1/1 progress: solver=AutoroutingPipelineSolver7_MultiGraph solver_phase=highDensityRepairSolver steps=1146 progress=64% iterations_per_second=399 elapsed=390.8s
  phase 1/1 progress: solver=AutoroutingPipelineSolver7_MultiGraph solver_phase=traceSimplificationSolver steps=1169 progress=73% iterations_per_second=6390 elapsed=401.0s
  phase 1/1 progress: solver=AutoroutingPipelineSolver7_MultiGraph solver_phase=exactGeometryDrcForceImproveSolver steps=1196 progress=86% iterations_per_second=0 elapsed=428.6s
  phase 1/1 progress: solver=AutoroutingPipelineSolver7_MultiGraph solver_phase=exactGeometryDrcForceImproveSolver steps=1222 progress=86% iterations_per_second=2 elapsed=439.1s
  phase 1/1 progress: solver=AutoroutingPipelineSolver7_MultiGraph solver_phase=exactGeometryDrcForceImproveSolver steps=1246 progress=86% iterations_per_second=2 elapsed=449.2s
  phase 1/1 progress: solver=AutoroutingPipelineSolver7_MultiGraph solver_phase=powerTraceExpansionSolver steps=1276 progress=95% iterations_per_second=317160 elapsed=459.3s
  phase 1/1 progress: solver=AutoroutingPipelineSolver7_MultiGraph solver_phase=powerTraceExpansionSolver steps=1310 progress=96% iterations_per_second=94144 elapsed=469.4s
  phase 1/1 progress: solver=AutoroutingPipelineSolver7_MultiGraph solver_phase=powerTraceExpansionSolver steps=1344 progress=96% iterations_per_second=203664 elapsed=479.6s
  phase 1/1 progress: solver=AutoroutingPipelineSolver7_MultiGraph solver_phase=powerTraceExpansionSolver steps=1378 progress=96% iterations_per_second=119008 elapsed=489.6s
  phase 1/1 progress: solver=AutoroutingPipelineSolver7_MultiGraph solver_phase=powerTraceExpansionSolver steps=1412 progress=96% iterations_per_second=277744 elapsed=499.7s
  phase 1/1 progress: solver=AutoroutingPipelineSolver7_MultiGraph solver_phase=powerTraceExpansionSolver steps=1445 progress=100% iterations_per_second=2022 elapsed=509.8s
  phase 1/1 progress: solver=AutoroutingPipelineSolver7_MultiGraph solver_phase=none steps=1479 progress=100% iterations_per_second=3000 elapsed=520.1s
  phase 1/1 done: routed_traces=289, jumpers=0, errors=0, elapsed=520.2s
Wrote debug artifact: evidence/rev-0.0.17-alpha.0/pipeline7-router/phase-0.output.traces.json
Could not save autorouting paths for subcircuit_source_group_1: PCB port selector is not unique: .Q_ILIM > port.pin2
Wrote debug artifact: evidence/rev-0.0.17-alpha.0/pipeline7-router/board.meta.json
Circuit JSON written to dist/index/circuit.json
The "J" prefix is being used with a <chip />, try using it with a <connector /> or <jumper />
The "Q" prefix is being used with a <chip />, try using it with a <transistor />
The "J" prefix is being used with a <chip />, try using it with a <connector /> or <jumper />
The "J" prefix is being used with a <chip />, try using it with a <connector /> or <jumper />
The "Q" prefix is being used with a <chip />, try using it with a <transistor />
All pins on Q_PD are underspecified (no pinAttributes set)
All pins on D_VBUS are underspecified (no pinAttributes set)
All pins on J_IO are underspecified (no pinAttributes set)
All pins on J_MOTOR are underspecified (no pinAttributes set)
All pins on D_CAN are underspecified (no pinAttributes set)
All pins on Q_ILIM are underspecified (no pinAttributes set)
U4 has no pin with requires_power=true
U2 has no pin with requires_power=true
J_USB has no pin with requires_power=true
Q_PD has no pin with requires_power=true
D_USB has no pin with requires_power=true
D_VBUS has no pin with requires_power=true
J_IO has no pin with requires_power=true
J_MOTOR has no pin with requires_power=true
U9 has no pin with requires_power=true
D_IO1 has no pin with requires_power=true
D_IO2 has no pin with requires_power=true
D_CAN has no pin with requires_power=true
U10 has no pin with requires_power=true
Q_ILIM has no pin with requires_power=true
J_USB has no pin with requires_ground=true
Q_PD has no pin with requires_ground=true
D_VBUS has no pin with requires_ground=true
J_IO has no pin with requires_ground=true
J_MOTOR has no pin with requires_ground=true
D_CAN has no pin with requires_ground=true
Q_ILIM has no pin with requires_ground=true
Q_PD is missing schematic reference designator text. For a custom symbol, add name="{REFDES}" inside the symbol.
D_USB is missing schematic reference designator text. For a custom symbol, add name="{REFDES}" inside the symbol.
D_VBUS is missing schematic reference designator text. For a custom symbol, add name="{REFDES}" inside the symbol.
D_CAN is missing schematic reference designator text. For a custom symbol, add name="{REFDES}" inside the symbol.
Q_ILIM is missing schematic reference designator text. For a custom symbol, add name="{REFDES}" inside the symbol.
Port [U3.CC2c] is not connected to net [PD_CC2_CONN] by a PCB trace.
Port [C30.pin2] is not connected to net [GND] by a PCB trace.
PCB trace .J_USB > .DP2 to .D_USB > .pin1 overlaps with .L1 > .pin1 to net.BUCK_SW (accidental contact)
PCB trace .J_USB > .DN1 to .D_USB > .pin2 overlaps with .L1 > .pin1 to net.BUCK_SW (accidental contact)
PCB trace .D_USB > .pin1 to .U1 > .PA12_PA10_ overlaps with .C3 > .pin1 to net.V3V3 (accidental contact)
PCB trace .D_USB > .pin1 to .U1 > .PA12_PA10_ overlaps with .U1 > .VDD to net.V3V3 (accidental contact)
PCB trace .D_USB > .pin1 to .U1 > .PA12_PA10_ overlaps with pcb_via "unnamed via" (accidental contact)
PCB trace .D_USB > .pin1 to .U1 > .PA12_PA10_ overlaps with pcb_via "unnamed via" (accidental contact)
PCB trace .D_USB > .pin1 to .U1 > .PA12_PA10_ overlaps with pcb_via "unnamed via" (accidental contact)
PCB trace .D_USB > .pin1 to .U1 > .PA12_PA10_ overlaps with pcb_via "unnamed via" (accidental contact)
PCB trace .D_USB > .pin2 to .U1 > .PA11_PA9_ overlaps with pcb_via "unnamed via" (accidental contact)
PCB trace .D_USB > .pin2 to .U1 > .PA11_PA9_ overlaps with pcb_via "unnamed via" (accidental contact)
PCB trace .D_USB > .pin2 to .U1 > .PA11_PA9_ is too close to .C3 > .pin1 to net.V3V3 (gap: 0.048mm)
PCB trace .D_USB > .pin2 to .U1 > .PA11_PA9_ is too close to .U1 > .VDD to net.V3V3 (gap: 0.048mm)
PCB trace .J_USB > .DP1 to .J_USB > .DP2 overlaps with .L1 > .pin1 to net.BUCK_SW (accidental contact)
PCB trace .J_USB > .DN2 to .J_USB > .DN1 is too close to .L1 > .pin1 to net.BUCK_SW (gap: 0.062mm)
PCB trace .R43 > .pin2 to net.EFUSE_RTN overlaps with pcb_via "unnamed via" (accidental contact)
PCB trace .U10 > .dVdT to net.EFUSE_DVDT overlaps with .C14 > .pin2 to net.VM (accidental contact)
PCB trace .Q_ILIM > .D to net.EFUSE_ILIM_SWITCH overlaps with .U10 > .ILIM to net.EFUSE_ILIM (accidental contact)
PCB trace .U10 > .ILIM to net.EFUSE_ILIM overlaps with pcb_via "unnamed via" (accidental contact)
PCB trace .U10 > .ILIM to net.EFUSE_ILIM overlaps with pcb_via "unnamed via" (accidental contact)
PCB trace .U10 > .ILIM to net.EFUSE_ILIM overlaps with .R42 > .pin2 to net.EFUSE_OVP (accidental contact)
PCB trace .R42 > .pin2 to net.EFUSE_OVP overlaps with .D_VBUS > .pin1 to net.VBUS_CONN (accidental contact)
PCB trace .U10 > .OVP to net.EFUSE_OVP is too close to .J_USB > .GND2 to net.GND (gap: 0.059mm)
PCB trace .U10 > .OVP to net.EFUSE_OVP overlaps with .R7 > .pin1 to net.V3V3 (accidental contact)
PCB trace .R41 > .pin2 to net.EFUSE_OVP_TOP_2 overlaps with .U1 > .PB9 to net.I2C_SDA (accidental contact)
PCB trace .R41 > .pin2 to net.EFUSE_OVP_TOP_2 overlaps with .C27 > .pin1 to net.VBUS_ADC (accidental contact)
PCB trace .U10 > .UVLO to net.EFUSE_EN overlaps with pcb_smtpad "U10.EP" (accidental contact)
PCB trace .U10 > .UVLO to net.EFUSE_EN overlaps with .U10 > .IN1 to net.VBUS_PROTECTED (accidental contact)
PCB trace .U1 > .PB14 to net.POWER_HIGH_CURRENT is too close to .U1 > .PB10 to net.LIMIT1 (gap: 0.085mm)
PCB trace .U1 > .PB14 to net.POWER_HIGH_CURRENT is too close to .U2 > .VS1 to net.VM (gap: 0.093mm)
PCB trace .U1 > .PB14 to net.POWER_HIGH_CURRENT is too close to .C14 > .pin2 to net.VM (gap: 0.085mm)
PCB trace .U1 > .PB14 to net.POWER_HIGH_CURRENT overlaps with pcb_via "unnamed via" (accidental contact)
PCB trace .U10 > .N_FLT to net.EFUSE_FLT_N is too close to .R16 > .pin2 to net.VBUS_DIV (gap: 0.095mm)
PCB trace .U10 > .N_FLT to net.EFUSE_FLT_N overlaps with pcb_smtpad "R18.pin1" (accidental contact)
PCB trace .U1 > .PB4 to net.EFUSE_FLT_N overlaps with .U1 > .PB9 to net.I2C_SDA (accidental contact)
PCB trace .U1 > .PB4 to net.EFUSE_FLT_N overlaps with .U1 > .PA5 to net.TMC_DIAG (accidental contact)
PCB trace .U1 > .PB3 to net.CAN_RS overlaps with pcb_via "unnamed via" (accidental contact)
PCB trace .U1 > .PC7 to net.LED_FAULT_DRIVE overlaps with .U1 > .PB8 to net.I2C_SCL (accidental contact)
PCB trace .U1 > .PC6 to net.LED_STATUS_DRIVE overlaps with .U1 > .PA13 to net.SWDIO (accidental contact)
PCB trace .R37 > .pin2 to net.LED_FAULT_A overlaps with pcb_via "unnamed via" (accidental contact)
PCB trace .R37 > .pin2 to net.LED_FAULT_A overlaps with pcb_via "unnamed via" (accidental contact)
PCB trace .R36 > .pin2 to net.LED_STATUS_A overlaps with .U1 > .PA7 to net.TMC_DIR (accidental contact)
PCB trace .R35 > .pin2 to net.LED_POWER_A overlaps with .U1 > .PA3 to net.TMC_UART_RX (accidental contact)
PCB trace .R27 > .pin2 to net.LIMIT2 overlaps with .U1 > .PB10 to net.LIMIT1 (accidental contact)
PCB trace .R27 > .pin2 to net.LIMIT2 overlaps with .D_IO1 > .D2_NEG to net.LIMIT1_CONN (accidental contact)
PCB trace .R27 > .pin2 to net.LIMIT2 overlaps with pcb_via "unnamed via" (accidental contact)
PCB trace .R27 > .pin2 to net.LIMIT2 overlaps with .J_IO > .pin6 to net.EXT_DIR_CONN (accidental contact)
PCB trace .R27 > .pin2 to net.LIMIT2 is too close to .D_IO1 > .D1_NEG to net.EXT_DIR_CONN (gap: 0.039mm)
PCB trace .R27 > .pin2 to net.LIMIT2 overlaps with .U1 > .PA6 to net.TMC_STEP (accidental contact)
PCB trace .R27 > .pin2 to net.LIMIT2 is too close to .U1 > .PA5 to net.TMC_DIAG (gap: 0.094mm)
PCB trace .U1 > .PB11 to net.LIMIT2 overlaps with .U1 > .PB5 to net.CAN_RX (accidental contact)
PCB trace .U1 > .PB10 to net.LIMIT1 is too close to .U1 > .PB2 to net.EXT_ENABLE_N (gap: 0.092mm)
PCB trace .U1 > .PB10 to net.LIMIT1 overlaps with pcb_via "unnamed via" (accidental contact)
PCB trace .U1 > .PB10 to net.LIMIT1 overlaps with pcb_via "unnamed via" (accidental contact)
PCB trace .U1 > .PB10 to net.LIMIT1 overlaps with pcb_via "unnamed via" (accidental contact)
PCB trace .U1 > .PB10 to net.LIMIT1 is too close to .U1 > .PA14_BOOT0 to net.SWCLK (gap: 0.071mm)
PCB trace .U1 > .PB10 to net.LIMIT1 is too close to .D_IO1 > .D2_NEG to net.LIMIT1_CONN (gap: 0.080mm)
PCB trace .U1 > .PB10 to net.LIMIT1 overlaps with pcb_smtpad "R25.pin1" (accidental contact)
PCB trace .U1 > .PB10 to net.LIMIT1 overlaps with pcb_via "unnamed via" (accidental contact)
PCB trace .U1 > .PB10 to net.LIMIT1 is too close to .U1 > .PB2 to net.EXT_ENABLE_N (gap: 0.090mm)
PCB trace .D_IO1 > .D2_NEG to net.LIMIT1_CONN overlaps with pcb_via "unnamed via" (accidental contact)
PCB trace .J_IO > .pin8 to net.LIMIT1_CONN is too close to .U1 > .PB1 to net.EXT_DIR (gap: 0.044mm)
PCB trace .J_IO > .pin8 to net.LIMIT1_CONN is too close to .U1 > .PB2 to net.EXT_ENABLE_N (gap: 0.093mm)
PCB trace .J_IO > .pin8 to net.LIMIT1_CONN overlaps with pcb_via "unnamed via" (accidental contact)
PCB trace .J_IO > .pin8 to net.LIMIT1_CONN overlaps with pcb_via "unnamed via" (accidental contact)
PCB trace .J_IO > .pin8 to net.LIMIT1_CONN overlaps with pcb_smtpad "R24.pin1" (accidental contact)
PCB trace .J_IO > .pin8 to net.LIMIT1_CONN is too close to .D_IO1 > .D1_NEG to net.EXT_DIR_CONN (gap: 0.019mm)
PCB trace .U1 > .PB2 to net.EXT_ENABLE_N overlaps with pcb_via "unnamed via" (accidental contact)
PCB trace .U1 > .PB2 to net.EXT_ENABLE_N overlaps with .D_IO1 > .D1_NEG to net.EXT_DIR_CONN (accidental contact)
PCB trace .U1 > .PB2 to net.EXT_ENABLE_N overlaps with pcb_via "unnamed via" (accidental contact)
PCB trace .U1 > .PB1 to net.EXT_DIR is too close to .U1 > .PB0 to net.EXT_STEP (gap: 0.054mm)
PCB trace .R23 > .pin2 to net.EXT_STEP overlaps with .C7 > .pin2 to net.GND (accidental contact)
PCB trace .U1 > .PB0 to net.EXT_STEP is too close to .U1 > .PB6 to net.CAN_TX (gap: 0.067mm)
PCB trace .D_IO1 > .D2_POS to net.EXT_ENABLE_N_CONN overlaps with .D_IO1 > .D1_NEG to net.EXT_DIR_CONN (accidental contact)
PCB trace .D_IO1 > .D2_POS to net.EXT_ENABLE_N_CONN overlaps with pcb_via "unnamed via" (accidental contact)
PCB trace .D_IO1 > .D1_NEG to net.EXT_DIR_CONN overlaps with pcb_via "unnamed via" (accidental contact)
PCB trace .D_IO1 > .D1_NEG to net.EXT_DIR_CONN overlaps with pcb_via "unnamed via" (accidental contact)
PCB trace .D_IO1 > .D1_NEG to net.EXT_DIR_CONN overlaps with pcb_via "unnamed via" (accidental contact)
PCB trace .D_IO1 > .D1_NEG to net.EXT_DIR_CONN overlaps with pcb_via "unnamed via" (accidental contact)
PCB trace .J_IO > .pin5 to net.EXT_STEP_CONN overlaps with pcb_via "unnamed via" (accidental contact)
PCB trace .U1 > .PA1 to net.TEMP_ALERT_N is too close to .U1 > .PA8 to net.PD_CC1_MCU (gap: 0.092mm)
PCB trace .U8 > .N_RESET to net.POWER_GOOD overlaps with .U1 > .PA0 to net.VBUS_ADC (accidental contact)
PCB trace .U8 > .N_RESET to net.POWER_GOOD overlaps with .U1 > .PA5 to net.TMC_DIAG (accidental contact)
PCB trace .U8 > .N_RESET to net.POWER_GOOD overlaps with pcb_via "unnamed via" (accidental contact)
PCB trace .J_SWD > .SWCLK to net.SWCLK_CONN overlaps with pcb_via "unnamed via" (accidental contact)
PCB trace .U1 > .PA14_BOOT0 to net.SWCLK is too close to .U1 > .PA13 to net.SWDIO (gap: 0.078mm)
PCB trace .U1 > .PA14_BOOT0 to net.SWCLK overlaps with pcb_via "unnamed via" (accidental contact)
PCB trace .U1 > .PA14_BOOT0 to net.SWCLK overlaps with pcb_via "unnamed via" (accidental contact)
PCB trace .U1 > .PA13 to net.SWDIO is too close to .U1 > .PA9 to net.GND (gap: 0.084mm)
PCB trace .U7 > .D3 to net.NRST_GUARDED overlaps with pcb_via "unnamed via" (accidental contact)
PCB trace .U3 > .FLT to net.PD_FLT is too close to .R7 > .pin1 to net.V3V3 (gap: 0.094mm)
PCB trace .U3 > .FLT to net.PD_FLT overlaps with pcb_smtpad "U3.DB" (accidental contact)
PCB trace .U1 > .PB13 to net.PD_FLT is too close to .U2 > .VS1 to net.VM (gap: 0.086mm)
PCB trace .U1 > .PB13 to net.PD_FLT is too close to .C14 > .pin2 to net.VM (gap: 0.083mm)
PCB trace .U1 > .PB13 to net.PD_FLT is too close to .R7 > .pin1 to net.V3V3 (gap: 0.091mm)
PCB trace .U1 > .PB13 to net.PD_FLT overlaps with pcb_smtpad "U3.DB" (accidental contact)
PCB trace .U3 > .CTRLVBUS to net.PD_OVP is too close to .U3 > .CC1c to net.PD_CC1_CONN (gap: 0.059mm)
PCB trace .U3 > .CTRLVBUS to net.PD_OVP is too close to .Q_PD > .S3 to net.VBUS_PROTECTED (gap: 0.090mm)
PCB trace .U3 > .CTRLVBUS to net.PD_OVP overlaps with .U1 > .PA2 to net.TMC_UART_TX (accidental contact)
PCB trace .U3 > .CTRLVBUS to net.PD_OVP overlaps with pcb_via "unnamed via" (accidental contact)
PCB trace .U3 > .CTRLVBUS to net.PD_OVP is too close to .U1 > .PA5 to net.TMC_DIAG (gap: 0.081mm)
PCB trace .U3 > .GATE to net.PD_GATE overlaps with pcb_smtpad "C10.pin1" (accidental contact)
PCB trace .U1 > .PB15 to net.PD_CC2_MCU overlaps with pcb_via "unnamed via" (accidental contact)
PCB trace .U1 > .PB15 to net.PD_CC2_MCU overlaps with .U3 > .VCC to net.V3V3 (accidental contact)
PCB trace .U1 > .PB15 to net.PD_CC2_MCU overlaps with pcb_via "unnamed via" (accidental contact)
PCB trace .U1 > .PA8 to net.PD_CC1_MCU overlaps with pcb_via "unnamed via" (accidental contact)
PCB trace .U1 > .PA8 to net.PD_CC1_MCU overlaps with .U5 > .BST to net.BUCK_BST (accidental contact)
PCB trace .L1 > .pin1 to net.BUCK_SW overlaps with pcb_smtpad "J_USB.SBU1" (accidental contact)
PCB trace .L1 > .pin1 to net.BUCK_SW overlaps with pcb_via "unnamed via" (accidental contact)
PCB trace .L1 > .pin1 to net.BUCK_SW overlaps with pcb_smtpad "J_USB.VBUS1" (accidental contact)
PCB trace .U3 > .CC1c to net.PD_CC1_CONN is too close to .U3 > .IN_GD to net.VBUS_CONN (gap: 0.086mm)
PCB trace .U3 > .CC1c to net.PD_CC1_CONN overlaps with pcb_via "unnamed via" (accidental contact)
PCB trace .U3 > .CC1c to net.PD_CC1_CONN overlaps with pcb_smtpad "U3.CTRLVBUS" (accidental contact)
PCB trace .U10 > .IN1 to net.VBUS_PROTECTED overlaps with .J_USB > .GND2 to net.GND (accidental contact)
PCB trace .U3 > .SOURCE to net.VBUS_PROTECTED is too close to .C22 > .pin1 to net.V3V3 (gap: 0.075mm)
PCB trace .Q_PD > .S3 to net.VBUS_PROTECTED overlaps with pcb_via "unnamed via" (accidental contact)
PCB trace .Q_PD > .S3 to net.VBUS_PROTECTED is too close to .C22 > .pin1 to net.V3V3 (gap: 0.087mm)
PCB trace .U2 > .OB2 to net.MOTOR_B2 is too close to .U2 > .BRB to net.TMC_SENSE_B (gap: 0.094mm)
PCB trace .U2 > .VREF to net.TMC_VREF is too close to .U2 > .VCC_IO to net.V3V3 (gap: 0.086mm)
PCB trace .R10 > .pin2 to net.TMC_VREF overlaps with .C16 > .pin2 to net.GND (accidental contact)
PCB trace .R10 > .pin2 to net.TMC_VREF overlaps with pcb_via "unnamed via" (accidental contact)
PCB trace .U2 > .VCP to net.TMC_VCP is too close to .U2 > .ENN to net.TMC_ENABLE_N (gap: 0.093mm)
PCB trace .U2 > .PDN_UART to net.TMC_UART_RX overlaps with pcb_via "unnamed via" (accidental contact)
PCB trace .U2 > .PDN_UART to net.TMC_UART_RX is too close to .U2 > .MS2_AD1 to net.GND (gap: 0.079mm)
PCB trace .U1 > .PA5 to net.TMC_DIAG is too close to .U1 > .PB5 to net.CAN_RX (gap: 0.081mm)
PCB trace .U1 > .PA5 to net.TMC_DIAG is too close to .U1 > .PA6 to net.TMC_STEP (gap: 0.081mm)
PCB trace .U1 > .PA5 to net.TMC_DIAG overlaps with .U1 > .PB9 to net.I2C_SDA (accidental contact)
PCB trace .U1 > .PA5 to net.TMC_DIAG overlaps with pcb_via "unnamed via" (accidental contact)
PCB trace .U2 > .DIR to net.TMC_DIR overlaps with .U2 > .GND1 to net.GND (accidental contact)
PCB trace .U2 > .STEP to net.TMC_STEP overlaps with pcb_via "unnamed via" (accidental contact)
PCB trace .U2 > .STEP to net.TMC_STEP overlaps with .U2 > .VCC_IO to net.V3V3 (accidental contact)
PCB trace .U1 > .PA6 to net.TMC_STEP is too close to .U1 > .PB9 to net.I2C_SDA (gap: 0.090mm)
PCB trace .C14 > .pin2 to net.VM overlaps with pcb_smtpad "U10.dVdT" (accidental contact)
PCB trace .C14 > .pin2 to net.VM overlaps with pcb_smtpad "U10.N_C1" (accidental contact)
PCB trace .U6 > .CANL to net.CAN_L overlaps with pcb_via "unnamed via" (accidental contact)
PCB trace .U1 > .PB5 to net.CAN_RX overlaps with pcb_via "unnamed via" (accidental contact)
PCB trace .U1 > .PB5 to net.CAN_RX overlaps with pcb_via "unnamed via" (accidental contact)
PCB trace .U1 > .PB6 to net.CAN_TX overlaps with pcb_via "unnamed via" (accidental contact)
PCB trace .U1 > .PB6 to net.CAN_TX overlaps with .C7 > .pin1 to net.V3V3 (accidental contact)
PCB trace .C2 > .pin1 to net.V3V3 overlaps with .C4 > .pin2 to net.GND (accidental contact)
PCB trace .C3 > .pin1 to net.V3V3 overlaps with pcb_via "unnamed via" (accidental contact)
PCB trace .U1 > .VDD to net.V3V3 overlaps with pcb_via "unnamed via" (accidental contact)
PCB trace .U1 > .VDD to net.V3V3 overlaps with pcb_via "unnamed via" (accidental contact)
PCB trace .U1 > .VDD to net.V3V3 overlaps with .C4 > .pin2 to net.GND (accidental contact)
PCB trace .U6 > .VCC to net.V3V3 overlaps with pcb_via "unnamed via" (accidental contact)
PCB trace .R2 > .pin1 to net.V3V3 overlaps with pcb_via "unnamed via" (accidental contact)
PCB trace .C7 > .pin1 to net.V3V3 overlaps with .C7 > .pin2 to net.GND (accidental contact)
PCB trace .C22 > .pin1 to net.V3V3 overlaps with pcb_smtpad "C22.pin2" (accidental contact)
PCB trace .R33 > .pin1 to net.V3V3 overlaps with pcb_via "unnamed via" (accidental contact)
PCB trace .R7 > .pin1 to net.V3V3 overlaps with pcb_via "unnamed via" (accidental contact)
PCB trace .U1 > .VSS to net.GND overlaps with pcb_via "unnamed via" (accidental contact)
PCB trace .U1 > .PA9 to net.GND overlaps with pcb_via "unnamed via" (accidental contact)
PCB trace .R8 > .pin2 to net.GND overlaps with pcb_via "unnamed via" (accidental contact)
PCB trace .C16 > .pin2 to net.GND overlaps with pcb_via "unnamed via" (accidental contact)
PCB trace .J_USB > .GND2 to net.GND overlaps with pcb_smtpad "R43.pin1" (accidental contact)
PCB trace .U5 > .GND to net.GND overlaps with pcb_via "unnamed via" (accidental contact)
PCB trace .R28 > .pin2 to net.GND overlaps with pcb_via "unnamed via" (accidental contact)
PCB trace .J_USB > .GND2 to net.GND overlaps with pcb_via "unnamed via" (accidental contact)
PCB trace .J_USB > .GND2 to net.GND overlaps with pcb_via "unnamed via" (accidental contact)
Pad LED_FAULT.cathode and trace .R37 > .pin2 to net.LED_FAULT_A are too close (clearance: 0.087mm, minimum: 0.1mm)
Pad U1.PB12 and trace .U1 > .PB10 to net.LIMIT1 are too close (clearance: 0.09mm, minimum: 0.1mm)
Pad R24.pin2 and trace .J_IO > .pin8 to net.LIMIT1_CONN are too close (clearance: 0.049mm, minimum: 0.1mm)
Pad U7.D1 and trace .U7 > .SEL1 to net.POWER_GOOD are too close (clearance: 0.086mm, minimum: 0.1mm)
Pad U7.N_C_2 and trace .U7 > .SEL3 to net.POWER_GOOD are too close (clearance: 0.036mm, minimum: 0.1mm)
Pad U7.S1 and trace .U7 > .D1 to net.SWDIO_GUARDED are too close (clearance: 0.09mm, minimum: 0.1mm)
Pad R12.pin1 and trace .U3 > .FLT to net.PD_FLT are too close (clearance: 0.077mm, minimum: 0.1mm)
Pad U3.GATE and trace .U3 > .CTRLVBUS to net.PD_OVP are too close (clearance: 0.075mm, minimum: 0.1mm)
Pad C20.pin2 and trace .U1 > .PB15 to net.PD_CC2_MCU are too close (clearance: 0.089mm, minimum: 0.1mm)
Pad R17.pin2 and trace .J_USB > .CC2 to net.PD_CC2_CONN are too close (clearance: 0.031mm, minimum: 0.1mm)
Pad J_USB.DP2 and trace .L1 > .pin1 to net.BUCK_SW are too close (clearance: 0.041mm, minimum: 0.1mm)
Pad J_USB.GND1 and trace .L1 > .pin1 to net.BUCK_SW are too close (clearance: 0.01mm, minimum: 0.1mm)
Pad J_USB.DP1 and trace .J_USB > .CC1 to net.PD_CC1_CONN are too close (clearance: 0.038mm, minimum: 0.1mm)
Pad C22.pin1 and trace .U3 > .SOURCE to net.VBUS_PROTECTED are too close (clearance: 0.079mm, minimum: 0.1mm)
Pad C22.pin1 and trace .Q_PD > .S3 to net.VBUS_PROTECTED are too close (clearance: 0.05mm, minimum: 0.1mm)
Pad Q_PD.pin1 and trace .Q_PD > .D5 to net.VBUS_CONN are too close (clearance: 0.084mm, minimum: 0.1mm)
Pad U2.EP and trace .U2 > .OB2 to net.MOTOR_B2 are too close (clearance: 0.046mm, minimum: 0.1mm)
Pad U2.VS1 and trace .U2 > .OB2 to net.MOTOR_B2 are too close (clearance: 0.02mm, minimum: 0.1mm)
Pad U2.BRB and trace .U2 > .OB2 to net.MOTOR_B2 are too close (clearance: 0.03mm, minimum: 0.1mm)
Pad U2.EP and trace .U2 > .VREF to net.TMC_VREF are too close (clearance: 0.055mm, minimum: 0.1mm)
Pad U2.STEP and trace .U2 > .VREF to net.TMC_VREF are too close (clearance: 0.028mm, minimum: 0.1mm)
Pad U2.VCC_IO and trace .U2 > .VREF to net.TMC_VREF are too close (clearance: 0.014mm, minimum: 0.1mm)
Pad U2.STEP and trace .U2 > .VREF to net.TMC_VREF are too close (clearance: 0.002mm, minimum: 0.1mm)
Pad U2.VCC_IO and trace .U2 > .VREF to net.TMC_VREF are too close (clearance: 0.015mm, minimum: 0.1mm)
Pad C13.pin2 and trace .U2 > .VCP to net.TMC_VCP are too close (clearance: 0.085mm, minimum: 0.1mm)
Pad R4.pin1 and trace .U1 > .PA6 to net.TMC_STEP are too close (clearance: 0.082mm, minimum: 0.1mm)
Pad U2.EP and trace .U2 > .ENN to net.TMC_ENABLE_N are too close (clearance: 0.04mm, minimum: 0.1mm)
Pad U2.GND2 and trace .U2 > .ENN to net.TMC_ENABLE_N are too close (clearance: 0.091mm, minimum: 0.1mm)
Pad U2.VCP and trace .U2 > .ENN to net.TMC_ENABLE_N are too close (clearance: 0.017mm, minimum: 0.1mm)
Pad U2.SPREAD and trace .U2 > .ENN to net.TMC_ENABLE_N are too close (clearance: 0.042mm, minimum: 0.1mm)
Pad U10.N_FLT and trace .C14 > .pin2 to net.VM are too close (clearance: 0.02mm, minimum: 0.1mm)
Pad U10.EP and trace .C14 > .pin2 to net.VM are too close (clearance: 0.016mm, minimum: 0.1mm)
Pad U1.PB9 and trace .U1 > .PB8 to net.I2C_SCL are too close (clearance: 0.052mm, minimum: 0.1mm)
Pad U6.R and trace .U6 > .VCC to net.V3V3 are too close (clearance: 0.092mm, minimum: 0.1mm)
Pad C7.pin2 and trace .C7 > .pin1 to net.V3V3 are too close (clearance: 0.015mm, minimum: 0.1mm)
Pad U4.SDA and trace .R33 > .pin1 to net.V3V3 are too close (clearance: 0.076mm, minimum: 0.1mm)
Pad C22.pin2 and trace .L1 > .pin2 to net.V3V3 are too close (clearance: 0.09mm, minimum: 0.1mm)
Pad U3.FLT and trace .R7 > .pin1 to net.V3V3 are too close (clearance: 0.06mm, minimum: 0.1mm)
Pad U2.INDEX and trace .U2 > .MS2_AD1 to net.GND are too close (clearance: 0.066mm, minimum: 0.1mm)
Pad U2.INDEX and trace .U2 > .MS2_AD1 to net.GND are too close (clearance: 0.069mm, minimum: 0.1mm)
Pad R36.pin2 and trace .C6 > .pin2 to net.GND are too close (clearance: 0.04mm, minimum: 0.1mm)
Pad R11.pin1 and trace .C16 > .pin2 to net.GND are too close (clearance: 0.079mm, minimum: 0.1mm)
Pad R28.pin1 and trace .R28 > .pin2 to net.GND are too close (clearance: 0.092mm, minimum: 0.1mm)
Trace .U10 > .EP to net.EFUSE_RTN is too close to non-plated hole unnamed hole (gap: 0.038316mm, required: 0.35mm)
Trace .U10 > .N_FLT to net.EFUSE_FLT_N is too close to non-plated hole unnamed hole (gap: 0.263196mm, required: 0.35mm)
Trace .J_USB > .CC2 to net.PD_CC2_CONN is too close to non-plated hole unnamed hole (gap: 0.342238mm, required: 0.35mm)
Trace .U3 > .CC1c to net.PD_CC1_CONN is too close to non-plated hole unnamed hole (gap: 0.234529mm, required: 0.35mm)
Trace .J_USB > .VBUS1 to net.VBUS_CONN is too close to non-plated hole unnamed hole (gap: 0.247440mm, required: 0.35mm)
Trace .J_USB > .VBUS2 to net.VBUS_CONN is too close to non-plated hole unnamed hole (gap: 0.298967mm, required: 0.35mm)
Trace .J_USB > .GND2 to net.GND is too close to non-plated hole unnamed hole (gap: 0.122062mm, required: 0.35mm)
Trace .J_USB > .GND1 to net.GND is too close to non-plated hole unnamed hole (gap: 0.131715mm, required: 0.35mm)
Via unnamed via and trace .U1 > .PA5 to net.TMC_DIAG are too close (clearance: 0.09mm, minimum: 0.1mm)
Via unnamed via and trace .U10 > .N_FLT to net.EFUSE_FLT_N are too close (clearance: 0.085mm, minimum: 0.1mm)
Via unnamed via and trace .L1 > .pin1 to net.BUCK_SW are too close (clearance: 0.084mm, minimum: 0.1mm)
Via unnamed via and trace .R13 > .pin2 to net.PD_OVP_SERIES are too close (clearance: 0.063mm, minimum: 0.1mm)
Via unnamed via and trace .C14 > .pin2 to net.VM are too close (clearance: 0.094mm, minimum: 0.1mm)
Via unnamed via and trace .U3 > .CTRLVBUS to net.PD_OVP are too close (clearance: 0.082mm, minimum: 0.1mm)
Via unnamed via and trace .J_USB > .VBUS2 to net.VBUS_CONN are too close (clearance: 0.017mm, minimum: 0.1mm)
Via unnamed via and trace .J_USB > .GND2 to net.GND are too close (clearance: 0.068mm, minimum: 0.1mm)
Via unnamed via and trace .U3 > .FLT to net.PD_FLT are too close (clearance: 0.024mm, minimum: 0.1mm)
Via unnamed via and trace .U1 > .PB13 to net.PD_FLT are too close (clearance: 0.017mm, minimum: 0.1mm)
Via unnamed via and trace .L1 > .pin1 to net.BUCK_SW are too close (clearance: 0.049mm, minimum: 0.1mm)
Via unnamed via and trace .R35 > .pin2 to net.LED_POWER_A are too close (clearance: 0.093mm, minimum: 0.1mm)
Via unnamed via and trace .U3 > .CTRLVBUS to net.PD_OVP are too close (clearance: 0.092mm, minimum: 0.1mm)
Via unnamed via and trace .U1 > .PB14 to net.POWER_HIGH_CURRENT are too close (clearance: 0.056mm, minimum: 0.1mm)
Via unnamed via and trace .U1 > .PB8 to net.I2C_SCL are too close (clearance: 0.043mm, minimum: 0.1mm)
Via unnamed via and trace .U3 > .CC1c to net.PD_CC1_CONN are too close (clearance: 0.021mm, minimum: 0.1mm)
Via unnamed via and trace .U10 > .EP to net.EFUSE_RTN are too close (clearance: 0.085mm, minimum: 0.1mm)
Via unnamed via and trace .U1 > .PB5 to net.CAN_RX are too close (clearance: 0.075mm, minimum: 0.1mm)
Via unnamed via and trace .J_IO > .pin2 to net.CAN_H are too close (clearance: 0.067mm, minimum: 0.1mm)
Via unnamed via and trace .U1 > .PA9 to net.GND are too close (clearance: 0.081mm, minimum: 0.1mm)
Via unnamed via and trace .R28 > .pin2 to net.GND are too close (clearance: 0.084mm, minimum: 0.1mm)
Via unnamed via and trace .U6 > .CANL to net.CAN_L are too close (clearance: 0.086mm, minimum: 0.1mm)
Via unnamed via and trace .U2 > .VS1 to net.VM are too close (clearance: 0.078mm, minimum: 0.1mm)
Via unnamed via and trace .C14 > .pin2 to net.VM are too close (clearance: 0.09mm, minimum: 0.1mm)
Via unnamed via and trace .U1 > .PB13 to net.PD_FLT are too close (clearance: 0.069mm, minimum: 0.1mm)
Via unnamed via and trace .U1 > .PA6 to net.TMC_STEP are too close (clearance: 0.086mm, minimum: 0.1mm)
Via unnamed via and trace .R41 > .pin2 to net.EFUSE_OVP_TOP_2 are too close (clearance: 0.077mm, minimum: 0.1mm)
Via unnamed via and trace .U1 > .PB13 to net.PD_FLT are too close (clearance: 0.012mm, minimum: 0.1mm)
Via unnamed via and trace .R33 > .pin1 to net.V3V3 are too close (clearance: 0.084mm, minimum: 0.1mm)
Via unnamed via and trace .U2 > .STEP to net.TMC_STEP are too close (clearance: 0.06mm, minimum: 0.1mm)
Via unnamed via and trace .U1 > .PA6 to net.TMC_STEP are too close (clearance: 0.06mm, minimum: 0.1mm)
Via unnamed via and trace .U4 > .SDA to net.I2C_SDA are too close (clearance: 0.091mm, minimum: 0.1mm)
Via unnamed via and trace .D_IO1 > .D2_NEG to net.LIMIT1_CONN are too close (clearance: 0.009mm, minimum: 0.1mm)
Via unnamed via and trace .U1 > .PB0 to net.EXT_STEP are too close (clearance: 0.069mm, minimum: 0.1mm)
Via unnamed via and trace .U1 > .PA7 to net.TMC_DIR are too close (clearance: 0.093mm, minimum: 0.1mm)
Via unnamed via and trace .U1 > .PA5 to net.TMC_DIAG are too close (clearance: 0.086mm, minimum: 0.1mm)
Via unnamed via and trace .R27 > .pin2 to net.LIMIT2 are too close (clearance: 0.048mm, minimum: 0.1mm)
Via unnamed via and trace .U1 > .VSS to net.GND are too close (clearance: 0.095mm, minimum: 0.1mm)
Via unnamed via and trace .U1 > .PB10 to net.LIMIT1 are too close (clearance: 0.078mm, minimum: 0.1mm)
Via unnamed via and trace .R24 > .pin2 to net.EXT_DIR are too close (clearance: 0.072mm, minimum: 0.1mm)
Via unnamed via and trace .U1 > .PB1 to net.EXT_DIR are too close (clearance: 0.072mm, minimum: 0.1mm)
Via unnamed via and trace .U1 > .PB3 to net.CAN_RS are too close (clearance: 0.011mm, minimum: 0.1mm)
Via unnamed via and trace .U1 > .PB10 to net.LIMIT1 are too close (clearance: 0.072mm, minimum: 0.1mm)
Via unnamed via and trace .D_IO1 > .D2_NEG to net.LIMIT1_CONN are too close (clearance: 0.094mm, minimum: 0.1mm)
Via unnamed via and trace .J_IO > .pin6 to net.EXT_DIR_CONN are too close (clearance: 0.094mm, minimum: 0.1mm)
Via unnamed via and trace .D_IO1 > .D1_NEG to net.EXT_DIR_CONN are too close (clearance: 0.072mm, minimum: 0.1mm)
Via unnamed via and trace .J_IO > .pin6 to net.EXT_DIR_CONN are too close (clearance: 0.092mm, minimum: 0.1mm)
Via unnamed via and trace .U1 > .PB5 to net.CAN_RX are too close (clearance: 0.094mm, minimum: 0.1mm)
Via unnamed via and trace .J_IO > .pin8 to net.LIMIT1_CONN are too close (clearance: 0.081mm, minimum: 0.1mm)
Via unnamed via and trace .U1 > .PB2 to net.EXT_ENABLE_N are too close (clearance: 0.048mm, minimum: 0.1mm)
Via unnamed via and trace .U1 > .PA14_BOOT0 to net.SWCLK are too close (clearance: 0.066mm, minimum: 0.1mm)
Via unnamed via and trace .U1 > .PC7 to net.LED_FAULT_DRIVE are too close (clearance: 0.068mm, minimum: 0.1mm)
Via unnamed via and trace .U1 > .PC6 to net.LED_STATUS_DRIVE are too close (clearance: 0.08mm, minimum: 0.1mm)
Via unnamed via and trace .U1 > .PA14_BOOT0 to net.SWCLK are too close (clearance: 0.082mm, minimum: 0.1mm)
Via unnamed via and trace .J_IO > .pin2 to net.CAN_H are too close (clearance: 0.093mm, minimum: 0.1mm)
Via unnamed via and trace .U2 > .OA2 to net.MOTOR_A2 are too close (clearance: 0.092mm, minimum: 0.1mm)
Via unnamed via and trace .U1 > .PA2 to net.TMC_UART_TX are too close (clearance: 0.057mm, minimum: 0.1mm)
Via unnamed via and trace .U2 > .STEP to net.TMC_STEP are too close (clearance: 0.094mm, minimum: 0.1mm)
Via unnamed via and trace .U9 > .V_POS to net.V3V3 are too close (clearance: 0.061mm, minimum: 0.1mm)
Via unnamed via and trace .J_USB > .CC2 to net.PD_CC2_CONN are too close (clearance: 0.093mm, minimum: 0.1mm)
Via unnamed via and trace .U1 > .PC7 to net.LED_FAULT_DRIVE are too close (clearance: 0.064mm, minimum: 0.1mm)
Via unnamed via and trace .U1 > .PA13 to net.SWDIO are too close (clearance: 0.074mm, minimum: 0.1mm)
Via unnamed via and trace .U1 > .PC7 to net.LED_FAULT_DRIVE are too close (clearance: 0.088mm, minimum: 0.1mm)
Via unnamed via and trace .U1 > .PB2 to net.EXT_ENABLE_N are too close (clearance: 0.075mm, minimum: 0.1mm)
Via unnamed via and trace .U1 > .PA8 to net.PD_CC1_MCU are too close (clearance: 0.064mm, minimum: 0.1mm)
Via unnamed via and trace .U6 > .CANL to net.CAN_L are too close (clearance: 0.058mm, minimum: 0.1mm)
Via unnamed via and trace .C2 > .pin1 to net.V3V3 are too close (clearance: 0.023mm, minimum: 0.1mm)
Via unnamed via and trace .U1 > .VDD to net.V3V3 are too close (clearance: 0.028mm, minimum: 0.1mm)
Via unnamed via and trace .C2 > .pin1 to net.V3V3 are too close (clearance: 0.041mm, minimum: 0.1mm)
Via unnamed via and trace .C4 > .pin2 to net.GND are too close (clearance: 0.069mm, minimum: 0.1mm)
Via unnamed via and trace .C2 > .pin1 to net.V3V3 are too close (clearance: 0.09mm, minimum: 0.1mm)
Via unnamed via and trace .U1 > .VDD to net.V3V3 are too close (clearance: 0.086mm, minimum: 0.1mm)
Via unnamed via and trace .J_SWD > .SWDIO to net.SWDIO_CONN are too close (clearance: 0.086mm, minimum: 0.1mm)
Via unnamed via and trace .U1 > .VDD to net.V3V3 are too close (clearance: 0.092mm, minimum: 0.1mm)
Via unnamed via and trace .U7 > .SEL3 to net.POWER_GOOD are too close (clearance: 0.056mm, minimum: 0.1mm)
Via unnamed via and trace .J_SWD > .NRST to net.NRST_CONN are too close (clearance: 0.03mm, minimum: 0.1mm)
Via unnamed via and trace .U1 > .VDD to net.V3V3 are too close (clearance: 0.078mm, minimum: 0.1mm)
Via unnamed via and trace .C2 > .pin1 to net.V3V3 are too close (clearance: 0.033mm, minimum: 0.1mm)
Via unnamed via and trace .U10 > .N_FLT to net.EFUSE_FLT_N are too close (clearance: 0.092mm, minimum: 0.1mm)
Via unnamed via and trace .U1 > .PA8 to net.PD_CC1_MCU are too close (clearance: 0.087mm, minimum: 0.1mm)
Via unnamed via and trace .U5 > .BST to net.BUCK_BST are too close (clearance: 0.058mm, minimum: 0.1mm)
Via unnamed via and trace .U1 > .PB10 to net.LIMIT1 are too close (clearance: 0.091mm, minimum: 0.1mm)
Via unnamed via and trace .U1 > .PB2 to net.EXT_ENABLE_N are too close (clearance: 0.088mm, minimum: 0.1mm)
Via unnamed via and trace .R35 > .pin2 to net.LED_POWER_A are too close (clearance: 0.034mm, minimum: 0.1mm)
Via unnamed via and trace .C14 > .pin2 to net.VM are too close (clearance: 0.026mm, minimum: 0.1mm)
Via unnamed via and trace .U1 > .PB10 to net.LIMIT1 are too close (clearance: 0.077mm, minimum: 0.1mm)
Via unnamed via and trace .U1 > .PB10 to net.LIMIT1 are too close (clearance: 0.08mm, minimum: 0.1mm)
Via unnamed via and trace .J_USB > .CC2 to net.PD_CC2_CONN are too close (clearance: 0.082mm, minimum: 0.1mm)
Via unnamed via and trace .U3 > .GATE to net.PD_GATE are too close (clearance: 0.064mm, minimum: 0.1mm)
Via unnamed via and trace .U3 > .IN_GD to net.VBUS_CONN are too close (clearance: 0.08mm, minimum: 0.1mm)
Via unnamed via and trace .C8 > .pin1 to net.VM are too close (clearance: 0.091mm, minimum: 0.1mm)
Via unnamed via and trace .L1 > .pin2 to net.V3V3 are too close (clearance: 0.081mm, minimum: 0.1mm)
Via unnamed via and trace .U3 > .VCC to net.V3V3 are too close (clearance: 0.091mm, minimum: 0.1mm)
Via unnamed via and trace .U1 > .PA13 to net.SWDIO are too close (clearance: 0.079mm, minimum: 0.1mm)
Via unnamed via and trace .J_IO > .pin3 to net.CAN_L are too close (clearance: 0.08mm, minimum: 0.1mm)
Via unnamed via and trace .J_SWD > .SWCLK to net.SWCLK_CONN are too close (clearance: 0.09mm, minimum: 0.1mm)
Via unnamed via and trace .J_USB > .VBUS2 to net.VBUS_CONN are too close (clearance: 0.095mm, minimum: 0.1mm)
Via unnamed via and trace .U10 > .ILIM to net.EFUSE_ILIM are too close (clearance: 0.06mm, minimum: 0.1mm)
Via unnamed via and trace .U3 > .IN_GD to net.VBUS_CONN are too close (clearance: 0.041mm, minimum: 0.1mm)
Via unnamed via and trace .U3 > .GATE to net.PD_GATE are too close (clearance: 0.023mm, minimum: 0.1mm)
Via unnamed via and trace .U1 > .PA8 to net.PD_CC1_MCU are too close (clearance: 0.035mm, minimum: 0.1mm)
Via unnamed via and trace .U5 > .FB to net.V3V3 are too close (clearance: 0.036mm, minimum: 0.1mm)
Via unnamed via and trace .L1 > .pin1 to net.BUCK_SW are too close (clearance: 0.088mm, minimum: 0.1mm)
Via unnamed via and trace .U10 > .ILIM to net.EFUSE_ILIM are too close (clearance: 0.088mm, minimum: 0.1mm)
Via unnamed via and trace .U3 > .CTRLVBUS to net.PD_OVP are too close (clearance: 0.094mm, minimum: 0.1mm)
Via unnamed via and trace .U3 > .SOURCE to net.VBUS_PROTECTED are too close (clearance: 0.091mm, minimum: 0.1mm)
Via unnamed via and trace .U2 > .BRB to net.TMC_SENSE_B are too close (clearance: 0.092mm, minimum: 0.1mm)
Via unnamed via and trace .U2 > .STEP to net.TMC_STEP are too close (clearance: 0.09mm, minimum: 0.1mm)
Via unnamed via and trace .U2 > .STEP to net.TMC_STEP are too close (clearance: 0.09mm, minimum: 0.1mm)
Via unnamed via and trace .U2 > .STEP to net.TMC_STEP are too close (clearance: 0.057mm, minimum: 0.1mm)
Via unnamed via and trace .C16 > .pin1 to net.V3V3 are too close (clearance: 0.092mm, minimum: 0.1mm)
Via unnamed via and trace .C16 > .pin1 to net.V3V3 are too close (clearance: 0.092mm, minimum: 0.1mm)
Via unnamed via and trace .U2 > .VCC_IO to net.V3V3 are too close (clearance: 0.085mm, minimum: 0.1mm)
Via unnamed via and trace .R33 > .pin1 to net.V3V3 are too close (clearance: 0.089mm, minimum: 0.1mm)
Via unnamed via and trace .C6 > .pin2 to net.GND are too close (clearance: 0.058mm, minimum: 0.1mm)
Via unnamed via and trace .C16 > .pin2 to net.GND are too close (clearance: 0.09mm, minimum: 0.1mm)
Via unnamed via and trace .U1 > .PA1 to net.TEMP_ALERT_N are too close (clearance: 0.074mm, minimum: 0.1mm)
Via unnamed via and trace .U3 > .CTRLVBUS to net.PD_OVP are too close (clearance: 0.091mm, minimum: 0.1mm)
Via unnamed via and trace .U2 > .5VOUT to net.TMC_5VOUT are too close (clearance: 0.089mm, minimum: 0.1mm)
Via unnamed via and trace .U1 > .PB5 to net.CAN_RX are too close (clearance: 0.008mm, minimum: 0.1mm)
Via unnamed via and trace .U1 > .PB14 to net.POWER_HIGH_CURRENT are too close (clearance: 0.085mm, minimum: 0.1mm)
Via unnamed via and trace .U1 > .PB14 to net.POWER_HIGH_CURRENT are too close (clearance: 0.031mm, minimum: 0.1mm)
Via unnamed via and trace .U2 > .5VOUT to net.TMC_5VOUT are too close (clearance: 0.087mm, minimum: 0.1mm)
Via unnamed via and trace .U2 > .VCP to net.TMC_VCP are too close (clearance: 0.046mm, minimum: 0.1mm)
Via unnamed via and trace .U3 > .FLT to net.PD_FLT are too close (clearance: 0.076mm, minimum: 0.1mm)
Via unnamed via and trace .U1 > .PB13 to net.PD_FLT are too close (clearance: 0.088mm, minimum: 0.1mm)
Via unnamed via and trace .Q_PD > .D5 to net.VBUS_CONN are too close (clearance: 0.06mm, minimum: 0.1mm)
Via unnamed via and trace .U10 > .ILIM to net.EFUSE_ILIM are too close (clearance: 0.086mm, minimum: 0.1mm)
Via unnamed via and trace .R37 > .pin2 to net.LED_FAULT_A are too close (clearance: 0.094mm, minimum: 0.1mm)
Via unnamed via and trace .U3 > .FLT to net.PD_FLT are too close (clearance: 0.025mm, minimum: 0.1mm)
Via unnamed via and trace .U1 > .PB15 to net.PD_CC2_MCU are too close (clearance: 0.066mm, minimum: 0.1mm)
Via unnamed via and trace .U1 > .PA8 to net.PD_CC1_MCU are too close (clearance: 0.091mm, minimum: 0.1mm)
Via unnamed via and trace .J_IO > .pin2 to net.CAN_H are too close (clearance: 0.056mm, minimum: 0.1mm)
Via unnamed via and trace .R49 > .pin1 to net.CAN_H are too close (clearance: 0.077mm, minimum: 0.1mm)
Via unnamed via and trace .U1 > .PB15 to net.PD_CC2_MCU are too close (clearance: 0.05mm, minimum: 0.1mm)
Via unnamed via and trace .U1 > .PC6 to net.LED_STATUS_DRIVE are too close (clearance: 0.055mm, minimum: 0.1mm)
Via unnamed via and trace .U1 > .PA14_BOOT0 to net.SWCLK are too close (clearance: 0.055mm, minimum: 0.1mm)
Via unnamed via and trace .U1 > .PA8 to net.PD_CC1_MCU are too close (clearance: 0.092mm, minimum: 0.1mm)
Via unnamed via and trace .U6 > .CANL to net.CAN_L are too close (clearance: 0.026mm, minimum: 0.1mm)
Via unnamed via and trace .U1 > .PC6 to net.LED_STATUS_DRIVE are too close (clearance: 0.05mm, minimum: 0.1mm)
Via unnamed via and trace .U1 > .PA14_BOOT0 to net.SWCLK are too close (clearance: 0.031mm, minimum: 0.1mm)
Via unnamed via and trace .U1 > .PA8 to net.PD_CC1_MCU are too close (clearance: 0.088mm, minimum: 0.1mm)
Via unnamed via and trace .J_IO > .pin3 to net.CAN_L are too close (clearance: 0.073mm, minimum: 0.1mm)
Via unnamed via and trace .U6 > .CANL to net.CAN_L are too close (clearance: 0.069mm, minimum: 0.1mm)
Via unnamed via and trace .U1 > .PC7 to net.LED_FAULT_DRIVE are too close (clearance: 0.076mm, minimum: 0.1mm)
Via unnamed via and trace .U1 > .PA9 to net.GND are too close (clearance: 0.091mm, minimum: 0.1mm)
Via unnamed via and trace .U1 > .PB15 to net.PD_CC2_MCU are too close (clearance: 0.05mm, minimum: 0.1mm)
Via unnamed via and trace .U1 > .PB4 to net.EFUSE_FLT_N are too close (clearance: 0.062mm, minimum: 0.1mm)
Via unnamed via and trace .U1 > .PA5 to net.TMC_DIAG are too close (clearance: 0.064mm, minimum: 0.1mm)
Via unnamed via and trace .R26 > .pin2 to net.LIMIT1 are too close (clearance: 0.081mm, minimum: 0.1mm)
Via unnamed via and trace .U1 > .PA5 to net.TMC_DIAG are too close (clearance: 0.08mm, minimum: 0.1mm)
Via unnamed via and trace .U1 > .PA6 to net.TMC_STEP are too close (clearance: 0.095mm, minimum: 0.1mm)
Via unnamed via and trace .U1 > .PB4 to net.EFUSE_FLT_N are too close (clearance: 0.094mm, minimum: 0.1mm)
Via unnamed via and trace .C7 > .pin1 to net.V3V3 are too close (clearance: 0.08mm, minimum: 0.1mm)
Via unnamed via and trace .U6 > .CANL to net.CAN_L are too close (clearance: 0.07mm, minimum: 0.1mm)
Via unnamed via and trace .R13 > .pin2 to net.PD_OVP_SERIES are too close (clearance: 0.074mm, minimum: 0.1mm)
Via unnamed via and trace .U2 > .VREF to net.TMC_VREF are too close (clearance: 0.084mm, minimum: 0.1mm)
Via unnamed via and trace .U4 > .SCL to net.I2C_SCL are too close (clearance: 0.09mm, minimum: 0.1mm)
Via unnamed via and trace .U1 > .PB9 to net.I2C_SDA are too close (clearance: 0.086mm, minimum: 0.1mm)
Via unnamed via and trace .C6 > .pin1 to net.V3V3 are too close (clearance: 0.094mm, minimum: 0.1mm)
Via unnamed via and trace .C6 > .pin1 to net.V3V3 are too close (clearance: 0.072mm, minimum: 0.1mm)
Via unnamed via and trace .C6 > .pin1 to net.V3V3 are too close (clearance: 0.072mm, minimum: 0.1mm)
Via unnamed via and trace .C6 > .pin1 to net.V3V3 are too close (clearance: 0.072mm, minimum: 0.1mm)
Via unnamed via and trace .D_USB > .pin3 to .C27 > .pin2 are too close (clearance: 0.025mm, minimum: 0.1mm)
Via unnamed via and trace .U2 > .VREF to net.TMC_VREF are too close (clearance: 0.086mm, minimum: 0.1mm)
Via unnamed via and trace .U1 > .PA8 to net.PD_CC1_MCU are too close (clearance: 0.094mm, minimum: 0.1mm)
Via unnamed via and trace .U3 > .CC1c to net.PD_CC1_CONN are too close (clearance: 0.039mm, minimum: 0.1mm)
Via unnamed via and trace .U1 > .PC7 to net.LED_FAULT_DRIVE are too close (clearance: 0.088mm, minimum: 0.1mm)
Via unnamed via and trace .U1 > .PA14_BOOT0 to net.SWCLK are too close (clearance: 0.071mm, minimum: 0.1mm)
Via unnamed via and trace .R16 > .pin1 to net.VBUS_PROTECTED are too close (clearance: 0.093mm, minimum: 0.1mm)
Via unnamed via and trace .U1 > .PC7 to net.LED_FAULT_DRIVE are too close (clearance: 0.081mm, minimum: 0.1mm)
Via unnamed via and trace .U1 > .PA13 to net.SWDIO are too close (clearance: 0.081mm, minimum: 0.1mm)
Via unnamed via and trace .U1 > .PB15 to net.PD_CC2_MCU are too close (clearance: 0.074mm, minimum: 0.1mm)
Via unnamed via and trace .J_IO > .pin2 to net.CAN_H are too close (clearance: 0.065mm, minimum: 0.1mm)
Via unnamed via and trace .R49 > .pin1 to net.CAN_H are too close (clearance: 0.093mm, minimum: 0.1mm)
Via unnamed via and trace .U10 > .UVLO to net.EFUSE_EN are too close (clearance: 0.057mm, minimum: 0.1mm)
Via unnamed via and pad J_USB.GND1 are too close (clearance: 0.061mm, minimum: 0.15mm)
Via unnamed via and pad U10.IMON are too close (clearance: 0mm, minimum: 0.15mm)
Via unnamed via and pad C23.pin1 are too close (clearance: 0.135mm, minimum: 0.15mm)
Via unnamed via and pad C23.pin2 are too close (clearance: 0.057mm, minimum: 0.15mm)
Via unnamed via and pad L1.pin2 are too close (clearance: 0.028mm, minimum: 0.15mm)
Via unnamed via and pad U3.DB are too close (clearance: 0.025mm, minimum: 0.15mm)
Via unnamed via and pad L1.pin1 are too close (clearance: 0.128mm, minimum: 0.15mm)
Via unnamed via and pad C15.pin2 are too close (clearance: 0.038mm, minimum: 0.15mm)
Via unnamed via and pad J_USB.SBU1 are too close (clearance: 0mm, minimum: 0.15mm)
Via unnamed via and pad J_USB.CC2 are too close (clearance: 0mm, minimum: 0.15mm)
Via unnamed via and pad R40.pin1 are too close (clearance: 0mm, minimum: 0.15mm)
Via unnamed via and pad L1.pin1 are too close (clearance: 0mm, minimum: 0.15mm)
Via unnamed via and pad U2.5VOUT are too close (clearance: 0.043mm, minimum: 0.15mm)
Via unnamed via and pad R41.pin2 are too close (clearance: 0mm, minimum: 0.15mm)
Via unnamed via and pad L1.pin2 are too close (clearance: 0mm, minimum: 0.15mm)
Via unnamed via and pad L1.pin2 are too close (clearance: 0.077mm, minimum: 0.15mm)
Via unnamed via and pad C14.pin2 are too close (clearance: 0mm, minimum: 0.15mm)
Via unnamed via and pad U4.GND are too close (clearance: 0.132mm, minimum: 0.15mm)
Via unnamed via and pad U10.N_C1 are too close (clearance: 0mm, minimum: 0.15mm)
Via unnamed via and pad U10.dVdT are too close (clearance: 0.119mm, minimum: 0.15mm)
Via unnamed via and pad C33.pin1 are too close (clearance: 0mm, minimum: 0.15mm)
Via unnamed via and pad U1.PB5 are too close (clearance: 0.041mm, minimum: 0.15mm)
Via unnamed via and pad U1.PB3 are too close (clearance: 0.114mm, minimum: 0.15mm)
Via unnamed via and pad R30.pin2 are too close (clearance: 0.113mm, minimum: 0.15mm)
Via unnamed via and pad U1.PD2 are too close (clearance: 0.088mm, minimum: 0.15mm)
Via unnamed via and pad R25.pin2 are too close (clearance: 0.082mm, minimum: 0.15mm)
Via unnamed via and pad D_CAN.pin1 are too close (clearance: 0.123mm, minimum: 0.15mm)
Via unnamed via and pad U6.D are too close (clearance: 0.132mm, minimum: 0.15mm)
Via unnamed via and pad R35.pin1 are too close (clearance: 0mm, minimum: 0.15mm)
Via unnamed via and pad U4.PGO are too close (clearance: 0.121mm, minimum: 0.15mm)
Via unnamed via and pad LED_POWER.cathode are too close (clearance: 0.116mm, minimum: 0.15mm)
Via unnamed via and pad C15.pin2 are too close (clearance: 0mm, minimum: 0.15mm)
Via unnamed via and pad R8.pin2 are too close (clearance: 0.14mm, minimum: 0.15mm)
Via unnamed via and pad R8.pin1 are too close (clearance: 0mm, minimum: 0.15mm)
Via unnamed via and pad R33.pin1 are too close (clearance: 0.139mm, minimum: 0.15mm)
Via unnamed via and pad R13.pin2 are too close (clearance: 0.137mm, minimum: 0.15mm)
Via unnamed via and pad U4.SDA are too close (clearance: 0.045mm, minimum: 0.15mm)
Via unnamed via and pad J_IO.pin8 are too close (clearance: 0mm, minimum: 0.15mm)
Via unnamed via and pad D_IO2.NC4 are too close (clearance: 0.012mm, minimum: 0.15mm)
Via unnamed via and pad R24.pin2 are too close (clearance: 0mm, minimum: 0.15mm)
Via unnamed via and pad R24.pin1 are too close (clearance: 0mm, minimum: 0.15mm)
Via unnamed via and pad R24.pin2 are too close (clearance: 0.027mm, minimum: 0.15mm)
Via unnamed via and pad R24.pin1 are too close (clearance: 0mm, minimum: 0.15mm)
Via unnamed via and pad U1.PD0 are too close (clearance: -0.038mm, minimum: 0.15mm)
Via unnamed via and pad D_IO2.NC1 are too close (clearance: 0.006mm, minimum: 0.15mm)
Via unnamed via and pad J_IO.pin5 are too close (clearance: 0.074mm, minimum: 0.15mm)
Via unnamed via and pad R26.pin1 are too close (clearance: 0mm, minimum: 0.15mm)
Via unnamed via and pad D_IO1.D1_POS are too close (clearance: 0.014mm, minimum: 0.15mm)
Via unnamed via and pad R25.pin1 are too close (clearance: 0.142mm, minimum: 0.15mm)
Via unnamed via and pad D_CAN.pin1 are too close (clearance: 0.043mm, minimum: 0.15mm)
Via unnamed via and pad J_IO.pin4 are too close (clearance: 0mm, minimum: 0.15mm)
Via unnamed via and pad U1.PC7 are too close (clearance: -0.135mm, minimum: 0.15mm)
Via unnamed via and pad D_CAN.pin1 are too close (clearance: 0.129mm, minimum: 0.15mm)
Via unnamed via and pad U1.PC6 are too close (clearance: -0.135mm, minimum: 0.15mm)
Via unnamed via and pad U1.PA14_BOOT0 are too close (clearance: -0.081mm, minimum: 0.15mm)
Via unnamed via and pad J_USB.SHELL1 are too close (clearance: 0.016mm, minimum: 0.15mm)
Via unnamed via and pad U1.VDD are too close (clearance: 0.135mm, minimum: 0.15mm)
Via unnamed via and pad C31.pin2 are too close (clearance: 0.042mm, minimum: 0.15mm)
Via unnamed via and pad U7.D3 are too close (clearance: 0mm, minimum: 0.15mm)
Via unnamed via and pad J_USB.SHELL3 are too close (clearance: 0mm, minimum: 0.15mm)
Via unnamed via and pad C28.pin2 are too close (clearance: 0.08mm, minimum: 0.15mm)
Via unnamed via and pad R1.pin1 are too close (clearance: 0.017mm, minimum: 0.15mm)
Via unnamed via and pad D_IO1.NC1 are too close (clearance: 0mm, minimum: 0.15mm)
Via unnamed via and pad U1.PA9 are too close (clearance: -0.002mm, minimum: 0.15mm)
Via unnamed via and pad U7.S3 are too close (clearance: 0.018mm, minimum: 0.15mm)
Via unnamed via and pad U8.GND are too close (clearance: 0mm, minimum: 0.15mm)
Via unnamed via and pad R22.pin2 are too close (clearance: 0.139mm, minimum: 0.15mm)
Via unnamed via and pad C13.pin2 are too close (clearance: 0.07mm, minimum: 0.15mm)
Via unnamed via and pad U5.SW are too close (clearance: 0mm, minimum: 0.15mm)
Via unnamed via and pad R12.pin1 are too close (clearance: 0mm, minimum: 0.15mm)
Via unnamed via and pad J_IO.pin4 are too close (clearance: 0.056mm, minimum: 0.15mm)
Via unnamed via and pad U6.D are too close (clearance: 0.096mm, minimum: 0.15mm)
Via unnamed via and pad LED_POWER.cathode are too close (clearance: 0.003mm, minimum: 0.15mm)
Via unnamed via and pad U4.PGO are too close (clearance: 0.017mm, minimum: 0.15mm)
Via unnamed via and pad U1.PB11 are too close (clearance: -0.095mm, minimum: 0.15mm)
Via unnamed via and pad U3.EP are too close (clearance: 0.023mm, minimum: 0.15mm)
Via unnamed via and pad L1.pin1 are too close (clearance: 0.1mm, minimum: 0.15mm)
Via unnamed via and pad U3.GATE are too close (clearance: 0mm, minimum: 0.15mm)
Via unnamed via and pad C15.pin1 are too close (clearance: 0mm, minimum: 0.15mm)
Via unnamed via and pad U4.VDD3V3 are too close (clearance: -0.044mm, minimum: 0.15mm)
Via unnamed via and pad R2.pin1 are too close (clearance: 0.13mm, minimum: 0.15mm)
Via unnamed via and pad R2.pin2 are too close (clearance: 0mm, minimum: 0.15mm)
Via unnamed via and pad U4.VDD5V are too close (clearance: 0.121mm, minimum: 0.15mm)
Via unnamed via and pad U3.SOURCE are too close (clearance: 0mm, minimum: 0.15mm)
Via unnamed via and pad U3.CTRLVBUS are too close (clearance: 0.077mm, minimum: 0.15mm)
Via unnamed via and pad U3.EP are too close (clearance: 0.002mm, minimum: 0.15mm)
Via unnamed via and pad C10.pin2 are too close (clearance: 0.028mm, minimum: 0.15mm)
Via unnamed via and pad C10.pin1 are too close (clearance: 0mm, minimum: 0.15mm)
Via unnamed via and pad Q_PD.pin9 are too close (clearance: 0.139mm, minimum: 0.15mm)
Via unnamed via and pad L1.pin2 are too close (clearance: 0.034mm, minimum: 0.15mm)
Via unnamed via and pad U3.VCC are too close (clearance: 0.14mm, minimum: 0.15mm)
Via unnamed via and pad U1.PB15 are too close (clearance: 0.106mm, minimum: 0.15mm)
Via unnamed via and pad C20.pin1 are too close (clearance: 0mm, minimum: 0.15mm)
Via unnamed via and pad L1.pin2 are too close (clearance: 0.145mm, minimum: 0.15mm)
Via unnamed via and pad R15.pin2 are too close (clearance: 0.072mm, minimum: 0.15mm)
Via unnamed via and pad J_USB.DP1 are too close (clearance: 0mm, minimum: 0.15mm)
Via unnamed via and pad J_USB.DN1 are too close (clearance: 0mm, minimum: 0.15mm)
Via unnamed via and pad R44.pin2 are too close (clearance: 0.012mm, minimum: 0.15mm)
Via unnamed via and pad R44.pin1 are too close (clearance: 0.093mm, minimum: 0.15mm)
Via unnamed via and pad L1.pin1 are too close (clearance: 0mm, minimum: 0.15mm)
Via unnamed via and pad R40.pin2 are too close (clearance: 0mm, minimum: 0.15mm)
Via unnamed via and pad C10.pin1 are too close (clearance: 0.117mm, minimum: 0.15mm)
Via unnamed via and pad C22.pin2 are too close (clearance: 0mm, minimum: 0.15mm)
Via unnamed via and pad L1.pin1 are too close (clearance: 0mm, minimum: 0.15mm)
Via unnamed via and pad C22.pin1 are too close (clearance: 0.144mm, minimum: 0.15mm)
Via unnamed via and pad C12.pin1 are too close (clearance: 0.127mm, minimum: 0.15mm)
Via unnamed via and pad L1.pin2 are too close (clearance: 0.078mm, minimum: 0.15mm)
Via unnamed via and pad U3.SOURCE are too close (clearance: 0mm, minimum: 0.15mm)
Via unnamed via and pad C12.pin1 are too close (clearance: 0.098mm, minimum: 0.15mm)
Via unnamed via and pad R6.pin1 are too close (clearance: 0.083mm, minimum: 0.15mm)
Via unnamed via and pad U2.VS1 are too close (clearance: 0.035mm, minimum: 0.15mm)
Via unnamed via and pad C8.pin1 are too close (clearance: 0.066mm, minimum: 0.15mm)
Via unnamed via and pad R6.pin1 are too close (clearance: 0.117mm, minimum: 0.15mm)
Via unnamed via and pad U9.SDA are too close (clearance: 0.062mm, minimum: 0.15mm)
Via unnamed via and pad C16.pin1 are too close (clearance: 0mm, minimum: 0.15mm)
Via unnamed via and pad R8.pin2 are too close (clearance: 0.073mm, minimum: 0.15mm)
Via unnamed via and pad R11.pin2 are too close (clearance: 0mm, minimum: 0.15mm)
Via unnamed via and pad C16.pin2 are too close (clearance: 0.029mm, minimum: 0.15mm)
Via unnamed via and pad J_IO.pin9 are too close (clearance: 0mm, minimum: 0.15mm)
Via unnamed via and pad J_IO.pin8 are too close (clearance: 0.088mm, minimum: 0.15mm)
Via unnamed via and pad C31.pin1 are too close (clearance: 0mm, minimum: 0.15mm)
Via unnamed via and pad D_IO2.D1_POS are too close (clearance: 0.131mm, minimum: 0.15mm)
Via unnamed via and pad R26.pin1 are too close (clearance: 0.111mm, minimum: 0.15mm)
Via unnamed via and pad U4.GND are too close (clearance: 0.138mm, minimum: 0.15mm)
Via unnamed via and pad U2.MS2_AD1 are too close (clearance: 0.062mm, minimum: 0.15mm)
Via unnamed via and pad U2.INDEX are too close (clearance: -0.038mm, minimum: 0.15mm)
Via unnamed via and pad U2.VREF are too close (clearance: 0.055mm, minimum: 0.15mm)
Via unnamed via and pad C21.pin1 are too close (clearance: 0.144mm, minimum: 0.15mm)
Via unnamed via and pad R11.pin1 are too close (clearance: 0mm, minimum: 0.15mm)
Via unnamed via and pad R11.pin2 are too close (clearance: 0mm, minimum: 0.15mm)
Via unnamed via and pad R26.pin2 are too close (clearance: 0mm, minimum: 0.15mm)
Via unnamed via and pad U4.GND are too close (clearance: -0.192mm, minimum: 0.15mm)
Via unnamed via and pad C15.pin1 are too close (clearance: 0mm, minimum: 0.15mm)
Via unnamed via and pad R12.pin1 are too close (clearance: 0mm, minimum: 0.15mm)
Via unnamed via and pad C8.pin2 are too close (clearance: 0mm, minimum: 0.15mm)
Via unnamed via and pad U1.PB6 are too close (clearance: 0.14mm, minimum: 0.15mm)
Via unnamed via and pad R26.pin2 are too close (clearance: 0.024mm, minimum: 0.15mm)
Via unnamed via and pad C20.pin1 are too close (clearance: 0mm, minimum: 0.15mm)
Via unnamed via and pad U1.PB8 are too close (clearance: 0.051mm, minimum: 0.15mm)
Via unnamed via and pad U1.PB7 are too close (clearance: -0.135mm, minimum: 0.15mm)
Via unnamed via and pad R26.pin2 are too close (clearance: 0.088mm, minimum: 0.15mm)
Via unnamed via and pad R25.pin2 are too close (clearance: 0.087mm, minimum: 0.15mm)
Via unnamed via and pad R28.pin1 are too close (clearance: 0.137mm, minimum: 0.15mm)
Via unnamed via and pad R34.pin1 are too close (clearance: 0mm, minimum: 0.15mm)
Via unnamed via and pad C7.pin2 are too close (clearance: 0.05mm, minimum: 0.15mm)
Via unnamed via and pad R27.pin2 are too close (clearance: 0.144mm, minimum: 0.15mm)
Via unnamed via and pad U9.V_POS are too close (clearance: 0.074mm, minimum: 0.15mm)
Via unnamed via and pad R27.pin2 are too close (clearance: 0.134mm, minimum: 0.15mm)
Via unnamed via and pad C6.pin1 are too close (clearance: 0mm, minimum: 0.15mm)
Via unnamed via and pad LED_STATUS.anode are too close (clearance: 0mm, minimum: 0.15mm)
Via unnamed via and pad C6.pin2 are too close (clearance: 0.094mm, minimum: 0.15mm)
Via unnamed via and pad R32.pin2 are too close (clearance: 0mm, minimum: 0.15mm)
Via unnamed via and pad C29.pin2 are too close (clearance: 0.06mm, minimum: 0.15mm)
Via unnamed via and pad C22.pin2 are too close (clearance: 0.133mm, minimum: 0.15mm)
Via unnamed via and pad U1.PC15_OSC32_OUT are too close (clearance: 0.109mm, minimum: 0.15mm)
Via unnamed via and pad R32.pin2 are too close (clearance: 0mm, minimum: 0.15mm)
Via unnamed via and pad U1.PC6 are too close (clearance: 0.041mm, minimum: 0.15mm)
Via unnamed via and pad U1.PA8 are too close (clearance: -0.011mm, minimum: 0.15mm)
Via unnamed via and pad U7.S3 are too close (clearance: 0.132mm, minimum: 0.15mm)
Via unnamed via and pad U1.PF0_OSC_IN are too close (clearance: 0.078mm, minimum: 0.15mm)
Via unnamed via and pad L1.pin2 are too close (clearance: 0.06mm, minimum: 0.15mm)
Via unnamed via and pad R36.pin2 are too close (clearance: 0.123mm, minimum: 0.15mm)
Via unnamed via and pad Q_PD.pin9 are too close (clearance: 0mm, minimum: 0.15mm)
Via unnamed via and pad R41.pin1 are too close (clearance: 0.13mm, minimum: 0.15mm)
Via unnamed via and pad Q_ILIM.pin2 are too close (clearance: 0.126mm, minimum: 0.15mm)
Via unnamed via and pad L1.pin2 are too close (clearance: 0.06mm, minimum: 0.15mm)
Via unnamed via and pad L1.pin2 are too close (clearance: 0.061mm, minimum: 0.15mm)
Via unnamed via and pad R44.pin1 are too close (clearance: 0.066mm, minimum: 0.15mm)
Via unnamed via and pad R43.pin1 are too close (clearance: 0mm, minimum: 0.15mm)
Via unnamed via and pad R43.pin2 are too close (clearance: 0.04mm, minimum: 0.15mm)
Via unnamed via and pad D_IO1.NC2 are too close (clearance: 0.142mm, minimum: 0.15mm)
Via unnamed via and pad J_IO.pin2 are too close (clearance: 0.089mm, minimum: 0.15mm)
Via unnamed via and pad U1.PB14 are too close (clearance: 0.092mm, minimum: 0.15mm)
Via unnamed via and pad U1.PB13 are too close (clearance: 0.125mm, minimum: 0.15mm)
Via unnamed via and pad J_IO.pin3 are too close (clearance: 0mm, minimum: 0.15mm)
Vias unnamed via and unnamed via are too close together (gap: -0.291mm)
Vias unnamed via and unnamed via are too close together (gap: -0.288mm)
Vias unnamed via and unnamed via are too close together (gap: -0.282mm)
Vias unnamed via and unnamed via are too close together (gap: -0.295mm)
Vias unnamed via and unnamed via are too close together (gap: -0.284mm)
Vias unnamed via and unnamed via are too close together (gap: -0.287mm)
Vias unnamed via and unnamed via from different nets are too close together (gap: 0.226mm)
Vias unnamed via and unnamed via from different nets are too close together (gap: 0.210mm)
Vias unnamed via and unnamed via from different nets are too close together (gap: -0.037mm)
Vias unnamed via and unnamed via from different nets are too close together (gap: 0.138mm)
Vias unnamed via and unnamed via from different nets are too close together (gap: 0.248mm)
Vias unnamed via and unnamed via from different nets are too close together (gap: 0.338mm)
Vias unnamed via and unnamed via from different nets are too close together (gap: 0.032mm)
Vias unnamed via and unnamed via from different nets are too close together (gap: 0.005mm)
Vias unnamed via and unnamed via from different nets are too close together (gap: 0.023mm)
Vias unnamed via and unnamed via from different nets are too close together (gap: -0.026mm)
Vias unnamed via and unnamed via from different nets are too close together (gap: 0.136mm)
Vias unnamed via and unnamed via from different nets are too close together (gap: 0.101mm)
Vias unnamed via and unnamed via from different nets are too close together (gap: 0.200mm)
Vias unnamed via and unnamed via from different nets are too close together (gap: 0.233mm)
Vias unnamed via and unnamed via from different nets are too close together (gap: 0.214mm)
Vias unnamed via and unnamed via from different nets are too close together (gap: 0.206mm)
Vias unnamed via and unnamed via from different nets are too close together (gap: 0.224mm)
Vias unnamed via and unnamed via from different nets are too close together (gap: 0.282mm)
Vias unnamed via and unnamed via from different nets are too close together (gap: 0.297mm)
Vias unnamed via and unnamed via from different nets are too close together (gap: 0.033mm)
Vias unnamed via and unnamed via from different nets are too close together (gap: -0.026mm)
Vias unnamed via and unnamed via from different nets are too close together (gap: 0.075mm)
Vias unnamed via and unnamed via from different nets are too close together (gap: 0.115mm)
Vias unnamed via and unnamed via from different nets are too close together (gap: 0.023mm)
Vias unnamed via and unnamed via from different nets are too close together (gap: 0.234mm)
Vias unnamed via and unnamed via from different nets are too close together (gap: -0.038mm)
Vias unnamed via and unnamed via from different nets are too close together (gap: 0.245mm)
Vias unnamed via and unnamed via from different nets are too close together (gap: 0.275mm)
Vias unnamed via and unnamed via from different nets are too close together (gap: 0.263mm)
Vias unnamed via and unnamed via from different nets are too close together (gap: 0.191mm)
Vias unnamed via and unnamed via from different nets are too close together (gap: 0.139mm)
Vias unnamed via and unnamed via from different nets are too close together (gap: 0.208mm)
Vias unnamed via and unnamed via from different nets are too close together (gap: 0.039mm)
Vias unnamed via and unnamed via from different nets are too close together (gap: 0.213mm)
Vias unnamed via and unnamed via from different nets are too close together (gap: 0.301mm)
Vias unnamed via and unnamed via from different nets are too close together (gap: 0.257mm)
Vias unnamed via and unnamed via from different nets are too close together (gap: 0.318mm)
Vias unnamed via and unnamed via from different nets are too close together (gap: 0.194mm)
Vias unnamed via and unnamed via from different nets are too close together (gap: -0.015mm)
Vias unnamed via and unnamed via from different nets are too close together (gap: 0.255mm)
Vias unnamed via and unnamed via from different nets are too close together (gap: 0.286mm)
Vias unnamed via and unnamed via from different nets are too close together (gap: 0.191mm)
Vias unnamed via and unnamed via from different nets are too close together (gap: 0.073mm)
Vias unnamed via and unnamed via from different nets are too close together (gap: 0.070mm)
Vias unnamed via and unnamed via from different nets are too close together (gap: 0.140mm)
Vias unnamed via and unnamed via from different nets are too close together (gap: 0.114mm)
Vias unnamed via and unnamed via from different nets are too close together (gap: 0.293mm)
Vias unnamed via and unnamed via from different nets are too close together (gap: 0.072mm)
Vias unnamed via and unnamed via from different nets are too close together (gap: 0.141mm)
Vias unnamed via and unnamed via from different nets are too close together (gap: 0.141mm)
Vias unnamed via and unnamed via from different nets are too close together (gap: 0.044mm)
Vias unnamed via and unnamed via from different nets are too close together (gap: 0.235mm)
Vias unnamed via and unnamed via from different nets are too close together (gap: 0.057mm)
Vias unnamed via and unnamed via from different nets are too close together (gap: 0.044mm)
Vias unnamed via and unnamed via from different nets are too close together (gap: 0.164mm)
Vias unnamed via and unnamed via from different nets are too close together (gap: 0.063mm)
Vias unnamed via and unnamed via from different nets are too close together (gap: 0.277mm)
Vias unnamed via and unnamed via from different nets are too close together (gap: 0.238mm)
Vias unnamed via and unnamed via from different nets are too close together (gap: 0.212mm)
Vias unnamed via and unnamed via from different nets are too close together (gap: 0.104mm)
Vias unnamed via and unnamed via from different nets are too close together (gap: 0.241mm)
Vias unnamed via and unnamed via from different nets are too close together (gap: 0.254mm)
Vias unnamed via and unnamed via from different nets are too close together (gap: 0.100mm)
Vias unnamed via and unnamed via from different nets are too close together (gap: 0.244mm)
Vias unnamed via and unnamed via from different nets are too close together (gap: 0.241mm)
Vias unnamed via and unnamed via from different nets are too close together (gap: 0.283mm)
Vias unnamed via and unnamed via from different nets are too close together (gap: 0.252mm)
Vias unnamed via and unnamed via from different nets are too close together (gap: 0.129mm)
Vias unnamed via and unnamed via from different nets are too close together (gap: 0.126mm)
Vias unnamed via and unnamed via from different nets are too close together (gap: 0.226mm)
Vias unnamed via and unnamed via from different nets are too close together (gap: 0.115mm)
Vias unnamed via and unnamed via from different nets are too close together (gap: 0.123mm)
Vias unnamed via and unnamed via from different nets are too close together (gap: 0.076mm)
Vias unnamed via and unnamed via from different nets are too close together (gap: -0.023mm)
Vias unnamed via and unnamed via from different nets are too close together (gap: 0.121mm)
Vias unnamed via and unnamed via from different nets are too close together (gap: 0.122mm)
Vias unnamed via and unnamed via from different nets are too close together (gap: 0.271mm)
Vias unnamed via and unnamed via from different nets are too close together (gap: 0.137mm)
Vias unnamed via and unnamed via from different nets are too close together (gap: 0.232mm)
Via in trace [.J_USB > .DP1 to .J_USB > .DP2] is misaligned at position {x: -0.45, y: -8.75}.
Via in trace [.J_USB > .DP1 to .J_USB > .DP2] is misaligned at position {x: 2.15, y: -8.9}.
Via in trace [.D_USB > .pin3 to .C27 > .pin2] is misaligned at position {x: 3.1, y: -7}.
Via in trace [.J_USB > .DN2 to .J_USB > .DN1] is misaligned at position {x: -1.15, y: -8.2}.
Via in trace [.J_USB > .DN2 to .J_USB > .DN1] is misaligned at position {x: 0, y: -7.9}.
Trace [.U1 > .PA4 to net.TMC_ENABLE_N] has dangling endpoint at (-6.43, -5.00)
Trace [.R2 > .pin1 to net.V3V3] has dangling endpoint at (0.64, -2.71)
Trace too close to board edge (0.301mm < 0.375mm required, margin: 0.3mm)
Trace too close to board edge (0.244mm < 0.375mm required, margin: 0.3mm)
Trace too close to board edge (0.244mm < 0.375mm required, margin: 0.3mm)
Trace too close to board edge (0.283mm < 0.375mm required, margin: 0.3mm)
Trace too close to board edge (0.115mm < 0.375mm required, margin: 0.3mm)
Trace too close to board edge (0.115mm < 0.375mm required, margin: 0.3mm)
Trace too close to board edge (0.151mm < 0.375mm required, margin: 0.3mm)
Trace too close to board edge (0.223mm < 0.375mm required, margin: 0.3mm)
Trace too close to board edge (0.164mm < 0.375mm required, margin: 0.3mm)
Trace too close to board edge (0.164mm < 0.375mm required, margin: 0.3mm)
Trace too close to board edge (0.164mm < 0.375mm required, margin: 0.3mm)
Trace too close to board edge (0.171mm < 0.375mm required, margin: 0.3mm)
Trace too close to board edge (0.171mm < 0.375mm required, margin: 0.3mm)
Trace too close to board edge (0.171mm < 0.375mm required, margin: 0.3mm)
Trace too close to board edge (0.054mm < 0.375mm required, margin: 0.3mm)
Trace too close to board edge (0.054mm < 0.375mm required, margin: 0.3mm)
Trace too close to board edge (0.054mm < 0.375mm required, margin: 0.3mm)
Trace too close to board edge (0.189mm < 0.375mm required, margin: 0.3mm)
Trace too close to board edge (0.189mm < 0.375mm required, margin: 0.3mm)
Trace too close to board edge (0.189mm < 0.375mm required, margin: 0.3mm)
Trace too close to board edge (0.189mm < 0.375mm required, margin: 0.3mm)
Via hole at (7.49mm, 16.84mm) overlaps SMD pad R50.pin1 at (7.43mm, 16.50mm)
Via hole at (-3.01mm, -5.62mm) overlaps SMD pad U10.ILIM at (-3.00mm, -5.84mm)
Via hole at (-13.32mm, -7.94mm) overlaps SMD pad L1.pin1 at (-10.15mm, -6.90mm)
Via hole at (-7.61mm, -10.63mm) overlaps SMD pad L1.pin2 at (-10.15mm, -11.40mm)
Via hole at (5.12mm, 1.01mm) overlaps SMD pad U1.PB4 at (4.25mm, 1.05mm)
Via hole at (1.87mm, 5.70mm) overlaps SMD pad R37.pin1 at (1.68mm, 6.00mm)
Via hole at (0.89mm, 6.13mm) overlaps SMD pad R37.pin2 at (0.82mm, 6.00mm)
Via hole at (-1.80mm, 4.69mm) overlaps SMD pad R35.pin2 at (-1.43mm, 4.75mm)
Via hole at (5.72mm, 4.29mm) overlaps SMD pad R24.pin2 at (5.32mm, 4.00mm)
Via hole at (5.04mm, 5.73mm) overlaps SMD pad R23.pin2 at (5.32mm, 6.00mm)
Via hole at (11.48mm, 3.78mm) overlaps SMD pad J_IO.pin6 at (12.04mm, 3.50mm)
Via hole at (7.01mm, 0.27mm) overlaps SMD pad R26.pin1 at (6.68mm, 0.00mm)
Via hole at (12.65mm, 4.88mm) overlaps SMD pad J_IO.pin5 at (12.04mm, 4.50mm)
Via hole at (8.57mm, 5.08mm) overlaps SMD pad U1.PC6 at (8.75mm, 5.55mm)
Via hole at (5.65mm, -11.28mm) overlaps SMD pad J_USB.SHELL3 at (5.11mm, -10.81mm)
Via hole at (4.83mm, -6.35mm) overlaps SMD pad C27.pin1 at (4.67mm, -6.50mm)
Via hole at (-8.88mm, -8.35mm) overlaps SMD pad U3.DB at (-8.59mm, -8.50mm)
Via hole at (4.64mm, -7.70mm) overlaps SMD pad R15.pin1 at (4.68mm, -7.75mm)
Via hole at (-3.81mm, -1.00mm) overlaps SMD pad C15.pin1 at (-4.50mm, -1.50mm)
Via hole at (-11.10mm, -9.07mm) overlaps SMD pad U3.GATE at (-11.41mm, -9.00mm)
Via hole at (6.00mm, 11.09mm) overlaps SMD pad C20.pin1 at (5.08mm, 11.50mm)
Via hole at (-0.08mm, -10.92mm) overlaps SMD pad J_USB.DP1 at (-0.25mm, -10.24mm)
Via hole at (-14.23mm, -8.86mm) overlaps SMD pad C22.pin2 at (-13.92mm, -9.00mm)
Via hole at (-7.07mm, -8.57mm) overlaps SMD pad U10.IN2 at (-6.91mm, -8.75mm)
Via hole at (-3.64mm, 3.29mm) overlaps SMD pad R4.pin1 at (-3.57mm, 3.00mm)
Via hole at (11.54mm, 0.76mm) overlaps SMD pad J_IO.pin9 at (12.04mm, 0.50mm)
Via hole at (-6.15mm, 0.75mm) overlaps SMD pad U2.DIAG at (-6.50mm, 0.70mm)
Via hole at (-14.90mm, -5.97mm) overlaps SMD pad C8.pin2 at (-14.00mm, -5.84mm)
Via hole at (11.45mm, 7.37mm) overlaps SMD pad J_IO.pin2 at (12.04mm, 7.50mm)
Via hole at (11.44mm, 7.37mm) overlaps SMD pad J_IO.pin2 at (12.04mm, 7.50mm)
Via hole at (8.13mm, 8.60mm) overlaps SMD pad U6.D at (8.40mm, 9.40mm)
Via hole at (1.27mm, 4.29mm) overlaps SMD pad LED_STATUS.anode at (1.80mm, 4.00mm)
Via hole at (-8.75mm, -9.76mm) overlaps SMD pad U3.VCC at (-8.59mm, -9.50mm)
Via hole at (-8.75mm, -9.76mm) overlaps SMD pad U3.VCC at (-8.59mm, -9.50mm)
Via hole at (-1.48mm, -14.08mm) overlaps SMD pad R48.pin1 at (-1.57mm, -13.75mm)
Via hole at (9.28mm, 5.79mm) overlaps SMD pad U1.PA9 at (9.25mm, 5.55mm)
Via hole at (9.28mm, 5.79mm) overlaps SMD pad D_CAN.pin3 at (9.85mm, 5.50mm)
Via hole at (4.14mm, -3.94mm) overlaps SMD pad R51.pin2 at (4.57mm, -3.75mm)
Via hole at (-1.89mm, -2.57mm) overlaps SMD pad U4.GND at (-1.90mm, -2.71mm)
Generating preview images...
[index] Generating PCB SVG...
[index] Written pcb.svg
[index] Generating PCB PNG...
[index] Written pcb.png
[index] Generating schematic SVG...
[index] Written schematic.svg

Build complete
  Circuits  0 passed 1 failed
  Options   pcb-png, pcb-svgs, schematic-svgs, autorouter-dump-srj
  Output    dist

⚠ Build completed with errors
Build exiting with code 1: circuit build errors occurred
