{"phase":"topologyPlanningSolver","progress":0.18,"elapsed_seconds":3.6469935170000003,"solved":false,"failed":false,"error":null}
{"phase":"topologyMergingSolver","progress":0.21105454545454547,"elapsed_seconds":8.648247609,"solved":false,"failed":false,"error":null}
{"phase":"topologyMergingSolver","progress":0.22663434343434344,"elapsed_seconds":13.648974889000002,"solved":false,"failed":false,"error":null}
{"phase":"nodeDimensionSubdivisionSolver","progress":0.24,"node_count":29487,"elapsed_seconds":71.41517178599999,"solved":false,"failed":false,"error":null}
{"phase":"availableSegmentPointSolver","progress":0.32,"node_count":29007,"edge_count":88939,"elapsed_seconds":98.909040536,"solved":false,"failed":false,"error":null}
{"phase":"portPointPathingSolver","progress":0.44,"node_count":29007,"edge_count":88939,"elapsed_seconds":103.90904375,"solved":false,"failed":false,"error":null}
{"phase":"highDensityRouteSolver","progress":0.5306501547987615,"node_count":29007,"edge_count":88939,"elapsed_seconds":108.909506684,"solved":false,"failed":false,"error":null}
{"phase":"highDensityRouteSolver","progress":0.5572755417956656,"node_count":29007,"edge_count":88939,"elapsed_seconds":113.90973654499999,"solved":false,"failed":false,"error":null}
{"phase":"traceSimplificationSolver","progress":0.68,"node_count":29007,"edge_count":88939,"elapsed_seconds":118.98479990499999,"solved":false,"failed":false,"error":null}
Saved unqualified pre-repair candidate through public Pipeline9 API; full pipeline continues
{"phase":"globalDrcForceImproveSolver","progress":0.8,"node_count":29007,"edge_count":88939,"elapsed_seconds":124.40265872799999,"solved":false,"failed":false,"error":null}
{"phase":"pipeline9JointDrcRepairSolver","progress":0.84,"node_count":29007,"edge_count":88939,"elapsed_seconds":131.63995100499997,"solved":false,"failed":false,"error":null}
{"phase":"pipeline9JointDrcRepairSolver","progress":0.84,"node_count":29007,"edge_count":88939,"elapsed_seconds":169.200508792,"solved":false,"failed":false,"error":null}
{"phase":"pipeline9JointDrcRepairSolver","progress":0.84,"node_count":29007,"edge_count":88939,"elapsed_seconds":200.579740104,"solved":false,"failed":false,"error":null}
{"phase":"pipeline9JointDrcRepairSolver","progress":0.8672222222222223,"node_count":29007,"edge_count":88939,"elapsed_seconds":205.58754300099997,"solved":false,"failed":false,"error":null}
{"phase":"pipeline9JointDrcRepairSolver","progress":0.8672222222222223,"node_count":29007,"edge_count":88939,"elapsed_seconds":211.021592019,"solved":false,"failed":false,"error":null}
{"phase":"pipeline9JointDrcRepairSolver","progress":0.8683333333333333,"node_count":29007,"edge_count":88939,"elapsed_seconds":216.38438636499998,"solved":false,"failed":false,"error":null}
{"phase":"powerTraceExpansionSolver","progress":0.96,"node_count":29007,"edge_count":88939,"elapsed_seconds":221.384557229,"solved":false,"failed":false,"error":null}
{"phase":"powerTraceExpansionSolver","progress":0.9604166666666667,"node_count":29007,"edge_count":88939,"elapsed_seconds":226.384559545,"solved":false,"failed":false,"error":null}
{"phase":"powerTraceExpansionSolver","progress":0.9604166666666667,"node_count":29007,"edge_count":88939,"elapsed_seconds":231.384589833,"solved":false,"failed":false,"error":null}
{"phase":"powerTraceExpansionSolver","progress":0.9616666666666667,"node_count":29007,"edge_count":88939,"elapsed_seconds":236.38508982,"solved":false,"failed":false,"error":null}
{"phase":"powerTraceExpansionSolver","progress":0.9629166666666668,"node_count":29007,"edge_count":88939,"elapsed_seconds":241.385132476,"solved":false,"failed":false,"error":null}
{"phase":"powerTraceExpansionSolver","progress":0.9641666666666667,"node_count":29007,"edge_count":88939,"elapsed_seconds":246.385416551,"solved":false,"failed":false,"error":null}
{"phase":"powerTraceExpansionSolver","progress":0.9704166666666667,"node_count":29007,"edge_count":88939,"elapsed_seconds":251.3869589,"solved":false,"failed":false,"error":null}
{"phase":"powerTraceExpansionSolver","progress":0.9704166666666667,"node_count":29007,"edge_count":88939,"elapsed_seconds":256.386959611,"solved":false,"failed":false,"error":null}
{"phase":"powerTraceExpansionSolver","progress":0.97125,"node_count":29007,"edge_count":88939,"elapsed_seconds":261.387181072,"solved":false,"failed":false,"error":null}
{"phase":"powerTraceExpansionSolver","progress":0.9725,"node_count":29007,"edge_count":88939,"elapsed_seconds":266.387216028,"solved":false,"failed":false,"error":null}
{"phase":"powerTraceExpansionSolver","progress":0.9741666666666667,"node_count":29007,"edge_count":88939,"elapsed_seconds":271.38722991000003,"solved":false,"failed":false,"error":null}
{"phase":"powerTraceExpansionSolver","progress":0.9804166666666667,"node_count":29007,"edge_count":88939,"elapsed_seconds":276.38725235600003,"solved":false,"failed":false,"error":null}
{"phase":"powerTraceExpansionSolver","progress":0.9804166666666667,"node_count":29007,"edge_count":88939,"elapsed_seconds":281.38725811,"solved":false,"failed":false,"error":null}
{"phase":"powerTraceExpansionSolver","progress":0.9804166666666667,"node_count":29007,"edge_count":88939,"elapsed_seconds":286.387570368,"solved":false,"failed":false,"error":null}
{"phase":"powerTraceExpansionSolver","progress":0.98125,"node_count":29007,"edge_count":88939,"elapsed_seconds":291.38784025300004,"solved":false,"failed":false,"error":null}
{"phase":"powerTraceExpansionSolver","progress":0.9820833333333333,"node_count":29007,"edge_count":88939,"elapsed_seconds":296.387842451,"solved":false,"failed":false,"error":null}
{"phase":"powerTraceExpansionSolver","progress":0.9829166666666667,"node_count":29007,"edge_count":88939,"elapsed_seconds":301.38785060400005,"solved":false,"failed":false,"error":null}
{"phase":"powerTraceExpansionSolver","progress":0.9841666666666667,"node_count":29007,"edge_count":88939,"elapsed_seconds":306.38807949200003,"solved":false,"failed":false,"error":null}
{"phase":"powerTraceExpansionSolver","progress":0.99,"node_count":29007,"edge_count":88939,"elapsed_seconds":311.41824164400003,"solved":false,"failed":false,"error":null}
{"phase":"powerTraceExpansionSolver","progress":0.99,"node_count":29007,"edge_count":88939,"elapsed_seconds":316.434947404,"solved":false,"failed":false,"error":null}
{"phase":"powerTraceExpansionSolver","progress":0.99,"node_count":29007,"edge_count":88939,"elapsed_seconds":321.43502560600007,"solved":false,"failed":false,"error":null}
{"phase":"none","progress":1,"node_count":29007,"edge_count":88939,"elapsed_seconds":321.94544993200003,"solved":true,"failed":false,"error":null}
