Building 1 file(s)...
Building index.circuit.tsx...
Generating circuit JSON...
Could not save autorouting paths for subcircuit_source_group_0: PCB port selector is not unique: .Y_RP > port.pin1
Circuit JSON written to dist/index/circuit.json
The "Y" prefix is being used with a <chip />, try using it with a <crystal />
The "Q" prefix is being used with a <chip />, try using it with a <transistor />
The "Q" prefix is being used with a <chip />, try using it with a <transistor />
The "Q" prefix is being used with a <chip />, try using it with a <transistor />
The "J" prefix is being used with a <chip />, try using it with a <connector /> or <jumper />
The "J" prefix is being used with a <chip />, try using it with a <connector /> or <jumper />
The "Q" prefix is being used with a <chip />, try using it with a <transistor />
Differential pair "USB_RECEPTACLE_PAIR" positiveConnection=".R_USB_DP > port.pin1" is not point-to-point: expected exactly 2 terminal pins, found 4: .D_USB > .pin1, .J_USB > .DP1, .J_USB > .DP2, and .R_USB_DP > .pin1.
Differential pair "USB_RECEPTACLE_PAIR" negativeConnection=".R_USB_DM > port.pin1" is not point-to-point: expected exactly 2 terminal pins, found 4: .D_USB > .pin2, .J_USB > .DN1, .J_USB > .DN2, and .R_USB_DM > .pin1.
Y_RP has no pin with requires_power=true
U9 has no pin with requires_power=true
BZ1 has no pin with requires_power=true
BZ1 has no pin with requires_ground=true
Q_BUZZ has no pin with requires_power=true
Q_BUZZ has no pin with requires_ground=true
All pins on Q_BUZZ are underspecified (no pinAttributes set)
Q_PD_IN has no pin with requires_power=true
Q_PD_IN has no pin with requires_ground=true
All pins on Q_PD_IN are underspecified (no pinAttributes set)
Q_PD_OUT has no pin with requires_power=true
Q_PD_OUT has no pin with requires_ground=true
All pins on Q_PD_OUT are underspecified (no pinAttributes set)
D_USB has no pin with requires_power=true
D_VBUS has no pin with requires_power=true
D_VBUS has no pin with requires_ground=true
All pins on D_VBUS are underspecified (no pinAttributes set)
J_IO has no pin with requires_power=true
J_IO has no pin with requires_ground=true
All pins on J_IO are underspecified (no pinAttributes set)
J_MOTOR has no pin with requires_power=true
J_MOTOR has no pin with requires_ground=true
All pins on J_MOTOR are underspecified (no pinAttributes set)
D_IO1 has no pin with requires_power=true
D_IO2 has no pin with requires_power=true
D_CAN has no pin with requires_power=true
D_CAN has no pin with requires_ground=true
All pins on D_CAN are underspecified (no pinAttributes set)
U10 has no pin with requires_power=true
Q_ILIM has no pin with requires_power=true
Q_ILIM has no pin with requires_ground=true
All pins on Q_ILIM are underspecified (no pinAttributes set)
Port [U1.IOVDD1] is not connected to net [V3V3] by a PCB trace.
Port [U1.IOVDD2] is not connected to net [V3V3] by a PCB trace.
Port [U1.IOVDD3] is not connected to net [V3V3] by a PCB trace.
Port [U1.IOVDD4] is not connected to net [V3V3] by a PCB trace.
Port [U1.IOVDD5] is not connected to net [V3V3] by a PCB trace.
Port [U1.IOVDD6] is not connected to net [V3V3] by a PCB trace.
Port [U1.ADC_AVDD] is not connected to net [V3V3] by a PCB trace.
Port [U1.USB_VDD] is not connected to net [V3V3] by a PCB trace.
Port [U1.VREG_IN] is not connected to net [V3V3] by a PCB trace.
Port [U1.VREG_VOUT] is not connected to net [VCORE] by a PCB trace.
Port [U1.DVDD1] is not connected to net [VCORE] by a PCB trace.
Port [U1.DVDD2] is not connected to net [VCORE] by a PCB trace.
Port [U1.RUN] is not connected to net [NRST] by a PCB trace.
Port [U1.SWD] is not connected to net [SWDIO] by a PCB trace.
Port [U1.SWCLK] is not connected to net [SWCLK] by a PCB trace.
Port [U1.QSPI_SD0] is not connected to net [QSPI_IO0] by a PCB trace.
Port [U1.GPIO1] is not connected to net [TMC_UART_RX] by a PCB trace.
Port [U1.GPIO2] is not connected to net [TMC_STEP] by a PCB trace.
Port [U1.GPIO3] is not connected to net [TMC_DIR] by a PCB trace.
Port [U1.GPIO4] is not connected to net [TMC_ENABLE_N] by a PCB trace.
Port [U1.GPIO5] is not connected to net [TMC_DIAG] by a PCB trace.
Port [U1.GPIO6] is not connected to net [I2C_SDA] by a PCB trace.
Port [U1.GPIO7] is not connected to net [I2C_SCL] by a PCB trace.
Port [U1.GPIO9] is not connected to net [CAN_SPI_CS] by a PCB trace.
Port [U1.GPIO12] is not connected to net [CAN_INT_N] by a PCB trace.
Port [U1.GPIO13] is not connected to net [CAN_RS] by a PCB trace.
Port [U1.GPIO14] is not connected to net [EXT_STEP] by a PCB trace.
Port [U1.GPIO15] is not connected to net [EXT_DIR] by a PCB trace.
Port [U1.GPIO16] is not connected to net [EXT_ENABLE_N] by a PCB trace.
Port [U1.GPIO17] is not connected to net [LIMIT1] by a PCB trace.
Port [U1.GPIO18] is not connected to net [LIMIT2] by a PCB trace.
Port [U1.GPIO19] is not connected to net [PD_ALERT_N] by a PCB trace.
Port [U1.GPIO20] is not connected to net [PD_RESET] by a PCB trace.
Port [U1.GPIO21] is not connected to net [EFUSE_FLT_N] by a PCB trace.
Port [U1.GPIO22] is not connected to net [POWER_HIGH_CURRENT] by a PCB trace.
Port [U1.GPIO23] is not connected to net [LED_STATUS_DRIVE] by a PCB trace.
Port [U1.GPIO24] is not connected to net [LED_FAULT_DRIVE] by a PCB trace.
Port [U1.GPIO26_ADC0] is not connected to net [VBUS_ADC] by a PCB trace.
Port [U1.GPIO27_ADC1] is not connected to net [PD_POWER_OK3] by a PCB trace.
Port [U1.GPIO28_ADC2] is not connected to net [TEMP_ALERT_N] by a PCB trace.
Port [U_RESET.VDD] is not connected to net [V3V3] by a PCB trace.
Port [U_RESET.N_RESET] is not connected to net [NRST] by a PCB trace.
Port [C_RESET.pin1] is not connected to net [V3V3] by a PCB trace.
Port [U_FLASH.SI_IO0] is not connected to net [QSPI_IO0] by a PCB trace.
Port [U_FLASH.VCC] is not connected to net [V3V3] by a PCB trace.
Port [R_FLASH_CS.pin1] is not connected to net [V3V3] by a PCB trace.
Port [C_FLASH.pin1] is not connected to net [V3V3] by a PCB trace.
Port [R1.pin1] is not connected to net [V3V3] by a PCB trace.
Port [R1.pin2] is not connected to net [NRST] by a PCB trace.
Port [C5.pin1] is not connected to net [NRST] by a PCB trace.
Port [C1.pin1] is not connected to net [V3V3] by a PCB trace.
Port [C_IO2.pin1] is not connected to net [V3V3] by a PCB trace.
Port [C_IO3.pin1] is not connected to net [V3V3] by a PCB trace.
Port [C_IO4.pin1] is not connected to net [V3V3] by a PCB trace.
Port [C_IO5.pin1] is not connected to net [V3V3] by a PCB trace.
Port [C_IO6.pin1] is not connected to net [V3V3] by a PCB trace.
Port [C_ADC.pin1] is not connected to net [V3V3] by a PCB trace.
Port [C_USBPHY.pin1] is not connected to net [V3V3] by a PCB trace.
Port [C2.pin1] is not connected to net [V3V3] by a PCB trace.
Port [C_VCORE.pin1] is not connected to net [VCORE] by a PCB trace.
Port [C3.pin1] is not connected to net [VCORE] by a PCB trace.
Port [C4.pin1] is not connected to net [VCORE] by a PCB trace.
Port [U9.SCL] is not connected to net [I2C_SCL] by a PCB trace.
Port [U9.SDA] is not connected to net [I2C_SDA] by a PCB trace.
Port [U9.V_POS] is not connected to net [V3V3] by a PCB trace.
Port [U9.ALERT] is not connected to net [TEMP_ALERT_N] by a PCB trace.
Port [R2.pin1] is not connected to net [V3V3] by a PCB trace.
Port [R2.pin2] is not connected to net [I2C_SCL] by a PCB trace.
Port [R3.pin1] is not connected to net [V3V3] by a PCB trace.
Port [R3.pin2] is not connected to net [I2C_SDA] by a PCB trace.
Port [R33.pin1] is not connected to net [V3V3] by a PCB trace.
Port [R33.pin2] is not connected to net [TEMP_ALERT_N] by a PCB trace.
Port [C32.pin1] is not connected to net [V3V3] by a PCB trace.
Port [BZ1.pin1] is not connected to net [V3V3] by a PCB trace.
Port [D_BUZZ.cathode] is not connected to net [V3V3] by a PCB trace.
Port [C_BUZZ.pin1] is not connected to net [V3V3] by a PCB trace.
Port [U6.D] is not connected to net [CAN_TX] by a PCB trace.
Port [U6.R] is not connected to net [CAN_RX] by a PCB trace.
Port [U6.VCC] is not connected to net [V3V3] by a PCB trace.
Port [U6.RS] is not connected to net [CAN_RS] by a PCB trace.
Port [U6.CANH] is not connected to net [CAN_H] by a PCB trace.
Port [U6.CANL] is not connected to net [CAN_L] by a PCB trace.
Port [C7.pin1] is not connected to net [V3V3] by a PCB trace.
Port [R49.pin1] is not connected to net [CAN_H] by a PCB trace.
Port [R50.pin2] is not connected to net [CAN_L] by a PCB trace.
Port [U_CAN.N_CS] is not connected to net [CAN_SPI_CS] by a PCB trace.
Port [U_CAN.N_INT] is not connected to net [CAN_INT_N] by a PCB trace.
Port [U_CAN.N_RESET] is not connected to net [NRST] by a PCB trace.
Port [U_CAN.VDD] is not connected to net [V3V3] by a PCB trace.
Port [U_CAN.TXCAN] is not connected to net [CAN_TX] by a PCB trace.
Port [U_CAN.RXCAN] is not connected to net [CAN_RX] by a PCB trace.
Port [U_CAN.OSC1] is not connected to net [CAN_XIN] by a PCB trace.
Port [U_CAN.OSC2] is not connected to net [CAN_XOUT] by a PCB trace.
Port [Y_CAN.pin1] is not connected to net [CAN_XIN] by a PCB trace.
Port [Y_CAN.pin3] is not connected to net [CAN_XOUT] by a PCB trace.
Port [C_CAN_XIN.pin1] is not connected to net [CAN_XIN] by a PCB trace.
Port [C_CAN_XOUT.pin1] is not connected to net [CAN_XOUT] by a PCB trace.
Port [C_CAN_CORE.pin1] is not connected to net [V3V3] by a PCB trace.
Port [R_CAN_CS.pin1] is not connected to net [V3V3] by a PCB trace.
Port [R_CAN_CS.pin2] is not connected to net [CAN_SPI_CS] by a PCB trace.
Port [R_CAN_INT.pin1] is not connected to net [V3V3] by a PCB trace.
Port [R_CAN_INT.pin2] is not connected to net [CAN_INT_N] by a PCB trace.
Port [C_CAN_XIN2.pin1] is not connected to net [CAN_XIN] by a PCB trace.
Port [C_CAN_XOUT2.pin1] is not connected to net [CAN_XOUT] by a PCB trace.
Port [U5.VIN] is not connected to net [VM] by a PCB trace.
Port [U5.EN] is not connected to net [VM] by a PCB trace.
Port [U5.FB] is not connected to net [V3V3] by a PCB trace.
Port [C8.pin1] is not connected to net [VM] by a PCB trace.
Port [C9.pin1] is not connected to net [VM] by a PCB trace.
Port [L1.pin2] is not connected to net [V3V3] by a PCB trace.
Port [C11.pin1] is not connected to net [V3V3] by a PCB trace.
Port [C12.pin1] is not connected to net [V3V3] by a PCB trace.
Port [U2.OB2] is not connected to net [MOTOR_B2] by a PCB trace.
Port [U2.OB1] is not connected to net [MOTOR_B1] by a PCB trace.
Port [U2.OA2] is not connected to net [MOTOR_A2] by a PCB trace.
Port [U2.OA1] is not connected to net [MOTOR_A1] by a PCB trace.
Port [U2.ENN] is not connected to net [TMC_ENABLE_N] by a PCB trace.
Port [U2.DIAG] is not connected to net [TMC_DIAG] by a PCB trace.
Port [U2.PDN_UART] is not connected to net [TMC_UART_RX] by a PCB trace.
Port [U2.VCC_IO] is not connected to net [V3V3] by a PCB trace.
Port [U2.STEP] is not connected to net [TMC_STEP] by a PCB trace.
Port [U2.DIR] is not connected to net [TMC_DIR] by a PCB trace.
Port [U2.VS1] is not connected to net [VM] by a PCB trace.
Port [U2.VS2] is not connected to net [VM] by a PCB trace.
Port [C14.pin2] is not connected to net [VM] by a PCB trace.
Port [C16.pin1] is not connected to net [V3V3] by a PCB trace.
Port [C17.pin1] is not connected to net [VM] by a PCB trace.
Port [C18.pin1] is not connected to net [VM] by a PCB trace.
Port [C19.pin1] is not connected to net [VM] by a PCB trace.
Port [C20.pin1] is not connected to net [VM] by a PCB trace.
Port [R4.pin2] is not connected to net [TMC_UART_RX] by a PCB trace.
Port [R7.pin1] is not connected to net [V3V3] by a PCB trace.
Port [R7.pin2] is not connected to net [TMC_ENABLE_N] by a PCB trace.
Port [R8.pin1] is not connected to net [TMC_STEP] by a PCB trace.
Port [R9.pin1] is not connected to net [TMC_DIR] by a PCB trace.
Port [J_USB.VBUS1] is not connected to net [VBUS_CONN] by a PCB trace.
Port [J_USB.VBUS2] is not connected to net [VBUS_CONN] by a PCB trace.
Port [J_USB.CC1] is not connected to net [PD_CC1_CONN] by a PCB trace.
Port [J_USB.CC2] is not connected to net [PD_CC2_CONN] by a PCB trace.
Port [U3.CC1DB] is not connected to net [PD_CC1_CONN] by a PCB trace.
Port [U3.CC1] is not connected to net [PD_CC1_CONN] by a PCB trace.
Port [U3.CC2] is not connected to net [PD_CC2_CONN] by a PCB trace.
Port [U3.CC2DB] is not connected to net [PD_CC2_CONN] by a PCB trace.
Port [U3.RESET] is not connected to net [PD_RESET] by a PCB trace.
Port [U3.SCL] is not connected to net [I2C_SCL] by a PCB trace.
Port [U3.SDA] is not connected to net [I2C_SDA] by a PCB trace.
Port [U3.DISCH] is not connected to net [PD_DISCH] by a PCB trace.
Port [U3.POWER_OK3] is not connected to net [PD_POWER_OK3] by a PCB trace.
Port [U3.VBUS_EN_SNK] is not connected to net [PD_LOAD_ENABLE_N] by a PCB trace.
Port [U3.ALERT] is not connected to net [PD_ALERT_N] by a PCB trace.
Port [Q_PD_IN.S1] is not connected to net [PD_FET_SOURCE] by a PCB trace.
Port [Q_PD_IN.S2] is not connected to net [PD_FET_SOURCE] by a PCB trace.
Port [Q_PD_IN.S3] is not connected to net [PD_FET_SOURCE] by a PCB trace.
Port [Q_PD_IN.D1] is not connected to net [VBUS_CONN] by a PCB trace.
Port [Q_PD_IN.D2] is not connected to net [VBUS_CONN] by a PCB trace.
Port [Q_PD_IN.D3] is not connected to net [VBUS_CONN] by a PCB trace.
Port [Q_PD_IN.D4] is not connected to net [VBUS_CONN] by a PCB trace.
Port [Q_PD_IN.D5] is not connected to net [VBUS_CONN] by a PCB trace.
Port [Q_PD_OUT.S1] is not connected to net [PD_FET_SOURCE] by a PCB trace.
Port [Q_PD_OUT.S2] is not connected to net [PD_FET_SOURCE] by a PCB trace.
Port [Q_PD_OUT.S3] is not connected to net [PD_FET_SOURCE] by a PCB trace.
Port [Q_PD_OUT.D1] is not connected to net [VBUS_PROTECTED] by a PCB trace.
Port [Q_PD_OUT.D2] is not connected to net [VBUS_PROTECTED] by a PCB trace.
Port [Q_PD_OUT.D3] is not connected to net [VBUS_PROTECTED] by a PCB trace.
Port [Q_PD_OUT.D4] is not connected to net [VBUS_PROTECTED] by a PCB trace.
Port [Q_PD_OUT.D5] is not connected to net [VBUS_PROTECTED] by a PCB trace.
Port [R13.pin1] is not connected to net [PD_FET_SOURCE] by a PCB trace.
Port [R_PD_GATE.pin2] is not connected to net [PD_LOAD_ENABLE_N] by a PCB trace.
Port [R14.pin1] is not connected to net [VBUS_CONN] by a PCB trace.
Port [R_PD_RESET.pin1] is not connected to net [PD_RESET] by a PCB trace.
Port [R12.pin1] is not connected to net [V3V3] by a PCB trace.
Port [R12.pin2] is not connected to net [PD_ALERT_N] by a PCB trace.
Port [R_PD_OK.pin1] is not connected to net [V3V3] by a PCB trace.
Port [R_PD_OK.pin2] is not connected to net [PD_POWER_OK3] by a PCB trace.
Port [R_PD_SENSE.pin1] is not connected to net [VBUS_CONN] by a PCB trace.
Port [R_PD_DISCH1.pin1] is not connected to net [VM] by a PCB trace.
Port [R_PD_DISCH1.pin2] is not connected to net [PD_DISCH] by a PCB trace.
Port [R_PD_DISCH2.pin1] is not connected to net [VM] by a PCB trace.
Port [R_PD_DISCH2.pin2] is not connected to net [PD_DISCH] by a PCB trace.
Port [D_VBUS.pin1] is not connected to net [VBUS_CONN] by a PCB trace.
Port [C25.pin1] is not connected to net [VBUS_CONN] by a PCB trace.
Port [C26.pin1] is not connected to net [VBUS_CONN] by a PCB trace.
Port [R16.pin1] is not connected to net [VBUS_PROTECTED] by a PCB trace.
Port [R18.pin2] is not connected to net [VBUS_ADC_PRE_GUARD] by a PCB trace.
Port [C27.pin1] is not connected to net [VBUS_ADC] by a PCB trace.
Port [J_SWD.SWDIO] is not connected to net [SWDIO_CONN] by a PCB trace.
Port [J_SWD.SWCLK] is not connected to net [SWCLK_CONN] by a PCB trace.
Port [J_SWD.NRST] is not connected to net [NRST_CONN] by a PCB trace.
Port [U7.VDD] is not connected to net [V3V3] by a PCB trace.
Port [U7.SEL1] is not connected to net [POWER_GOOD] by a PCB trace.
Port [U7.SEL2] is not connected to net [POWER_GOOD] by a PCB trace.
Port [U7.SEL3] is not connected to net [POWER_GOOD] by a PCB trace.
Port [U7.SEL4] is not connected to net [POWER_GOOD] by a PCB trace.
Port [U7.S1] is not connected to net [SWDIO_CONN] by a PCB trace.
Port [U7.D1] is not connected to net [SWDIO_GUARDED] by a PCB trace.
Port [U7.S2] is not connected to net [SWCLK_CONN] by a PCB trace.
Port [U7.D2] is not connected to net [SWCLK_GUARDED] by a PCB trace.
Port [U7.S3] is not connected to net [NRST_CONN] by a PCB trace.
Port [U7.D3] is not connected to net [NRST_GUARDED] by a PCB trace.
Port [U7.S4] is not connected to net [VBUS_ADC_PRE_GUARD] by a PCB trace.
Port [U7.D4] is not connected to net [VBUS_ADC] by a PCB trace.
Port [U8.VDD] is not connected to net [V3V3] by a PCB trace.
Port [U8.N_RESET] is not connected to net [POWER_GOOD] by a PCB trace.
Port [R19.pin1] is not connected to net [V3V3] by a PCB trace.
Port [R19.pin2] is not connected to net [POWER_GOOD] by a PCB trace.
Port [C28.pin1] is not connected to net [V3V3] by a PCB trace.
Port [C29.pin1] is not connected to net [V3V3] by a PCB trace.
Port [R20.pin1] is not connected to net [SWDIO_GUARDED] by a PCB trace.
Port [R20.pin2] is not connected to net [SWDIO] by a PCB trace.
Port [R21.pin1] is not connected to net [SWCLK_GUARDED] by a PCB trace.
Port [R21.pin2] is not connected to net [SWCLK] by a PCB trace.
Port [R22.pin1] is not connected to net [NRST_GUARDED] by a PCB trace.
Port [R22.pin2] is not connected to net [NRST] by a PCB trace.
Port [R51.pin1] is not connected to net [VBUS_ADC] by a PCB trace.
Port [R52.pin1] is not connected to net [SWDIO] by a PCB trace.
Port [R53.pin1] is not connected to net [SWCLK] by a PCB trace.
Port [J_IO.pin2] is not connected to net [CAN_H] by a PCB trace.
Port [J_IO.pin3] is not connected to net [CAN_L] by a PCB trace.
Port [J_IO.pin5] is not connected to net [EXT_STEP_CONN] by a PCB trace.
Port [J_IO.pin6] is not connected to net [EXT_DIR_CONN] by a PCB trace.
Port [J_IO.pin7] is not connected to net [EXT_ENABLE_N_CONN] by a PCB trace.
Port [J_IO.pin8] is not connected to net [LIMIT1_CONN] by a PCB trace.
Port [J_IO.pin9] is not connected to net [LIMIT2_CONN] by a PCB trace.
Port [J_MOTOR.pin1] is not connected to net [MOTOR_A1] by a PCB trace.
Port [J_MOTOR.pin2] is not connected to net [MOTOR_A2] by a PCB trace.
Port [J_MOTOR.pin3] is not connected to net [MOTOR_B1] by a PCB trace.
Port [J_MOTOR.pin4] is not connected to net [MOTOR_B2] by a PCB trace.
Port [D_IO1.D1_POS] is not connected to net [EXT_STEP_CONN] by a PCB trace.
Port [D_IO1.D1_NEG] is not connected to net [EXT_DIR_CONN] by a PCB trace.
Port [D_IO1.D2_POS] is not connected to net [EXT_ENABLE_N_CONN] by a PCB trace.
Port [D_IO1.D2_NEG] is not connected to net [LIMIT1_CONN] by a PCB trace.
Port [D_IO2.D1_POS] is not connected to net [LIMIT2_CONN] by a PCB trace.
Port [D_CAN.pin1] is not connected to net [CAN_H] by a PCB trace.
Port [D_CAN.pin2] is not connected to net [CAN_L] by a PCB trace.
Port [R23.pin1] is not connected to net [EXT_STEP_CONN] by a PCB trace.
Port [R23.pin2] is not connected to net [EXT_STEP] by a PCB trace.
Port [R24.pin1] is not connected to net [EXT_DIR_CONN] by a PCB trace.
Port [R24.pin2] is not connected to net [EXT_DIR] by a PCB trace.
Port [R25.pin1] is not connected to net [EXT_ENABLE_N_CONN] by a PCB trace.
Port [R25.pin2] is not connected to net [EXT_ENABLE_N] by a PCB trace.
Port [R26.pin1] is not connected to net [LIMIT1_CONN] by a PCB trace.
Port [R26.pin2] is not connected to net [LIMIT1] by a PCB trace.
Port [R27.pin1] is not connected to net [LIMIT2_CONN] by a PCB trace.
Port [R27.pin2] is not connected to net [LIMIT2] by a PCB trace.
Port [R28.pin1] is not connected to net [EXT_STEP] by a PCB trace.
Port [R29.pin1] is not connected to net [EXT_DIR] by a PCB trace.
Port [R30.pin1] is not connected to net [V3V3] by a PCB trace.
Port [R30.pin2] is not connected to net [EXT_ENABLE_N] by a PCB trace.
Port [R31.pin1] is not connected to net [V3V3] by a PCB trace.
Port [R31.pin2] is not connected to net [LIMIT1] by a PCB trace.
Port [R32.pin1] is not connected to net [V3V3] by a PCB trace.
Port [R32.pin2] is not connected to net [LIMIT2] by a PCB trace.
Port [R34.pin1] is not connected to net [V3V3] by a PCB trace.
Port [R34.pin2] is not connected to net [CAN_RS] by a PCB trace.
Port [C30.pin1] is not connected to net [LIMIT1] by a PCB trace.
Port [C31.pin1] is not connected to net [LIMIT2] by a PCB trace.
Port [R35.pin1] is not connected to net [V3V3] by a PCB trace.
Port [R36.pin1] is not connected to net [LED_STATUS_DRIVE] by a PCB trace.
Port [R37.pin1] is not connected to net [LED_FAULT_DRIVE] by a PCB trace.
Port [R37.pin2] is not connected to net [LED_FAULT_A] by a PCB trace.
Port [LED_FAULT.anode] is not connected to net [LED_FAULT_A] by a PCB trace.
Port [U10.IN1] is not connected to net [VBUS_PROTECTED] by a PCB trace.
Port [U10.IN2] is not connected to net [VBUS_PROTECTED] by a PCB trace.
Port [U10.OUT1] is not connected to net [VM] by a PCB trace.
Port [U10.OUT2] is not connected to net [VM] by a PCB trace.
Port [U10.RTN] is not connected to net [EFUSE_RTN] by a PCB trace.
Port [U10.MODE] is not connected to net [EFUSE_RTN] by a PCB trace.
Port [U10.EP] is not connected to net [EFUSE_RTN] by a PCB trace.
Port [U10.N_FLT] is not connected to net [EFUSE_FLT_N] by a PCB trace.
Port [Q_ILIM.pin1] is not connected to net [POWER_HIGH_CURRENT] by a PCB trace.
Port [Q_ILIM.pin2] is not connected to net [EFUSE_RTN] by a PCB trace.
Port [R38.pin1] is not connected to net [VBUS_PROTECTED] by a PCB trace.
Port [R39.pin2] is not connected to net [EFUSE_RTN] by a PCB trace.
Port [R40.pin1] is not connected to net [VBUS_PROTECTED] by a PCB trace.
Port [R41.pin2] is not connected to net [EFUSE_OVP_TOP_2] by a PCB trace.
Port [R42.pin1] is not connected to net [EFUSE_OVP_TOP_2] by a PCB trace.
Port [R43.pin2] is not connected to net [EFUSE_RTN] by a PCB trace.
Port [R44.pin2] is not connected to net [EFUSE_RTN] by a PCB trace.
Port [R46.pin1] is not connected to net [POWER_HIGH_CURRENT] by a PCB trace.
Port [C33.pin2] is not connected to net [EFUSE_RTN] by a PCB trace.
Port [C34.pin1] is not connected to net [VBUS_PROTECTED] by a PCB trace.
Port [R48.pin1] is not connected to net [V3V3] by a PCB trace.
Port [R48.pin2] is not connected to net [EFUSE_FLT_N] by a PCB trace.
Generating preview images...
[index] Generating PCB PNG...
[index] Written pcb.png

Build complete
  Circuits  0 passed 1 failed
  Options   pcb-png
  Output    dist

⚠ Build completed with errors
Build exiting with code 1: circuit build errors occurred
