placement summary: 1 courtyard collision

worst issues:
1. C_VCORE and C20 courtyard collision by 0.95mm. Suggested move: move C_VCORE 0.95mm up.

board top-layer utilization:
- occupied: 58.09% (711.604mm^2 of 1225mm^2)
- empty spaces over 5% of board area: none

board-edge status:
- U1: 5.15mm inside right edge
- U_RESET: 6.475mm inside top edge
- C_RESET: 7.48mm inside right edge
- U_FLASH: 0.927mm inside right edge
- R_FLASH_CS: 0.73mm inside right edge
- C_FLASH: 2.08mm inside right edge
- Y_RP: 8.7mm inside right edge
- R_XOUT: 10.284mm inside right edge
- C_XIN: 7.48mm inside right edge
- C_XOUT: 10.08mm inside top edge
- R_USB_DM: 6.63mm inside right edge
- R_USB_DP: 7.73mm inside right edge
- R1: 6.534mm inside right edge
- C5: 1.83mm inside right edge
- C1: 12.83mm inside bottom edge
- C_IO2: 13.48mm inside right edge
- C_IO3: 8.08mm inside right edge
- C_IO4: 3.98mm inside right edge
- C_IO5: 3.98mm inside right edge
- C_IO6: 10.33mm inside bottom edge
- C_ADC: 4.08mm inside right edge
- C_USBPHY: 8.98mm inside right edge
- C2: 3.55mm inside right edge
- C_VCORE: 6.15mm inside right edge
- C3: 6.08mm inside right edge
- C4: 10.23mm inside right edge
- U9: 9.45mm inside left edge
- R2: 9.98mm inside bottom edge
- R3: 9.23mm inside bottom edge
- R33: 11.23mm inside bottom edge
- C32: 9.18mm inside bottom edge
- BZ1: 1.65mm inside bottom edge
- D_BUZZ: 7.078mm inside bottom edge
- Q_BUZZ: 8.3mm inside bottom edge
- R_BUZZ_GATE: 6.534mm inside bottom edge
- R_BUZZ_OFF: 8.784mm inside bottom edge
- C_BUZZ: 7.4mm inside bottom edge
- U6: 2mm inside bottom edge
- C7: 9.63mm inside bottom edge
- R49: 4.48mm inside bottom edge
- R50: 0.73mm inside bottom edge
- U_CAN: 11.76mm inside top edge
- Y_CAN: 6.2mm inside top edge
- C_CAN_XIN: 8.73mm inside top edge
- C_CAN_XOUT: 8.48mm inside top edge
- C_CAN_CORE: 15.73mm inside top edge
- R_CAN_CS: 14.98mm inside right edge
- R_CAN_INT: 12.73mm inside top edge
- C_CAN_XIN2: 8.33mm inside top edge
- C_CAN_XOUT2: 4.73mm inside top edge
- U5: 0.775mm inside left edge
- C8: 2.636mm inside left edge
- C9: 0.9mm inside left edge
- C10: 0.9mm inside left edge
- L1: 4.1mm inside left edge
- C11: 2.825mm inside top edge
- C12: 1.075mm inside top edge
- U2: 5.55mm inside left edge
- C13: 8.08mm inside left edge
- C14: 10.65mm inside left edge
- C15: 13.325mm inside left edge
- C16: 11.48mm inside left edge
- C17: 2.4mm inside left edge
- C18: 1.165mm inside left edge
- C19: 1.98mm inside left edge
- C20: 5.33mm inside right edge
- R5: 0.567mm inside left edge
- R6: 0.567mm inside left edge
- R4: 12.784mm inside left edge
- R7: 10.784mm inside left edge
- R8: 12.23mm inside bottom edge
- R9: 11.73mm inside bottom edge
- R10: 11.23mm inside bottom edge
- R11: 10.98mm inside bottom edge
- C21: 3.23mm inside left edge
- J_USB: 1.76mm inside top edge
- U3: 4.4mm inside left edge
- Q_PD_IN: 5.5mm inside left edge
- Q_PD_OUT: 6.57mm inside left edge
- R13: 9.73mm inside left edge
- R_PD_GATE: 5.23mm inside left edge
- R14: 5.23mm inside left edge
- C_PD_VDD: 7.55mm inside bottom edge
- C_PD_1V2: 4.05mm inside bottom edge
- C_PD_2V7: 6.4mm inside left edge
- R_PD_RESET: 3.23mm inside left edge
- R12: 4.48mm inside bottom edge
- R_PD_OK: 2.784mm inside bottom edge
- R_PD_SENSE: 1.649mm inside bottom edge
- R_PD_DISCH1: 0.899mm inside left edge
- R_PD_DISCH2: 5.649mm inside left edge
- D_USB: 10.05mm inside top edge
- D_VBUS: 3.55mm inside top edge
- C25: 3.55mm inside top edge
- C26: 2.5mm inside bottom edge
- R16: 4.73mm inside top edge
- R17: 5.23mm inside top edge
- R18: 3.48mm inside top edge
- C27: 10.73mm inside top edge
- J_SWD: 0.325mm inside right edge
- U7: 6.4mm inside top edge
- U8: 8.8mm inside right edge
- R19: 7.534mm inside right edge
- C28: 6.63mm inside right edge
- C29: 12.23mm inside top edge
- R20: 4.534mm inside right edge
- R21: 4.784mm inside right edge
- R22: 3.48mm inside top edge
- R51: 11.784mm inside right edge
- R52: 8.284mm inside right edge
- R53: 6.034mm inside right edge
- J_IO: 0.687mm inside right edge
- J_MOTOR: 2.9mm inside bottom edge
- D_IO1: 7.4mm inside right edge
- D_IO2: 7.4mm inside right edge
- D_CAN: 7.13mm inside right edge
- R23: 11.034mm inside right edge
- R24: 11.284mm inside right edge
- R25: 10.784mm inside right edge
- R26: 10.534mm inside right edge
- R27: 9.784mm inside right edge
- R28: 11.23mm inside bottom edge
- R29: 12.784mm inside right edge
- R30: 12.784mm inside right edge
- R31: 12.784mm inside right edge
- R32: 12.034mm inside right edge
- R34: 9.73mm inside bottom edge
- C30: 5.73mm inside bottom edge
- C31: 7.58mm inside right edge
- R35: 12.48mm inside bottom edge
- LED_POWER: 15.097mm inside bottom edge
- R36: 11.23mm inside bottom edge
- LED_STATUS: 13.097mm inside bottom edge
- R37: 11.23mm inside bottom edge
- LED_FAULT: 15.301mm inside right edge
- U10: 7.51mm inside top edge
- Q_ILIM: 11.595mm inside left edge
- R38: 5.98mm inside top edge
- R39: 4.03mm inside top edge
- R40: 3.534mm inside left edge
- R41: 10.784mm inside left edge
- R42: 3.984mm inside top edge
- R43: 1.38mm inside top edge
- R44: 1.04mm inside top edge
- R45: 11.98mm inside top edge
- R46: 9.784mm inside left edge
- C33: 10.55mm inside top edge
- C34: 5.175mm inside top edge
- R48: 3.48mm inside top edge

flagged components:
- C_VCORE
  source placement: placement_mode=none
  resolved placement: center=(10.25mm, 8.2mm) on top; bounds=(minX=9.15mm, maxX=11.35mm, minY=7.75mm, maxY=8.65mm); size=(width=2.2mm, height=0.9mm); anchor_alignment="center"
  board edge status: 6.15mm inside right edge
  issues:
  - C_VCORE and C20 courtyard collision by 0.95mm. Suggested move: move C_VCORE 0.95mm up.
- C20
  source placement: placement_mode=none
  resolved placement: center=(7.75mm, 11.5mm) on top; bounds=(minX=3.33mm, maxX=12.17mm, minY=10.9mm, maxY=12.1mm); size=(width=8.84mm, height=1.2mm); anchor_alignment="center"
  board edge status: 5.33mm inside right edge
  issues:
  - C_VCORE and C20 courtyard collision by 0.95mm. Suggested move: move C_VCORE 0.95mm up.

placement drc:
Errors: 1
Warnings: 0
- pcb_courtyard_overlap_error: Courtyard of C_VCORE overlaps with courtyard of C20
