Building 1 file(s)...
Building mounted-assembly.circuit.tsx...
Generating circuit JSON...
Circuit JSON written to dist/mounted-assembly/circuit.json
The "Y" prefix is being used with a <chip />, try using it with a <crystal />
The "Q" prefix is being used with a <chip />, try using it with a <transistor />
The "Q" prefix is being used with a <chip />, try using it with a <transistor />
The "Q" prefix is being used with a <chip />, try using it with a <transistor />
The "J" prefix is being used with a <chip />, try using it with a <connector /> or <jumper />
The "J" prefix is being used with a <chip />, try using it with a <connector /> or <jumper />
The "Q" prefix is being used with a <chip />, try using it with a <transistor />
Differential pair "USB_RECEPTACLE_PAIR" positiveConnection=".R_USB_DP > port.pin1" is not point-to-point: expected exactly 2 terminal pins, found 4: .D_USB > .pin1, .J_USB > .DP1, .J_USB > .DP2, and .R_USB_DP > .pin1.
Differential pair "USB_RECEPTACLE_PAIR" negativeConnection=".R_USB_DM > port.pin1" is not point-to-point: expected exactly 2 terminal pins, found 4: .D_USB > .pin2, .J_USB > .DN1, .J_USB > .DN2, and .R_USB_DM > .pin1.
Y_RP has no pin with requires_power=true
U9 has no pin with requires_power=true
BZ1 has no pin with requires_power=true
BZ1 has no pin with requires_ground=true
Q_BUZZ has no pin with requires_power=true
Q_BUZZ has no pin with requires_ground=true
All pins on Q_BUZZ are underspecified (no pinAttributes set)
Q_PD_IN has no pin with requires_power=true
Q_PD_IN has no pin with requires_ground=true
All pins on Q_PD_IN are underspecified (no pinAttributes set)
Q_PD_OUT has no pin with requires_power=true
Q_PD_OUT has no pin with requires_ground=true
All pins on Q_PD_OUT are underspecified (no pinAttributes set)
D_USB has no pin with requires_power=true
D_VBUS has no pin with requires_power=true
D_VBUS has no pin with requires_ground=true
All pins on D_VBUS are underspecified (no pinAttributes set)
J_IO has no pin with requires_power=true
J_IO has no pin with requires_ground=true
All pins on J_IO are underspecified (no pinAttributes set)
J_MOTOR has no pin with requires_power=true
J_MOTOR has no pin with requires_ground=true
All pins on J_MOTOR are underspecified (no pinAttributes set)
D_IO1 has no pin with requires_power=true
D_IO2 has no pin with requires_power=true
D_CAN has no pin with requires_power=true
D_CAN has no pin with requires_ground=true
All pins on D_CAN are underspecified (no pinAttributes set)
U10 has no pin with requires_power=true
Q_ILIM has no pin with requires_power=true
Q_ILIM has no pin with requires_ground=true
All pins on Q_ILIM are underspecified (no pinAttributes set)
Generating preview images...
[mounted-assembly] Generating PCB SVG...
[mounted-assembly] Written pcb.svg
[mounted-assembly] Generating schematic SVG...
[mounted-assembly] Written schematic.svg
[mounted-assembly] Generating 3D PNG...
[mounted-assembly] Written 3d.png

Build complete
  Circuits  1 passed
  Options   3d
  Output    dist

✓ Done
Build exiting with code 0: build finished successfully
