{
  "revision": "0.0.46-alpha.0",
  "input": "evidence/rev-0.0.46-alpha.0/routing/controls056/circuit.json",
  "input_sha256": "be6bb1f9be4f03bc6eb2aad4ceb470db3bc1e430fe9f46ce0979fe3097efff52",
  "scope": "Actual tracks, drills, component/test pads, board edges, NPTH and mechanical keepouts. USB path length is independently measured by measure-usb-paths.py; absent legacy trace-name lengths below are not a USB pass. Pour geometry, silkscreen, paste, impedance CAM and full connectivity remain separate checks.",
  "track_count": 82,
  "segment_count": 564,
  "via_count": 50,
  "thermal_manifest_sha256": null,
  "reviewed_thermal_drill_contacts": [],
  "filled_manifest_sha256": null,
  "reviewed_filled_contacts": [],
  "filled_features_matched": [],
  "usb_path_lengths_mm": {},
  "usb_length_skew_mm": null,
  "minimum_clearances": {
    "via_drill_to_pad_mm": {
      "via": "pcb_via_2",
      "reference": "C_PD_2V7",
      "pad": "pcb_smtpad_352",
      "same_net": true,
      "actual_mm": 0.35000089999999984,
      "required_mm": 0.35
    },
    "track_to_pad_mm": {
      "track": "saved_phase_null_0_34",
      "segment": 1,
      "pad": "pcb_smtpad_196",
      "reference": "C_CAN_XOUT2",
      "actual_mm": 0.0,
      "required_mm": 0.1
    },
    "track_to_track_mm": {
      "first": "saved_phase_null_0_58",
      "first_segment": 0,
      "second": "saved_phase_null_0_77",
      "second_segment": 2,
      "layer": "top",
      "actual_mm": 0.0,
      "required_mm": 0.15
    },
    "via_to_track_mm": {
      "via": "pcb_via_25",
      "track": "saved_phase_null_0_79",
      "segment": 1,
      "layer": "top",
      "actual_mm": -0.09409839313980617,
      "required_mm": 0.15
    },
    "via_to_via_mm": {
      "first": "pcb_via_32",
      "second": "pcb_via_34",
      "actual_mm": 0.20000000000000034,
      "required_mm": 0.15
    },
    "via_hole_to_via_hole_mm": {
      "first": "pcb_via_32",
      "second": "pcb_via_34",
      "actual_mm": 0.35000000000000037,
      "required_mm": 0.35
    }
  },
  "measurement_counts": {
    "via_drill_to_pad_mm": 27900,
    "track_to_pad_mm": 135959,
    "track_to_track_mm": 60630,
    "via_to_track_mm": 27421,
    "via_to_via_mm": 1225,
    "via_hole_to_via_hole_mm": 1225
  },
  "violations": [
    {
      "check": "track_to_pad_mm",
      "track": "saved_phase_null_0_34",
      "segment": 1,
      "pad": "pcb_smtpad_196",
      "reference": "C_CAN_XOUT2",
      "actual_mm": 0.0,
      "required_mm": 0.1
    },
    {
      "check": "track_to_track_mm",
      "first": "saved_phase_null_0_58",
      "first_segment": 0,
      "second": "saved_phase_null_0_77",
      "second_segment": 2,
      "layer": "top",
      "actual_mm": 0.0,
      "required_mm": 0.15
    },
    {
      "check": "track_to_track_mm",
      "first": "saved_phase_null_0_58",
      "first_segment": 0,
      "second": "saved_phase_null_0_77",
      "second_segment": 3,
      "layer": "top",
      "actual_mm": 0.0,
      "required_mm": 0.15
    },
    {
      "check": "track_to_track_mm",
      "first": "saved_phase_null_0_58",
      "first_segment": 1,
      "second": "saved_phase_null_0_77",
      "second_segment": 2,
      "layer": "top",
      "actual_mm": 0.0,
      "required_mm": 0.15
    },
    {
      "check": "via_to_track_mm",
      "via": "pcb_via_25",
      "track": "saved_phase_null_0_78",
      "segment": 1,
      "layer": "top",
      "actual_mm": 0.09409839313980636,
      "required_mm": 0.15
    },
    {
      "check": "via_to_track_mm",
      "via": "pcb_via_25",
      "track": "saved_phase_null_0_79",
      "segment": 1,
      "layer": "top",
      "actual_mm": -0.09409839313980617,
      "required_mm": 0.15
    },
    {
      "check": "via_to_track_mm",
      "via": "pcb_via_25",
      "track": "saved_phase_null_0_80",
      "segment": 1,
      "layer": "top",
      "actual_mm": -0.09409839313980617,
      "required_mm": 0.15
    },
    {
      "check": "via_to_track_mm",
      "via": "pcb_via_25",
      "track": "saved_phase_null_0_81",
      "segment": 1,
      "layer": "top",
      "actual_mm": -0.09409839313980617,
      "required_mm": 0.15
    }
  ],
  "passed": false
}
