Building 1 file(s)...
Building scripts/all-imports-audit.circuit.tsx...
Generating circuit JSON...
Circuit JSON written to dist/scripts/all-imports-audit/circuit.json
Component AUDIT_C11702 has ftype="simple_resistor" but reference designator should start with R
Component AUDIT_C13585 has ftype="simple_capacitor" but reference designator should start with C
Component AUDIT_C14663 has ftype="simple_capacitor" but reference designator should start with C
Component AUDIT_C1525 has ftype="simple_capacitor" but reference designator should start with C
Component AUDIT_C17168 has ftype="simple_resistor" but reference designator should start with R
Component AUDIT_C178585 has ftype="simple_capacitor" but reference designator should start with C
Component AUDIT_C19947652 has ftype="simple_inductor" but reference designator should start with one of L, FB
Component AUDIT_C23733 has ftype="simple_capacitor" but reference designator should start with C
Component AUDIT_C25076 has ftype="simple_resistor" but reference designator should start with R
Component AUDIT_C25079 has ftype="simple_resistor" but reference designator should start with R
Component AUDIT_C25744 has ftype="simple_resistor" but reference designator should start with R
Component AUDIT_C25767 has ftype="simple_resistor" but reference designator should start with R
Component AUDIT_C25792 has ftype="simple_resistor" but reference designator should start with R
Component AUDIT_C25900 has ftype="simple_resistor" but reference designator should start with R
Component AUDIT_C268016 has ftype="simple_capacitor" but reference designator should start with C
Component AUDIT_C307335 has ftype="simple_capacitor" but reference designator should start with C
Component AUDIT_C45194 has ftype="simple_resistor" but reference designator should start with R
Component AUDIT_C45783 has ftype="simple_capacitor" but reference designator should start with C
Component AUDIT_C5127775 has ftype="simple_resistor" but reference designator should start with R
Component AUDIT_C5448795 has ftype="simple_capacitor" but reference designator should start with C
Component AUDIT_C852472 has ftype="simple_resistor" but reference designator should start with R
Component AUDIT_C852895 has ftype="simple_resistor" but reference designator should start with R
Component AUDIT_C965805 has ftype="simple_led" but reference designator should start with one of D, LED
Component AUDIT_C98192 has ftype="simple_capacitor" but reference designator should start with C
Component AUDIT_C513714 has ftype="simple_resistor" but reference designator should start with R
Port GND on AUDIT_C1121848 is missing a trace
Port VCC on AUDIT_C1121848 is missing a trace
Port pin1 on AUDIT_C11702 is missing a trace
Port pin2 on AUDIT_C11702 is missing a trace
Port GND on AUDIT_C12084 is missing a trace
Port VCC on AUDIT_C12084 is missing a trace
Port pin1 on AUDIT_C13585 is missing a trace
Port pin2 on AUDIT_C13585 is missing a trace
Port GND2 on AUDIT_C138714 is missing a trace
Port GND1 on AUDIT_C138714 is missing a trace
Port pin1 on AUDIT_C14663 is missing a trace
Port pin2 on AUDIT_C14663 is missing a trace
Port pin1 on AUDIT_C1525 is missing a trace
Port pin2 on AUDIT_C1525 is missing a trace
Port pin1 on AUDIT_C17168 is missing a trace
Port pin2 on AUDIT_C17168 is missing a trace
Port pin2 on AUDIT_C178585 is missing a trace
Port pin1 on AUDIT_C178585 is missing a trace
Port pin1 on AUDIT_C19947652 is missing a trace
Port pin2 on AUDIT_C19947652 is missing a trace
Port pin1 on AUDIT_C23733 is missing a trace
Port pin2 on AUDIT_C23733 is missing a trace
Port pin1 on AUDIT_C25076 is missing a trace
Port pin2 on AUDIT_C25076 is missing a trace
Port pin1 on AUDIT_C25079 is missing a trace
Port pin2 on AUDIT_C25079 is missing a trace
Port pin1 on AUDIT_C25744 is missing a trace
Port pin2 on AUDIT_C25744 is missing a trace
Port pin1 on AUDIT_C25767 is missing a trace
Port pin2 on AUDIT_C25767 is missing a trace
Port pin1 on AUDIT_C25792 is missing a trace
Port pin2 on AUDIT_C25792 is missing a trace
Port pin1 on AUDIT_C25900 is missing a trace
Port pin2 on AUDIT_C25900 is missing a trace
Port GND on AUDIT_C2673275 is missing a trace
Port VDD on AUDIT_C2673275 is missing a trace
Port pin1 on AUDIT_C268016 is missing a trace
Port pin2 on AUDIT_C268016 is missing a trace
Port GND on AUDIT_C28927 is missing a trace
Port pin1 on AUDIT_C307335 is missing a trace
Port pin2 on AUDIT_C307335 is missing a trace
Port GND on AUDIT_C3662793 is missing a trace
Port pin1 on AUDIT_C45194 is missing a trace
Port pin2 on AUDIT_C45194 is missing a trace
Port pin1 on AUDIT_C45783 is missing a trace
Port pin2 on AUDIT_C45783 is missing a trace
Port GND2 on AUDIT_C465949 is missing a trace
Port GND1 on AUDIT_C465949 is missing a trace
Port pin1 on AUDIT_C5127775 is missing a trace
Port pin2 on AUDIT_C5127775 is missing a trace
Port GND on AUDIT_C5218924 is missing a trace
Port VDD on AUDIT_C5218924 is missing a trace
Port pin1 on AUDIT_C5448795 is missing a trace
Port pin2 on AUDIT_C5448795 is missing a trace
Port VIN on AUDIT_C780769 is missing a trace
Port GND on AUDIT_C780769 is missing a trace
Port GND on AUDIT_C79815 is missing a trace
Port pin1 on AUDIT_C852472 is missing a trace
Port pin2 on AUDIT_C852472 is missing a trace
Port pin1 on AUDIT_C852895 is missing a trace
Port pin2 on AUDIT_C852895 is missing a trace
Port pin3 on AUDIT_C94934 is missing a trace
Port cathode on AUDIT_C965805 is missing a trace
Port anode on AUDIT_C965805 is missing a trace
Port pin1 on AUDIT_C98192 is missing a trace
Port pin2 on AUDIT_C98192 is missing a trace
Port pin1 on AUDIT_C513714 is missing a trace
Port pin2 on AUDIT_C513714 is missing a trace
No <schematicsheet> was found. Add a <schematicsheet> to define the schematic drawing area.
All pins on AUDIT_C12067 are underspecified (no pinAttributes set)
All pins on AUDIT_C160409 are underspecified (no pinAttributes set)
All pins on AUDIT_C1974707 are underspecified (no pinAttributes set)
All pins on AUDIT_C189895 are underspecified (no pinAttributes set)
All pins on AUDIT_C2965326 are underspecified (no pinAttributes set)
All pins on AUDIT_C5143397 are underspecified (no pinAttributes set)
All pins on AUDIT_C82045 are underspecified (no pinAttributes set)
AUDIT_C12067 has no pin with requires_power=true
AUDIT_C138714 has no pin with requires_power=true
AUDIT_C160409 has no pin with requires_power=true
AUDIT_C1974707 has no pin with requires_power=true
AUDIT_C189895 has no pin with requires_power=true
AUDIT_C28927 has no pin with requires_power=true
AUDIT_C2965326 has no pin with requires_power=true
AUDIT_C3662793 has no pin with requires_power=true
AUDIT_C465949 has no pin with requires_power=true
AUDIT_C5143397 has no pin with requires_power=true
AUDIT_C79815 has no pin with requires_power=true
AUDIT_C82045 has no pin with requires_power=true
AUDIT_C94934 has no pin with requires_power=true
AUDIT_C12067 has no pin with requires_ground=true
AUDIT_C160409 has no pin with requires_ground=true
AUDIT_C1974707 has no pin with requires_ground=true
AUDIT_C189895 has no pin with requires_ground=true
AUDIT_C2965326 has no pin with requires_ground=true
AUDIT_C5143397 has no pin with requires_ground=true
AUDIT_C82045 has no pin with requires_ground=true
AUDIT_C12067 is missing schematic reference designator text. For a custom symbol, add name="{REFDES}" inside the symbol.
AUDIT_C1974707 is missing schematic reference designator text. For a custom symbol, add name="{REFDES}" inside the symbol.
AUDIT_C2965326 is missing schematic reference designator text. For a custom symbol, add name="{REFDES}" inside the symbol.
AUDIT_C82045 is missing schematic reference designator text. For a custom symbol, add name="{REFDES}" inside the symbol.
AUDIT_C94934 is missing schematic reference designator text. For a custom symbol, add name="{REFDES}" inside the symbol.
Failed to fetch supplier footprint for <resistor#287 name=".AUDIT_C513714" /> (jlcpcb:C513714): Unable to connect. Is the computer able to access the url?
Failed to fetch supplier footprint for <capacitor#284 name=".AUDIT_C98192" /> (jlcpcb:C98192): Unable to connect. Is the computer able to access the url?
Failed to fetch supplier footprint for <led#281 name=".AUDIT_C965805" /> (jlcpcb:C965805): Unable to connect. Is the computer able to access the url?
Failed to fetch supplier footprint for <chip#280 name=".AUDIT_C94934" /> (jlcpcb:C94934): Unable to connect. Is the computer able to access the url?
Failed to fetch supplier footprint for <resistor#277 name=".AUDIT_C852895" /> (jlcpcb:C852895): Unable to connect. Is the computer able to access the url?
Failed to fetch supplier footprint for <resistor#274 name=".AUDIT_C852472" /> (jlcpcb:C852472): Unable to connect. Is the computer able to access the url?
Failed to fetch supplier footprint for <chip#273 name=".AUDIT_C82045" /> (jlcpcb:C82045): Unable to connect. Is the computer able to access the url?
Failed to fetch supplier footprint for <chip#264 name=".AUDIT_C79815" /> (jlcpcb:C79815): Unable to connect. Is the computer able to access the url?
Failed to fetch supplier footprint for <chip#257 name=".AUDIT_C780769" /> (jlcpcb:C780769): Unable to connect. Is the computer able to access the url?
Failed to fetch supplier footprint for <capacitor#254 name=".AUDIT_C5448795" /> (jlcpcb:C5448795): Unable to connect. Is the computer able to access the url?
Failed to fetch supplier footprint for <chip#250 name=".AUDIT_C5218924" /> (jlcpcb:C5218924): Unable to connect. Is the computer able to access the url?
Failed to fetch supplier footprint for <chip#233 name=".AUDIT_C5143397" /> (jlcpcb:C5143397): Unable to connect. Is the computer able to access the url?
Failed to fetch supplier footprint for <resistor#230 name=".AUDIT_C5127775" /> (jlcpcb:C5127775): Unable to connect. Is the computer able to access the url?
Failed to fetch supplier footprint for <chip#200 name=".AUDIT_C465949" /> (jlcpcb:C465949): Unable to connect. Is the computer able to access the url?
Failed to fetch supplier footprint for <capacitor#197 name=".AUDIT_C45783" /> (jlcpcb:C45783): Unable to connect. Is the computer able to access the url?
Failed to fetch supplier footprint for <resistor#194 name=".AUDIT_C45194" /> (jlcpcb:C45194): Unable to connect. Is the computer able to access the url?
Failed to fetch supplier footprint for <chip#183 name=".AUDIT_C3662793" /> (jlcpcb:C3662793): Unable to connect. Is the computer able to access the url?
Failed to fetch supplier footprint for <capacitor#180 name=".AUDIT_C307335" /> (jlcpcb:C307335): Unable to connect. Is the computer able to access the url?
Failed to fetch supplier footprint for <chip#179 name=".AUDIT_C2965326" /> (jlcpcb:C2965326): Unable to connect. Is the computer able to access the url?
Failed to fetch supplier footprint for <chip#172 name=".AUDIT_C28927" /> (jlcpcb:C28927): Unable to connect. Is the computer able to access the url?
Failed to fetch supplier footprint for <chip#123 name=".AUDIT_C2847904" /> (jlcpcb:C2847904): Unable to connect. Is the computer able to access the url?
Failed to fetch supplier footprint for <capacitor#120 name=".AUDIT_C268016" /> (jlcpcb:C268016): Unable to connect. Is the computer able to access the url?
Failed to fetch supplier footprint for <chip#103 name=".AUDIT_C2673275" /> (jlcpcb:C2673275): Unable to connect. Is the computer able to access the url?
Failed to fetch supplier footprint for <chip#96 name=".AUDIT_C189895" /> (jlcpcb:C189895): Unable to connect. Is the computer able to access the url?
Failed to fetch supplier footprint for <resistor#93 name=".AUDIT_C25900" /> (jlcpcb:C25900): Unable to connect. Is the computer able to access the url?
Failed to fetch supplier footprint for <resistor#90 name=".AUDIT_C25792" /> (jlcpcb:C25792): Unable to connect. Is the computer able to access the url?
Failed to fetch supplier footprint for <resistor#87 name=".AUDIT_C25767" /> (jlcpcb:C25767): Unable to connect. Is the computer able to access the url?
Failed to fetch supplier footprint for <resistor#84 name=".AUDIT_C25744" /> (jlcpcb:C25744): Unable to connect. Is the computer able to access the url?
Failed to fetch supplier footprint for <resistor#81 name=".AUDIT_C25079" /> (jlcpcb:C25079): Unable to connect. Is the computer able to access the url?
Failed to fetch supplier footprint for <resistor#78 name=".AUDIT_C25076" /> (jlcpcb:C25076): Unable to connect. Is the computer able to access the url?
Failed to fetch supplier footprint for <capacitor#75 name=".AUDIT_C23733" /> (jlcpcb:C23733): Unable to connect. Is the computer able to access the url?
Failed to fetch supplier footprint for <inductor#72 name=".AUDIT_C19947652" /> (jlcpcb:C19947652): Unable to connect. Is the computer able to access the url?
Failed to fetch supplier footprint for <chip#71 name=".AUDIT_C1974707" /> (jlcpcb:C1974707): Unable to connect. Is the computer able to access the url?
Failed to fetch supplier footprint for <capacitor#68 name=".AUDIT_C178585" /> (jlcpcb:C178585): Unable to connect. Is the computer able to access the url?
Failed to fetch supplier footprint for <resistor#65 name=".AUDIT_C17168" /> (jlcpcb:C17168): Unable to connect. Is the computer able to access the url?
Failed to fetch supplier footprint for <chip#52 name=".AUDIT_C160409" /> (jlcpcb:C160409): Unable to connect. Is the computer able to access the url?
Failed to fetch supplier footprint for <capacitor#49 name=".AUDIT_C1525" /> (jlcpcb:C1525): Unable to connect. Is the computer able to access the url?
Failed to fetch supplier footprint for <capacitor#46 name=".AUDIT_C14663" /> (jlcpcb:C14663): Unable to connect. Is the computer able to access the url?
Failed to fetch supplier footprint for <chip#35 name=".AUDIT_C138714" /> (jlcpcb:C138714): Unable to connect. Is the computer able to access the url?
Failed to fetch supplier footprint for <capacitor#32 name=".AUDIT_C13585" /> (jlcpcb:C13585): Unable to connect. Is the computer able to access the url?
Failed to fetch supplier footprint for <chip#23 name=".AUDIT_C12084" /> (jlcpcb:C12084): Unable to connect. Is the computer able to access the url?
Failed to fetch supplier footprint for <chip#22 name=".AUDIT_C12067" /> (jlcpcb:C12067): Unable to connect. Is the computer able to access the url?
Failed to fetch supplier footprint for <resistor#19 name=".AUDIT_C11702" /> (jlcpcb:C11702): Unable to connect. Is the computer able to access the url?
Failed to fetch supplier footprint for <chip#5 name=".AUDIT_C1121848" /> (jlcpcb:C1121848): Unable to connect. Is the computer able to access the url?
Generating preview images...
[scripts/all-imports-audit] Generating PCB SVG...
[scripts/all-imports-audit] Written pcb.svg

Build complete
  Circuits  1 passed
  Options   pcb-svgs
  Output    dist

✓ Done
Build exiting with code 0: build finished successfully
