$ tsci build assembly.circuit.tsx --3d-png --glbs
Building 1 file(s)...
Building assembly.circuit.tsx...
Generating circuit JSON...
Circuit JSON written to dist/assembly/circuit.json
The "J" prefix is being used with a <chip />, try using it with a <connector /> or <jumper />
The "Q" prefix is being used with a <chip />, try using it with a <transistor />
The "J" prefix is being used with a <chip />, try using it with a <connector /> or <jumper />
The "J" prefix is being used with a <chip />, try using it with a <connector /> or <jumper />
The "Q" prefix is being used with a <chip />, try using it with a <transistor />
All pins on Q_PD are underspecified (no pinAttributes set)
All pins on D_VBUS are underspecified (no pinAttributes set)
All pins on J_IO are underspecified (no pinAttributes set)
All pins on J_MOTOR are underspecified (no pinAttributes set)
All pins on D_CAN are underspecified (no pinAttributes set)
All pins on Q_ILIM are underspecified (no pinAttributes set)
U4 has no pin with requires_power=true
U2 has no pin with requires_power=true
J_USB has no pin with requires_power=true
Q_PD has no pin with requires_power=true
D_USB has no pin with requires_power=true
D_VBUS has no pin with requires_power=true
J_IO has no pin with requires_power=true
J_MOTOR has no pin with requires_power=true
U9 has no pin with requires_power=true
D_IO1 has no pin with requires_power=true
D_IO2 has no pin with requires_power=true
D_CAN has no pin with requires_power=true
U10 has no pin with requires_power=true
Q_ILIM has no pin with requires_power=true
J_USB has no pin with requires_ground=true
Q_PD has no pin with requires_ground=true
D_VBUS has no pin with requires_ground=true
J_IO has no pin with requires_ground=true
J_MOTOR has no pin with requires_ground=true
D_CAN has no pin with requires_ground=true
Q_ILIM has no pin with requires_ground=true
Q_PD is missing schematic reference designator text. For a custom symbol, add name="{REFDES}" inside the symbol.
D_USB is missing schematic reference designator text. For a custom symbol, add name="{REFDES}" inside the symbol.
D_VBUS is missing schematic reference designator text. For a custom symbol, add name="{REFDES}" inside the symbol.
D_CAN is missing schematic reference designator text. For a custom symbol, add name="{REFDES}" inside the symbol.
Q_ILIM is missing schematic reference designator text. For a custom symbol, add name="{REFDES}" inside the symbol.
Failed to fetch supplier footprint for <resistor#618(.InputPower>.R48) /> (jlcpcb:C25744): Unable to connect. Is the computer able to access the url?
Failed to fetch supplier footprint for <capacitor#615(.InputPower>.C33) /> (jlcpcb:C14663): Unable to connect. Is the computer able to access the url?
Failed to fetch supplier footprint for <resistor#612(.InputPower>.R47) /> (jlcpcb:C25076): Unable to connect. Is the computer able to access the url?
Failed to fetch supplier footprint for <resistor#609(.InputPower>.R46) /> (jlcpcb:C25744): Unable to connect. Is the computer able to access the url?
Failed to fetch supplier footprint for <resistor#606(.InputPower>.R45) /> (jlcpcb:C45194): Unable to connect. Is the computer able to access the url?
Failed to fetch supplier footprint for <resistor#603(.InputPower>.R44) /> (jlcpcb:C45194): Unable to connect. Is the computer able to access the url?
Failed to fetch supplier footprint for <resistor#600(.InputPower>.R43) /> (jlcpcb:C852895): Unable to connect. Is the computer able to access the url?
Failed to fetch supplier footprint for <resistor#597(.InputPower>.R42) /> (jlcpcb:C11702): Unable to connect. Is the computer able to access the url?
Failed to fetch supplier footprint for <resistor#594(.InputPower>.R41) /> (jlcpcb:C11702): Unable to connect. Is the computer able to access the url?
Failed to fetch supplier footprint for <resistor#591(.InputPower>.R40) /> (jlcpcb:C852472): Unable to connect. Is the computer able to access the url?
Failed to fetch supplier footprint for <resistor#588(.InputPower>.R39) /> (jlcpcb:C25792): Unable to connect. Is the computer able to access the url?
Failed to fetch supplier footprint for <resistor#585(.InputPower>.R38) /> (jlcpcb:C852472): Unable to connect. Is the computer able to access the url?
Failed to fetch supplier footprint for <chip#584(.InputPower>.Q_ILIM) /> (jlcpcb:C82045): Unable to connect. Is the computer able to access the url?
Failed to fetch supplier footprint for <chip#572(.InputPower>.U10) /> (jlcpcb:C3662793): Unable to connect. Is the computer able to access the url?
Failed to fetch supplier footprint for <led#565(.Interfaces>.LED_FAULT) /> (jlcpcb:C965805): Unable to connect. Is the computer able to access the url?
Failed to fetch supplier footprint for <resistor#562(.Interfaces>.R37) /> (jlcpcb:C11702): Unable to connect. Is the computer able to access the url?
Failed to fetch supplier footprint for <led#559(.Interfaces>.LED_STATUS) /> (jlcpcb:C965805): Unable to connect. Is the computer able to access the url?
Failed to fetch supplier footprint for <resistor#556(.Interfaces>.R36) /> (jlcpcb:C11702): Unable to connect. Is the computer able to access the url?
Failed to fetch supplier footprint for <led#553(.Interfaces>.LED_POWER) /> (jlcpcb:C965805): Unable to connect. Is the computer able to access the url?
Failed to fetch supplier footprint for <resistor#550(.Interfaces>.R35) /> (jlcpcb:C11702): Unable to connect. Is the computer able to access the url?
Failed to fetch supplier footprint for <capacitor#547(.Interfaces>.C32) /> (jlcpcb:C1525): Unable to connect. Is the computer able to access the url?
Failed to fetch supplier footprint for <capacitor#544(.Interfaces>.C31) /> (jlcpcb:C1525): Unable to connect. Is the computer able to access the url?
Failed to fetch supplier footprint for <capacitor#541(.Interfaces>.C30) /> (jlcpcb:C1525): Unable to connect. Is the computer able to access the url?
Failed to fetch supplier footprint for <resistor#538(.Interfaces>.R34) /> (jlcpcb:C25744): Unable to connect. Is the computer able to access the url?
Failed to fetch supplier footprint for <resistor#535(.Interfaces>.R33) /> (jlcpcb:C25744): Unable to connect. Is the computer able to access the url?
Failed to fetch supplier footprint for <resistor#532(.Interfaces>.R32) /> (jlcpcb:C25744): Unable to connect. Is the computer able to access the url?
Failed to fetch supplier footprint for <resistor#529(.Interfaces>.R31) /> (jlcpcb:C25744): Unable to connect. Is the computer able to access the url?
Failed to fetch supplier footprint for <resistor#526(.Interfaces>.R30) /> (jlcpcb:C25744): Unable to connect. Is the computer able to access the url?
Failed to fetch supplier footprint for <resistor#523(.Interfaces>.R29) /> (jlcpcb:C25744): Unable to connect. Is the computer able to access the url?
Failed to fetch supplier footprint for <resistor#520(.Interfaces>.R28) /> (jlcpcb:C25744): Unable to connect. Is the computer able to access the url?
Failed to fetch supplier footprint for <resistor#517(.Interfaces>.R27) /> (jlcpcb:C11702): Unable to connect. Is the computer able to access the url?
Failed to fetch supplier footprint for <resistor#514(.Interfaces>.R26) /> (jlcpcb:C11702): Unable to connect. Is the computer able to access the url?
Failed to fetch supplier footprint for <resistor#511(.Interfaces>.R25) /> (jlcpcb:C11702): Unable to connect. Is the computer able to access the url?
Failed to fetch supplier footprint for <resistor#508(.Interfaces>.R24) /> (jlcpcb:C11702): Unable to connect. Is the computer able to access the url?
Failed to fetch supplier footprint for <resistor#505(.Interfaces>.R23) /> (jlcpcb:C11702): Unable to connect. Is the computer able to access the url?
Failed to fetch supplier footprint for <chip#503(.Interfaces>.D_CAN) /> (jlcpcb:C12067): Unable to connect. Is the computer able to access the url?
Failed to fetch supplier footprint for <chip#492(.Interfaces>.D_IO2) /> (jlcpcb:C138714): Unable to connect. Is the computer able to access the url?
Failed to fetch supplier footprint for <chip#481(.Interfaces>.D_IO1) /> (jlcpcb:C138714): Unable to connect. Is the computer able to access the url?
Failed to fetch supplier footprint for <chip#474(.Interfaces>.U9) /> (jlcpcb:C28927): Unable to connect. Is the computer able to access the url?
Failed to fetch supplier footprint for <chip#467(.Interfaces>.J_MOTOR) /> (jlcpcb:C189895): Unable to connect. Is the computer able to access the url?
Failed to fetch supplier footprint for <chip#454(.Interfaces>.J_IO) /> (jlcpcb:C160409): Unable to connect. Is the computer able to access the url?
Failed to fetch supplier footprint for <resistor#447(.Programming>.R53) /> (jlcpcb:C852472): Unable to connect. Is the computer able to access the url?
Failed to fetch supplier footprint for <resistor#444(.Programming>.R52) /> (jlcpcb:C852472): Unable to connect. Is the computer able to access the url?
Failed to fetch supplier footprint for <resistor#441(.Programming>.R51) /> (jlcpcb:C852472): Unable to connect. Is the computer able to access the url?
Failed to fetch supplier footprint for <resistor#438(.Programming>.R22) /> (jlcpcb:C11702): Unable to connect. Is the computer able to access the url?
Failed to fetch supplier footprint for <resistor#435(.Programming>.R21) /> (jlcpcb:C11702): Unable to connect. Is the computer able to access the url?
Failed to fetch supplier footprint for <resistor#432(.Programming>.R20) /> (jlcpcb:C11702): Unable to connect. Is the computer able to access the url?
Failed to fetch supplier footprint for <capacitor#429(.Programming>.C29) /> (jlcpcb:C1525): Unable to connect. Is the computer able to access the url?
Failed to fetch supplier footprint for <capacitor#426(.Programming>.C28) /> (jlcpcb:C1525): Unable to connect. Is the computer able to access the url?
Failed to fetch supplier footprint for <resistor#423(.Programming>.R19) /> (jlcpcb:C25744): Unable to connect. Is the computer able to access the url?
Failed to fetch supplier footprint for <chip#419(.Programming>.U8) /> (jlcpcb:C5218924): Unable to connect. Is the computer able to access the url?
Failed to fetch supplier footprint for <chip#402(.Programming>.U7) /> (jlcpcb:C2673275): Unable to connect. Is the computer able to access the url?
Failed to fetch supplier footprint for <connector#396(.Programming>.J_SWD) /> (jlcpcb:C136657): Unable to connect. Is the computer able to access the url?
Failed to fetch supplier footprint for <capacitor#388(.UsbPd>.C27) /> (jlcpcb:C1525): Unable to connect. Is the computer able to access the url?
Failed to fetch supplier footprint for <resistor#385(.UsbPd>.R18) /> (jlcpcb:C11702): Unable to connect. Is the computer able to access the url?
Failed to fetch supplier footprint for <resistor#382(.UsbPd>.R17) /> (jlcpcb:C25744): Unable to connect. Is the computer able to access the url?
Failed to fetch supplier footprint for <resistor#379(.UsbPd>.R16) /> (jlcpcb:C25767): Unable to connect. Is the computer able to access the url?
Failed to fetch supplier footprint for <resistor#376(.UsbPd>.R15) /> (jlcpcb:C852895): Unable to connect. Is the computer able to access the url?
Failed to fetch supplier footprint for <resistor#373(.UsbPd>.R14) /> (jlcpcb:C11702): Unable to connect. Is the computer able to access the url?
Failed to fetch supplier footprint for <resistor#370(.UsbPd>.R13) /> (jlcpcb:C852472): Unable to connect. Is the computer able to access the url?
Failed to fetch supplier footprint for <resistor#367(.UsbPd>.R12) /> (jlcpcb:C25744): Unable to connect. Is the computer able to access the url?
Failed to fetch supplier footprint for <capacitor#364(.UsbPd>.C24) /> (jlcpcb:C5448795): Unable to connect. Is the computer able to access the url?
Failed to fetch supplier footprint for <capacitor#361(.UsbPd>.C23) /> (jlcpcb:C5448795): Unable to connect. Is the computer able to access the url?
Failed to fetch supplier footprint for <capacitor#358(.UsbPd>.C22) /> (jlcpcb:C1525): Unable to connect. Is the computer able to access the url?
Failed to fetch supplier footprint for <capacitor#355(.UsbPd>.C26) /> (jlcpcb:C14663): Unable to connect. Is the computer able to access the url?
Failed to fetch supplier footprint for <capacitor#352(.UsbPd>.C25) /> (jlcpcb:C268016): Unable to connect. Is the computer able to access the url?
Failed to fetch supplier footprint for <chip#351(.UsbPd>.D_VBUS) /> (jlcpcb:C1974707): Unable to connect. Is the computer able to access the url?
Failed to fetch supplier footprint for <chip#350(.UsbPd>.D_USB) /> (jlcpcb:C94934): Unable to connect. Is the computer able to access the url?
Failed to fetch supplier footprint for <chip#349(.UsbPd>.Q_PD) /> (jlcpcb:C2965326): Unable to connect. Is the computer able to access the url?
Failed to fetch supplier footprint for <chip#332(.UsbPd>.U3) /> (jlcpcb:C1121848): Unable to connect. Is the computer able to access the url?
Failed to fetch supplier footprint for <chip#315(.UsbPd>.J_USB) /> (jlcpcb:C5143397): Unable to connect. Is the computer able to access the url?
Failed to fetch supplier footprint for <capacitor#308(.MotorDriver>.C21) /> (jlcpcb:C1525): Unable to connect. Is the computer able to access the url?
Failed to fetch supplier footprint for <resistor#305(.MotorDriver>.R11) /> (jlcpcb:C25744): Unable to connect. Is the computer able to access the url?
Failed to fetch supplier footprint for <resistor#302(.MotorDriver>.R10) /> (jlcpcb:C25744): Unable to connect. Is the computer able to access the url?
Failed to fetch supplier footprint for <resistor#299(.MotorDriver>.R9) /> (jlcpcb:C25744): Unable to connect. Is the computer able to access the url?
Failed to fetch supplier footprint for <resistor#296(.MotorDriver>.R8) /> (jlcpcb:C25744): Unable to connect. Is the computer able to access the url?
Failed to fetch supplier footprint for <resistor#293(.MotorDriver>.R7) /> (jlcpcb:C25744): Unable to connect. Is the computer able to access the url?
Failed to fetch supplier footprint for <resistor#290(.MotorDriver>.R4) /> (jlcpcb:C11702): Unable to connect. Is the computer able to access the url?
Failed to fetch supplier footprint for <resistor#287(.MotorDriver>.R6) /> (jlcpcb:C513714): Unable to connect. Is the computer able to access the url?
Failed to fetch supplier footprint for <resistor#284(.MotorDriver>.R5) /> (jlcpcb:C513714): Unable to connect. Is the computer able to access the url?
Failed to fetch supplier footprint for <capacitor#281(.MotorDriver>.C20) /> (jlcpcb:C178585): Unable to connect. Is the computer able to access the url?
Failed to fetch supplier footprint for <capacitor#278(.MotorDriver>.C19) /> (jlcpcb:C178585): Unable to connect. Is the computer able to access the url?
Failed to fetch supplier footprint for <capacitor#275(.MotorDriver>.C18) /> (jlcpcb:C13585): Unable to connect. Is the computer able to access the url?
Failed to fetch supplier footprint for <capacitor#272(.MotorDriver>.C17) /> (jlcpcb:C14663): Unable to connect. Is the computer able to access the url?
Failed to fetch supplier footprint for <capacitor#269(.MotorDriver>.C16) /> (jlcpcb:C1525): Unable to connect. Is the computer able to access the url?
Failed to fetch supplier footprint for <capacitor#266(.MotorDriver>.C15) /> (jlcpcb:C98192): Unable to connect. Is the computer able to access the url?
Failed to fetch supplier footprint for <capacitor#263(.MotorDriver>.C14) /> (jlcpcb:C14663): Unable to connect. Is the computer able to access the url?
Failed to fetch supplier footprint for <capacitor#260(.MotorDriver>.C13) /> (jlcpcb:C307335): Unable to connect. Is the computer able to access the url?
Failed to fetch supplier footprint for <chip#230(.MotorDriver>.U2) /> (jlcpcb:C465949): Unable to connect. Is the computer able to access the url?
Failed to fetch supplier footprint for <capacitor#222(.LogicPower>.C12) /> (jlcpcb:C45783): Unable to connect. Is the computer able to access the url?
Failed to fetch supplier footprint for <capacitor#219(.LogicPower>.C11) /> (jlcpcb:C45783): Unable to connect. Is the computer able to access the url?
Failed to fetch supplier footprint for <inductor#216(.LogicPower>.L1) /> (jlcpcb:C19947652): Unable to connect. Is the computer able to access the url?
Failed to fetch supplier footprint for <capacitor#213(.LogicPower>.C10) /> (jlcpcb:C14663): Unable to connect. Is the computer able to access the url?
Failed to fetch supplier footprint for <capacitor#210(.LogicPower>.C9) /> (jlcpcb:C14663): Unable to connect. Is the computer able to access the url?
Failed to fetch supplier footprint for <capacitor#207(.LogicPower>.C8) /> (jlcpcb:C13585): Unable to connect. Is the computer able to access the url?
Failed to fetch supplier footprint for <chip#200(.LogicPower>.U5) /> (jlcpcb:C780769): Unable to connect. Is the computer able to access the url?
Failed to fetch supplier footprint for <resistor#193(.CAN>.R50) /> (jlcpcb:C17168): Unable to connect. Is the computer able to access the url?
Failed to fetch supplier footprint for <resistor#190(.CAN>.R49) /> (jlcpcb:C25079): Unable to connect. Is the computer able to access the url?
Failed to fetch supplier footprint for <capacitor#187(.CAN>.C7) /> (jlcpcb:C1525): Unable to connect. Is the computer able to access the url?
Failed to fetch supplier footprint for <chip#178(.CAN>.U6) /> (jlcpcb:C12084): Unable to connect. Is the computer able to access the url?
Failed to fetch supplier footprint for <resistor#170(.Encoder>.R3) /> (jlcpcb:C25900): Unable to connect. Is the computer able to access the url?
Failed to fetch supplier footprint for <resistor#167(.Encoder>.R2) /> (jlcpcb:C25900): Unable to connect. Is the computer able to access the url?
Failed to fetch supplier footprint for <capacitor#164(.Encoder>.C6) /> (jlcpcb:C1525): Unable to connect. Is the computer able to access the url?
Failed to fetch supplier footprint for <chip#155(.Encoder>.U4) /> (jlcpcb:C79815): Unable to connect. Is the computer able to access the url?
Failed to fetch supplier footprint for <capacitor#147(.MCU>.C5) /> (jlcpcb:C1525): Unable to connect. Is the computer able to access the url?
Failed to fetch supplier footprint for <resistor#144(.MCU>.R1) /> (jlcpcb:C25744): Unable to connect. Is the computer able to access the url?
Failed to fetch supplier footprint for <capacitor#141(.MCU>.C4) /> (jlcpcb:C1525): Unable to connect. Is the computer able to access the url?
Failed to fetch supplier footprint for <capacitor#138(.MCU>.C3) /> (jlcpcb:C1525): Unable to connect. Is the computer able to access the url?
Failed to fetch supplier footprint for <capacitor#135(.MCU>.C2) /> (jlcpcb:C23733): Unable to connect. Is the computer able to access the url?
Failed to fetch supplier footprint for <capacitor#132(.MCU>.C1) /> (jlcpcb:C1525): Unable to connect. Is the computer able to access the url?
Failed to fetch supplier footprint for <chip#83(.MCU>.U1) /> (jlcpcb:C2847904): Unable to connect. Is the computer able to access the url?
Generating preview images...
[assembly] Generating PCB SVG...
[assembly] Written pcb.svg
[assembly] Generating schematic SVG...
[assembly] Written schematic.svg
[assembly] Generating 3D PNG...
[assembly] Failed to generate 3D PNG: error: Unable to connect. Is the computer able to access the url?
  path: "https://modelcdn.tscircuit.com/easyeda_models/assets/C136657.obj?uuid=50fdec209daa46e6a009eae73d7d93b4&cachebust_origin=",
 errno: 0,
  code: "ConnectionRefused"


Generating GLB models for all builds...
[assembly] Converting circuit to GLB...
[assembly] Failed to generate GLB: error: Was there a typo in the url or port?
  path: "https://modelcdn.tscircuit.com/easyeda_models/assets/C136657.obj?uuid=50fdec209daa46e6a009eae73d7d93b4&cachebust_origin=",
 errno: 0,
  code: "FailedToOpenSocket"



Build complete
  Circuits  1 passed
  Options   3d-png, glbs
  Output    dist

✓ Done
Build exiting with code 0: build finished successfully
