{
  "revision": "0.0.46-alpha.0",
  "input": "evidence/rev-0.0.46-alpha.0/routing/clock060/circuit.json",
  "input_sha256": "b91feb4c49ab2121ae7f6629a8baae0494467398ff9040d96a80c6c6658046d2",
  "scope": "Actual tracks, drills, component/test pads, board edges, NPTH and mechanical keepouts. USB path length is independently measured by measure-usb-paths.py; absent legacy trace-name lengths below are not a USB pass. Pour geometry, silkscreen, paste, impedance CAM and full connectivity remain separate checks.",
  "track_count": 80,
  "segment_count": 553,
  "via_count": 50,
  "thermal_manifest_sha256": null,
  "reviewed_thermal_drill_contacts": [],
  "filled_manifest_sha256": null,
  "reviewed_filled_contacts": [],
  "filled_features_matched": [],
  "usb_path_lengths_mm": {},
  "usb_length_skew_mm": null,
  "minimum_clearances": {
    "via_drill_to_pad_mm": {
      "via": "pcb_via_2",
      "reference": "C_PD_2V7",
      "pad": "pcb_smtpad_348",
      "same_net": true,
      "actual_mm": 0.35000089999999984,
      "required_mm": 0.35
    },
    "track_to_pad_mm": {
      "track": "saved_phase_null_0_71",
      "segment": 4,
      "pad": "pcb_smtpad_29",
      "reference": "U1",
      "actual_mm": 0.1025173364200578,
      "required_mm": 0.1
    },
    "track_to_track_mm": {
      "first": "saved_phase_null_0_59",
      "first_segment": 8,
      "second": "saved_phase_null_0_60",
      "second_segment": 8,
      "layer": "inner2",
      "actual_mm": 0.14999995141332773,
      "required_mm": 0.15
    },
    "via_to_track_mm": {
      "via": "pcb_via_14",
      "track": "saved_phase_null_0_79",
      "segment": 1,
      "layer": "top",
      "actual_mm": -0.08496030000000002,
      "required_mm": 0.15
    },
    "via_to_via_mm": {
      "first": "pcb_via_32",
      "second": "pcb_via_34",
      "actual_mm": 0.20000000000000034,
      "required_mm": 0.15
    },
    "via_hole_to_via_hole_mm": {
      "first": "pcb_via_32",
      "second": "pcb_via_34",
      "actual_mm": 0.35000000000000037,
      "required_mm": 0.35
    }
  },
  "measurement_counts": {
    "via_drill_to_pad_mm": 27700,
    "track_to_pad_mm": 132005,
    "track_to_track_mm": 57658,
    "via_to_track_mm": 26871,
    "via_to_via_mm": 1225,
    "via_hole_to_via_hole_mm": 1225
  },
  "violations": [
    {
      "check": "via_to_track_mm",
      "via": "pcb_via_14",
      "track": "saved_phase_null_0_79",
      "segment": 1,
      "layer": "top",
      "actual_mm": -0.08496030000000002,
      "required_mm": 0.15
    }
  ],
  "passed": false
}
