$ tsci build assembly.circuit.tsx --3d-png --glbs
Building 1 file(s)...
Building assembly.circuit.tsx...
Generating circuit JSON...
Circuit JSON written to dist/assembly/circuit.json
Generating preview images...
[assembly] Generating PCB SVG...
[assembly] Written pcb.svg
[assembly] Generating schematic SVG...
[assembly] Written schematic.svg
[assembly] Generating 3D PNG...
[assembly] Written 3d.png
Generating GLB models for all builds...
[assembly] Converting circuit to GLB...
[assembly] Written 3d.glb

Build complete
  Circuits  1 passed
  Options   3d-png, glbs
  Output    dist

✓ Done
Build exiting with code 0: build finished successfully
