Building 1 file(s)...
Building scripts/power-candidate-audit.circuit.tsx...
Generating circuit JSON...
Circuit JSON written to dist/scripts/power-candidate-audit/circuit.json
Component AUDIT_C25769 has ftype="simple_resistor" but reference designator should start with R
Port GND on AUDIT_C2155767 is missing a trace
Port pin1 on AUDIT_C25769 is missing a trace
Port pin2 on AUDIT_C25769 is missing a trace
No <schematicsheet> was found. Add a <schematicsheet> to define the schematic drawing area.
AUDIT_C2155767 has no pin with requires_power=true
Failed to fetch supplier footprint for <chip#0 name=".AUDIT_C2155767" /> (jlcpcb:C2155767): Was there a typo in the url or port?
Failed to fetch supplier footprint for <resistor#26 name=".AUDIT_C25769" /> (jlcpcb:C25769): Unable to connect. Is the computer able to access the url?
Generating preview images...
[scripts/power-candidate-audit] Generating PCB SVG...
[scripts/power-candidate-audit] Written pcb.svg
[scripts/power-candidate-audit] Generating 3D PNG...
[scripts/power-candidate-audit] Written 3d.png
Generating GLB models for all builds...
[scripts/power-candidate-audit] Converting circuit to GLB...
[scripts/power-candidate-audit] Written 3d.glb

Build complete
  Circuits  1 passed
  Options   pcb-svgs, 3d-png, glbs
  Output    dist

✓ Done
Build exiting with code 0: build finished successfully
