Building 1 file(s)...
Building index.circuit.tsx...
Generating circuit JSON...
trace: `key` is not a prop. Trying to access it will result in `undefined` being returned. If you need to access the same value within the child component, you should pass it as a different prop. (https://react.dev/link/special-props)
Circuit JSON written to dist/index/circuit.json
The "J" prefix is being used with a <chip />, try using it with a <connector /> or <jumper />
The "Q" prefix is being used with a <chip />, try using it with a <transistor />
The "J" prefix is being used with a <chip />, try using it with a <connector /> or <jumper />
The "J" prefix is being used with a <chip />, try using it with a <connector /> or <jumper />
The "Q" prefix is being used with a <chip />, try using it with a <transistor />
U4 has no pin with requires_power=true
U2 has no pin with requires_power=true
J_USB has no pin with requires_power=true
J_USB has no pin with requires_ground=true
Q_PD has no pin with requires_power=true
Q_PD has no pin with requires_ground=true
All pins on Q_PD are underspecified (no pinAttributes set)
D_USB has no pin with requires_power=true
D_VBUS has no pin with requires_power=true
D_VBUS has no pin with requires_ground=true
All pins on D_VBUS are underspecified (no pinAttributes set)
J_IO has no pin with requires_power=true
J_IO has no pin with requires_ground=true
All pins on J_IO are underspecified (no pinAttributes set)
J_MOTOR has no pin with requires_power=true
J_MOTOR has no pin with requires_ground=true
All pins on J_MOTOR are underspecified (no pinAttributes set)
U9 has no pin with requires_power=true
D_IO1 has no pin with requires_power=true
D_IO2 has no pin with requires_power=true
D_CAN has no pin with requires_power=true
D_CAN has no pin with requires_ground=true
All pins on D_CAN are underspecified (no pinAttributes set)
U10 has no pin with requires_power=true
Q_ILIM has no pin with requires_power=true
Q_ILIM has no pin with requires_ground=true
All pins on Q_ILIM are underspecified (no pinAttributes set)
Q_PD is missing schematic reference designator text. For a custom symbol, add name="{REFDES}" inside the symbol.
D_USB is missing schematic reference designator text. For a custom symbol, add name="{REFDES}" inside the symbol.
D_VBUS is missing schematic reference designator text. For a custom symbol, add name="{REFDES}" inside the symbol.
D_CAN is missing schematic reference designator text. For a custom symbol, add name="{REFDES}" inside the symbol.
Q_ILIM is missing schematic reference designator text. For a custom symbol, add name="{REFDES}" inside the symbol.

Build complete
  Circuits  1 passed
  Output    dist

✓ Done
Build exiting with code 0: build finished successfully
