Building 1 file(s)...
Building controller-preview.circuit.tsx...
Generating circuit JSON...
Circuit JSON written to dist/controller-preview/circuit.json
The "J" prefix is being used with a <chip />, try using it with a <connector /> or <jumper />
The "Q" prefix is being used with a <chip />, try using it with a <transistor />
The "J" prefix is being used with a <chip />, try using it with a <connector /> or <jumper />
The "J" prefix is being used with a <chip />, try using it with a <connector /> or <jumper />
The "Q" prefix is being used with a <chip />, try using it with a <transistor />
All pins on Q_PD are underspecified (no pinAttributes set)
All pins on D_VBUS are underspecified (no pinAttributes set)
All pins on J_IO are underspecified (no pinAttributes set)
All pins on J_MOTOR are underspecified (no pinAttributes set)
All pins on D_CAN are underspecified (no pinAttributes set)
All pins on Q_ILIM are underspecified (no pinAttributes set)
U4 has no pin with requires_power=true
U2 has no pin with requires_power=true
J_USB has no pin with requires_power=true
Q_PD has no pin with requires_power=true
D_USB has no pin with requires_power=true
D_VBUS has no pin with requires_power=true
J_IO has no pin with requires_power=true
J_MOTOR has no pin with requires_power=true
U9 has no pin with requires_power=true
D_IO1 has no pin with requires_power=true
D_IO2 has no pin with requires_power=true
D_CAN has no pin with requires_power=true
U10 has no pin with requires_power=true
Q_ILIM has no pin with requires_power=true
J_USB has no pin with requires_ground=true
Q_PD has no pin with requires_ground=true
D_VBUS has no pin with requires_ground=true
J_IO has no pin with requires_ground=true
J_MOTOR has no pin with requires_ground=true
D_CAN has no pin with requires_ground=true
Q_ILIM has no pin with requires_ground=true
Q_PD is missing schematic reference designator text. For a custom symbol, add name="{REFDES}" inside the symbol.
D_USB is missing schematic reference designator text. For a custom symbol, add name="{REFDES}" inside the symbol.
D_VBUS is missing schematic reference designator text. For a custom symbol, add name="{REFDES}" inside the symbol.
D_CAN is missing schematic reference designator text. For a custom symbol, add name="{REFDES}" inside the symbol.
Q_ILIM is missing schematic reference designator text. For a custom symbol, add name="{REFDES}" inside the symbol.
Failed to fetch supplier footprint for <resistor#641(.InputPower>.R48) /> (jlcpcb:C25744): Unable to connect. Is the computer able to access the url?
Failed to fetch supplier footprint for <capacitor#638(.InputPower>.C34) /> (jlcpcb:C268016): Unable to connect. Is the computer able to access the url?
Failed to fetch supplier footprint for <capacitor#635(.InputPower>.C33) /> (jlcpcb:C268016): Unable to connect. Is the computer able to access the url?
Failed to fetch supplier footprint for <resistor#632(.InputPower>.R46) /> (jlcpcb:C25744): Unable to connect. Is the computer able to access the url?
Failed to fetch supplier footprint for <resistor#629(.InputPower>.R45) /> (jlcpcb:C25769): Unable to connect. Is the computer able to access the url?
Failed to fetch supplier footprint for <resistor#626(.InputPower>.R44) /> (jlcpcb:C25769): Unable to connect. Is the computer able to access the url?
Failed to fetch supplier footprint for <resistor#623(.InputPower>.R43) /> (jlcpcb:C852895): Unable to connect. Is the computer able to access the url?
Failed to fetch supplier footprint for <resistor#620(.InputPower>.R42) /> (jlcpcb:C25900): Unable to connect. Is the computer able to access the url?
Failed to fetch supplier footprint for <resistor#617(.InputPower>.R41) /> (jlcpcb:C11702): Unable to connect. Is the computer able to access the url?
Failed to fetch supplier footprint for <resistor#614(.InputPower>.R40) /> (jlcpcb:C852472): Unable to connect. Is the computer able to access the url?
Failed to fetch supplier footprint for <resistor#611(.InputPower>.R39) /> (jlcpcb:C25792): Unable to connect. Is the computer able to access the url?
Failed to fetch supplier footprint for <resistor#608(.InputPower>.R38) /> (jlcpcb:C852472): Unable to connect. Is the computer able to access the url?
Failed to fetch supplier footprint for <chip#607(.InputPower>.Q_ILIM) /> (jlcpcb:C20512): Unable to connect. Is the computer able to access the url?
Failed to fetch supplier footprint for <chip#580(.InputPower>.U10) /> (jlcpcb:C2155767): Unable to connect. Is the computer able to access the url?
Failed to fetch supplier footprint for <led#573(.Interfaces>.LED_FAULT) /> (jlcpcb:C965805): Unable to connect. Is the computer able to access the url?
Failed to fetch supplier footprint for <resistor#570(.Interfaces>.R37) /> (jlcpcb:C11702): Unable to connect. Is the computer able to access the url?
Failed to fetch supplier footprint for <led#567(.Interfaces>.LED_STATUS) /> (jlcpcb:C965805): Unable to connect. Is the computer able to access the url?
Failed to fetch supplier footprint for <resistor#564(.Interfaces>.R36) /> (jlcpcb:C11702): Unable to connect. Is the computer able to access the url?
Failed to fetch supplier footprint for <led#561(.Interfaces>.LED_POWER) /> (jlcpcb:C965805): Unable to connect. Is the computer able to access the url?
Failed to fetch supplier footprint for <resistor#558(.Interfaces>.R35) /> (jlcpcb:C11702): Unable to connect. Is the computer able to access the url?
Failed to fetch supplier footprint for <capacitor#555(.Interfaces>.C32) /> (jlcpcb:C1525): Unable to connect. Is the computer able to access the url?
Failed to fetch supplier footprint for <capacitor#552(.Interfaces>.C31) /> (jlcpcb:C1525): Unable to connect. Is the computer able to access the url?
Failed to fetch supplier footprint for <capacitor#549(.Interfaces>.C30) /> (jlcpcb:C1525): Unable to connect. Is the computer able to access the url?
Failed to fetch supplier footprint for <resistor#546(.Interfaces>.R34) /> (jlcpcb:C25744): Unable to connect. Is the computer able to access the url?
Failed to fetch supplier footprint for <resistor#543(.Interfaces>.R33) /> (jlcpcb:C25744): Unable to connect. Is the computer able to access the url?
Failed to fetch supplier footprint for <resistor#540(.Interfaces>.R32) /> (jlcpcb:C25744): Unable to connect. Is the computer able to access the url?
Failed to fetch supplier footprint for <resistor#537(.Interfaces>.R31) /> (jlcpcb:C25744): Unable to connect. Is the computer able to access the url?
Failed to fetch supplier footprint for <resistor#534(.Interfaces>.R30) /> (jlcpcb:C25744): Unable to connect. Is the computer able to access the url?
Failed to fetch supplier footprint for <resistor#531(.Interfaces>.R29) /> (jlcpcb:C25744): Unable to connect. Is the computer able to access the url?
Failed to fetch supplier footprint for <resistor#528(.Interfaces>.R28) /> (jlcpcb:C25744): Unable to connect. Is the computer able to access the url?
Failed to fetch supplier footprint for <resistor#525(.Interfaces>.R27) /> (jlcpcb:C11702): Unable to connect. Is the computer able to access the url?
Failed to fetch supplier footprint for <resistor#522(.Interfaces>.R26) /> (jlcpcb:C11702): Unable to connect. Is the computer able to access the url?
Failed to fetch supplier footprint for <resistor#519(.Interfaces>.R25) /> (jlcpcb:C11702): Unable to connect. Is the computer able to access the url?
Failed to fetch supplier footprint for <resistor#516(.Interfaces>.R24) /> (jlcpcb:C11702): Unable to connect. Is the computer able to access the url?
Failed to fetch supplier footprint for <resistor#513(.Interfaces>.R23) /> (jlcpcb:C11702): Unable to connect. Is the computer able to access the url?
Failed to fetch supplier footprint for <chip#511(.Interfaces>.D_CAN) /> (jlcpcb:C12067): Unable to connect. Is the computer able to access the url?
Failed to fetch supplier footprint for <chip#500(.Interfaces>.D_IO2) /> (jlcpcb:C138714): Unable to connect. Is the computer able to access the url?
Failed to fetch supplier footprint for <chip#489(.Interfaces>.D_IO1) /> (jlcpcb:C138714): Unable to connect. Is the computer able to access the url?
Failed to fetch supplier footprint for <chip#482(.Interfaces>.U9) /> (jlcpcb:C28927): Unable to connect. Is the computer able to access the url?
Failed to fetch supplier footprint for <chip#475(.Interfaces>.J_MOTOR) /> (jlcpcb:C189895): Unable to connect. Is the computer able to access the url?
Failed to fetch supplier footprint for <chip#462(.Interfaces>.J_IO) /> (jlcpcb:C160409): Unable to connect. Is the computer able to access the url?
Failed to fetch supplier footprint for <resistor#455(.Programming>.R53) /> (jlcpcb:C852472): Unable to connect. Is the computer able to access the url?
Failed to fetch supplier footprint for <resistor#452(.Programming>.R52) /> (jlcpcb:C852472): Unable to connect. Is the computer able to access the url?
Failed to fetch supplier footprint for <resistor#449(.Programming>.R51) /> (jlcpcb:C852472): Unable to connect. Is the computer able to access the url?
Failed to fetch supplier footprint for <resistor#446(.Programming>.R22) /> (jlcpcb:C11702): Unable to connect. Is the computer able to access the url?
Failed to fetch supplier footprint for <resistor#443(.Programming>.R21) /> (jlcpcb:C11702): Unable to connect. Is the computer able to access the url?
Failed to fetch supplier footprint for <resistor#440(.Programming>.R20) /> (jlcpcb:C11702): Unable to connect. Is the computer able to access the url?
Failed to fetch supplier footprint for <capacitor#437(.Programming>.C29) /> (jlcpcb:C1525): Unable to connect. Is the computer able to access the url?
Failed to fetch supplier footprint for <capacitor#434(.Programming>.C28) /> (jlcpcb:C1525): Unable to connect. Is the computer able to access the url?
Failed to fetch supplier footprint for <resistor#431(.Programming>.R19) /> (jlcpcb:C25744): Unable to connect. Is the computer able to access the url?
Failed to fetch supplier footprint for <chip#427(.Programming>.U8) /> (jlcpcb:C5218924): Unable to connect. Is the computer able to access the url?
Failed to fetch supplier footprint for <chip#410(.Programming>.U7) /> (jlcpcb:C2673275): Unable to connect. Is the computer able to access the url?
Failed to fetch supplier footprint for <connector#404(.Programming>.J_SWD) /> (jlcpcb:C136657): Unable to connect. Is the computer able to access the url?
Failed to fetch supplier footprint for <capacitor#396(.UsbPd>.C27) /> (jlcpcb:C1525): Unable to connect. Is the computer able to access the url?
Failed to fetch supplier footprint for <resistor#393(.UsbPd>.R18) /> (jlcpcb:C11702): Unable to connect. Is the computer able to access the url?
Failed to fetch supplier footprint for <resistor#390(.UsbPd>.R17) /> (jlcpcb:C25744): Unable to connect. Is the computer able to access the url?
Failed to fetch supplier footprint for <resistor#387(.UsbPd>.R16) /> (jlcpcb:C25767): Unable to connect. Is the computer able to access the url?
Failed to fetch supplier footprint for <resistor#384(.UsbPd>.R15) /> (jlcpcb:C852895): Unable to connect. Is the computer able to access the url?
Failed to fetch supplier footprint for <resistor#381(.UsbPd>.R14) /> (jlcpcb:C11702): Unable to connect. Is the computer able to access the url?
Failed to fetch supplier footprint for <resistor#378(.UsbPd>.R13) /> (jlcpcb:C852472): Unable to connect. Is the computer able to access the url?
Failed to fetch supplier footprint for <resistor#375(.UsbPd>.R12) /> (jlcpcb:C25744): Unable to connect. Is the computer able to access the url?
Failed to fetch supplier footprint for <capacitor#372(.UsbPd>.C24) /> (jlcpcb:C5448795): Unable to connect. Is the computer able to access the url?
Failed to fetch supplier footprint for <capacitor#369(.UsbPd>.C23) /> (jlcpcb:C5448795): Unable to connect. Is the computer able to access the url?
Failed to fetch supplier footprint for <capacitor#366(.UsbPd>.C22) /> (jlcpcb:C1525): Unable to connect. Is the computer able to access the url?
Failed to fetch supplier footprint for <capacitor#363(.UsbPd>.C26) /> (jlcpcb:C14663): Unable to connect. Is the computer able to access the url?
Failed to fetch supplier footprint for <capacitor#360(.UsbPd>.C25) /> (jlcpcb:C268016): Unable to connect. Is the computer able to access the url?
Failed to fetch supplier footprint for <chip#359(.UsbPd>.D_VBUS) /> (jlcpcb:C1974707): Unable to connect. Is the computer able to access the url?
Failed to fetch supplier footprint for <chip#358(.UsbPd>.D_USB) /> (jlcpcb:C94934): Unable to connect. Is the computer able to access the url?
Failed to fetch supplier footprint for <chip#357(.UsbPd>.Q_PD) /> (jlcpcb:C2965326): Unable to connect. Is the computer able to access the url?
Failed to fetch supplier footprint for <chip#340(.UsbPd>.U3) /> (jlcpcb:C1121848): Unable to connect. Is the computer able to access the url?
Failed to fetch supplier footprint for <chip#323(.UsbPd>.J_USB) /> (jlcpcb:C5143397): Unable to connect. Is the computer able to access the url?
Failed to fetch supplier footprint for <capacitor#316(.MotorDriver>.C21) /> (jlcpcb:C1525): Unable to connect. Is the computer able to access the url?
Failed to fetch supplier footprint for <resistor#313(.MotorDriver>.R11) /> (jlcpcb:C25744): Unable to connect. Is the computer able to access the url?
Failed to fetch supplier footprint for <resistor#310(.MotorDriver>.R10) /> (jlcpcb:C25744): Unable to connect. Is the computer able to access the url?
Failed to fetch supplier footprint for <resistor#307(.MotorDriver>.R9) /> (jlcpcb:C25744): Unable to connect. Is the computer able to access the url?
Failed to fetch supplier footprint for <resistor#304(.MotorDriver>.R8) /> (jlcpcb:C25744): Unable to connect. Is the computer able to access the url?
Failed to fetch supplier footprint for <resistor#301(.MotorDriver>.R7) /> (jlcpcb:C25744): Unable to connect. Is the computer able to access the url?
Failed to fetch supplier footprint for <resistor#298(.MotorDriver>.R4) /> (jlcpcb:C11702): Unable to connect. Is the computer able to access the url?
Failed to fetch supplier footprint for <resistor#295(.MotorDriver>.R6) /> (jlcpcb:C513714): Unable to connect. Is the computer able to access the url?
Failed to fetch supplier footprint for <resistor#292(.MotorDriver>.R5) /> (jlcpcb:C513714): Unable to connect. Is the computer able to access the url?
Failed to fetch supplier footprint for <capacitor#289(.MotorDriver>.C20) /> (jlcpcb:C178585): Unable to connect. Is the computer able to access the url?
Failed to fetch supplier footprint for <capacitor#286(.MotorDriver>.C19) /> (jlcpcb:C178585): Unable to connect. Is the computer able to access the url?
Failed to fetch supplier footprint for <capacitor#283(.MotorDriver>.C18) /> (jlcpcb:C13585): Unable to connect. Is the computer able to access the url?
Failed to fetch supplier footprint for <capacitor#280(.MotorDriver>.C17) /> (jlcpcb:C14663): Unable to connect. Is the computer able to access the url?
Failed to fetch supplier footprint for <capacitor#277(.MotorDriver>.C16) /> (jlcpcb:C1525): Unable to connect. Is the computer able to access the url?
Failed to fetch supplier footprint for <capacitor#274(.MotorDriver>.C15) /> (jlcpcb:C98192): Unable to connect. Is the computer able to access the url?
Failed to fetch supplier footprint for <capacitor#271(.MotorDriver>.C14) /> (jlcpcb:C14663): Unable to connect. Is the computer able to access the url?
Failed to fetch supplier footprint for <capacitor#268(.MotorDriver>.C13) /> (jlcpcb:C307335): Unable to connect. Is the computer able to access the url?
Failed to fetch supplier footprint for <chip#238(.MotorDriver>.U2) /> (jlcpcb:C465949): Unable to connect. Is the computer able to access the url?
Failed to fetch supplier footprint for <capacitor#230(.LogicPower>.C12) /> (jlcpcb:C45783): Unable to connect. Is the computer able to access the url?
Failed to fetch supplier footprint for <capacitor#227(.LogicPower>.C11) /> (jlcpcb:C45783): Unable to connect. Is the computer able to access the url?
Failed to fetch supplier footprint for <inductor#224(.LogicPower>.L1) /> (jlcpcb:C19947652): Unable to connect. Is the computer able to access the url?
Failed to fetch supplier footprint for <capacitor#221(.LogicPower>.C10) /> (jlcpcb:C14663): Unable to connect. Is the computer able to access the url?
Failed to fetch supplier footprint for <capacitor#218(.LogicPower>.C9) /> (jlcpcb:C14663): Unable to connect. Is the computer able to access the url?
Failed to fetch supplier footprint for <capacitor#215(.LogicPower>.C8) /> (jlcpcb:C13585): Unable to connect. Is the computer able to access the url?
Failed to fetch supplier footprint for <chip#208(.LogicPower>.U5) /> (jlcpcb:C780769): Unable to connect. Is the computer able to access the url?
Failed to fetch supplier footprint for <resistor#201(.CAN>.R50) /> (jlcpcb:C17168): Unable to connect. Is the computer able to access the url?
Failed to fetch supplier footprint for <resistor#198(.CAN>.R49) /> (jlcpcb:C25079): Unable to connect. Is the computer able to access the url?
Failed to fetch supplier footprint for <capacitor#195(.CAN>.C7) /> (jlcpcb:C1525): Unable to connect. Is the computer able to access the url?
Failed to fetch supplier footprint for <chip#186(.CAN>.U6) /> (jlcpcb:C12084): Unable to connect. Is the computer able to access the url?
Failed to fetch supplier footprint for <resistor#178(.Encoder>.R3) /> (jlcpcb:C25900): Unable to connect. Is the computer able to access the url?
Failed to fetch supplier footprint for <resistor#175(.Encoder>.R2) /> (jlcpcb:C25900): Unable to connect. Is the computer able to access the url?
Failed to fetch supplier footprint for <capacitor#172(.Encoder>.C6) /> (jlcpcb:C1525): Unable to connect. Is the computer able to access the url?
Failed to fetch supplier footprint for <chip#163(.Encoder>.U4) /> (jlcpcb:C79815): Unable to connect. Is the computer able to access the url?
Failed to fetch supplier footprint for <capacitor#155(.MCU>.C5) /> (jlcpcb:C1525): Unable to connect. Is the computer able to access the url?
Failed to fetch supplier footprint for <resistor#152(.MCU>.R1) /> (jlcpcb:C25744): Unable to connect. Is the computer able to access the url?
Failed to fetch supplier footprint for <capacitor#149(.MCU>.C4) /> (jlcpcb:C1525): Unable to connect. Is the computer able to access the url?
Failed to fetch supplier footprint for <capacitor#146(.MCU>.C3) /> (jlcpcb:C1525): Unable to connect. Is the computer able to access the url?
Failed to fetch supplier footprint for <capacitor#143(.MCU>.C2) /> (jlcpcb:C23733): Unable to connect. Is the computer able to access the url?
Failed to fetch supplier footprint for <capacitor#140(.MCU>.C1) /> (jlcpcb:C1525): Unable to connect. Is the computer able to access the url?
Failed to fetch supplier footprint for <chip#91(.MCU>.U1) /> (jlcpcb:C2847904): Unable to connect. Is the computer able to access the url?
Courtyard of C28 overlaps with courtyard of R20
Generating preview images...
[controller-preview] Generating PCB SVG...
[controller-preview] Written pcb.svg

Build complete
  Circuits  0 passed 1 failed
  Options   pcb-svgs
  Output    dist

⚠ Build completed with errors
Build exiting with code 1: circuit build errors occurred
