Building 1 file(s)...
Building scripts/all-imports-audit.circuit.tsx...
Generating circuit JSON...
Circuit JSON written to dist/scripts/all-imports-audit/circuit.json
Component AUDIT_C11702 has ftype="simple_resistor" but reference designator should start with R
Component AUDIT_C13585 has ftype="simple_capacitor" but reference designator should start with C
Component AUDIT_C14663 has ftype="simple_capacitor" but reference designator should start with C
Component AUDIT_C1525 has ftype="simple_capacitor" but reference designator should start with C
Component AUDIT_C17168 has ftype="simple_resistor" but reference designator should start with R
Component AUDIT_C178585 has ftype="simple_capacitor" but reference designator should start with C
Component AUDIT_C19947652 has ftype="simple_inductor" but reference designator should start with one of L, FB
Component AUDIT_C23733 has ftype="simple_capacitor" but reference designator should start with C
Component AUDIT_C25076 has ftype="simple_resistor" but reference designator should start with R
Component AUDIT_C25079 has ftype="simple_resistor" but reference designator should start with R
Component AUDIT_C25744 has ftype="simple_resistor" but reference designator should start with R
Component AUDIT_C25767 has ftype="simple_resistor" but reference designator should start with R
Component AUDIT_C25792 has ftype="simple_resistor" but reference designator should start with R
Component AUDIT_C25900 has ftype="simple_resistor" but reference designator should start with R
Component AUDIT_C268016 has ftype="simple_capacitor" but reference designator should start with C
Component AUDIT_C307335 has ftype="simple_capacitor" but reference designator should start with C
Component AUDIT_C45194 has ftype="simple_resistor" but reference designator should start with R
Component AUDIT_C45783 has ftype="simple_capacitor" but reference designator should start with C
Component AUDIT_C5127775 has ftype="simple_resistor" but reference designator should start with R
Component AUDIT_C5448795 has ftype="simple_capacitor" but reference designator should start with C
Component AUDIT_C852472 has ftype="simple_resistor" but reference designator should start with R
Component AUDIT_C852895 has ftype="simple_resistor" but reference designator should start with R
Component AUDIT_C965805 has ftype="simple_led" but reference designator should start with one of D, LED
Component AUDIT_C98192 has ftype="simple_capacitor" but reference designator should start with C
Component AUDIT_C513714 has ftype="simple_resistor" but reference designator should start with R
Port GND on AUDIT_C1121848 is missing a trace
Port VCC on AUDIT_C1121848 is missing a trace
Port pin1 on AUDIT_C11702 is missing a trace
Port pin2 on AUDIT_C11702 is missing a trace
Port GND on AUDIT_C12084 is missing a trace
Port VCC on AUDIT_C12084 is missing a trace
Port pin1 on AUDIT_C13585 is missing a trace
Port pin2 on AUDIT_C13585 is missing a trace
Port GND2 on AUDIT_C138714 is missing a trace
Port GND1 on AUDIT_C138714 is missing a trace
Port pin1 on AUDIT_C14663 is missing a trace
Port pin2 on AUDIT_C14663 is missing a trace
Port pin1 on AUDIT_C1525 is missing a trace
Port pin2 on AUDIT_C1525 is missing a trace
Port pin1 on AUDIT_C17168 is missing a trace
Port pin2 on AUDIT_C17168 is missing a trace
Port pin2 on AUDIT_C178585 is missing a trace
Port pin1 on AUDIT_C178585 is missing a trace
Port pin1 on AUDIT_C19947652 is missing a trace
Port pin2 on AUDIT_C19947652 is missing a trace
Port pin1 on AUDIT_C23733 is missing a trace
Port pin2 on AUDIT_C23733 is missing a trace
Port pin1 on AUDIT_C25076 is missing a trace
Port pin2 on AUDIT_C25076 is missing a trace
Port pin1 on AUDIT_C25079 is missing a trace
Port pin2 on AUDIT_C25079 is missing a trace
Port pin1 on AUDIT_C25744 is missing a trace
Port pin2 on AUDIT_C25744 is missing a trace
Port pin1 on AUDIT_C25767 is missing a trace
Port pin2 on AUDIT_C25767 is missing a trace
Port pin1 on AUDIT_C25792 is missing a trace
Port pin2 on AUDIT_C25792 is missing a trace
Port pin1 on AUDIT_C25900 is missing a trace
Port pin2 on AUDIT_C25900 is missing a trace
Port GND on AUDIT_C2673275 is missing a trace
Port VDD on AUDIT_C2673275 is missing a trace
Port pin1 on AUDIT_C268016 is missing a trace
Port pin2 on AUDIT_C268016 is missing a trace
Port GND on AUDIT_C28927 is missing a trace
Port pin1 on AUDIT_C307335 is missing a trace
Port pin2 on AUDIT_C307335 is missing a trace
Port GND on AUDIT_C3662793 is missing a trace
Port pin1 on AUDIT_C45194 is missing a trace
Port pin2 on AUDIT_C45194 is missing a trace
Port pin1 on AUDIT_C45783 is missing a trace
Port pin2 on AUDIT_C45783 is missing a trace
Port GND2 on AUDIT_C465949 is missing a trace
Port GND1 on AUDIT_C465949 is missing a trace
Port pin1 on AUDIT_C5127775 is missing a trace
Port pin2 on AUDIT_C5127775 is missing a trace
Port GND on AUDIT_C5218924 is missing a trace
Port VDD on AUDIT_C5218924 is missing a trace
Port pin1 on AUDIT_C5448795 is missing a trace
Port pin2 on AUDIT_C5448795 is missing a trace
Port VIN on AUDIT_C780769 is missing a trace
Port GND on AUDIT_C780769 is missing a trace
Port GND on AUDIT_C79815 is missing a trace
Port pin1 on AUDIT_C852472 is missing a trace
Port pin2 on AUDIT_C852472 is missing a trace
Port pin1 on AUDIT_C852895 is missing a trace
Port pin2 on AUDIT_C852895 is missing a trace
Port pin3 on AUDIT_C94934 is missing a trace
Port cathode on AUDIT_C965805 is missing a trace
Port anode on AUDIT_C965805 is missing a trace
Port pin1 on AUDIT_C98192 is missing a trace
Port pin2 on AUDIT_C98192 is missing a trace
Port pin1 on AUDIT_C513714 is missing a trace
Port pin2 on AUDIT_C513714 is missing a trace
No <schematicsheet> was found. Add a <schematicsheet> to define the schematic drawing area.
All pins on AUDIT_C12067 are underspecified (no pinAttributes set)
All pins on AUDIT_C160409 are underspecified (no pinAttributes set)
All pins on AUDIT_C1974707 are underspecified (no pinAttributes set)
All pins on AUDIT_C189895 are underspecified (no pinAttributes set)
All pins on AUDIT_C2965326 are underspecified (no pinAttributes set)
All pins on AUDIT_C5143397 are underspecified (no pinAttributes set)
All pins on AUDIT_C82045 are underspecified (no pinAttributes set)
AUDIT_C12067 has no pin with requires_power=true
AUDIT_C138714 has no pin with requires_power=true
AUDIT_C160409 has no pin with requires_power=true
AUDIT_C1974707 has no pin with requires_power=true
AUDIT_C189895 has no pin with requires_power=true
AUDIT_C28927 has no pin with requires_power=true
AUDIT_C2965326 has no pin with requires_power=true
AUDIT_C3662793 has no pin with requires_power=true
AUDIT_C465949 has no pin with requires_power=true
AUDIT_C5143397 has no pin with requires_power=true
AUDIT_C79815 has no pin with requires_power=true
AUDIT_C82045 has no pin with requires_power=true
AUDIT_C94934 has no pin with requires_power=true
AUDIT_C12067 has no pin with requires_ground=true
AUDIT_C160409 has no pin with requires_ground=true
AUDIT_C1974707 has no pin with requires_ground=true
AUDIT_C189895 has no pin with requires_ground=true
AUDIT_C2965326 has no pin with requires_ground=true
AUDIT_C5143397 has no pin with requires_ground=true
AUDIT_C82045 has no pin with requires_ground=true
AUDIT_C12067 is missing schematic reference designator text. For a custom symbol, add name="{REFDES}" inside the symbol.
AUDIT_C1974707 is missing schematic reference designator text. For a custom symbol, add name="{REFDES}" inside the symbol.
AUDIT_C2965326 is missing schematic reference designator text. For a custom symbol, add name="{REFDES}" inside the symbol.
AUDIT_C82045 is missing schematic reference designator text. For a custom symbol, add name="{REFDES}" inside the symbol.
AUDIT_C94934 is missing schematic reference designator text. For a custom symbol, add name="{REFDES}" inside the symbol.
Generating preview images...
[scripts/all-imports-audit] Generating PCB SVG...
[scripts/all-imports-audit] Written pcb.svg
[scripts/all-imports-audit] Generating PCB PNG...
[scripts/all-imports-audit] Written pcb.png

Build complete
  Circuits  1 passed
  Options   pcb-png, pcb-svgs
  Output    dist

✓ Done
Build exiting with code 0: build finished successfully
