Building 1 file(s)...
Building scripts/imported-symbol-rotation.circuit.tsx...
Generating circuit JSON...
Circuit JSON written to dist/scripts/imported-symbol-rotation/circuit.json
All pins on D_ZERO are underspecified (no pinAttributes set)
All pins on D_ROTATED are underspecified (no pinAttributes set)
D_ZERO has no pin with requires_power=true
D_ROTATED has no pin with requires_power=true
D_ZERO has no pin with requires_ground=true
D_ROTATED has no pin with requires_ground=true
D_ZERO is missing schematic reference designator text. For a custom symbol, add name="{REFDES}" inside the symbol.
D_ROTATED is missing schematic reference designator text. For a custom symbol, add name="{REFDES}" inside the symbol.
Generating preview images...
[scripts/imported-symbol-rotation] Generating schematic SVG...
[scripts/imported-symbol-rotation] Written schematic.svg

Build complete
  Circuits  1 passed
  Options   schematic-svgs
  Output    dist

✓ Done
Build exiting with code 0: build finished successfully
