trace: `key` is not a prop. Trying to access it will result in `undefined` being returned. If you need to access the same value within the child component, you should pass it as a different prop. (https://react.dev/link/special-props)
Routing phase 0 undefined 68 connections 1058 obstacles
Routing phase 1 AutoroutingPipelineSolver9_PreloadedTraceGraph 1 connections 6661 obstacles
Routing progress 1 0.16
Routing progress 1 0.17
Routing progress 1 0.20781913191852402
Routing progress 1 0.2149770715580676
Routing progress 1 0.22196864668870642
Routing progress 1 0.2266481817212328
Routing progress 1 0.23104617681561265
Routing progress 1 0.23508158259571293
Routing progress 1 0.24
Routing progress 1 0.28
Routing progress 1 0.32
Routing progress 1 0.44
Routing progress 1 0.44
Routing progress 1 0.44
Routing progress 1 0.44
{
  message: "aJ ran out of iterations (capacity-autorouter@0.0.958)",
}
Async effect error in PcbTraceRender "autorouting":
AutorouterError: aJ ran out of iterations (capacity-autorouter@0.0.958)
    at runCycleAndQueueNextCycle (/workspace/smart-nema14-motor-controller/node_modules/@tscircuit/core/dist/index.js:107448:24)
    at <anonymous> (/workspace/smart-nema14-motor-controller/node_modules/@tscircuit/core/dist/index.js:107483:27)
Native render complete: 232 unresolved errors
