2026-10-03 19:53:39.722 INFO   Freerouting v2.4.1 (build-date: 2026-09-03)
2026-10-03 19:53:41.428 INFO   [75E38C\9D796B] Loading board file 'local-routing.dsn'...
2026-10-03 19:53:41.667 INFO   [75E38C\9D796B] Job '75E38C\9D796B' started at 2026-10-03T17:53:41.667176Z.
2026-10-03 19:53:41.777 INFO   [75E38C\9D796B] Auto-routing stage started on board 'ff95d618cfff0ed7131d8f8cba698bb5' for 297 unrouted items.
2026-10-03 19:55:04.123 INFO   [75E38C\9D796B] Auto-routing pass #1 on board 'ff95d618cfff0ed7131d8f8cba698bb5' was completed in 79.27 seconds with score 673.33 (94 unrouted and 20 violations), using 80.61 CPU seconds and the job allocated 323.17 GB of memory so far.
2026-10-03 19:56:13.532 INFO   [75E38C\9D796B] Auto-routing pass #2 on board 'a7b40592ee780f06a26947cb70e729fd' was completed in 65.82 seconds with score 716.66 (81 unrouted and 20 violations), using 149.17 CPU seconds and the job allocated 572.88 GB of memory so far.
2026-10-03 19:57:24.092 INFO   [75E38C\9D796B] Auto-routing pass #3 on board '91349766e21ed64b141c0194136dc34f' was completed in 66.89 seconds with score 766.66 (66 unrouted and 20 violations), using 218.80 CPU seconds and the job allocated 831.74 GB of memory so far.
2026-10-03 19:58:31.491 INFO   [75E38C\9D796B] Auto-routing pass #4 on board 'e4839e91e2504b2b49dc5e19930517de' was completed in 63.52 seconds with score 776.66 (63 unrouted and 20 violations), using 285.48 CPU seconds and the job allocated 1085.72 GB of memory so far.
2026-10-03 19:59:44.011 INFO   [75E38C\9D796B] Auto-routing pass #5 on board 'bd21161ca1889cc7b9bfcef9eea3f8db' was completed in 68.80 seconds with score 796.66 (57 unrouted and 20 violations), using 357.16 CPU seconds and the job allocated 1337.98 GB of memory so far.
2026-10-03 20:00:57.349 INFO   [75E38C\9D796B] Auto-routing pass #6 on board 'b97174d9a028939496f5a9ee6bab05f6' was completed in 69.61 seconds with score 799.99 (56 unrouted and 20 violations), using 429.77 CPU seconds and the job allocated 1601.83 GB of memory so far.
2026-10-03 20:02:12.852 INFO   [75E38C\9D796B] Auto-routing pass #7 on board '845d407a43504ae9f75d3d489c7a253a' was completed in 71.74 seconds with score 806.66 (54 unrouted and 20 violations), using 503.44 CPU seconds and the job allocated 1867.30 GB of memory so far.
2026-10-03 20:03:38.127 INFO   [75E38C\9D796B] Auto-routing pass #8 on board '23964c8467c2f3286fc8048fade3c7da' was completed in 81.53 seconds with score 806.66 (54 unrouted and 20 violations), using 587.95 CPU seconds and the job allocated 2162.78 GB of memory so far.
2026-10-03 20:05:14.777 INFO   [75E38C\9D796B] Auto-routing pass #9 on board '23964c8467c2f3286fc8048fade3c7da' was completed in 94.77 seconds with score 796.66 (57 unrouted and 20 violations), using 683.44 CPU seconds and the job allocated 2490.61 GB of memory so far.
2026-10-03 20:06:32.081 INFO   [75E38C\9D796B] Auto-routing pass #10 on board '04ed87b8ec956f26bcb8d09ad631022e' was completed in 73.53 seconds with score 809.99 (53 unrouted and 20 violations), using 760.15 CPU seconds and the job allocated 2751.66 GB of memory so far.
2026-10-03 20:07:53.225 INFO   [75E38C\9D796B] Auto-routing pass #11 on board '03f7fa32b921a42310527e66868df92f' was completed in 77.26 seconds with score 836.66 (45 unrouted and 20 violations), using 839.72 CPU seconds and the job allocated 3037.95 GB of memory so far.
2026-10-03 20:09:51.295 INFO   [75E38C\9D796B] Auto-routing pass #12 on board 'ed2489a2810b3d44baa36c85675fcd72' was completed in 114.29 seconds with score 836.66 (45 unrouted and 20 violations), using 956.03 CPU seconds and the job allocated 3418.95 GB of memory so far.
2026-10-03 20:11:38.594 INFO   [75E38C\9D796B] Auto-routing pass #13 on board 'ed2489a2810b3d44baa36c85675fcd72' was completed in 105.35 seconds with score 816.66 (51 unrouted and 20 violations), using 1062.27 CPU seconds and the job allocated 3792.34 GB of memory so far.
2026-10-03 20:13:36.237 INFO   [75E38C\9D796B] Auto-routing pass #14 on board '7767331885be63631843d9b4f461a573' was completed in 113.88 seconds with score 796.66 (57 unrouted and 20 violations), using 1177.25 CPU seconds and the job allocated 4172.13 GB of memory so far.
2026-10-03 20:15:59.183 INFO   [75E38C\9D796B] Auto-routing pass #15 on board '90f7782701d918f047db9397ffa20bc5' was completed in 139.21 seconds with score 806.66 (54 unrouted and 20 violations), using 1318.25 CPU seconds and the job allocated 4635.47 GB of memory so far.
2026-10-03 20:17:54.664 INFO   [75E38C\9D796B] Auto-routing pass #16 on board '557180ea78825a4404bdcace970d2767' was completed in 111.43 seconds with score 846.66 (42 unrouted and 20 violations), using 1432.28 CPU seconds and the job allocated 5001.73 GB of memory so far.
2026-10-03 20:19:24.877 INFO   [75E38C\9D796B] Auto-routing pass #17 on board '70f47e6ecf07923ef5a55bd4f3f43477' was completed in 86.05 seconds with score 839.99 (44 unrouted and 20 violations), using 1520.53 CPU seconds and the job allocated 5278.13 GB of memory so far.
2026-10-03 20:21:06.895 INFO   [75E38C\9D796B] Auto-routing pass #18 on board '686ca98bf477984192f7690896a2ea38' was completed in 97.70 seconds with score 863.32 (37 unrouted and 20 violations), using 1621.77 CPU seconds and the job allocated 5603.37 GB of memory so far.
2026-10-03 20:22:59.423 INFO   [75E38C\9D796B] Auto-routing pass #19 on board '3a0c576527f4b2d5eabb901d1353348b' was completed in 108.34 seconds with score 833.32 (46 unrouted and 20 violations), using 1731.96 CPU seconds and the job allocated 5951.42 GB of memory so far.
2026-10-03 20:24:46.273 INFO   [75E38C\9D796B] Auto-routing pass #20 on board '3a0c576527f4b2d5eabb901d1353348b' was completed in 0.00 seconds with score 863.32 (37 unrouted and 20 violations), using 1837.05 CPU seconds and the job allocated 6280.43 GB of memory so far.
2026-10-03 20:26:31.328 INFO   [75E38C\9D796B] Auto-routing pass #21 on board '3a0c576527f4b2d5eabb901d1353348b' was completed in 102.86 seconds with score 839.99 (44 unrouted and 20 violations), using 1940.23 CPU seconds and the job allocated 6600.58 GB of memory so far.
2026-10-03 20:28:16.676 INFO   [75E38C\9D796B] Auto-routing pass #22 on board 'e18a9528dbe2dc6dff6c88df8a489fdb' was completed in 101.02 seconds with score 863.32 (37 unrouted and 20 violations), using 2044.54 CPU seconds and the job allocated 6909.41 GB of memory so far.
2026-10-03 20:29:57.947 INFO   [75E38C\9D796B] Auto-routing pass #23 on board '4b09847a7c163b5bdc28d442104d2728' was completed in 96.96 seconds with score 863.32 (37 unrouted and 20 violations), using 2143.67 CPU seconds and the job allocated 7211.16 GB of memory so far.
2026-10-03 20:31:42.945 INFO   [75E38C\9D796B] Auto-routing pass #24 on board '4b09847a7c163b5bdc28d442104d2728' was completed in 0.00 seconds with score 863.32 (37 unrouted and 20 violations), using 2247.75 CPU seconds and the job allocated 7515.55 GB of memory so far.
2026-10-03 20:33:23.636 INFO   [75E38C\9D796B] Auto-routing pass #25 on board '4b09847a7c163b5bdc28d442104d2728' was completed in 98.50 seconds with score 846.66 (42 unrouted and 20 violations), using 2346.81 CPU seconds and the job allocated 7812.64 GB of memory so far.
2026-10-03 20:34:59.400 INFO   [75E38C\9D796B] Auto-routing pass #26 on board 'd8387e094c0e6d69cf154555f523fe59' was completed in 90.63 seconds with score 853.32 (40 unrouted and 20 violations), using 2441.36 CPU seconds and the job allocated 8121.54 GB of memory so far.
2026-10-03 20:35:06.651 WARN   Polyline: must contain at least 2 different points
2026-10-03 20:35:06.672 WARN   Polyline: must contain at least 2 different points
2026-10-03 20:35:06.696 WARN   Polyline: must contain at least 2 different points
2026-10-03 20:35:06.720 WARN   Polyline: must contain at least 2 different points
2026-10-03 20:35:06.742 WARN   Polyline: must contain at least 2 different points
2026-10-03 20:35:06.761 WARN   Polyline: must contain at least 2 different points
2026-10-03 20:35:06.785 WARN   Polyline: must contain at least 2 different points
2026-10-03 20:35:06.802 WARN   Polyline: must contain at least 2 different points
2026-10-03 20:35:06.819 WARN   Polyline: must contain at least 2 different points
2026-10-03 20:35:06.839 WARN   Polyline: must contain at least 2 different points
2026-10-03 20:35:06.856 WARN   Polyline: must contain at least 2 different points
2026-10-03 20:35:06.860 WARN   Polyline: must contain at least 2 different points
2026-10-03 20:35:06.865 WARN   Polyline: must contain at least 2 different points
2026-10-03 20:35:06.871 WARN   Polyline: must contain at least 2 different points
2026-10-03 20:35:06.875 WARN   Polyline: must contain at least 2 different points
2026-10-03 20:35:06.879 WARN   Polyline: must contain at least 2 different points
2026-10-03 20:35:06.884 WARN   Polyline: must contain at least 2 different points
2026-10-03 20:35:06.890 WARN   Polyline: must contain at least 2 different points
2026-10-03 20:35:06.894 WARN   Polyline: must contain at least 2 different points
2026-10-03 20:35:06.899 WARN   Polyline: must contain at least 2 different points
2026-10-03 20:35:06.905 WARN   Polyline: must contain at least 2 different points
2026-10-03 20:35:06.910 WARN   Polyline: must contain at least 2 different points
2026-10-03 20:35:06.914 WARN   Polyline: must contain at least 2 different points
2026-10-03 20:35:06.918 WARN   Polyline: must contain at least 2 different points
2026-10-03 20:35:06.924 WARN   Polyline: must contain at least 2 different points
2026-10-03 20:35:06.929 WARN   Polyline: must contain at least 2 different points
2026-10-03 20:35:06.933 WARN   Polyline: must contain at least 2 different points
2026-10-03 20:35:06.937 WARN   Polyline: must contain at least 2 different points
2026-10-03 20:35:06.943 WARN   Polyline: must contain at least 2 different points
2026-10-03 20:35:06.948 WARN   Polyline: must contain at least 2 different points
2026-10-03 20:35:06.952 WARN   Polyline: must contain at least 2 different points
2026-10-03 20:35:06.956 WARN   Polyline: must contain at least 2 different points
2026-10-03 20:35:06.961 WARN   Polyline: must contain at least 2 different points
2026-10-03 20:35:06.967 WARN   Polyline: must contain at least 2 different points
2026-10-03 20:35:06.971 WARN   Polyline: must contain at least 2 different points
2026-10-03 20:35:06.975 WARN   Polyline: must contain at least 2 different points
2026-10-03 20:35:06.980 WARN   Polyline: must contain at least 2 different points
2026-10-03 20:35:06.986 WARN   Polyline: must contain at least 2 different points
2026-10-03 20:35:06.990 WARN   Polyline: must contain at least 2 different points
2026-10-03 20:35:06.994 WARN   Polyline: must contain at least 2 different points
2026-10-03 20:35:06.999 WARN   Polyline: must contain at least 2 different points
2026-10-03 20:35:07.004 WARN   Polyline: must contain at least 2 different points
2026-10-03 20:35:07.008 WARN   Polyline: must contain at least 2 different points
2026-10-03 20:35:07.012 WARN   Polyline: must contain at least 2 different points
2026-10-03 20:35:07.018 WARN   Polyline: must contain at least 2 different points
2026-10-03 20:35:07.023 WARN   Polyline: must contain at least 2 different points
2026-10-03 20:35:07.027 WARN   Polyline: must contain at least 2 different points
2026-10-03 20:35:07.031 WARN   Polyline: must contain at least 2 different points
2026-10-03 20:35:07.036 WARN   Polyline: must contain at least 2 different points
2026-10-03 20:35:07.042 WARN   Polyline: must contain at least 2 different points
2026-10-03 20:35:07.046 WARN   Polyline: must contain at least 2 different points
2026-10-03 20:35:07.050 WARN   Polyline: must contain at least 2 different points
2026-10-03 20:35:07.055 WARN   Polyline: must contain at least 2 different points
2026-10-03 20:35:07.060 WARN   Polyline: must contain at least 2 different points
2026-10-03 20:35:07.064 WARN   Polyline: must contain at least 2 different points
2026-10-03 20:35:07.069 WARN   Polyline: must contain at least 2 different points
2026-10-03 20:35:07.074 WARN   Polyline: must contain at least 2 different points
2026-10-03 20:35:07.079 WARN   Polyline: must contain at least 2 different points
2026-10-03 20:35:07.083 WARN   Polyline: must contain at least 2 different points
2026-10-03 20:35:07.087 WARN   Polyline: must contain at least 2 different points
2026-10-03 20:35:07.093 WARN   Polyline: must contain at least 2 different points
2026-10-03 20:35:07.098 WARN   Polyline: must contain at least 2 different points
2026-10-03 20:35:07.102 WARN   Polyline: must contain at least 2 different points
2026-10-03 20:35:07.106 WARN   Polyline: must contain at least 2 different points
2026-10-03 20:35:07.111 WARN   Polyline: must contain at least 2 different points
2026-10-03 20:35:07.117 WARN   Polyline: must contain at least 2 different points
2026-10-03 20:35:07.122 WARN   Polyline: must contain at least 2 different points
2026-10-03 20:35:07.126 WARN   Polyline: must contain at least 2 different points
2026-10-03 20:35:07.132 WARN   Polyline: must contain at least 2 different points
2026-10-03 20:35:07.137 WARN   Polyline: must contain at least 2 different points
2026-10-03 20:35:07.141 WARN   Polyline: must contain at least 2 different points
2026-10-03 20:35:07.145 WARN   Polyline: must contain at least 2 different points
2026-10-03 20:35:07.150 WARN   Polyline: must contain at least 2 different points
2026-10-03 20:35:07.156 WARN   Polyline: must contain at least 2 different points
2026-10-03 20:35:07.160 WARN   Polyline: must contain at least 2 different points
2026-10-03 20:35:07.164 WARN   Polyline: must contain at least 2 different points
2026-10-03 20:35:07.170 WARN   Polyline: must contain at least 2 different points
2026-10-03 20:35:07.175 WARN   Polyline: must contain at least 2 different points
2026-10-03 20:35:07.179 WARN   Polyline: must contain at least 2 different points
2026-10-03 20:35:07.183 WARN   Polyline: must contain at least 2 different points
2026-10-03 20:35:07.188 WARN   Polyline: must contain at least 2 different points
2026-10-03 20:35:07.194 WARN   Polyline: must contain at least 2 different points
2026-10-03 20:35:07.198 WARN   Polyline: must contain at least 2 different points
2026-10-03 20:35:07.202 WARN   Polyline: must contain at least 2 different points
2026-10-03 20:35:07.207 WARN   Polyline: must contain at least 2 different points
2026-10-03 20:35:07.213 WARN   Polyline: must contain at least 2 different points
2026-10-03 20:35:07.217 WARN   Polyline: must contain at least 2 different points
2026-10-03 20:35:07.221 WARN   Polyline: must contain at least 2 different points
2026-10-03 20:35:07.226 WARN   Polyline: must contain at least 2 different points
2026-10-03 20:35:07.231 WARN   Polyline: must contain at least 2 different points
2026-10-03 20:35:07.235 WARN   Polyline: must contain at least 2 different points
2026-10-03 20:35:07.239 WARN   Polyline: must contain at least 2 different points
2026-10-03 20:35:07.245 WARN   Polyline: must contain at least 2 different points
2026-10-03 20:35:07.250 WARN   Polyline: must contain at least 2 different points
2026-10-03 20:35:07.254 WARN   Polyline: must contain at least 2 different points
2026-10-03 20:35:07.258 WARN   Polyline: must contain at least 2 different points
2026-10-03 20:35:07.264 WARN   Polyline: must contain at least 2 different points
2026-10-03 20:35:07.269 WARN   Polyline: must contain at least 2 different points
2026-10-03 20:35:07.273 WARN   Polyline: must contain at least 2 different points
2026-10-03 20:35:07.277 WARN   Polyline: must contain at least 2 different points
2026-10-03 20:35:07.282 WARN   Polyline: must contain at least 2 different points
2026-10-03 20:35:07.288 WARN   Polyline: must contain at least 2 different points
2026-10-03 20:35:07.292 WARN   Polyline: must contain at least 2 different points
2026-10-03 20:35:07.296 WARN   Polyline: must contain at least 2 different points
2026-10-03 20:35:07.301 WARN   Polyline: must contain at least 2 different points
2026-10-03 20:35:07.306 WARN   Polyline: must contain at least 2 different points
2026-10-03 20:35:07.310 WARN   Polyline: must contain at least 2 different points
2026-10-03 20:35:07.314 WARN   Polyline: must contain at least 2 different points
2026-10-03 20:35:07.320 WARN   Polyline: must contain at least 2 different points
2026-10-03 20:35:07.325 WARN   Polyline: must contain at least 2 different points
2026-10-03 20:35:07.329 WARN   Polyline: must contain at least 2 different points
2026-10-03 20:35:07.333 WARN   Polyline: must contain at least 2 different points
2026-10-03 20:35:07.338 WARN   Polyline: must contain at least 2 different points
2026-10-03 20:35:07.345 WARN   Polyline: must contain at least 2 different points
2026-10-03 20:35:07.349 WARN   Polyline: must contain at least 2 different points
2026-10-03 20:35:07.353 WARN   Polyline: must contain at least 2 different points
2026-10-03 20:35:07.359 WARN   Polyline: must contain at least 2 different points
2026-10-03 20:35:07.364 WARN   Polyline: must contain at least 2 different points
2026-10-03 20:35:07.368 WARN   Polyline: must contain at least 2 different points
2026-10-03 20:35:07.372 WARN   Polyline: must contain at least 2 different points
2026-10-03 20:35:07.378 WARN   Polyline: must contain at least 2 different points
2026-10-03 20:35:07.383 WARN   Polyline: must contain at least 2 different points
2026-10-03 20:35:07.387 WARN   Polyline: must contain at least 2 different points
2026-10-03 20:35:07.391 WARN   Polyline: must contain at least 2 different points
2026-10-03 20:35:07.396 WARN   Polyline: must contain at least 2 different points
2026-10-03 20:35:07.402 WARN   Polyline: must contain at least 2 different points
2026-10-03 20:35:07.406 WARN   Polyline: must contain at least 2 different points
2026-10-03 20:35:07.410 WARN   Polyline: must contain at least 2 different points
2026-10-03 20:35:07.415 WARN   Polyline: must contain at least 2 different points
2026-10-03 20:35:07.420 WARN   Polyline: must contain at least 2 different points
2026-10-03 20:35:07.424 WARN   Polyline: must contain at least 2 different points
2026-10-03 20:35:07.428 WARN   Polyline: must contain at least 2 different points
2026-10-03 20:35:07.434 WARN   Polyline: must contain at least 2 different points
2026-10-03 20:35:07.439 WARN   Polyline: must contain at least 2 different points
2026-10-03 20:35:07.443 WARN   Polyline: must contain at least 2 different points
2026-10-03 20:35:07.447 WARN   Polyline: must contain at least 2 different points
2026-10-03 20:35:07.452 WARN   Polyline: must contain at least 2 different points
2026-10-03 20:35:07.458 WARN   Polyline: must contain at least 2 different points
2026-10-03 20:35:07.462 WARN   Polyline: must contain at least 2 different points
2026-10-03 20:35:07.466 WARN   Polyline: must contain at least 2 different points
2026-10-03 20:35:07.471 WARN   Polyline: must contain at least 2 different points
2026-10-03 20:35:07.476 WARN   Polyline: must contain at least 2 different points
2026-10-03 20:35:07.480 WARN   Polyline: must contain at least 2 different points
2026-10-03 20:35:07.484 WARN   Polyline: must contain at least 2 different points
2026-10-03 20:35:07.490 WARN   Polyline: must contain at least 2 different points
2026-10-03 20:35:07.495 WARN   Polyline: must contain at least 2 different points
2026-10-03 20:35:07.499 WARN   Polyline: must contain at least 2 different points
2026-10-03 20:35:07.503 WARN   Polyline: must contain at least 2 different points
2026-10-03 20:35:07.508 WARN   Polyline: must contain at least 2 different points
2026-10-03 20:35:07.514 WARN   Polyline: must contain at least 2 different points
2026-10-03 20:35:07.517 WARN   Polyline: must contain at least 2 different points
2026-10-03 20:35:07.521 WARN   Polyline: must contain at least 2 different points
2026-10-03 20:35:07.527 WARN   Polyline: must contain at least 2 different points
2026-10-03 20:35:07.532 WARN   Polyline: must contain at least 2 different points
2026-10-03 20:35:07.536 WARN   Polyline: must contain at least 2 different points
2026-10-03 20:35:07.540 WARN   Polyline: must contain at least 2 different points
2026-10-03 20:35:07.546 WARN   Polyline: must contain at least 2 different points
2026-10-03 20:35:07.551 WARN   Polyline: must contain at least 2 different points
2026-10-03 20:35:07.555 WARN   Polyline: must contain at least 2 different points
2026-10-03 20:35:07.559 WARN   Polyline: must contain at least 2 different points
2026-10-03 20:35:07.566 WARN   Polyline: must contain at least 2 different points
2026-10-03 20:35:07.571 WARN   Polyline: must contain at least 2 different points
2026-10-03 20:35:07.575 WARN   Polyline: must contain at least 2 different points
2026-10-03 20:35:07.579 WARN   Polyline: must contain at least 2 different points
2026-10-03 20:35:07.585 WARN   Polyline: must contain at least 2 different points
2026-10-03 20:35:07.590 WARN   Polyline: must contain at least 2 different points
2026-10-03 20:35:07.594 WARN   Polyline: must contain at least 2 different points
2026-10-03 20:35:07.598 WARN   Polyline: must contain at least 2 different points
2026-10-03 20:35:07.604 WARN   Polyline: must contain at least 2 different points
2026-10-03 20:35:07.609 WARN   Polyline: must contain at least 2 different points
2026-10-03 20:35:07.613 WARN   Polyline: must contain at least 2 different points
2026-10-03 20:35:07.617 WARN   Polyline: must contain at least 2 different points
2026-10-03 20:35:07.623 WARN   Polyline: must contain at least 2 different points
2026-10-03 20:35:07.628 WARN   Polyline: must contain at least 2 different points
2026-10-03 20:35:28.558 WARN   Polyline: must contain at least 2 different points
2026-10-03 20:35:28.585 WARN   Polyline: must contain at least 2 different points
2026-10-03 20:35:28.615 WARN   Polyline: must contain at least 2 different points
2026-10-03 20:35:28.635 WARN   Polyline: must contain at least 2 different points
2026-10-03 20:35:28.675 WARN   Polyline: must contain at least 2 different points
2026-10-03 20:35:28.702 WARN   Polyline: must contain at least 2 different points
2026-10-03 20:35:28.725 WARN   Polyline: must contain at least 2 different points
2026-10-03 20:35:28.741 WARN   Polyline: must contain at least 2 different points
2026-10-03 20:35:28.759 WARN   Polyline: must contain at least 2 different points
2026-10-03 20:35:28.767 WARN   Polyline: must contain at least 2 different points
2026-10-03 20:35:28.778 WARN   Polyline: must contain at least 2 different points
2026-10-03 20:35:28.780 WARN   Polyline: must contain at least 2 different points
2026-10-03 20:35:28.784 WARN   Polyline: must contain at least 2 different points
2026-10-03 20:35:28.790 WARN   Polyline: must contain at least 2 different points
2026-10-03 20:35:28.801 WARN   Polyline: must contain at least 2 different points
2026-10-03 20:35:28.803 WARN   Polyline: must contain at least 2 different points
2026-10-03 20:35:28.807 WARN   Polyline: must contain at least 2 different points
2026-10-03 20:35:28.812 WARN   Polyline: must contain at least 2 different points
2026-10-03 20:35:28.824 WARN   Polyline: must contain at least 2 different points
2026-10-03 20:35:28.825 WARN   Polyline: must contain at least 2 different points
2026-10-03 20:35:28.829 WARN   Polyline: must contain at least 2 different points
2026-10-03 20:35:28.835 WARN   Polyline: must contain at least 2 different points
2026-10-03 20:35:28.848 WARN   Polyline: must contain at least 2 different points
2026-10-03 20:35:28.850 WARN   Polyline: must contain at least 2 different points
2026-10-03 20:35:28.854 WARN   Polyline: must contain at least 2 different points
2026-10-03 20:35:28.859 WARN   Polyline: must contain at least 2 different points
2026-10-03 20:35:28.871 WARN   Polyline: must contain at least 2 different points
2026-10-03 20:35:28.872 WARN   Polyline: must contain at least 2 different points
2026-10-03 20:35:28.876 WARN   Polyline: must contain at least 2 different points
2026-10-03 20:35:28.882 WARN   Polyline: must contain at least 2 different points
2026-10-03 20:35:28.893 WARN   Polyline: must contain at least 2 different points
2026-10-03 20:35:28.895 WARN   Polyline: must contain at least 2 different points
2026-10-03 20:35:28.899 WARN   Polyline: must contain at least 2 different points
2026-10-03 20:35:28.905 WARN   Polyline: must contain at least 2 different points
2026-10-03 20:35:28.916 WARN   Polyline: must contain at least 2 different points
2026-10-03 20:35:28.918 WARN   Polyline: must contain at least 2 different points
2026-10-03 20:35:28.922 WARN   Polyline: must contain at least 2 different points
2026-10-03 20:35:28.927 WARN   Polyline: must contain at least 2 different points
2026-10-03 20:35:28.938 WARN   Polyline: must contain at least 2 different points
2026-10-03 20:35:28.940 WARN   Polyline: must contain at least 2 different points
2026-10-03 20:35:28.944 WARN   Polyline: must contain at least 2 different points
2026-10-03 20:35:28.950 WARN   Polyline: must contain at least 2 different points
2026-10-03 20:35:28.961 WARN   Polyline: must contain at least 2 different points
2026-10-03 20:35:28.962 WARN   Polyline: must contain at least 2 different points
2026-10-03 20:35:28.967 WARN   Polyline: must contain at least 2 different points
2026-10-03 20:35:28.972 WARN   Polyline: must contain at least 2 different points
2026-10-03 20:35:28.983 WARN   Polyline: must contain at least 2 different points
2026-10-03 20:35:28.985 WARN   Polyline: must contain at least 2 different points
2026-10-03 20:35:28.989 WARN   Polyline: must contain at least 2 different points
2026-10-03 20:35:28.995 WARN   Polyline: must contain at least 2 different points
2026-10-03 20:35:29.006 WARN   Polyline: must contain at least 2 different points
2026-10-03 20:35:29.008 WARN   Polyline: must contain at least 2 different points
2026-10-03 20:35:29.012 WARN   Polyline: must contain at least 2 different points
2026-10-03 20:35:29.017 WARN   Polyline: must contain at least 2 different points
2026-10-03 20:35:29.029 WARN   Polyline: must contain at least 2 different points
2026-10-03 20:35:29.030 WARN   Polyline: must contain at least 2 different points
2026-10-03 20:35:29.034 WARN   Polyline: must contain at least 2 different points
2026-10-03 20:35:29.040 WARN   Polyline: must contain at least 2 different points
2026-10-03 20:35:29.051 WARN   Polyline: must contain at least 2 different points
2026-10-03 20:35:29.053 WARN   Polyline: must contain at least 2 different points
2026-10-03 20:35:29.057 WARN   Polyline: must contain at least 2 different points
2026-10-03 20:35:29.062 WARN   Polyline: must contain at least 2 different points
2026-10-03 20:35:29.074 WARN   Polyline: must contain at least 2 different points
2026-10-03 20:35:29.075 WARN   Polyline: must contain at least 2 different points
2026-10-03 20:35:29.079 WARN   Polyline: must contain at least 2 different points
2026-10-03 20:35:29.087 WARN   Polyline: must contain at least 2 different points
2026-10-03 20:35:29.098 WARN   Polyline: must contain at least 2 different points
2026-10-03 20:35:29.099 WARN   Polyline: must contain at least 2 different points
2026-10-03 20:35:29.104 WARN   Polyline: must contain at least 2 different points
2026-10-03 20:35:29.109 WARN   Polyline: must contain at least 2 different points
2026-10-03 20:35:29.120 WARN   Polyline: must contain at least 2 different points
2026-10-03 20:35:29.122 WARN   Polyline: must contain at least 2 different points
2026-10-03 20:35:29.126 WARN   Polyline: must contain at least 2 different points
2026-10-03 20:35:29.131 WARN   Polyline: must contain at least 2 different points
2026-10-03 20:35:29.142 WARN   Polyline: must contain at least 2 different points
2026-10-03 20:35:29.144 WARN   Polyline: must contain at least 2 different points
2026-10-03 20:35:29.148 WARN   Polyline: must contain at least 2 different points
2026-10-03 20:35:29.154 WARN   Polyline: must contain at least 2 different points
2026-10-03 20:35:29.166 WARN   Polyline: must contain at least 2 different points
2026-10-03 20:35:29.167 WARN   Polyline: must contain at least 2 different points
2026-10-03 20:35:29.171 WARN   Polyline: must contain at least 2 different points
2026-10-03 20:35:29.177 WARN   Polyline: must contain at least 2 different points
2026-10-03 20:35:29.188 WARN   Polyline: must contain at least 2 different points
2026-10-03 20:35:29.190 WARN   Polyline: must contain at least 2 different points
2026-10-03 20:35:29.194 WARN   Polyline: must contain at least 2 different points
2026-10-03 20:35:29.199 WARN   Polyline: must contain at least 2 different points
2026-10-03 20:35:29.211 WARN   Polyline: must contain at least 2 different points
2026-10-03 20:35:29.212 WARN   Polyline: must contain at least 2 different points
2026-10-03 20:35:29.216 WARN   Polyline: must contain at least 2 different points
2026-10-03 20:35:29.222 WARN   Polyline: must contain at least 2 different points
2026-10-03 20:35:29.233 WARN   Polyline: must contain at least 2 different points
2026-10-03 20:35:29.235 WARN   Polyline: must contain at least 2 different points
2026-10-03 20:35:29.239 WARN   Polyline: must contain at least 2 different points
2026-10-03 20:35:29.244 WARN   Polyline: must contain at least 2 different points
2026-10-03 20:35:29.255 WARN   Polyline: must contain at least 2 different points
2026-10-03 20:35:29.257 WARN   Polyline: must contain at least 2 different points
2026-10-03 20:35:29.261 WARN   Polyline: must contain at least 2 different points
2026-10-03 20:35:29.267 WARN   Polyline: must contain at least 2 different points
2026-10-03 20:35:29.278 WARN   Polyline: must contain at least 2 different points
2026-10-03 20:35:29.280 WARN   Polyline: must contain at least 2 different points
2026-10-03 20:35:29.284 WARN   Polyline: must contain at least 2 different points
2026-10-03 20:35:29.289 WARN   Polyline: must contain at least 2 different points
2026-10-03 20:35:29.300 WARN   Polyline: must contain at least 2 different points
2026-10-03 20:35:29.302 WARN   Polyline: must contain at least 2 different points
2026-10-03 20:35:29.306 WARN   Polyline: must contain at least 2 different points
2026-10-03 20:35:29.311 WARN   Polyline: must contain at least 2 different points
2026-10-03 20:35:29.323 WARN   Polyline: must contain at least 2 different points
2026-10-03 20:35:29.324 WARN   Polyline: must contain at least 2 different points
2026-10-03 20:35:29.330 WARN   Polyline: must contain at least 2 different points
2026-10-03 20:35:29.336 WARN   Polyline: must contain at least 2 different points
2026-10-03 20:35:29.347 WARN   Polyline: must contain at least 2 different points
2026-10-03 20:35:29.349 WARN   Polyline: must contain at least 2 different points
2026-10-03 20:35:29.353 WARN   Polyline: must contain at least 2 different points
2026-10-03 20:35:29.358 WARN   Polyline: must contain at least 2 different points
2026-10-03 20:35:29.370 WARN   Polyline: must contain at least 2 different points
2026-10-03 20:35:29.371 WARN   Polyline: must contain at least 2 different points
2026-10-03 20:35:29.375 WARN   Polyline: must contain at least 2 different points
2026-10-03 20:35:29.381 WARN   Polyline: must contain at least 2 different points
2026-10-03 20:35:29.392 WARN   Polyline: must contain at least 2 different points
2026-10-03 20:35:29.394 WARN   Polyline: must contain at least 2 different points
2026-10-03 20:35:29.398 WARN   Polyline: must contain at least 2 different points
2026-10-03 20:35:29.403 WARN   Polyline: must contain at least 2 different points
2026-10-03 20:35:29.415 WARN   Polyline: must contain at least 2 different points
2026-10-03 20:35:29.416 WARN   Polyline: must contain at least 2 different points
2026-10-03 20:35:29.420 WARN   Polyline: must contain at least 2 different points
2026-10-03 20:35:29.426 WARN   Polyline: must contain at least 2 different points
2026-10-03 20:35:29.437 WARN   Polyline: must contain at least 2 different points
2026-10-03 20:35:29.439 WARN   Polyline: must contain at least 2 different points
2026-10-03 20:35:29.443 WARN   Polyline: must contain at least 2 different points
2026-10-03 20:35:29.449 WARN   Polyline: must contain at least 2 different points
2026-10-03 20:35:29.460 WARN   Polyline: must contain at least 2 different points
2026-10-03 20:35:29.461 WARN   Polyline: must contain at least 2 different points
2026-10-03 20:35:29.465 WARN   Polyline: must contain at least 2 different points
2026-10-03 20:35:29.471 WARN   Polyline: must contain at least 2 different points
2026-10-03 20:35:29.482 WARN   Polyline: must contain at least 2 different points
2026-10-03 20:35:29.484 WARN   Polyline: must contain at least 2 different points
2026-10-03 20:35:29.488 WARN   Polyline: must contain at least 2 different points
2026-10-03 20:35:29.494 WARN   Polyline: must contain at least 2 different points
2026-10-03 20:35:29.505 WARN   Polyline: must contain at least 2 different points
2026-10-03 20:35:29.506 WARN   Polyline: must contain at least 2 different points
2026-10-03 20:35:29.511 WARN   Polyline: must contain at least 2 different points
2026-10-03 20:35:29.516 WARN   Polyline: must contain at least 2 different points
2026-10-03 20:35:29.527 WARN   Polyline: must contain at least 2 different points
2026-10-03 20:35:29.529 WARN   Polyline: must contain at least 2 different points
2026-10-03 20:35:29.533 WARN   Polyline: must contain at least 2 different points
2026-10-03 20:35:29.539 WARN   Polyline: must contain at least 2 different points
2026-10-03 20:35:29.550 WARN   Polyline: must contain at least 2 different points
2026-10-03 20:36:38.457 INFO   [75E38C\9D796B] Auto-routing pass #27 on board '8e963e734015bc7a8eec647f20ce0d45' was completed in 95.26 seconds with score 849.99 (41 unrouted and 20 violations), using 2538.85 CPU seconds and the job allocated 8452.92 GB of memory so far.
2026-10-03 20:38:16.081 INFO   [75E38C\9D796B] Auto-routing pass #28 on board '4932f28bd46179e946e7f0dc4ef40d83' was completed in 93.84 seconds with score 866.66 (36 unrouted and 20 violations), using 2635.28 CPU seconds and the job allocated 8794.61 GB of memory so far.
2026-10-03 20:39:53.181 INFO   [75E38C\9D796B] Auto-routing pass #29 on board 'c5d6786a6ea7a8d8eaf8bb288e67b48c' was completed in 93.29 seconds with score 873.32 (34 unrouted and 20 violations), using 2730.10 CPU seconds and the job allocated 9113.33 GB of memory so far.
2026-10-03 20:41:21.175 INFO   [75E38C\9D796B] Auto-routing pass #30 on board 'bb5140d16031c7662bbe5d3026518d8b' was completed in 84.17 seconds with score 866.66 (36 unrouted and 20 violations), using 2816.67 CPU seconds and the job allocated 9423.23 GB of memory so far.
2026-10-03 20:42:48.699 INFO   [75E38C\9D796B] Auto-routing pass #31 on board '67675c7d7da74ab9bcbfb42da55be546' was completed in 83.68 seconds with score 843.32 (43 unrouted and 20 violations), using 2903.21 CPU seconds and the job allocated 9720.55 GB of memory so far.
2026-10-03 20:44:30.759 INFO   [75E38C\9D796B] Auto-routing pass #32 on board 'bb5140d16031c7662bbe5d3026518d8b' was completed in 0.00 seconds with score 873.32 (34 unrouted and 20 violations), using 3003.40 CPU seconds and the job allocated 10079.19 GB of memory so far.
2026-10-03 20:45:59.800 INFO   [75E38C\9D796B] Auto-routing pass #33 on board 'bb5140d16031c7662bbe5d3026518d8b' was completed in 87.06 seconds with score 866.66 (36 unrouted and 20 violations), using 3091.73 CPU seconds and the job allocated 10389.76 GB of memory so far.
