{"phase":"topologyPlanningSolver","progress":0.1623600121728545,"elapsed_seconds":4.154530196,"solved":false,"failed":false,"error":null}
{"phase":"topologyMergingSolver","progress":0.2151675338189386,"elapsed_seconds":9.154716683,"solved":false,"failed":false,"error":null}
{"phase":"topologyMergingSolver","progress":0.2325327783558793,"elapsed_seconds":14.154724794,"solved":false,"failed":false,"error":null}
{"phase":"nodeDimensionSubdivisionSolver","progress":0.24,"node_count":38119,"elapsed_seconds":105.160170469,"solved":false,"failed":false,"error":null}
{"phase":"edgeSolver","progress":0.28,"node_count":39333,"elapsed_seconds":139.710931127,"solved":false,"failed":false,"error":null}
{"phase":"availableSegmentPointSolver","progress":0.32,"node_count":39333,"edge_count":117359,"elapsed_seconds":180.350565968,"solved":false,"failed":false,"error":null}
{"phase":"portPointPathingSolver","progress":0.44,"node_count":39333,"edge_count":117359,"elapsed_seconds":187.812177842,"solved":false,"failed":false,"error":null}
{"phase":"highDensityRouteSolver","progress":0.5323076923076924,"node_count":39333,"edge_count":117359,"elapsed_seconds":192.81687243800002,"solved":false,"failed":false,"error":null}
{"phase":"pipeline9JointDrcRepairSolver","progress":0.84,"node_count":39333,"edge_count":117359,"elapsed_seconds":198.878254999,"solved":false,"failed":false,"error":null}
{"phase":"pipeline9JointDrcRepairSolver","progress":0.84,"node_count":39333,"edge_count":117359,"elapsed_seconds":204.972370268,"solved":false,"failed":false,"error":null}
{"phase":"pipeline9JointDrcRepairSolver","progress":0.84,"node_count":39333,"edge_count":117359,"elapsed_seconds":212.14726250400003,"solved":false,"failed":false,"error":null}
{"phase":"pipeline9JointDrcRepairSolver","progress":0.84,"node_count":39333,"edge_count":117359,"elapsed_seconds":218.68363879,"solved":false,"failed":false,"error":null}
{"phase":"pipeline9JointDrcRepairSolver","progress":0.84,"node_count":39333,"edge_count":117359,"elapsed_seconds":225.11083235900003,"solved":false,"failed":false,"error":null}
{"phase":"pipeline9JointDrcRepairSolver","progress":0.84,"node_count":39333,"edge_count":117359,"elapsed_seconds":230.988457216,"solved":false,"failed":false,"error":null}
{"phase":"pipeline9JointDrcRepairSolver","progress":0.84,"node_count":39333,"edge_count":117359,"elapsed_seconds":239.18617999600002,"solved":false,"failed":false,"error":null}
{"phase":"pipeline9JointDrcRepairSolver","progress":0.84,"node_count":39333,"edge_count":117359,"elapsed_seconds":246.80080285100001,"solved":false,"failed":false,"error":null}
{"phase":"pipeline9JointDrcRepairSolver","progress":0.84,"node_count":39333,"edge_count":117359,"elapsed_seconds":254.381187874,"solved":false,"failed":false,"error":null}
{"phase":"pipeline9JointDrcRepairSolver","progress":0.84,"node_count":39333,"edge_count":117359,"elapsed_seconds":259.592058383,"solved":false,"failed":false,"error":null}
{"phase":"pipeline9JointDrcRepairSolver","progress":0.84,"node_count":39333,"edge_count":117359,"elapsed_seconds":264.990013284,"solved":false,"failed":false,"error":null}
{"phase":"pipeline9JointDrcRepairSolver","progress":0.84,"node_count":39333,"edge_count":117359,"elapsed_seconds":273.338081877,"solved":false,"failed":false,"error":null}
{"phase":"pipeline9JointDrcRepairSolver","progress":0.84,"node_count":39333,"edge_count":117359,"elapsed_seconds":278.692156311,"solved":false,"failed":false,"error":null}
{"phase":"pipeline9JointDrcRepairSolver","progress":0.84,"node_count":39333,"edge_count":117359,"elapsed_seconds":287.100332229,"solved":false,"failed":false,"error":null}
{"phase":"pipeline9JointDrcRepairSolver","progress":0.84,"node_count":39333,"edge_count":117359,"elapsed_seconds":292.333909285,"solved":false,"failed":false,"error":null}
{"phase":"pipeline9JointDrcRepairSolver","progress":0.84,"node_count":39333,"edge_count":117359,"elapsed_seconds":298.923744955,"solved":false,"failed":false,"error":null}
