{
  "revision": "0.0.45-alpha.0",
  "input": "evidence/rev-0.0.45-alpha.0/routing/usb024-trunk-and-branches/circuit.json",
  "input_sha256": "2e72df2bc9fe69cab4781509a5472c3ac8cf0cb53b49e432687c7b211531a3a2",
  "scope": "Actual tracks, drills, component/test pads, board edges, NPTH and mechanical keepouts. USB path length is independently measured by measure-usb-paths.py; absent legacy trace-name lengths below are not a USB pass. Pour geometry, silkscreen, paste, impedance CAM and full connectivity remain separate checks.",
  "track_count": 61,
  "segment_count": 401,
  "via_count": 28,
  "thermal_manifest_sha256": null,
  "reviewed_thermal_drill_contacts": [],
  "filled_manifest_sha256": null,
  "reviewed_filled_contacts": [],
  "filled_features_matched": [],
  "usb_path_lengths_mm": {},
  "usb_length_skew_mm": null,
  "minimum_clearances": {
    "via_drill_to_pad_mm": {
      "via": "pcb_via_5",
      "reference": "R_PD_SENSE",
      "pad": "pcb_smtpad_360",
      "same_net": true,
      "actual_mm": 0.35499999999999987,
      "required_mm": 0.35
    },
    "track_to_pad_mm": {
      "track": "saved_phase_null_0_24",
      "segment": 2,
      "pad": "pcb_smtpad_548",
      "reference": "R45",
      "actual_mm": 0.1066706451350527,
      "required_mm": 0.1
    },
    "track_to_track_mm": {
      "first": "saved_phase_null_0_59",
      "first_segment": 8,
      "second": "saved_phase_null_0_60",
      "second_segment": 8,
      "layer": "inner2",
      "actual_mm": 0.14999995141332773,
      "required_mm": 0.15
    },
    "via_to_track_mm": {
      "via": "pcb_via_24",
      "track": "saved_phase_null_0_60",
      "segment": 6,
      "layer": "inner2",
      "actual_mm": 0.1596194077712557,
      "required_mm": 0.15
    },
    "via_to_via_mm": {
      "first": "pcb_via_24",
      "second": "pcb_via_26",
      "actual_mm": 0.20000000000000034,
      "required_mm": 0.15
    },
    "via_hole_to_via_hole_mm": {
      "first": "pcb_via_24",
      "second": "pcb_via_26",
      "actual_mm": 0.35000000000000037,
      "required_mm": 0.35
    }
  },
  "measurement_counts": {
    "via_drill_to_pad_mm": 15624,
    "track_to_pad_mm": 97240,
    "track_to_track_mm": 30844,
    "via_to_track_mm": 10811,
    "via_to_via_mm": 378,
    "via_hole_to_via_hole_mm": 378
  },
  "violations": [],
  "passed": true
}
