Checked STEP 1: RP2040.step
[31;1m**** ERR StepFile : Undefined Parsing: Line 2: Incorrect syntax: unexpected TYPE, expecting STEP    ****[0m
Checked STEP 2: W25Q16JVUXIQ.step
Checked STEP 3: A_0402WGF1002TCE.step
Checked STEP 4: CL05B104KO5NNNC.step
Checked STEP 5: ABM8_272_T3.step
Checked STEP 6: A_0402WGF1001TCE.step
Checked STEP 7: A_0402CG150J500NT.step
Checked STEP 8: A_0402WGF3300TCE.step
Checked STEP 9: CL10A105KB8NNNC.step
Checked STEP 10: TMP112AIDRLR.step
Checked STEP 11: A_0402WGF4701TCE.step
Checked STEP 12: MLT_5020.step
Checked STEP 13: A_1N4148WS.step
Checked STEP 14: DMG1012T_7.step
Checked STEP 15: A_0402WGF1000TCE.step
Checked STEP 16: RT0402BRD07100KL.step
Checked STEP 17: SN65HVD230DR.step
Checked STEP 18: A_0402WGF1200TCE.step
Checked STEP 19: MCP2515T_I_ML.step
Checked STEP 20: ABM8_16_000MHZ_B2_T.step
Checked STEP 21: AP63203WU_7.step
Checked STEP 22: CL31A106KBHNNNE.step
Checked STEP 23: CC0603KRX7R9BB104.step
Checked STEP 24: SRN6028C_3R9M.step
Checked STEP 25: CL21A226MAQNNNE.step
Checked STEP 26: TMC2209_LA_T.step
Checked STEP 27: CL05B223KB5VPNC.step
Checked STEP 28: CL21A475KBQNNNE.step
Checked STEP 29: EEEFPV101XAP.step
Checked STEP 30: RT1206BRD071RL.step
Checked STEP 31: usb4110-gf-a.stp
Checked STEP 32: STUSB4500QTR.step
Checked STEP 33: STL8P4LLF6.step
Checked STEP 34: A_0402WGF2202TCE.step
Checked STEP 35: A_0402WGF4700TCE.step
Checked STEP 36: UMK107BBJ225KA_T.step
Checked STEP 37: ERJ_P08F1001V.step
Checked STEP 38: TPD2EUSB30DRTR.step
Checked STEP 39: ESDA25P35_1U1M.step
Checked STEP 40: A_0402WGF2203TCE.step
Checked STEP 41: J_SWD.step
Checked STEP 42: TMUX1511RSVR.step
Checked STEP 43: TLV803EA30DBZR.step
Checked STEP 44: SM10B_SRSS_TB_LF__SN_.step
Checked STEP 45: SM04B_GHS_TB_LF__SN_.step
Checked STEP 46: TPD4E05U06DQAR.step
Checked STEP 47: SM712_TCT.step
Checked STEP 48: XL_1608SYGC_06.step
Checked STEP 49: RHF0024A.stp
Checked STEP 50: A_0402WGF4702TCE.step
Checked STEP 51: RT0402BRD076K04L.step
Checked STEP 52: A_0402WGF2402TCE.step
Chip STEP compatibility: 10/11
All fitted components: 145/146
