Building 1 file(s)...
Building .publication/cad-connectivity-audit/mounted-cad-audit.circuit.tsx...
Generating circuit JSON...
Circuit JSON written to dist/.publication/cad-connectivity-audit/mounted-cad-audit/circuit.json
The "Y" prefix is being used with a <chip />, try using it with a <crystal />
The "Q" prefix is being used with a <chip />, try using it with a <transistor />
The "Q" prefix is being used with a <chip />, try using it with a <transistor />
The "Q" prefix is being used with a <chip />, try using it with a <transistor />
The "J" prefix is being used with a <chip />, try using it with a <connector /> or <jumper />
The "J" prefix is being used with a <chip />, try using it with a <connector /> or <jumper />
The "Q" prefix is being used with a <chip />, try using it with a <transistor />
Y_RP has no pin with requires_power=true
U9 has no pin with requires_power=true
BZ1 has no pin with requires_power=true
BZ1 has no pin with requires_ground=true
Q_BUZZ has no pin with requires_power=true
Q_BUZZ has no pin with requires_ground=true
All pins on Q_BUZZ are underspecified (no pinAttributes set)
Q_PD_IN has no pin with requires_power=true
Q_PD_IN has no pin with requires_ground=true
All pins on Q_PD_IN are underspecified (no pinAttributes set)
Q_PD_OUT has no pin with requires_power=true
Q_PD_OUT has no pin with requires_ground=true
All pins on Q_PD_OUT are underspecified (no pinAttributes set)
D_USB has no pin with requires_power=true
D_VBUS has no pin with requires_power=true
D_VBUS has no pin with requires_ground=true
All pins on D_VBUS are underspecified (no pinAttributes set)
J_IO has no pin with requires_power=true
J_IO has no pin with requires_ground=true
All pins on J_IO are underspecified (no pinAttributes set)
J_MOTOR has no pin with requires_power=true
J_MOTOR has no pin with requires_ground=true
All pins on J_MOTOR are underspecified (no pinAttributes set)
D_IO1 has no pin with requires_power=true
D_IO2 has no pin with requires_power=true
D_CAN has no pin with requires_power=true
D_CAN has no pin with requires_ground=true
All pins on D_CAN are underspecified (no pinAttributes set)
U10 has no pin with requires_power=true
Q_ILIM has no pin with requires_power=true
Q_ILIM has no pin with requires_ground=true
All pins on Q_ILIM are underspecified (no pinAttributes set)
Generating preview images...
[.publication/cad-connectivity-audit/mounted-cad-audit] Generating PCB SVG...
[.publication/cad-connectivity-audit/mounted-cad-audit] Written pcb.svg
[.publication/cad-connectivity-audit/mounted-cad-audit] Generating schematic SVG...
[.publication/cad-connectivity-audit/mounted-cad-audit] Written schematic.svg
[.publication/cad-connectivity-audit/mounted-cad-audit] Generating 3D PNG...
[.publication/cad-connectivity-audit/mounted-cad-audit] Written 3d.png
Generating GLB models for all builds...
[.publication/cad-connectivity-audit/mounted-cad-audit] Converting circuit to GLB...
[.publication/cad-connectivity-audit/mounted-cad-audit] Written 3d.glb

Build complete
  Circuits  1 passed
  Options   3d-png, glbs
  Output    dist

✓ Done
Build exiting with code 0: build finished successfully
