Errors: 0
Warnings: 35
- source_component_pins_underspecified_warning: All pins on Q_BUZZ are underspecified (no pinAttributes set)
- source_component_pins_underspecified_warning: All pins on Q_PD_IN are underspecified (no pinAttributes set)
- source_component_pins_underspecified_warning: All pins on Q_PD_OUT are underspecified (no pinAttributes set)
- source_component_pins_underspecified_warning: All pins on D_VBUS are underspecified (no pinAttributes set)
- source_component_pins_underspecified_warning: All pins on Q_DATA_PRESENT are underspecified (no pinAttributes set)
- source_component_pins_underspecified_warning: All pins on J_IO are underspecified (no pinAttributes set)
- source_component_pins_underspecified_warning: All pins on J_MOTOR are underspecified (no pinAttributes set)
- source_component_pins_underspecified_warning: All pins on D_CAN are underspecified (no pinAttributes set)
- source_component_pins_underspecified_warning: All pins on Q_ILIM are underspecified (no pinAttributes set)
- source_no_power_pin_defined_warning: Y_RP has no pin with requires_power=true
- source_no_power_pin_defined_warning: U9 has no pin with requires_power=true
- source_no_power_pin_defined_warning: BZ1 has no pin with requires_power=true
- source_no_power_pin_defined_warning: Q_BUZZ has no pin with requires_power=true
- source_no_power_pin_defined_warning: Q_PD_IN has no pin with requires_power=true
- source_no_power_pin_defined_warning: Q_PD_OUT has no pin with requires_power=true
- source_no_power_pin_defined_warning: D_VBUS has no pin with requires_power=true
- source_no_power_pin_defined_warning: D_USB has no pin with requires_power=true
- source_no_power_pin_defined_warning: Q_DATA_PRESENT has no pin with requires_power=true
- source_no_power_pin_defined_warning: J_IO has no pin with requires_power=true
- source_no_power_pin_defined_warning: J_MOTOR has no pin with requires_power=true
- source_no_power_pin_defined_warning: D_IO1 has no pin with requires_power=true
- source_no_power_pin_defined_warning: D_IO2 has no pin with requires_power=true
- source_no_power_pin_defined_warning: D_CAN has no pin with requires_power=true
- source_no_power_pin_defined_warning: U10 has no pin with requires_power=true
- source_no_power_pin_defined_warning: Q_ILIM has no pin with requires_power=true
- source_no_ground_pin_defined_warning: BZ1 has no pin with requires_ground=true
- source_no_ground_pin_defined_warning: Q_BUZZ has no pin with requires_ground=true
- source_no_ground_pin_defined_warning: Q_PD_IN has no pin with requires_ground=true
- source_no_ground_pin_defined_warning: Q_PD_OUT has no pin with requires_ground=true
- source_no_ground_pin_defined_warning: D_VBUS has no pin with requires_ground=true
- source_no_ground_pin_defined_warning: Q_DATA_PRESENT has no pin with requires_ground=true
- source_no_ground_pin_defined_warning: J_IO has no pin with requires_ground=true
- source_no_ground_pin_defined_warning: J_MOTOR has no pin with requires_ground=true
- source_no_ground_pin_defined_warning: D_CAN has no pin with requires_ground=true
- source_no_ground_pin_defined_warning: Q_ILIM has no pin with requires_ground=true
