Errors: 0
Warnings: 0

Readable Netlist:
COMPONENTS:
 - U1: RP2040
 - U_RESET: TLV803EA30DBZR
 - C_RESET: 100nF capacitor
 - U_FLASH: GD25Q16EEIGR
 - R_FLASH_CS: 10kΩ resistor
 - C_FLASH: 100nF capacitor
 - Y_RP: ABM8-272-T3
 - R_XOUT: 1kΩ resistor
 - C_XIN: 15pF capacitor
 - C_XOUT: 15pF capacitor
 - R_USB_DM: 27Ω resistor
 - R_USB_DP: 27Ω resistor
 - R1: 10kΩ resistor
 - C5: 100nF capacitor
 - C1: 100nF capacitor
 - C_IO2: 100nF capacitor
 - C_IO3: 100nF capacitor
 - C_IO4: 100nF capacitor
 - C_IO5: 100nF capacitor
 - C_IO6: 100nF capacitor
 - C_ADC: 100nF capacitor
 - C_USBPHY: 100nF capacitor
 - C2: 1uF capacitor
 - C_VCORE: 1uF capacitor
 - C3: 100nF capacitor
 - C4: 100nF capacitor
 - U9: TMP112AIDRLR
 - R2: 4.7kΩ resistor
 - R3: 4.7kΩ resistor
 - R33: 10kΩ resistor
 - C32: 100nF capacitor
 - BZ1: MLT-5020
 - D_BUZZ: D_BUZZ, source_component
 - Q_BUZZ: DMG1012T-7
 - R_BUZZ_GATE: 100Ω resistor
 - R_BUZZ_OFF: 100kΩ resistor
 - C_BUZZ: 1uF capacitor
 - U6: SN65HVD230DR
 - C7: 100nF capacitor
 - R49: 120Ω resistor
 - R50: 0Ω resistor
 - U_CAN: MCP2515T-I/ML
 - Y_CAN: Y_CAN, source_component
 - C_CAN_XIN: 30pF capacitor
 - C_CAN_XOUT: 30pF capacitor
 - C_CAN_CORE: 100nF capacitor
 - R_CAN_CS: 10kΩ resistor
 - R_CAN_INT: 10kΩ resistor
 - U5: AP63203WU-7
 - C8: 10uF capacitor
 - C9: 100nF capacitor
 - C10: 100nF capacitor
 - L1: L1, source_component
 - C11: 22uF capacitor
 - C12: 22uF capacitor
 - U2: TMC2209-LA-T
 - C13: 22nF capacitor
 - C14: 100nF capacitor
 - C15: 4.7uF capacitor
 - C16: 100nF capacitor
 - C17: 100nF capacitor
 - C18: 10uF capacitor
 - C19: 100uF capacitor
 - C20: 100uF capacitor
 - R5: 1Ω resistor
 - R6: 1Ω resistor
 - R4: 1kΩ resistor
 - R7: 10kΩ resistor
 - R8: 10kΩ resistor
 - R9: 10kΩ resistor
 - R10: 10kΩ resistor
 - R11: 10kΩ resistor
 - C21: 100nF capacitor
 - D_PD_VALID: D_PD_VALID, source_component
 - R_PD_PATH: 10kΩ resistor
 - R_MOTOR_REQUEST: 10kΩ resistor
 - U_MOTOR_INTERLOCK: SN74LVC1G27DBVR
 - U_PD_SCHMITT: SN74LVC3G17DCUR
 - C_PD_SCHMITT: 100nF capacitor
 - C_MOTOR_INTERLOCK: 100nF capacitor
 - U_MOTOR_ENN: SN74LVC1G98DCKR
 - C_MOTOR_ENN: 100nF capacitor
 - U_MOTOR_SUPERVISOR: TLV803EA30DBZR
 - R_MOTOR_BOOT_PULLUP: 180kΩ resistor
 - C_MOTOR_SUPERVISOR: 100nF capacitor
 - J_USB: J_USB, source_component
 - U3: STUSB4500QTR
 - Q_PD_IN: STL8P4LLF6
 - Q_PD_OUT: STL8P4LLF6
 - R13: 100kΩ resistor
 - R_PD_GATE: 22kΩ resistor
 - R14: 470Ω resistor
 - C_PD_VDD: 2.2uF capacitor
 - C_PD_1V2: 1uF capacitor
 - C_PD_2V7: 1uF capacitor
 - R_PD_RESET: 10kΩ resistor
 - R12: 10kΩ resistor
 - R_PD_OK: 10kΩ resistor
 - R_PD_SENSE: 1kΩ resistor
 - R_PD_DISCH1: 1kΩ resistor
 - R_PD_DISCH2: 1kΩ resistor
 - D_VBUS: ESDA25P35-1U1M
 - C25: 2.2uF capacitor
 - C26: 100nF capacitor
 - R16: 220kΩ resistor
 - R17: 10kΩ resistor
 - R18: 1kΩ resistor
 - C27: 100nF capacitor
 - J_DATA: J_DATA, source_component
 - R_DATA_CC1: 5.1kΩ resistor
 - R_DATA_CC2: 5.1kΩ resistor
 - D_USB: TPD2EUSB30DRTR
 - R_DATA_SENSE_TOP: 10kΩ resistor
 - R_DATA_SENSE_OFF: 100kΩ resistor
 - Q_DATA_PRESENT: DMG1012T-7
 - R_DATA_PRESENT: 10kΩ resistor
 - J_SWD: J_SWD, source_component
 - U7: TMUX1511RSVR
 - U8: TLV803EA30DBZR
 - R19: 100kΩ resistor
 - C28: 100nF capacitor
 - C29: 100nF capacitor
 - R20: 100Ω resistor
 - R21: 100Ω resistor
 - R22: 100Ω resistor
 - R51: 100kΩ resistor
 - R52: 100kΩ resistor
 - R53: 100kΩ resistor
 - J_IO: SM10B-SRSS-TB(LF)(SN)
 - J_MOTOR: SM04B-GHS-TB(LF)(SN)
 - D_IO1: TPD4E05U06DQAR
 - D_IO2: TPD4E05U06DQAR
 - D_CAN: SM712.TCT
 - R23: 1kΩ resistor
 - R24: 1kΩ resistor
 - R25: 1kΩ resistor
 - R26: 1kΩ resistor
 - R27: 1kΩ resistor
 - R28: 10kΩ resistor
 - R29: 10kΩ resistor
 - R30: 10kΩ resistor
 - R31: 10kΩ resistor
 - R32: 10kΩ resistor
 - R34: 10kΩ resistor
 - C30: 100nF capacitor
 - C31: 100nF capacitor
 - R35: 1kΩ resistor
 - LED_POWER: LED_POWER, source_component
 - R36: 1kΩ resistor
 - LED_STATUS: LED_STATUS, source_component
 - R37: 1kΩ resistor
 - LED_FAULT: LED_FAULT, source_component
 - U10: TPS26600RHFR
 - Q_ILIM: DMG1012T-7
 - R38: 100kΩ resistor
 - R39: 47kΩ resistor
 - R40: 100kΩ resistor
 - R41: 1kΩ resistor
 - R42: 4.7kΩ resistor
 - R43: 6.04kΩ resistor
 - R44: 24kΩ resistor
 - R45: 24kΩ resistor
 - R46: 10kΩ resistor
 - C33: 2.2uF capacitor
 - C34: 2.2uF capacitor
 - R48: 10kΩ resistor

NET: QSPI_IO1
  - U_FLASH SO_IO1
  - U1 QSPI_SD1

NET: QSPI_IO2
  - U_FLASH WP__IO2
  - U1 QSPI_SD2

NET: QSPI_IO0
  - U_FLASH SI_IO0
  - U1 QSPI_SD0

NET: QSPI_CLK
  - U_FLASH SCLK
  - U1 QSPI_SCLK

NET: QSPI_IO3
  - U_FLASH HOLD__IO3
  - U1 QSPI_SD3

NET: QSPI_CS
  - R_FLASH_CS pin2
  - U_FLASH N_CS
  - U1 QSPI_SS

NET: XOUT
  - R_XOUT pin1
  - U1 XOUT

NET: XIN
  - C_XIN pin1
  - Y_RP pin1
  - U1 XIN

NET: XTAL_OUT
  - C_XOUT pin1
  - R_XOUT pin2
  - Y_RP pin3

NET: MCU_USB_DM
  - R_USB_DM pin2
  - U1 USB_DM

NET: MCU_USB_DP
  - R_USB_DP pin2
  - U1 USB_DP

NET: VCORE
  - C4 pin1
  - C3 pin1
  - C_VCORE pin1
  - U1 DVDD2
  - U1 DVDD1
  - U1 VREG_VOUT

NET: TEMP_ALERT_N
  - R33 pin2
  - U9 ALERT
  - U1 GPIO28_ADC2

NET: BUZZER_NEG
  - Q_BUZZ pin3
  - D_BUZZ anode (+)
  - BZ1 pin2

NET: BUZZER_PWM
  - R_BUZZ_GATE pin1
  - U1 GPIO25

NET: BUZZER_GATE
  - R_BUZZ_OFF pin1
  - R_BUZZ_GATE pin2
  - Q_BUZZ pin1

NET: CAN_TERM_LINK
  - R50 pin1
  - R49 pin2

NET: CAN_SPI_CLK
  - U_CAN SCK
  - U1 GPIO10

NET: CAN_SPI_MOSI
  - U_CAN SI
  - U1 GPIO11

NET: CAN_SPI_MISO
  - U_CAN SO
  - U1 GPIO8

NET: CAN_TX
  - U_CAN TXCAN
  - U6 D

NET: CAN_RX
  - U_CAN RXCAN
  - U6 R

NET: CAN_XIN
  - C_CAN_XIN pin1
  - Y_CAN pin1
  - U_CAN OSC1

NET: CAN_XOUT
  - C_CAN_XOUT pin1
  - Y_CAN pin3
  - U_CAN OSC2

NET: CAN_SPI_CS
  - R_CAN_CS pin2
  - U_CAN N_CS
  - U1 GPIO9

NET: CAN_INT_N
  - R_CAN_INT pin2
  - U_CAN N_INT
  - U1 GPIO12

NET: BUCK_BST
  - C10 pin1 (+)
  - U5 BST

NET: BUCK_SW
  - L1 pin1 (+)
  - C10 pin2 (-)
  - U5 SW

NET: TMC_DIAG
  - U2 DIAG
  - U1 GPIO5

NET: TMC_CPO
  - C13 pin1 (+)
  - U2 CPO

NET: TMC_CPI
  - C13 pin2 (-)
  - U2 CPI

NET: TMC_VCP
  - C14 pin1
  - U2 VCP

NET: TMC_SENSE_A
  - R5 pin1
  - U2 BRA

NET: TMC_SENSE_B
  - R6 pin1
  - U2 BRB

NET: TMC_UART_TX
  - R4 pin1
  - U1 GPIO0

NET: TMC_UART_RX
  - R4 pin2
  - U2 PDN_UART
  - U1 GPIO1

NET: TMC_STEP
  - R8 pin1
  - U2 STEP
  - U1 GPIO2

NET: TMC_DIR
  - R9 pin1
  - U2 DIR
  - U1 GPIO3

NET: TMC_5VOUT
  - R10 pin1
  - C15 pin1
  - U2 5VOUT

NET: TMC_VREF
  - C21 pin1
  - R11 pin1
  - R10 pin2
  - U2 VREF

NET: MOTOR_REQUEST_N
  - U_PD_SCHMITT 1A
  - R_MOTOR_REQUEST pin2
  - U1 GPIO4

NET: MOTOR_REQUEST_CLEAN_N
  - U_PD_SCHMITT 1Y
  - U_MOTOR_INTERLOCK A

NET: PD_CONTRACT_15_CLEAN_N
  - U_PD_SCHMITT 2Y
  - U_MOTOR_INTERLOCK B

NET: PD_PATH_INVALID_N
  - U_PD_SCHMITT 3A
  - R_PD_PATH pin2
  - D_PD_VALID anode (+)

NET: PD_PATH_INVALID_CLEAN_N
  - U_PD_SCHMITT 3Y
  - U_MOTOR_INTERLOCK C

NET: MOTOR_ENABLE_DRIVE
  - U_MOTOR_ENN IN0
  - U_MOTOR_INTERLOCK Y

NET: TMC_ENABLE_N
  - U_MOTOR_ENN Y1
  - R7 pin2
  - U2 ENN

NET: MOTOR_POWER_GOOD
  - R_MOTOR_BOOT_PULLUP pin2
  - U_MOTOR_SUPERVISOR N_RESET
  - U_MOTOR_ENN IN2

NET: PD_CC1_CONN
  - U3 CC1
  - U3 CC1DB
  - J_USB CC1

NET: PD_CC2_CONN
  - U3 CC2DB
  - U3 CC2
  - J_USB CC2

NET: I2C_SCL
  - U3 SCL
  - R2 pin2
  - U9 SCL
  - U1 GPIO7

NET: I2C_SDA
  - U3 SDA
  - R3 pin2
  - U9 SDA
  - U1 GPIO6

NET: PD_FET_SOURCE
  - R13 pin1
  - Q_PD_OUT S3
  - Q_PD_OUT S2
  - Q_PD_OUT S1
  - Q_PD_IN S3
  - Q_PD_IN S2
  - Q_PD_IN S1

NET: PD_GATE
  - R_PD_GATE pin1
  - R13 pin2
  - Q_PD_OUT G
  - Q_PD_IN G

NET: PD_LOAD_ENABLE_N
  - R_PD_GATE pin2
  - U3 VBUS_EN_SNK
  - D_PD_VALID cathode (-)

NET: PD_VDD
  - C_PD_VDD pin1
  - R14 pin2
  - U3 VDD

NET: PD_VREG_1V2
  - C_PD_1V2 pin1
  - U3 VREG_1V2

NET: PD_VREG_2V7
  - C_PD_2V7 pin1
  - U3 VREG_2V7

NET: PD_RESET
  - R_PD_RESET pin1
  - U3 RESET
  - U1 GPIO20

NET: PD_ALERT_N
  - R12 pin2
  - U3 ALERT
  - U1 GPIO19

NET: PD_CONTRACT_15_N
  - R_PD_OK pin2
  - U3 POWER_OK2
  - U_PD_SCHMITT 2A
  - U1 GPIO27_ADC1

NET: PD_VBUS_SENSE
  - R_PD_SENSE pin2
  - U3 VBUS_VS_DISCH

NET: PD_DISCH
  - R_PD_DISCH2 pin2
  - R_PD_DISCH1 pin2
  - U3 DISCH

NET: VBUS_CONN
  - C26 pin1
  - C25 pin1
  - D_VBUS pin1
  - R_PD_SENSE pin1
  - R14 pin1
  - Q_PD_IN D5
  - Q_PD_IN D4
  - Q_PD_IN D3
  - Q_PD_IN D2
  - Q_PD_IN D1
  - J_USB VBUS2
  - J_USB VBUS1

NET: VBUS_DIV
  - R18 pin1
  - R17 pin1
  - R16 pin2

NET: USB_DATA_CC1
  - R_DATA_CC1 pin1
  - J_DATA CC1

NET: USB_DATA_CC2
  - R_DATA_CC2 pin1
  - J_DATA CC2

NET: USB_DP
  - D_USB pin1
  - J_DATA DP2
  - J_DATA DP1
  - R_USB_DP pin1

NET: USB_DM
  - D_USB pin2
  - J_DATA DN2
  - J_DATA DN1
  - R_USB_DM pin1

NET: USB_DATA_VBUS
  - R_DATA_SENSE_TOP pin1
  - J_DATA VBUS2
  - J_DATA VBUS1

NET: USB_DATA_SENSE_GATE
  - Q_DATA_PRESENT pin1
  - R_DATA_SENSE_OFF pin1
  - R_DATA_SENSE_TOP pin2

NET: USB_DATA_ABSENT_N
  - R_DATA_PRESENT pin2
  - Q_DATA_PRESENT pin3
  - U1 GPIO29_ADC3

NET: SWDIO_CONN
  - U7 S1
  - J_SWD SWDIO

NET: SWCLK_CONN
  - U7 S2
  - J_SWD SWCLK

NET: NRST_CONN
  - U7 S3
  - J_SWD NRST

NET: VBUS_ADC_PRE_GUARD
  - U7 S4
  - R18 pin2

NET: POWER_GOOD
  - R19 pin2
  - U8 N_RESET
  - U7 SEL4
  - U7 SEL3
  - U7 SEL2
  - U7 SEL1

NET: SWDIO_GUARDED
  - R20 pin1
  - U7 D1

NET: SWCLK_GUARDED
  - R21 pin1
  - U7 D2

NET: NRST_GUARDED
  - R22 pin1
  - U7 D3

NET: NRST
  - R22 pin2
  - U_CAN N_RESET
  - C5 pin1
  - R1 pin2
  - U_RESET N_RESET
  - U1 RUN

NET: VBUS_ADC
  - R51 pin1
  - U7 D4
  - C27 pin1
  - U1 GPIO26_ADC0

NET: SWDIO
  - R52 pin1
  - R20 pin2
  - U1 SWD

NET: SWCLK
  - R53 pin1
  - R21 pin2
  - U1 SWCLK

NET: MOTOR_A1
  - J_MOTOR pin1
  - U2 OA1

NET: MOTOR_A2
  - J_MOTOR pin2
  - U2 OA2

NET: MOTOR_B1
  - J_MOTOR pin3
  - U2 OB1

NET: MOTOR_B2
  - J_MOTOR pin4
  - U2 OB2

NET: CAN_H
  - D_CAN pin1
  - J_IO pin2
  - R49 pin1
  - U6 CANH

NET: CAN_L
  - D_CAN pin2
  - J_IO pin3
  - R50 pin2
  - U6 CANL

NET: EXT_STEP_CONN
  - R23 pin1
  - D_IO1 D1_POS
  - J_IO pin5

NET: EXT_DIR_CONN
  - R24 pin1
  - D_IO1 D1_NEG
  - J_IO pin6

NET: EXT_ENABLE_N_CONN
  - R25 pin1
  - D_IO1 D2_POS
  - J_IO pin7

NET: LIMIT1_CONN
  - R26 pin1
  - D_IO1 D2_NEG
  - J_IO pin8

NET: LIMIT2_CONN
  - R27 pin1
  - D_IO2 D1_POS
  - J_IO pin9

NET: EXT_STEP
  - R28 pin1
  - R23 pin2
  - U1 GPIO14

NET: EXT_DIR
  - R29 pin1
  - R24 pin2
  - U1 GPIO15

NET: EXT_ENABLE_N
  - R30 pin2
  - R25 pin2
  - U1 GPIO16

NET: CAN_RS
  - R34 pin2
  - U6 RS
  - U1 GPIO13

NET: LIMIT1
  - C30 pin1
  - R31 pin2
  - R26 pin2
  - U1 GPIO17

NET: LIMIT2
  - C31 pin1
  - R32 pin2
  - R27 pin2
  - U1 GPIO18

NET: LED_POWER_A
  - LED_POWER anode (+)
  - R35 pin2

NET: LED_STATUS_DRIVE
  - R36 pin1
  - U1 GPIO23

NET: LED_STATUS_A
  - LED_STATUS anode (+)
  - R36 pin2

NET: LED_FAULT_DRIVE
  - R37 pin1
  - U1 GPIO24

NET: LED_FAULT_A
  - LED_FAULT anode (+)
  - R37 pin2

NET: VM
  - U10 OUT2
  - U10 OUT1
  - R_PD_DISCH2 pin1
  - R_PD_DISCH1 pin1
  - C20 pin1 (+)
  - C19 pin1 (+)
  - C18 pin1
  - C17 pin1
  - C14 pin2
  - U2 VS2
  - U2 VS1
  - C9 pin1
  - C8 pin1
  - U5 EN
  - U5 VIN

NET: EFUSE_EN
  - R39 pin1
  - R38 pin2
  - U10 UVLO

NET: EFUSE_OVP_TOP_1
  - R41 pin1
  - R40 pin2

NET: EFUSE_OVP_TOP_2
  - R42 pin1
  - R41 pin2

NET: EFUSE_OVP
  - R43 pin1
  - R42 pin2
  - U10 OVP

NET: EFUSE_ILIM
  - R45 pin1
  - R44 pin1
  - U10 ILIM

NET: EFUSE_ILIM_SWITCH
  - R45 pin2
  - Q_ILIM pin3

NET: POWER_HIGH_CURRENT
  - R46 pin1
  - Q_ILIM pin1
  - U1 GPIO22

NET: EFUSE_DVDT
  - C33 pin1
  - U10 dVdT

NET: EFUSE_RTN
  - C33 pin2
  - R44 pin2
  - R43 pin2
  - R39 pin2
  - Q_ILIM pin2
  - U10 EP
  - U10 MODE
  - U10 RTN

NET: VBUS_PROTECTED
  - C34 pin1
  - R40 pin1
  - R38 pin1
  - U10 IN2
  - U10 IN1
  - R16 pin1
  - Q_PD_OUT D5
  - Q_PD_OUT pin9_internal_1
  - Q_PD_OUT pin9_internal_2
  - Q_PD_OUT D4
  - Q_PD_OUT D3
  - Q_PD_OUT D2
  - Q_PD_OUT D1

NET: V3V3
  - R34 pin1
  - R32 pin1
  - C29 pin1
  - C28 pin1
  - R19 pin1
  - U7 VDD
  - R_DATA_PRESENT pin1
  - R_PD_OK pin1
  - R12 pin1
  - C_MOTOR_SUPERVISOR pin1
  - R_MOTOR_BOOT_PULLUP pin1
  - U_MOTOR_SUPERVISOR VDD
  - C_MOTOR_ENN pin1
  - U_MOTOR_ENN VCC
  - R35 pin1
  - C_MOTOR_INTERLOCK pin1
  - C_PD_SCHMITT pin1
  - U_PD_SCHMITT VCC
  - R7 pin1
  - C16 pin1
  - U2 VCC_IO
  - C11 pin1
  - L1 pin2 (-)
  - C12 pin1
  - U5 FB
  - R_CAN_INT pin1
  - R_CAN_CS pin1
  - R_MOTOR_REQUEST pin1
  - R30 pin1
  - R31 pin1
  - C_CAN_CORE pin1
  - U_CAN VDD
  - C7 pin1
  - U6 VCC
  - D_BUZZ cathode (-)
  - C_BUZZ pin1
  - BZ1 pin1
  - C32 pin1
  - R33 pin1
  - R_PD_PATH pin1
  - U_MOTOR_INTERLOCK VCC
  - R3 pin1
  - R2 pin1
  - U9 V_POS
  - C2 pin1
  - C_ADC pin1
  - C_IO6 pin1
  - C_IO5 pin1
  - C_IO4 pin1
  - C_IO3 pin1
  - C_IO2 pin1
  - C1 pin1
  - U8 VDD
  - R1 pin1
  - C_FLASH pin1
  - R_FLASH_CS pin1
  - U_FLASH VCC
  - R48 pin1
  - C_RESET pin1
  - U_RESET VDD
  - U1 IOVDD6
  - U1 IOVDD5
  - U1 IOVDD4
  - U1 IOVDD3
  - U1 VREG_IN
  - U1 ADC_AVDD
  - U1 IOVDD2
  - U1 IOVDD1
  - U1 USB_VDD
  - C_USBPHY pin1

NET: EFUSE_FLT_N
  - R48 pin2
  - U10 N_FLT
  - U1 GPIO21

NET: GND
  - C34 pin2
  - R46 pin2
  - U10 GND
  - LED_FAULT cathode (-)
  - LED_STATUS cathode (-)
  - LED_POWER cathode (-)
  - C31 pin2
  - C30 pin2
  - R29 pin2
  - R28 pin2
  - D_CAN pin3
  - D_IO2 GND2
  - D_IO2 GND1
  - D_IO1 GND2
  - D_IO1 GND1
  - J_MOTOR pin6
  - J_MOTOR pin5
  - J_IO pin12
  - J_IO pin11
  - J_IO pin10
  - J_IO pin4
  - J_IO pin1
  - R53 pin2
  - R52 pin2
  - R51 pin2
  - C29 pin2
  - C28 pin2
  - U8 GND
  - U7 GND
  - J_SWD GND
  - Q_DATA_PRESENT pin2
  - R_DATA_SENSE_OFF pin2
  - D_USB pin3 (GND)
  - R_DATA_CC2 pin2
  - R_DATA_CC1 pin2
  - J_DATA GND2
  - J_DATA GND1
  - J_DATA SHELL4
  - J_DATA SHELL3
  - J_DATA SHELL2
  - J_DATA SHELL1
  - C27 pin2
  - R17 pin2
  - C26 pin2
  - C25 pin2
  - D_VBUS pin2
  - R_PD_RESET pin2
  - C_PD_2V7 pin2
  - C_PD_1V2 pin2
  - C_PD_VDD pin2
  - U3 EP
  - U3 VSYS
  - U3 ADDR1
  - U3 ADDR0
  - U3 GND
  - J_USB GND2
  - J_USB GND1
  - J_USB SHELL4
  - J_USB SHELL3
  - J_USB SHELL2
  - J_USB SHELL1
  - C_MOTOR_SUPERVISOR pin2
  - U_MOTOR_SUPERVISOR GND
  - C_MOTOR_ENN pin2
  - U_MOTOR_ENN GND
  - U_MOTOR_ENN IN1
  - C_MOTOR_INTERLOCK pin2
  - C_PD_SCHMITT pin2
  - U_PD_SCHMITT GND
  - U_MOTOR_INTERLOCK GND
  - C21 pin2
  - R11 pin2
  - R9 pin2
  - R8 pin2
  - R6 pin2
  - R5 pin2
  - C20 pin2 (-)
  - C19 pin2 (-)
  - C18 pin2
  - C17 pin2
  - C16 pin2
  - C15 pin2
  - U2 STDBY
  - U2 CLK
  - U2 MS2_AD1
  - U2 MS1_AD0
  - U2 SPREAD
  - U2 UNUSED
  - U2 EP
  - U2 GND2
  - U2 GND1
  - C12 pin2
  - C11 pin2
  - C9 pin2
  - C8 pin2
  - U5 GND
  - C_CAN_CORE pin2
  - C_CAN_XOUT pin2
  - C_CAN_XIN pin2
  - Y_CAN pin4
  - Y_CAN pin2
  - U_CAN EP
  - U_CAN GND
  - C7 pin2
  - U6 GND
  - C_BUZZ pin2
  - R_BUZZ_OFF pin2
  - Q_BUZZ pin2
  - C32 pin2
  - U9 ADD0
  - U9 GND
  - C4 pin2
  - C3 pin2
  - C_VCORE pin2
  - C2 pin2
  - C_USBPHY pin2
  - C_ADC pin2
  - C_IO6 pin2
  - C_IO5 pin2
  - C_IO4 pin2
  - C_IO3 pin2
  - C_IO2 pin2
  - C1 pin2
  - C5 pin2
  - C_XOUT pin2
  - C_XIN pin2
  - Y_RP pin4
  - Y_RP pin2
  - C_FLASH pin2
  - U_FLASH EP
  - U_FLASH VSS
  - C_RESET pin2
  - U_RESET GND
  - U1 TESTEN
  - U1 GND


COMPONENT_PINS:
U1 (RP2040)
- pin1(IOVDD6): NETS(V3V3)
- pin2(GPIO0): NETS(TMC_UART_TX)
- pin3(GPIO1): NETS(TMC_UART_RX)
- pin4(GPIO2): NETS(TMC_STEP)
- pin5(GPIO3): NETS(TMC_DIR)
- pin6(GPIO4): NETS(MOTOR_REQUEST_N)
- pin7(GPIO5): NETS(TMC_DIAG)
- pin8(GPIO6): NETS(I2C_SDA)
- pin9(GPIO7): NETS(I2C_SCL)
- pin10(IOVDD5): NETS(V3V3)
- pin11(GPIO8): NETS(CAN_SPI_MISO)
- pin12(GPIO9): NETS(CAN_SPI_CS)
- pin13(GPIO10): NETS(CAN_SPI_CLK)
- pin14(GPIO11): NETS(CAN_SPI_MOSI)
- pin15(GPIO12): NETS(CAN_INT_N)
- pin16(GPIO13): NETS(CAN_RS)
- pin17(GPIO14): NETS(EXT_STEP)
- pin18(GPIO15): NETS(EXT_DIR)
- pin19(TESTEN): NETS(GND)
- pin20(XIN): NETS(XIN)
- pin21(XOUT): NETS(XOUT)
- pin22(IOVDD4): NETS(V3V3)
- pin23(DVDD2): NETS(VCORE)
- pin24(SWCLK): NETS(SWCLK)
- pin25(SWD): NETS(SWDIO)
- pin26(RUN): NETS(NRST)
- pin27(GPIO16): NETS(EXT_ENABLE_N)
- pin28(GPIO17): NETS(LIMIT1)
- pin29(GPIO18): NETS(LIMIT2)
- pin30(GPIO19): NETS(PD_ALERT_N)
- pin31(GPIO20): NETS(PD_RESET)
- pin32(GPIO21): NETS(EFUSE_FLT_N)
- pin33(IOVDD3): NETS(V3V3)
- pin34(GPIO22): NETS(POWER_HIGH_CURRENT)
- pin35(GPIO23): NETS(LED_STATUS_DRIVE)
- pin36(GPIO24): NETS(LED_FAULT_DRIVE)
- pin37(GPIO25): NETS(BUZZER_PWM)
- pin38(GPIO26_ADC0): NETS(VBUS_ADC)
- pin39(GPIO27_ADC1): NETS(PD_CONTRACT_15_N)
- pin40(GPIO28_ADC2): NETS(TEMP_ALERT_N)
- pin41(GPIO29_ADC3): NETS(USB_DATA_ABSENT_N)
- pin42(IOVDD2): NETS(V3V3)
- pin43(ADC_AVDD): NETS(V3V3)
- pin44(VREG_IN): NETS(V3V3)
- pin45(VREG_VOUT): NETS(VCORE)
- pin46(USB_DM): NETS(MCU_USB_DM)
- pin47(USB_DP): NETS(MCU_USB_DP)
- pin48(USB_VDD): NETS(V3V3)
- pin49(IOVDD1): NETS(V3V3)
- pin50(DVDD1): NETS(VCORE)
- pin51(QSPI_SD3): NETS(QSPI_IO3)
- pin52(QSPI_SCLK): NETS(QSPI_CLK)
- pin53(QSPI_SD0): NETS(QSPI_IO0)
- pin54(QSPI_SD2): NETS(QSPI_IO2)
- pin55(QSPI_SD1): NETS(QSPI_IO1)
- pin56(QSPI_SS): NETS(QSPI_CS)
- pin57(GND): NETS(GND)

U_RESET (TLV803EA30DBZR)
- pin1(GND): NETS(GND)
- pin2(N_RESET): NETS(NRST)
- pin3(VDD): NETS(V3V3)

C_RESET (100nF undefined)
- pin1: NETS(V3V3)
- pin2: NETS(GND)

U_FLASH (GD25Q16EEIGR)
- pin1(N_CS): NETS(QSPI_CS)
- pin2(SO_IO1): NETS(QSPI_IO1)
- pin3(WP__IO2): NETS(QSPI_IO2)
- pin4(VSS): NETS(GND)
- pin5(SI_IO0): NETS(QSPI_IO0)
- pin6(SCLK): NETS(QSPI_CLK)
- pin7(HOLD__IO3): NETS(QSPI_IO3)
- pin8(VCC): NETS(V3V3)
- pin9(EP): NETS(GND)

R_FLASH_CS (10kΩ undefined)
- pin1(anode, pos, left): NETS(V3V3)
- pin2(cathode, neg, right): NETS(QSPI_CS)

C_FLASH (100nF undefined)
- pin1: NETS(V3V3)
- pin2: NETS(GND)

Y_RP (ABM8-272-T3)
- pin1: NETS(XIN)
- pin2(GND1): NETS(GND)
- pin3: NETS(XTAL_OUT)
- pin4(GND2): NETS(GND)

R_XOUT (1kΩ undefined)
- pin1(anode, pos, left): NETS(XOUT)
- pin2(cathode, neg, right): NETS(XTAL_OUT)

C_XIN (15pF undefined)
- pin1: NETS(XIN)
- pin2: NETS(GND)

C_XOUT (15pF undefined)
- pin1: NETS(XTAL_OUT)
- pin2: NETS(GND)

R_USB_DM (27Ω undefined)
- pin1(anode, pos, left): NETS(USB_DM)
- pin2(cathode, neg, right): NETS(MCU_USB_DM)

R_USB_DP (27Ω undefined)
- pin1(anode, pos, left): NETS(USB_DP)
- pin2(cathode, neg, right): NETS(MCU_USB_DP)

R1 (10kΩ undefined)
- pin1(anode, pos, left): NETS(V3V3)
- pin2(cathode, neg, right): NETS(NRST)

C5 (100nF undefined)
- pin1: NETS(NRST)
- pin2: NETS(GND)

C1 (100nF undefined)
- pin1: NETS(V3V3)
- pin2: NETS(GND)

C_IO2 (100nF undefined)
- pin1: NETS(V3V3)
- pin2: NETS(GND)

C_IO3 (100nF undefined)
- pin1: NETS(V3V3)
- pin2: NETS(GND)

C_IO4 (100nF undefined)
- pin1: NETS(V3V3)
- pin2: NETS(GND)

C_IO5 (100nF undefined)
- pin1: NETS(V3V3)
- pin2: NETS(GND)

C_IO6 (100nF undefined)
- pin1: NETS(V3V3)
- pin2: NETS(GND)

C_ADC (100nF undefined)
- pin1: NETS(V3V3)
- pin2: NETS(GND)

C_USBPHY (100nF undefined)
- pin1: NETS(V3V3)
- pin2: NETS(GND)

C2 (1uF undefined)
- pin1: NETS(V3V3)
- pin2: NETS(GND)

C_VCORE (1uF undefined)
- pin1: NETS(VCORE)
- pin2: NETS(GND)

C3 (100nF undefined)
- pin1: NETS(VCORE)
- pin2: NETS(GND)

C4 (100nF undefined)
- pin1: NETS(VCORE)
- pin2: NETS(GND)

U9 (TMP112AIDRLR)
- pin1(SCL): NETS(I2C_SCL)
- pin2(GND): NETS(GND)
- pin3(ALERT): NETS(TEMP_ALERT_N)
- pin4(ADD0): NETS(GND)
- pin5(V_POS): NETS(V3V3)
- pin6(SDA): NETS(I2C_SDA)

R2 (4.7kΩ undefined)
- pin1(anode, pos, left): NETS(V3V3)
- pin2(cathode, neg, right): NETS(I2C_SCL)

R3 (4.7kΩ undefined)
- pin1(anode, pos, left): NETS(V3V3)
- pin2(cathode, neg, right): NETS(I2C_SDA)

R33 (10kΩ undefined)
- pin1(anode, pos, left): NETS(V3V3)
- pin2(cathode, neg, right): NETS(TEMP_ALERT_N)

C32 (100nF undefined)
- pin1: NETS(V3V3)
- pin2: NETS(GND)

BZ1 (MLT-5020)
- pin1(_POS): NETS(V3V3)
- pin2(_NEG): NETS(BUZZER_NEG)
- pin3(NC): NOT_CONNECTED

D_BUZZ (B5819WS)
- pin1(cathode, neg): NETS(V3V3)
- pin2(anode, pos): NETS(BUZZER_NEG)

Q_BUZZ (DMG1012T-7)
- pin1(G): NETS(BUZZER_GATE)
- pin2(S): NETS(GND)
- pin3(D): NETS(BUZZER_NEG)

R_BUZZ_GATE (100Ω undefined)
- pin1(anode, pos, left): NETS(BUZZER_PWM)
- pin2(cathode, neg, right): NETS(BUZZER_GATE)

R_BUZZ_OFF (100kΩ undefined)
- pin1(anode, pos, left): NETS(BUZZER_GATE)
- pin2(cathode, neg, right): NETS(GND)

C_BUZZ (1uF undefined)
- pin1: NETS(V3V3)
- pin2: NETS(GND)

U6 (SN65HVD230DR)
- pin1(D): NETS(CAN_TX)
- pin2(GND): NETS(GND)
- pin3(VCC): NETS(V3V3)
- pin4(R): NETS(CAN_RX)
- pin5(VREF): NOT_CONNECTED
- pin6(CANL): NETS(CAN_L)
- pin7(CANH): NETS(CAN_H)
- pin8(RS): NETS(CAN_RS)

C7 (100nF undefined)
- pin1: NETS(V3V3)
- pin2: NETS(GND)

R49 (120Ω undefined)
- pin1(anode, pos, left): NETS(CAN_H)
- pin2(cathode, neg, right): NETS(CAN_TERM_LINK)

R50 (0Ω undefined)
- pin1(anode, pos, left): NETS(CAN_TERM_LINK)
- pin2(cathode, neg, right): NETS(CAN_L)

U_CAN (MCP2515T-I/ML)
- pin1(CLKOUT): NOT_CONNECTED
- pin2(N_TX0RTS): NOT_CONNECTED
- pin3(N_TX1RTS): NOT_CONNECTED
- pin4(NC1): NOT_CONNECTED
- pin5(N_TX2RTS): NOT_CONNECTED
- pin6(OSC2): NETS(CAN_XOUT)
- pin7(OSC1): NETS(CAN_XIN)
- pin8(GND): NETS(GND)
- pin9(N_RX1BF): NOT_CONNECTED
- pin10(N_RX0BF): NOT_CONNECTED
- pin11(N_INT): NETS(CAN_INT_N)
- pin12(SCK): NETS(CAN_SPI_CLK)
- pin13(NC2): NOT_CONNECTED
- pin14(SI): NETS(CAN_SPI_MOSI)
- pin15(SO): NETS(CAN_SPI_MISO)
- pin16(N_CS): NETS(CAN_SPI_CS)
- pin17(N_RESET): NETS(NRST)
- pin18(VDD): NETS(V3V3)
- pin19(TXCAN): NETS(CAN_TX)
- pin20(RXCAN): NETS(CAN_RX)
- pin21(EP): NETS(GND)

Y_CAN (ABM8-16.000MHZ-B2-T)
- pin1(left1, X1): NETS(CAN_XIN)
- pin2(gnd2, top1, gnd1): NETS(GND)
- pin3(right1, X2): NETS(CAN_XOUT)
- pin4(gnd1, bottom1, gnd2): NETS(GND)

C_CAN_XIN (30pF undefined)
- pin1: NETS(CAN_XIN)
- pin2: NETS(GND)

C_CAN_XOUT (30pF undefined)
- pin1: NETS(CAN_XOUT)
- pin2: NETS(GND)

C_CAN_CORE (100nF undefined)
- pin1: NETS(V3V3)
- pin2: NETS(GND)

R_CAN_CS (10kΩ undefined)
- pin1(anode, pos, left): NETS(V3V3)
- pin2(cathode, neg, right): NETS(CAN_SPI_CS)

R_CAN_INT (10kΩ undefined)
- pin1(anode, pos, left): NETS(V3V3)
- pin2(cathode, neg, right): NETS(CAN_INT_N)

U5 (AP63203WU-7)
- pin1(FB): NETS(V3V3)
- pin2(EN): NETS(VM)
- pin3(VIN): NETS(VM)
- pin4(GND): NETS(GND)
- pin5(SW): NETS(BUCK_SW)
- pin6(BST): NETS(BUCK_BST)

C8 (10uF undefined)
- pin1: NETS(VM)
- pin2: NETS(GND)

C9 (100nF undefined)
- pin1: NETS(VM)
- pin2: NETS(GND)

C10 (100nF undefined)
- pin1(pos): NETS(BUCK_BST)
- pin2(neg): NETS(BUCK_SW)

L1 (SRN6028C-3R9M)
- pin1(anode, pos, left): NETS(BUCK_SW)
- pin2(cathode, neg, right): NETS(V3V3)

C11 (22uF undefined)
- pin1: NETS(V3V3)
- pin2: NETS(GND)

C12 (22uF undefined)
- pin1: NETS(V3V3)
- pin2: NETS(GND)

U2 (TMC2209-LA-T)
- pin1(OB2): NETS(MOTOR_B2)
- pin2(ENN): NETS(TMC_ENABLE_N)
- pin3(GND2): NETS(GND)
- pin4(CPO): NETS(TMC_CPO)
- pin5(CPI): NETS(TMC_CPI)
- pin6(VCP): NETS(TMC_VCP)
- pin7(SPREAD): NETS(GND)
- pin8(5VOUT): NETS(TMC_5VOUT)
- pin9(MS1_AD0): NETS(GND)
- pin10(MS2_AD1): NETS(GND)
- pin11(DIAG): NETS(TMC_DIAG)
- pin12(INDEX): NOT_CONNECTED
- pin13(CLK): NETS(GND)
- pin14(PDN_UART): NETS(TMC_UART_RX)
- pin15(VCC_IO): NETS(V3V3)
- pin16(STEP): NETS(TMC_STEP)
- pin17(VREF): NETS(TMC_VREF)
- pin18(GND1): NETS(GND)
- pin19(DIR): NETS(TMC_DIR)
- pin20(STDBY): NETS(GND)
- pin21(OA2): NETS(MOTOR_A2)
- pin22(VS2): NETS(VM)
- pin23(BRA): NETS(TMC_SENSE_A)
- pin24(OA1): NETS(MOTOR_A1)
- pin25(UNUSED): NETS(GND)
- pin26(OB1): NETS(MOTOR_B1)
- pin27(BRB): NETS(TMC_SENSE_B)
- pin28(VS1): NETS(VM)
- pin29(EP): NETS(GND)

C13 (22nF undefined)
- pin1(pos): NETS(TMC_CPO)
- pin2(neg): NETS(TMC_CPI)

C14 (100nF undefined)
- pin1: NETS(TMC_VCP)
- pin2: NETS(VM)

C15 (4.7uF undefined)
- pin1: NETS(TMC_5VOUT)
- pin2: NETS(GND)

C16 (100nF undefined)
- pin1: NETS(V3V3)
- pin2: NETS(GND)

C17 (100nF undefined)
- pin1: NETS(VM)
- pin2: NETS(GND)

C18 (10uF undefined)
- pin1: NETS(VM)
- pin2: NETS(GND)

C19 (100uF undefined)
- pin1(pos): NETS(VM)
- pin2(neg): NETS(GND)

C20 (100uF undefined)
- pin1(pos): NETS(VM)
- pin2(neg): NETS(GND)

R5 (1Ω undefined)
- pin1(anode, pos, left): NETS(TMC_SENSE_A)
- pin2(cathode, neg, right): NETS(GND)

R6 (1Ω undefined)
- pin1(anode, pos, left): NETS(TMC_SENSE_B)
- pin2(cathode, neg, right): NETS(GND)

R4 (1kΩ undefined)
- pin1(anode, pos, left): NETS(TMC_UART_TX)
- pin2(cathode, neg, right): NETS(TMC_UART_RX)

R7 (10kΩ undefined)
- pin1(anode, pos, left): NETS(V3V3)
- pin2(cathode, neg, right): NETS(TMC_ENABLE_N)

R8 (10kΩ undefined)
- pin1(anode, pos, left): NETS(TMC_STEP)
- pin2(cathode, neg, right): NETS(GND)

R9 (10kΩ undefined)
- pin1(anode, pos, left): NETS(TMC_DIR)
- pin2(cathode, neg, right): NETS(GND)

R10 (10kΩ undefined)
- pin1(anode, pos, left): NETS(TMC_5VOUT)
- pin2(cathode, neg, right): NETS(TMC_VREF)

R11 (10kΩ undefined)
- pin1(anode, pos, left): NETS(TMC_VREF)
- pin2(cathode, neg, right): NETS(GND)

C21 (100nF undefined)
- pin1: NETS(TMC_VREF)
- pin2: NETS(GND)

D_PD_VALID (BAT54WS-TP)
- pin1(cathode, neg): NETS(PD_LOAD_ENABLE_N)
- pin2(anode, pos): NETS(PD_PATH_INVALID_N)

R_PD_PATH (10kΩ undefined)
- pin1(anode, pos, left): NETS(V3V3)
- pin2(cathode, neg, right): NETS(PD_PATH_INVALID_N)

R_MOTOR_REQUEST (10kΩ undefined)
- pin1(anode, pos, left): NETS(V3V3)
- pin2(cathode, neg, right): NETS(MOTOR_REQUEST_N)

U_MOTOR_INTERLOCK (SN74LVC1G27DBVR)
- pin1(A): NETS(MOTOR_REQUEST_CLEAN_N)
- pin2(GND): NETS(GND)
- pin3(B): NETS(PD_CONTRACT_15_CLEAN_N)
- pin4(Y): NETS(MOTOR_ENABLE_DRIVE)
- pin5(VCC): NETS(V3V3)
- pin6(C): NETS(PD_PATH_INVALID_CLEAN_N)

U_PD_SCHMITT (SN74LVC3G17DCUR)
- pin1(1A): NETS(MOTOR_REQUEST_N)
- pin2(3Y): NETS(PD_PATH_INVALID_CLEAN_N)
- pin3(2A): NETS(PD_CONTRACT_15_N)
- pin4(GND): NETS(GND)
- pin5(2Y): NETS(PD_CONTRACT_15_CLEAN_N)
- pin6(3A): NETS(PD_PATH_INVALID_N)
- pin7(1Y): NETS(MOTOR_REQUEST_CLEAN_N)
- pin8(VCC): NETS(V3V3)

C_PD_SCHMITT (100nF undefined)
- pin1: NETS(V3V3)
- pin2: NETS(GND)

C_MOTOR_INTERLOCK (100nF undefined)
- pin1: NETS(V3V3)
- pin2: NETS(GND)

U_MOTOR_ENN (SN74LVC1G98DCKR)
- pin1(IN1): NETS(GND)
- pin2(GND): NETS(GND)
- pin3(IN0): NETS(MOTOR_ENABLE_DRIVE)
- pin4(Y1): NETS(TMC_ENABLE_N)
- pin5(VCC): NETS(V3V3)
- pin6(IN2): NETS(MOTOR_POWER_GOOD)

C_MOTOR_ENN (100nF undefined)
- pin1: NETS(V3V3)
- pin2: NETS(GND)

U_MOTOR_SUPERVISOR (TLV803EA30DBZR)
- pin1(GND): NETS(GND)
- pin2(N_RESET): NETS(MOTOR_POWER_GOOD)
- pin3(VDD): NETS(V3V3)

R_MOTOR_BOOT_PULLUP (180kΩ undefined)
- pin1(anode, pos, left): NETS(V3V3)
- pin2(cathode, neg, right): NETS(MOTOR_POWER_GOOD)

C_MOTOR_SUPERVISOR (100nF undefined)
- pin1: NETS(V3V3)
- pin2: NETS(GND)

J_USB (USB4110-GF-A)
- pin8(SHELL4): NETS(GND)
- pin9(SHELL3): NETS(GND)
- pin10(SHELL2): NETS(GND)
- pin11(SHELL1): NETS(GND)
- pin12(DN1, A7): NOT_CONNECTED
- pin13(DP2, B6): NOT_CONNECTED
- pin14(SBU1, A8): NOT_CONNECTED
- pin15(CC2, B5): NETS(PD_CC2_CONN)
- pin16(DP1, A6): NOT_CONNECTED
- pin17(DN2, B7): NOT_CONNECTED
- pin18(CC1, A5): NETS(PD_CC1_CONN)
- pin19(SBU2, B8): NOT_CONNECTED
- pin20(VBUS1, B4A9): NETS(VBUS_CONN)
- pin21(VBUS2, A4B9): NETS(VBUS_CONN)
- pin22(GND1, B1A12): NETS(GND)
- pin23(GND2, A1B12): NETS(GND)

U3 (STUSB4500QTR)
- pin1(CC1DB): NETS(PD_CC1_CONN)
- pin2(CC1): NETS(PD_CC1_CONN)
- pin3(NC): NOT_CONNECTED
- pin4(CC2): NETS(PD_CC2_CONN)
- pin5(CC2DB): NETS(PD_CC2_CONN)
- pin6(RESET): NETS(PD_RESET)
- pin7(SCL): NETS(I2C_SCL)
- pin8(SDA): NETS(I2C_SDA)
- pin9(DISCH): NETS(PD_DISCH)
- pin10(GND): NETS(GND)
- pin11(ATTACH): NOT_CONNECTED
- pin12(ADDR0): NETS(GND)
- pin13(ADDR1): NETS(GND)
- pin14(POWER_OK3): NOT_CONNECTED
- pin15(GPIO): NOT_CONNECTED
- pin16(VBUS_EN_SNK): NETS(PD_LOAD_ENABLE_N)
- pin17(A_B_SIDE): NOT_CONNECTED
- pin18(VBUS_VS_DISCH): NETS(PD_VBUS_SENSE)
- pin19(ALERT): NETS(PD_ALERT_N)
- pin20(POWER_OK2): NETS(PD_CONTRACT_15_N)
- pin21(VREG_1V2): NETS(PD_VREG_1V2)
- pin22(VSYS): NETS(GND)
- pin23(VREG_2V7): NETS(PD_VREG_2V7)
- pin24(VDD): NETS(PD_VDD)
- pin25(EP): NETS(GND)

Q_PD_IN (STL8P4LLF6)
- pin1(S1): NETS(PD_FET_SOURCE)
- pin2(S2): NETS(PD_FET_SOURCE)
- pin3(S3): NETS(PD_FET_SOURCE)
- pin4(G): NETS(PD_GATE)
- pin5(D1): NETS(VBUS_CONN)
- pin6(D2): NETS(VBUS_CONN)
- pin7(D3): NETS(VBUS_CONN)
- pin8(D4): NETS(VBUS_CONN)
- pin9(D5): NETS(VBUS_CONN)

Q_PD_OUT (STL8P4LLF6)
- pin9_internal_1(pin9, 9): NETS(VBUS_PROTECTED)
- pin9_internal_2(pin9, 9): NETS(VBUS_PROTECTED)
- pin1(S1): NETS(PD_FET_SOURCE)
- pin2(S2): NETS(PD_FET_SOURCE)
- pin3(S3): NETS(PD_FET_SOURCE)
- pin4(G): NETS(PD_GATE)
- pin5(D1): NETS(VBUS_PROTECTED)
- pin6(D2): NETS(VBUS_PROTECTED)
- pin7(D3): NETS(VBUS_PROTECTED)
- pin8(D4): NETS(VBUS_PROTECTED)
- pin9(D5): NETS(VBUS_PROTECTED)

R13 (100kΩ undefined)
- pin1(anode, pos, left): NETS(PD_FET_SOURCE)
- pin2(cathode, neg, right): NETS(PD_GATE)

R_PD_GATE (22kΩ undefined)
- pin1(anode, pos, left): NETS(PD_GATE)
- pin2(cathode, neg, right): NETS(PD_LOAD_ENABLE_N)

R14 (470Ω undefined)
- pin1(anode, pos, left): NETS(VBUS_CONN)
- pin2(cathode, neg, right): NETS(PD_VDD)

C_PD_VDD (2.2uF undefined)
- pin1: NETS(PD_VDD)
- pin2: NETS(GND)

C_PD_1V2 (1uF undefined)
- pin1: NETS(PD_VREG_1V2)
- pin2: NETS(GND)

C_PD_2V7 (1uF undefined)
- pin1: NETS(PD_VREG_2V7)
- pin2: NETS(GND)

R_PD_RESET (10kΩ undefined)
- pin1(anode, pos, left): NETS(PD_RESET)
- pin2(cathode, neg, right): NETS(GND)

R12 (10kΩ undefined)
- pin1(anode, pos, left): NETS(V3V3)
- pin2(cathode, neg, right): NETS(PD_ALERT_N)

R_PD_OK (10kΩ undefined)
- pin1(anode, pos, left): NETS(V3V3)
- pin2(cathode, neg, right): NETS(PD_CONTRACT_15_N)

R_PD_SENSE (1kΩ undefined)
- pin1(anode, pos, left): NETS(VBUS_CONN)
- pin2(cathode, neg, right): NETS(PD_VBUS_SENSE)

R_PD_DISCH1 (1kΩ undefined)
- pin1(anode, pos, left): NETS(VM)
- pin2(cathode, neg, right): NETS(PD_DISCH)

R_PD_DISCH2 (1kΩ undefined)
- pin1(anode, pos, left): NETS(VM)
- pin2(cathode, neg, right): NETS(PD_DISCH)

D_VBUS (ESDA25P35-1U1M)
- pin1: NETS(VBUS_CONN)
- pin2: NETS(GND)

C25 (2.2uF undefined)
- pin1: NETS(VBUS_CONN)
- pin2: NETS(GND)

C26 (100nF undefined)
- pin1: NETS(VBUS_CONN)
- pin2: NETS(GND)

R16 (220kΩ undefined)
- pin1(anode, pos, left): NETS(VBUS_PROTECTED)
- pin2(cathode, neg, right): NETS(VBUS_DIV)

R17 (10kΩ undefined)
- pin1(anode, pos, left): NETS(VBUS_DIV)
- pin2(cathode, neg, right): NETS(GND)

R18 (1kΩ undefined)
- pin1(anode, pos, left): NETS(VBUS_DIV)
- pin2(cathode, neg, right): NETS(VBUS_ADC_PRE_GUARD)

C27 (100nF undefined)
- pin1: NETS(VBUS_ADC)
- pin2: NETS(GND)

J_DATA (USB4110-GF-A)
- pin8(SHELL4): NETS(GND)
- pin9(SHELL3): NETS(GND)
- pin10(SHELL2): NETS(GND)
- pin11(SHELL1): NETS(GND)
- pin12(DN1, A7): NETS(USB_DM)
- pin13(DP2, B6): NETS(USB_DP)
- pin14(SBU1, A8): NOT_CONNECTED
- pin15(CC2, B5): NETS(USB_DATA_CC2)
- pin16(DP1, A6): NETS(USB_DP)
- pin17(DN2, B7): NETS(USB_DM)
- pin18(CC1, A5): NETS(USB_DATA_CC1)
- pin19(SBU2, B8): NOT_CONNECTED
- pin20(VBUS1, B4A9): NETS(USB_DATA_VBUS)
- pin21(VBUS2, A4B9): NETS(USB_DATA_VBUS)
- pin22(GND1, B1A12): NETS(GND)
- pin23(GND2, A1B12): NETS(GND)

R_DATA_CC1 (5.1kΩ undefined)
- pin1(anode, pos, left): NETS(USB_DATA_CC1)
- pin2(cathode, neg, right): NETS(GND)

R_DATA_CC2 (5.1kΩ undefined)
- pin1(anode, pos, left): NETS(USB_DATA_CC2)
- pin2(cathode, neg, right): NETS(GND)

D_USB (TPD2EUSB30DRTR)
- pin1(D_POS): NETS(USB_DP)
- pin2(D_NEG): NETS(USB_DM)
- pin3(GND): NETS(GND)

R_DATA_SENSE_TOP (10kΩ undefined)
- pin1(anode, pos, left): NETS(USB_DATA_VBUS)
- pin2(cathode, neg, right): NETS(USB_DATA_SENSE_GATE)

R_DATA_SENSE_OFF (100kΩ undefined)
- pin1(anode, pos, left): NETS(USB_DATA_SENSE_GATE)
- pin2(cathode, neg, right): NETS(GND)

Q_DATA_PRESENT (DMG1012T-7)
- pin1(G): NETS(USB_DATA_SENSE_GATE)
- pin2(S): NETS(GND)
- pin3(D): NETS(USB_DATA_ABSENT_N)

R_DATA_PRESENT (10kΩ undefined)
- pin1(anode, pos, left): NETS(V3V3)
- pin2(cathode, neg, right): NETS(USB_DATA_ABSENT_N)

J_SWD (SM05B-SRSS-TB(LF)(SN))
- pin1(VOUT): NOT_CONNECTED
- pin2(SWDIO): NETS(SWDIO_CONN)
- pin3(GND): NETS(GND)
- pin4(SWCLK): NETS(SWCLK_CONN)
- pin5(NRST, nRESET): NETS(NRST_CONN)

U7 (TMUX1511RSVR)
- pin1(SEL1): NETS(POWER_GOOD)
- pin2(S1): NETS(SWDIO_CONN)
- pin3(D1): NETS(SWDIO_GUARDED)
- pin4(SEL2): NETS(POWER_GOOD)
- pin5(S2): NETS(SWCLK_CONN)
- pin6(D2): NETS(SWCLK_GUARDED)
- pin7(N_C_1): NOT_CONNECTED
- pin8(GND): NETS(GND)
- pin9(D3): NETS(NRST_GUARDED)
- pin10(S3): NETS(NRST_CONN)
- pin11(SEL3): NETS(POWER_GOOD)
- pin12(N_C_2): NOT_CONNECTED
- pin13(D4): NETS(VBUS_ADC)
- pin14(S4): NETS(VBUS_ADC_PRE_GUARD)
- pin15(SEL4): NETS(POWER_GOOD)
- pin16(VDD): NETS(V3V3)

U8 (TLV803EA30DBZR)
- pin1(GND): NETS(GND)
- pin2(N_RESET): NETS(POWER_GOOD)
- pin3(VDD): NETS(V3V3)

R19 (100kΩ undefined)
- pin1(anode, pos, left): NETS(V3V3)
- pin2(cathode, neg, right): NETS(POWER_GOOD)

C28 (100nF undefined)
- pin1: NETS(V3V3)
- pin2: NETS(GND)

C29 (100nF undefined)
- pin1: NETS(V3V3)
- pin2: NETS(GND)

R20 (100Ω undefined)
- pin1(anode, pos, left): NETS(SWDIO_GUARDED)
- pin2(cathode, neg, right): NETS(SWDIO)

R21 (100Ω undefined)
- pin1(anode, pos, left): NETS(SWCLK_GUARDED)
- pin2(cathode, neg, right): NETS(SWCLK)

R22 (100Ω undefined)
- pin1(anode, pos, left): NETS(NRST_GUARDED)
- pin2(cathode, neg, right): NETS(NRST)

R51 (100kΩ undefined)
- pin1(anode, pos, left): NETS(VBUS_ADC)
- pin2(cathode, neg, right): NETS(GND)

R52 (100kΩ undefined)
- pin1(anode, pos, left): NETS(SWDIO)
- pin2(cathode, neg, right): NETS(GND)

R53 (100kΩ undefined)
- pin1(anode, pos, left): NETS(SWCLK)
- pin2(cathode, neg, right): NETS(GND)

J_IO (SM10B-SRSS-TB(LF)(SN))
- pin1: NETS(GND)
- pin2: NETS(CAN_H)
- pin3: NETS(CAN_L)
- pin4: NETS(GND)
- pin5: NETS(EXT_STEP_CONN)
- pin6: NETS(EXT_DIR_CONN)
- pin7: NETS(EXT_ENABLE_N_CONN)
- pin8: NETS(LIMIT1_CONN)
- pin9: NETS(LIMIT2_CONN)
- pin10: NETS(GND)
- pin11: NETS(GND)
- pin12: NETS(GND)

J_MOTOR (SM04B-GHS-TB(LF)(SN))
- pin1: NETS(MOTOR_A1)
- pin2: NETS(MOTOR_A2)
- pin3: NETS(MOTOR_B1)
- pin4: NETS(MOTOR_B2)
- pin5: NETS(GND)
- pin6: NETS(GND)

D_IO1 (TPD4E05U06DQAR)
- pin1(D1_POS): NETS(EXT_STEP_CONN)
- pin2(D1_NEG): NETS(EXT_DIR_CONN)
- pin3(GND2): NETS(GND)
- pin4(D2_POS): NETS(EXT_ENABLE_N_CONN)
- pin5(D2_NEG): NETS(LIMIT1_CONN)
- pin6(NC1): NOT_CONNECTED
- pin7(NC2): NOT_CONNECTED
- pin8(GND1): NETS(GND)
- pin9(NC3): NOT_CONNECTED
- pin10(NC4): NOT_CONNECTED

D_IO2 (TPD4E05U06DQAR)
- pin1(D1_POS): NETS(LIMIT2_CONN)
- pin2(D1_NEG): NOT_CONNECTED
- pin3(GND2): NETS(GND)
- pin4(D2_POS): NOT_CONNECTED
- pin5(D2_NEG): NOT_CONNECTED
- pin6(NC1): NOT_CONNECTED
- pin7(NC2): NOT_CONNECTED
- pin8(GND1): NETS(GND)
- pin9(NC3): NOT_CONNECTED
- pin10(NC4): NOT_CONNECTED

D_CAN (SM712.TCT)
- pin1(A11): NETS(CAN_H)
- pin2(A12): NETS(CAN_L)
- pin3(K): NETS(GND)

R23 (1kΩ undefined)
- pin1(anode, pos, left): NETS(EXT_STEP_CONN)
- pin2(cathode, neg, right): NETS(EXT_STEP)

R24 (1kΩ undefined)
- pin1(anode, pos, left): NETS(EXT_DIR_CONN)
- pin2(cathode, neg, right): NETS(EXT_DIR)

R25 (1kΩ undefined)
- pin1(anode, pos, left): NETS(EXT_ENABLE_N_CONN)
- pin2(cathode, neg, right): NETS(EXT_ENABLE_N)

R26 (1kΩ undefined)
- pin1(anode, pos, left): NETS(LIMIT1_CONN)
- pin2(cathode, neg, right): NETS(LIMIT1)

R27 (1kΩ undefined)
- pin1(anode, pos, left): NETS(LIMIT2_CONN)
- pin2(cathode, neg, right): NETS(LIMIT2)

R28 (10kΩ undefined)
- pin1(anode, pos, left): NETS(EXT_STEP)
- pin2(cathode, neg, right): NETS(GND)

R29 (10kΩ undefined)
- pin1(anode, pos, left): NETS(EXT_DIR)
- pin2(cathode, neg, right): NETS(GND)

R30 (10kΩ undefined)
- pin1(anode, pos, left): NETS(V3V3)
- pin2(cathode, neg, right): NETS(EXT_ENABLE_N)

R31 (10kΩ undefined)
- pin1(anode, pos, left): NETS(V3V3)
- pin2(cathode, neg, right): NETS(LIMIT1)

R32 (10kΩ undefined)
- pin1(anode, pos, left): NETS(V3V3)
- pin2(cathode, neg, right): NETS(LIMIT2)

R34 (10kΩ undefined)
- pin1(anode, pos, left): NETS(V3V3)
- pin2(cathode, neg, right): NETS(CAN_RS)

C30 (100nF undefined)
- pin1: NETS(LIMIT1)
- pin2: NETS(GND)

C31 (100nF undefined)
- pin1: NETS(LIMIT2)
- pin2: NETS(GND)

R35 (1kΩ undefined)
- pin1(anode, pos, left): NETS(V3V3)
- pin2(cathode, neg, right): NETS(LED_POWER_A)

LED_POWER (XL-1608SYGC-06)
- pin1(cathode, neg): NETS(GND)
- pin2(anode, pos): NETS(LED_POWER_A)

R36 (1kΩ undefined)
- pin1(anode, pos, left): NETS(LED_STATUS_DRIVE)
- pin2(cathode, neg, right): NETS(LED_STATUS_A)

LED_STATUS (XL-1608SYGC-06)
- pin1(cathode, neg): NETS(GND)
- pin2(anode, pos): NETS(LED_STATUS_A)

R37 (1kΩ undefined)
- pin1(anode, pos, left): NETS(LED_FAULT_DRIVE)
- pin2(cathode, neg, right): NETS(LED_FAULT_A)

LED_FAULT (XL-1608SYGC-06)
- pin1(cathode, neg): NETS(GND)
- pin2(anode, pos): NETS(LED_FAULT_A)

U10 (TPS26600RHFR)
- pin1(N_C10): NOT_CONNECTED
- pin2(N_C9): NOT_CONNECTED
- pin3(N_C8): NOT_CONNECTED
- pin4(N_C7): NOT_CONNECTED
- pin5(N_C6): NOT_CONNECTED
- pin6(N_C5): NOT_CONNECTED
- pin7(N_C4): NOT_CONNECTED
- pin8(IN2): NETS(VBUS_PROTECTED)
- pin9(IN1): NETS(VBUS_PROTECTED)
- pin10(UVLO): NETS(EFUSE_EN)
- pin11(N_C3): NOT_CONNECTED
- pin12(OVP): NETS(EFUSE_OVP)
- pin13(MODE): NETS(EFUSE_RTN)
- pin14(N_SHDN): NOT_CONNECTED
- pin15(RTN): NETS(EFUSE_RTN)
- pin16(N_C2): NOT_CONNECTED
- pin17(GND): NETS(GND)
- pin18(IMON): NOT_CONNECTED
- pin19(ILIM): NETS(EFUSE_ILIM)
- pin20(dVdT): NETS(EFUSE_DVDT)
- pin21(N_C1): NOT_CONNECTED
- pin22(N_FLT): NETS(EFUSE_FLT_N)
- pin23(OUT2): NETS(VM)
- pin24(OUT1): NETS(VM)
- pin25(EP): NETS(EFUSE_RTN)

Q_ILIM (DMG1012T-7)
- pin1(G): NETS(POWER_HIGH_CURRENT)
- pin2(S): NETS(EFUSE_RTN)
- pin3(D): NETS(EFUSE_ILIM_SWITCH)

R38 (100kΩ undefined)
- pin1(anode, pos, left): NETS(VBUS_PROTECTED)
- pin2(cathode, neg, right): NETS(EFUSE_EN)

R39 (47kΩ undefined)
- pin1(anode, pos, left): NETS(EFUSE_EN)
- pin2(cathode, neg, right): NETS(EFUSE_RTN)

R40 (100kΩ undefined)
- pin1(anode, pos, left): NETS(VBUS_PROTECTED)
- pin2(cathode, neg, right): NETS(EFUSE_OVP_TOP_1)

R41 (1kΩ undefined)
- pin1(anode, pos, left): NETS(EFUSE_OVP_TOP_1)
- pin2(cathode, neg, right): NETS(EFUSE_OVP_TOP_2)

R42 (4.7kΩ undefined)
- pin1(anode, pos, left): NETS(EFUSE_OVP_TOP_2)
- pin2(cathode, neg, right): NETS(EFUSE_OVP)

R43 (6.04kΩ undefined)
- pin1(anode, pos, left): NETS(EFUSE_OVP)
- pin2(cathode, neg, right): NETS(EFUSE_RTN)

R44 (24kΩ undefined)
- pin1(anode, pos, left): NETS(EFUSE_ILIM)
- pin2(cathode, neg, right): NETS(EFUSE_RTN)

R45 (24kΩ undefined)
- pin1(anode, pos, left): NETS(EFUSE_ILIM)
- pin2(cathode, neg, right): NETS(EFUSE_ILIM_SWITCH)

R46 (10kΩ undefined)
- pin1(anode, pos, left): NETS(POWER_HIGH_CURRENT)
- pin2(cathode, neg, right): NETS(GND)

C33 (2.2uF undefined)
- pin1: NETS(EFUSE_DVDT)
- pin2: NETS(EFUSE_RTN)

C34 (2.2uF undefined)
- pin1: NETS(VBUS_PROTECTED)
- pin2: NETS(GND)

R48 (10kΩ undefined)
- pin1(anode, pos, left): NETS(V3V3)
- pin2(cathode, neg, right): NETS(EFUSE_FLT_N)
