Using public board release 37065d22-1a1c-4c96-8927-f75a9dd03d62
Prepared exact-byte archives 66 groups for 838 files
Uploaded group 1 / 66 106 files 626113 request bytes
Uploaded group 2 / 66 1 files 377689 request bytes
Uploaded group 3 / 66 81 files 647837 request bytes
Uploaded group 4 / 66 6 files 713981 request bytes
Uploaded group 5 / 66 5 files 742681 request bytes
Uploaded group 6 / 66 7 files 629913 request bytes
Uploaded group 7 / 66 9 files 725089 request bytes
Uploaded group 8 / 66 9 files 725093 request bytes
Uploaded group 9 / 66 9 files 725105 request bytes
Uploaded group 10 / 66 9 files 725093 request bytes
Uploaded group 11 / 66 6 files 651745 request bytes
Uploaded group 12 / 66 6 files 696317 request bytes
Uploaded group 13 / 66 5 files 730761 request bytes
Uploaded group 14 / 66 4 files 404221 request bytes
Uploaded group 15 / 66 5 files 734117 request bytes
Uploaded group 16 / 66 4 files 490173 request bytes
Uploaded group 17 / 66 6 files 661213 request bytes
Uploaded group 18 / 66 6 files 566033 request bytes
Uploaded group 19 / 66 3 files 274077 request bytes
Uploaded group 20 / 66 3 files 524041 request bytes
Uploaded group 21 / 66 3 files 395229 request bytes
Uploaded group 22 / 66 6 files 678917 request bytes
Uploaded group 23 / 66 6 files 516197 request bytes
Uploaded group 24 / 66 3 files 566265 request bytes
Uploaded group 25 / 66 3 files 598033 request bytes
Uploaded group 26 / 66 6 files 687165 request bytes
Uploaded group 27 / 66 1 files 823821 request bytes
Uploaded group 28 / 66 5 files 680897 request bytes
Uploaded group 29 / 66 1 files 847037 request bytes
Uploaded group 30 / 66 2 files 498453 request bytes
Uploaded group 31 / 66 3 files 521325 request bytes
Uploaded group 32 / 66 2 files 327845 request bytes
Uploaded group 33 / 66 1 files 1570129 request bytes
Uploaded group 34 / 66 1 files 2138981 request bytes
Uploaded group 35 / 66 5 files 399141 request bytes
Uploaded group 36 / 66 3 files 620721 request bytes
Uploaded group 37 / 66 2 files 712637 request bytes
Uploaded group 38 / 66 4 files 697633 request bytes
Uploaded group 39 / 66 3 files 675697 request bytes
Uploaded group 40 / 66 6 files 683713 request bytes
Uploaded group 41 / 66 4 files 520909 request bytes
Uploaded group 42 / 66 18 files 674317 request bytes
Uploaded group 43 / 66 2 files 689601 request bytes
Uploaded group 44 / 66 1 files 120781 request bytes
Uploaded group 45 / 66 1 files 997565 request bytes
Uploaded group 46 / 66 5 files 712369 request bytes
Uploaded group 47 / 66 2 files 631225 request bytes
Uploaded group 48 / 66 2 files 532393 request bytes
Uploaded group 49 / 66 3 files 303821 request bytes
Uploaded group 50 / 66 2 files 491677 request bytes
Uploaded group 51 / 66 2 files 417753 request bytes
Uploaded group 52 / 66 1 files 949769 request bytes
Uploaded group 53 / 66 3 files 341785 request bytes
Uploaded group 54 / 66 1 files 2341497 request bytes
Uploaded group 55 / 66 2 files 17305 request bytes
Uploaded group 56 / 66 1 files 1977509 request bytes
Uploaded group 57 / 66 1 files 34025 request bytes
Uploaded group 58 / 66 1 files 1174989 request bytes
Uploaded group 59 / 66 1 files 16825 request bytes
Uploaded group 60 / 66 1 files 892825 request bytes
Uploaded group 61 / 66 1 files 19953 request bytes
Uploaded group 62 / 66 1 files 2986877 request bytes
Uploaded group 63 / 66 1 files 17021 request bytes
Uploaded group 64 / 66 1 files 1056641 request bytes
Uploaded group 65 / 66 330 files 573425 request bytes
Uploaded group 66 / 66 94 files 309273 request bytes
Anonymous files verified 838 / 838
Checking immutable GitHub files 0 / 838
Checking immutable GitHub files 40 / 838
Checking immutable GitHub files 60 / 838
Checking immutable GitHub files 80 / 838
Checking immutable GitHub files 100 / 838
Checking immutable GitHub files 100 / 838
Checking immutable GitHub files 100 / 838
Checking immutable GitHub files 120 / 838
Checking immutable GitHub files 140 / 838
Checking immutable GitHub files 160 / 838
Checking immutable GitHub files 180 / 838
Checking immutable GitHub files 200 / 838
Checking immutable GitHub files 220 / 838
Checking immutable GitHub files 240 / 838
Checking immutable GitHub files 260 / 838
Checking immutable GitHub files 280 / 838
Checking immutable GitHub files 300 / 838
Checking immutable GitHub files 300 / 838
Checking immutable GitHub files 320 / 838
Checking immutable GitHub files 320 / 838
Checking immutable GitHub files 340 / 838
Checking immutable GitHub files 360 / 838
Checking immutable GitHub files 360 / 838
Checking immutable GitHub files 380 / 838
Checking immutable GitHub files 440 / 838
Checking immutable GitHub files 460 / 838
Checking immutable GitHub files 480 / 838
Checking immutable GitHub files 500 / 838
Checking immutable GitHub files 520 / 838
Checking immutable GitHub files 540 / 838
Checking immutable GitHub files 580 / 838
Checking immutable GitHub files 600 / 838
Checking immutable GitHub files 600 / 838
Checking immutable GitHub files 620 / 838
Checking immutable GitHub files 640 / 838
Checking immutable GitHub files 660 / 838
Checking immutable GitHub files 680 / 838
Checking immutable GitHub files 700 / 838
Checking immutable GitHub files 720 / 838
Checking immutable GitHub files 740 / 838
Checking immutable GitHub files 760 / 838
Checking immutable GitHub files 780 / 838
Checking immutable GitHub files 800 / 838
Checking immutable GitHub files 820 / 838
Public matching revision verified: 37065d22-1a1c-4c96-8927-f75a9dd03d62 838 package files and 838 GitHub files
