Building 1 file(s)...
Building schematic-review.circuit.tsx...
Generating circuit JSON...
Async effect error in PcbTraceRender "autorouting":
TypeError: undefined is not an object (evaluating 'connectedPort.x')
    at <anonymous> (/workspace/smart-nema14-motor-controller/node_modules/@tscircuit/core/dist/index.js:109281:11)
    at map (native:1:11)
    at getSimpleRouteJsonFromCircuitJson (/workspace/smart-nema14-motor-controller/node_modules/@tscircuit/core/dist/index.js:109270:5)
    at _runLocalAutorouting (/workspace/smart-nema14-motor-controller/node_modules/@tscircuit/core/dist/index.js:119939:52)
    at <anonymous> (/workspace/smart-nema14-motor-controller/node_modules/@tscircuit/core/dist/index.js:120601:26)
    at _queueAsyncEffect (/workspace/smart-nema14-motor-controller/node_modules/@tscircuit/core/dist/index.js:1224:16)
    at _startAsyncAutorouting (/workspace/smart-nema14-motor-controller/node_modules/@tscircuit/core/dist/index.js:120599:12)
    at updatePcbTraceRender (/workspace/smart-nema14-motor-controller/node_modules/@tscircuit/core/dist/index.js:120672:14)
    at runRenderPhase (/workspace/smart-nema14-motor-controller/node_modules/@tscircuit/core/dist/index.js:1384:25)
    at runRenderCycle (/workspace/smart-nema14-motor-controller/node_modules/@tscircuit/core/dist/index.js:1340:12)
    at render (/workspace/smart-nema14-motor-controller/node_modules/@tscircuit/core/dist/index.js:122702:16)
    at generateCircuitJson (/workspace/smart-nema14-motor-controller/node_modules/@tscircuit/cli/dist/cli/main.js:186087:12)
    at async <anonymous> (/workspace/smart-nema14-motor-controller/node_modules/@tscircuit/cli/dist/cli/main.js:186194:28)
    at async <anonymous> (/workspace/smart-nema14-motor-controller/node_modules/@tscircuit/cli/dist/cli/main.js:201188:38)
    at async <anonymous> (/workspace/smart-nema14-motor-controller/node_modules/@tscircuit/cli/dist/cli/main.js:201310:15)
    at processTicksAndRejections (native:7:39)
Circuit JSON written to dist/schematic-review/circuit.json
The "Y" prefix is being used with a <chip />, try using it with a <crystal />
The "Q" prefix is being used with a <chip />, try using it with a <transistor />
The "Q" prefix is being used with a <chip />, try using it with a <transistor />
The "Q" prefix is being used with a <chip />, try using it with a <transistor />
The "Q" prefix is being used with a <chip />, try using it with a <transistor />
The "J" prefix is being used with a <chip />, try using it with a <connector /> or <jumper />
The "J" prefix is being used with a <chip />, try using it with a <connector /> or <jumper />
The "Q" prefix is being used with a <chip />, try using it with a <transistor />
Differential pair "USB_RECEPTACLE_PAIR" positiveConnection=".R_USB_DP > port.pin1" is not point-to-point: expected exactly 2 terminal pins, found 4: .D_USB > .pin1, .J_DATA > .DP1, .J_DATA > .DP2, and .R_USB_DP > .pin1.
Differential pair "USB_RECEPTACLE_PAIR" negativeConnection=".R_USB_DM > port.pin1" is not point-to-point: expected exactly 2 terminal pins, found 4: .D_USB > .pin2, .J_DATA > .DN1, .J_DATA > .DN2, and .R_USB_DM > .pin1.
Y_RP has no pin with requires_power=true
U9 has no pin with requires_power=true
BZ1 has no pin with requires_power=true
BZ1 has no pin with requires_ground=true
Q_BUZZ has no pin with requires_power=true
Q_BUZZ has no pin with requires_ground=true
All pins on Q_BUZZ are underspecified (no pinAttributes set)
Q_PD_IN has no pin with requires_power=true
Q_PD_IN has no pin with requires_ground=true
All pins on Q_PD_IN are underspecified (no pinAttributes set)
Q_PD_OUT has no pin with requires_power=true
Q_PD_OUT has no pin with requires_ground=true
All pins on Q_PD_OUT are underspecified (no pinAttributes set)
D_VBUS has no pin with requires_power=true
D_VBUS has no pin with requires_ground=true
All pins on D_VBUS are underspecified (no pinAttributes set)
D_USB has no pin with requires_power=true
Q_DATA_PRESENT has no pin with requires_power=true
Q_DATA_PRESENT has no pin with requires_ground=true
All pins on Q_DATA_PRESENT are underspecified (no pinAttributes set)
J_IO has no pin with requires_power=true
J_IO has no pin with requires_ground=true
All pins on J_IO are underspecified (no pinAttributes set)
J_MOTOR has no pin with requires_power=true
J_MOTOR has no pin with requires_ground=true
All pins on J_MOTOR are underspecified (no pinAttributes set)
D_IO1 has no pin with requires_power=true
D_IO2 has no pin with requires_power=true
D_CAN has no pin with requires_power=true
D_CAN has no pin with requires_ground=true
All pins on D_CAN are underspecified (no pinAttributes set)
U10 has no pin with requires_power=true
Q_ILIM has no pin with requires_power=true
Q_ILIM has no pin with requires_ground=true
All pins on Q_ILIM are underspecified (no pinAttributes set)
Q_DATA_PRESENT is missing schematic reference designator text. For a custom symbol, add name="{REFDES}" inside the symbol.
Datasheet information for chip "U10" could not be fetched: Datasheet lookup failed (403) for tps26600rhfr. Pin attributes may not be populated.
Datasheet information for chip "U_RESET" could not be fetched: Datasheet lookup failed (403) for tlv803ea30dbzr. Pin attributes may not be populated.
Datasheet information for chip "U_MOTOR_SUPERVISOR" could not be fetched: Datasheet lookup failed (403) for tlv803ea30dbzr. Pin attributes may not be populated.
Datasheet information for chip "U8" could not be fetched: Datasheet lookup failed (403) for tlv803ea30dbzr. Pin attributes may not be populated.
Datasheet information for chip "U6" could not be fetched: Datasheet lookup failed (403) for sn65hvd230dr. Pin attributes may not be populated.
Datasheet information for chip "BZ1" could not be fetched: Datasheet lookup failed (403) for mlt-5020. Pin attributes may not be populated.
Datasheet information for chip "U_FLASH" could not be fetched: Datasheet lookup failed (403) for gd25q16eeigr. Pin attributes may not be populated.
Datasheet information for chip "U9" could not be fetched: Datasheet lookup failed (403) for tmp112aidrlr. Pin attributes may not be populated.
Datasheet information for chip "U5" could not be fetched: Datasheet lookup failed (403) for ap63203wu-7. Pin attributes may not be populated.
Datasheet information for chip "U7" could not be fetched: Datasheet lookup failed (403) for tmux1511rsvr. Pin attributes may not be populated.
Datasheet information for chip "U1" could not be fetched: Datasheet lookup failed (403) for rp2040. Pin attributes may not be populated.
Datasheet information for chip "U_CAN" could not be fetched: Datasheet lookup failed (403) for mcp2515t-iml. Pin attributes may not be populated.
Datasheet information for chip "U3" could not be fetched: Datasheet lookup failed (403) for stusb4500qtr. Pin attributes may not be populated.
Datasheet information for chip "U2" could not be fetched: Datasheet lookup failed (403) for tmc2209-la-t. Pin attributes may not be populated.
Datasheet information for chip "U_MOTOR_INTERLOCK" could not be fetched: Datasheet lookup failed (403) for sn74lvc1g27dbvr. Pin attributes may not be populated.
Datasheet information for chip "Y_RP" could not be fetched: Datasheet lookup failed (403) for abm8-272-t3. Pin attributes may not be populated.
Datasheet information for chip "D_USB" could not be fetched: Datasheet lookup failed (403) for tpd2eusb30drtr. Pin attributes may not be populated.
Datasheet information for chip "D_IO1" could not be fetched: Datasheet lookup failed (403) for tpd4e05u06dqar. Pin attributes may not be populated.
Datasheet information for chip "D_IO2" could not be fetched: Datasheet lookup failed (403) for tpd4e05u06dqar. Pin attributes may not be populated.
Datasheet information for chip "U_MOTOR_ENN" could not be fetched: Datasheet lookup failed (403) for sn74lvc1g98dckr. Pin attributes may not be populated.
Datasheet information for chip "U_PD_SCHMITT" could not be fetched: Datasheet lookup failed (403) for sn74lvc3g17dcur. Pin attributes may not be populated.
Generating preview images...
[schematic-review] Generating schematic SVG...
[schematic-review] Written schematic.svg
[schematic-review] Generating schematic PNG...
[schematic-review] Written schematic.png

Build complete
  Circuits  1 passed
  Options   schematic-png, schematic-svgs
  Output    dist

✓ Done
Build exiting with code 0: build finished successfully
