{
  "revision": "0.0.45-alpha.0",
  "input": "evidence/rev-0.0.45-alpha.0/routing/signals028-native-replay/circuit.json",
  "input_sha256": "6c32c872c7a326c1f928169b45861bfc50a791364d6bb41896f2346b9afe85c7",
  "scope": "Actual tracks, drills, component/test pads, board edges, NPTH and mechanical keepouts. USB path length is independently measured by measure-usb-paths.py; absent legacy trace-name lengths below are not a USB pass. Pour geometry, silkscreen, paste, impedance CAM and full connectivity remain separate checks.",
  "track_count": 85,
  "segment_count": 746,
  "via_count": 67,
  "thermal_manifest_sha256": null,
  "reviewed_thermal_drill_contacts": [],
  "filled_manifest_sha256": null,
  "reviewed_filled_contacts": [],
  "filled_features_matched": [],
  "usb_path_lengths_mm": {},
  "usb_length_skew_mm": null,
  "minimum_clearances": {
    "via_drill_to_pad_mm": {
      "via": "pcb_via_37",
      "reference": "Q_PD_OUT",
      "pad": "pcb_smtpad_339",
      "same_net": false,
      "actual_mm": -0.15,
      "required_mm": 0.35
    },
    "track_to_pad_mm": {
      "track": "saved_phase_null_0_67",
      "segment": 40,
      "pad": "pcb_smtpad_216",
      "reference": "U2",
      "actual_mm": 0.0,
      "required_mm": 0.1
    },
    "track_to_track_mm": {
      "first": "saved_phase_null_0_83",
      "first_segment": 20,
      "second": "saved_phase_null_0_84",
      "second_segment": 8,
      "layer": "inner2",
      "actual_mm": 0.11000035565111276,
      "required_mm": 0.15
    },
    "via_to_track_mm": {
      "via": "pcb_via_40",
      "track": "saved_phase_null_0_59",
      "segment": 11,
      "layer": "inner2",
      "actual_mm": -0.003497179525154076,
      "required_mm": 0.15
    },
    "via_to_via_mm": {
      "first": "pcb_via_33",
      "second": "pcb_via_40",
      "actual_mm": 0.17315160484186504,
      "required_mm": 0.15
    },
    "via_hole_to_via_hole_mm": {
      "first": "pcb_via_33",
      "second": "pcb_via_40",
      "actual_mm": 0.32315160484186506,
      "required_mm": 0.35
    }
  },
  "measurement_counts": {
    "via_drill_to_pad_mm": 37386,
    "track_to_pad_mm": 160658,
    "track_to_track_mm": 90319,
    "via_to_track_mm": 48686,
    "via_to_via_mm": 2211,
    "via_hole_to_via_hole_mm": 2211
  },
  "violations": [
    {
      "check": "track_to_pad_mm",
      "track": "saved_phase_null_0_67",
      "segment": 39,
      "pad": "pcb_smtpad_216",
      "reference": "U2",
      "actual_mm": 0.036587619267860916,
      "required_mm": 0.1
    },
    {
      "check": "track_to_pad_mm",
      "track": "saved_phase_null_0_67",
      "segment": 40,
      "pad": "pcb_smtpad_216",
      "reference": "U2",
      "actual_mm": 0.0,
      "required_mm": 0.1
    },
    {
      "check": "track_to_pad_mm",
      "track": "saved_phase_null_0_67",
      "segment": 41,
      "pad": "pcb_smtpad_216",
      "reference": "U2",
      "actual_mm": 0.0,
      "required_mm": 0.1
    },
    {
      "check": "track_to_pad_mm",
      "track": "saved_phase_null_0_67",
      "segment": 42,
      "pad": "pcb_smtpad_216",
      "reference": "U2",
      "actual_mm": 0.0,
      "required_mm": 0.1
    },
    {
      "check": "track_to_pad_mm",
      "track": "saved_phase_null_0_67",
      "segment": 43,
      "pad": "pcb_smtpad_216",
      "reference": "U2",
      "actual_mm": 0.032735203465422025,
      "required_mm": 0.1
    },
    {
      "check": "track_to_track_mm",
      "first": "saved_phase_null_0_59",
      "first_segment": 11,
      "second": "saved_phase_null_0_67",
      "second_segment": 18,
      "layer": "inner2",
      "actual_mm": 0.1465175411331896,
      "required_mm": 0.15
    },
    {
      "check": "track_to_track_mm",
      "first": "saved_phase_null_0_64",
      "first_segment": 8,
      "second": "saved_phase_null_0_70",
      "second_segment": 9,
      "layer": "bottom",
      "actual_mm": 0.11499817768738245,
      "required_mm": 0.15
    },
    {
      "check": "track_to_track_mm",
      "first": "saved_phase_null_0_64",
      "first_segment": 9,
      "second": "saved_phase_null_0_70",
      "second_segment": 9,
      "layer": "bottom",
      "actual_mm": 0.1150106278834729,
      "required_mm": 0.15
    },
    {
      "check": "track_to_track_mm",
      "first": "saved_phase_null_0_65",
      "first_segment": 8,
      "second": "saved_phase_null_0_73",
      "second_segment": 10,
      "layer": "inner1",
      "actual_mm": 0.11500207079644348,
      "required_mm": 0.15
    },
    {
      "check": "track_to_track_mm",
      "first": "saved_phase_null_0_65",
      "first_segment": 9,
      "second": "saved_phase_null_0_73",
      "second_segment": 10,
      "layer": "inner1",
      "actual_mm": 0.1150011784944367,
      "required_mm": 0.15
    },
    {
      "check": "track_to_track_mm",
      "first": "saved_phase_null_0_66",
      "first_segment": 24,
      "second": "saved_phase_null_0_73",
      "second_segment": 10,
      "layer": "inner1",
      "actual_mm": 0.11500758361340369,
      "required_mm": 0.15
    },
    {
      "check": "track_to_track_mm",
      "first": "saved_phase_null_0_66",
      "first_segment": 24,
      "second": "saved_phase_null_0_73",
      "second_segment": 11,
      "layer": "inner1",
      "actual_mm": 0.11501492524762517,
      "required_mm": 0.15
    },
    {
      "check": "track_to_track_mm",
      "first": "saved_phase_null_0_79",
      "first_segment": 1,
      "second": "saved_phase_null_0_82",
      "second_segment": 14,
      "layer": "bottom",
      "actual_mm": 0.14704544033378714,
      "required_mm": 0.15
    },
    {
      "check": "track_to_track_mm",
      "first": "saved_phase_null_0_79",
      "first_segment": 1,
      "second": "saved_phase_null_0_82",
      "second_segment": 15,
      "layer": "bottom",
      "actual_mm": 0.1470610316201145,
      "required_mm": 0.15
    },
    {
      "check": "track_to_track_mm",
      "first": "saved_phase_null_0_79",
      "first_segment": 2,
      "second": "saved_phase_null_0_82",
      "second_segment": 12,
      "layer": "bottom",
      "actual_mm": 0.11501512403093424,
      "required_mm": 0.15
    },
    {
      "check": "track_to_track_mm",
      "first": "saved_phase_null_0_79",
      "first_segment": 2,
      "second": "saved_phase_null_0_82",
      "second_segment": 13,
      "layer": "bottom",
      "actual_mm": 0.11499806289391067,
      "required_mm": 0.15
    },
    {
      "check": "track_to_track_mm",
      "first": "saved_phase_null_0_79",
      "first_segment": 2,
      "second": "saved_phase_null_0_82",
      "second_segment": 14,
      "layer": "bottom",
      "actual_mm": 0.12670350019197768,
      "required_mm": 0.15
    },
    {
      "check": "track_to_track_mm",
      "first": "saved_phase_null_0_79",
      "first_segment": 2,
      "second": "saved_phase_null_0_82",
      "second_segment": 15,
      "layer": "bottom",
      "actual_mm": 0.12669282279806418,
      "required_mm": 0.15
    },
    {
      "check": "track_to_track_mm",
      "first": "saved_phase_null_0_83",
      "first_segment": 20,
      "second": "saved_phase_null_0_84",
      "second_segment": 8,
      "layer": "inner2",
      "actual_mm": 0.11000035565111276,
      "required_mm": 0.15
    },
    {
      "check": "track_to_track_mm",
      "first": "saved_phase_null_0_83",
      "first_segment": 20,
      "second": "saved_phase_null_0_84",
      "second_segment": 9,
      "layer": "inner2",
      "actual_mm": 0.11000062351291114,
      "required_mm": 0.15
    },
    {
      "check": "via_to_track_mm",
      "via": "pcb_via_2",
      "track": "saved_phase_null_0_75",
      "segment": 11,
      "layer": "inner1",
      "actual_mm": 0.12723685334454674,
      "required_mm": 0.15
    },
    {
      "check": "via_to_track_mm",
      "via": "pcb_via_16",
      "track": "saved_phase_null_0_62",
      "segment": 9,
      "layer": "inner1",
      "actual_mm": 0.13251102854413918,
      "required_mm": 0.15
    },
    {
      "check": "via_to_track_mm",
      "via": "pcb_via_19",
      "track": "saved_phase_null_0_63",
      "segment": 16,
      "layer": "inner1",
      "actual_mm": 0.144916586286538,
      "required_mm": 0.15
    },
    {
      "check": "via_to_track_mm",
      "via": "pcb_via_19",
      "track": "saved_phase_null_0_63",
      "segment": 17,
      "layer": "inner1",
      "actual_mm": 0.11568928238520418,
      "required_mm": 0.15
    },
    {
      "check": "via_to_track_mm",
      "via": "pcb_via_19",
      "track": "saved_phase_null_0_63",
      "segment": 18,
      "layer": "inner1",
      "actual_mm": 0.11818347901868839,
      "required_mm": 0.15
    },
    {
      "check": "via_drill_to_pad_mm",
      "via": "pcb_via_30",
      "reference": "U1",
      "pad": "pcb_smtpad_51",
      "same_net": true,
      "actual_mm": 0.2871956668381762,
      "required_mm": 0.35
    },
    {
      "check": "via_drill_to_pad_mm",
      "via": "pcb_via_30",
      "reference": "U1",
      "pad": "pcb_smtpad_52",
      "same_net": false,
      "actual_mm": 0.2760734372775985,
      "required_mm": 0.35
    },
    {
      "check": "via_drill_to_pad_mm",
      "via": "pcb_via_30",
      "reference": "R29",
      "pad": "pcb_smtpad_481",
      "same_net": false,
      "actual_mm": 0.20590035453533231,
      "required_mm": 0.35
    },
    {
      "check": "via_annulus_to_other_net_pad",
      "via": "pcb_via_30",
      "pad": "pcb_smtpad_481",
      "reference": "R29"
    },
    {
      "check": "via_drill_to_pad_mm",
      "via": "pcb_via_30",
      "reference": "R30",
      "pad": "pcb_smtpad_482",
      "same_net": false,
      "actual_mm": 0.20409564546466777,
      "required_mm": 0.35
    },
    {
      "check": "via_annulus_to_other_net_pad",
      "via": "pcb_via_30",
      "pad": "pcb_smtpad_482",
      "reference": "R30"
    },
    {
      "check": "via_to_track_mm",
      "via": "pcb_via_30",
      "track": "saved_phase_null_0_73",
      "segment": 10,
      "layer": "inner1",
      "actual_mm": 0.11491873118352694,
      "required_mm": 0.15
    },
    {
      "check": "via_to_track_mm",
      "via": "pcb_via_30",
      "track": "saved_phase_null_0_73",
      "segment": 11,
      "layer": "inner1",
      "actual_mm": 0.11495857061021167,
      "required_mm": 0.15
    },
    {
      "check": "via_to_track_mm",
      "via": "pcb_via_31",
      "track": "saved_phase_null_0_69",
      "segment": 7,
      "layer": "inner2",
      "actual_mm": 0.13512165234289972,
      "required_mm": 0.15
    },
    {
      "check": "via_to_track_mm",
      "via": "pcb_via_31",
      "track": "saved_phase_null_0_69",
      "segment": 8,
      "layer": "inner2",
      "actual_mm": 0.1351285820431736,
      "required_mm": 0.15
    },
    {
      "check": "via_drill_to_pad_mm",
      "via": "pcb_via_32",
      "reference": "R8",
      "pad": "pcb_smtpad_270",
      "same_net": true,
      "actual_mm": 0.21818983376375475,
      "required_mm": 0.35
    },
    {
      "check": "via_drill_to_pad_mm",
      "via": "pcb_via_33",
      "reference": "R29",
      "pad": "pcb_smtpad_480",
      "same_net": false,
      "actual_mm": 0.24055432116370704,
      "required_mm": 0.35
    },
    {
      "check": "via_to_track_mm",
      "via": "pcb_via_33",
      "track": "saved_phase_null_0_73",
      "segment": 8,
      "layer": "inner1",
      "actual_mm": 0.11611641458799357,
      "required_mm": 0.15
    },
    {
      "check": "via_drill_to_pad_mm",
      "via": "pcb_via_34",
      "reference": "R35",
      "pad": "pcb_smtpad_495",
      "same_net": false,
      "actual_mm": 0.143596361927003,
      "required_mm": 0.35
    },
    {
      "check": "via_annulus_to_other_net_pad",
      "via": "pcb_via_34",
      "pad": "pcb_smtpad_495",
      "reference": "R35"
    },
    {
      "check": "via_drill_to_pad_mm",
      "via": "pcb_via_34",
      "reference": "LED_STATUS",
      "pad": "pcb_smtpad_500",
      "same_net": false,
      "actual_mm": 0.3165971078312617,
      "required_mm": 0.35
    },
    {
      "check": "via_drill_to_pad_mm",
      "via": "pcb_via_35",
      "reference": "R25",
      "pad": "pcb_smtpad_472",
      "same_net": false,
      "actual_mm": 0.3067692306285499,
      "required_mm": 0.35
    },
    {
      "check": "via_drill_to_pad_mm",
      "via": "pcb_via_35",
      "reference": "R25",
      "pad": "pcb_smtpad_473",
      "same_net": false,
      "actual_mm": 0.2873531308321302,
      "required_mm": 0.35
    },
    {
      "check": "via_to_track_mm",
      "via": "pcb_via_35",
      "track": "saved_phase_null_0_67",
      "segment": 3,
      "layer": "top",
      "actual_mm": 0.10999999999999979,
      "required_mm": 0.15
    },
    {
      "check": "via_to_track_mm",
      "via": "pcb_via_36",
      "track": "saved_phase_null_0_73",
      "segment": 8,
      "layer": "inner1",
      "actual_mm": 0.10999999999999985,
      "required_mm": 0.15
    },
    {
      "check": "via_drill_to_pad_mm",
      "via": "pcb_via_37",
      "reference": "U2",
      "pad": "pcb_smtpad_225",
      "same_net": false,
      "actual_mm": 0.21145684739733758,
      "required_mm": 0.35
    },
    {
      "check": "via_annulus_to_other_net_pad",
      "via": "pcb_via_37",
      "pad": "pcb_smtpad_225",
      "reference": "U2"
    },
    {
      "check": "via_drill_to_pad_mm",
      "via": "pcb_via_37",
      "reference": "U2",
      "pad": "pcb_smtpad_226",
      "same_net": true,
      "actual_mm": 0.10640529601700663,
      "required_mm": 0.35
    },
    {
      "check": "via_drill_to_pad_mm",
      "via": "pcb_via_37",
      "reference": "Q_PD_OUT",
      "pad": "pcb_smtpad_339",
      "same_net": false,
      "actual_mm": -0.15,
      "required_mm": 0.35
    },
    {
      "check": "via_annulus_to_other_net_pad",
      "via": "pcb_via_37",
      "pad": "pcb_smtpad_339",
      "reference": "Q_PD_OUT"
    },
    {
      "check": "via_drill_to_pad_mm",
      "via": "pcb_via_37",
      "reference": "Q_PD_OUT",
      "pad": "pcb_smtpad_341",
      "same_net": false,
      "actual_mm": 0.11505057563108714,
      "required_mm": 0.35
    },
    {
      "check": "via_annulus_to_other_net_pad",
      "via": "pcb_via_37",
      "pad": "pcb_smtpad_341",
      "reference": "Q_PD_OUT"
    },
    {
      "check": "via_to_track_mm",
      "via": "pcb_via_38",
      "track": "saved_phase_null_0_75",
      "segment": 19,
      "layer": "bottom",
      "actual_mm": 0.11175296688496625,
      "required_mm": 0.15
    },
    {
      "check": "via_drill_to_pad_mm",
      "via": "pcb_via_39",
      "reference": "U1",
      "pad": "pcb_smtpad_0",
      "same_net": false,
      "actual_mm": 0.28657123720690947,
      "required_mm": 0.35
    },
    {
      "check": "via_to_track_mm",
      "via": "pcb_via_39",
      "track": "saved_phase_null_0_75",
      "segment": 10,
      "layer": "inner1",
      "actual_mm": 0.12300046649286553,
      "required_mm": 0.15
    },
    {
      "check": "via_to_track_mm",
      "via": "pcb_via_40",
      "track": "saved_phase_null_0_59",
      "segment": 11,
      "layer": "inner2",
      "actual_mm": -0.003497179525154076,
      "required_mm": 0.15
    },
    {
      "check": "via_drill_to_pad_mm",
      "via": "pcb_via_41",
      "reference": "U2",
      "pad": "pcb_smtpad_231",
      "same_net": false,
      "actual_mm": 0.23740176808884103,
      "required_mm": 0.35
    },
    {
      "check": "via_drill_to_pad_mm",
      "via": "pcb_via_41",
      "reference": "Q_PD_OUT",
      "pad": "pcb_smtpad_336",
      "same_net": false,
      "actual_mm": 0.28068542489598647,
      "required_mm": 0.35
    },
    {
      "check": "via_drill_to_pad_mm",
      "via": "pcb_via_41",
      "reference": "Q_PD_OUT",
      "pad": "pcb_smtpad_337",
      "same_net": false,
      "actual_mm": 0.2690024654119527,
      "required_mm": 0.35
    },
    {
      "check": "via_to_track_mm",
      "via": "pcb_via_42",
      "track": "saved_phase_null_0_35",
      "segment": 2,
      "layer": "top",
      "actual_mm": 0.0853071604716403,
      "required_mm": 0.15
    },
    {
      "check": "via_to_track_mm",
      "via": "pcb_via_42",
      "track": "saved_phase_null_0_67",
      "segment": 26,
      "layer": "bottom",
      "actual_mm": 0.14678172383147728,
      "required_mm": 0.15
    },
    {
      "check": "via_to_track_mm",
      "via": "pcb_via_42",
      "track": "saved_phase_null_0_67",
      "segment": 27,
      "layer": "bottom",
      "actual_mm": 0.1296541442533469,
      "required_mm": 0.15
    },
    {
      "check": "via_to_track_mm",
      "via": "pcb_via_42",
      "track": "saved_phase_null_0_67",
      "segment": 28,
      "layer": "bottom",
      "actual_mm": 0.10999999999999979,
      "required_mm": 0.15
    },
    {
      "check": "via_to_track_mm",
      "via": "pcb_via_42",
      "track": "saved_phase_null_0_67",
      "segment": 29,
      "layer": "bottom",
      "actual_mm": 0.13557115012298845,
      "required_mm": 0.15
    },
    {
      "check": "via_to_track_mm",
      "via": "pcb_via_43",
      "track": "saved_phase_null_0_72",
      "segment": 11,
      "layer": "inner2",
      "actual_mm": 0.1149982006567439,
      "required_mm": 0.15
    },
    {
      "check": "via_drill_to_pad_mm",
      "via": "pcb_via_44",
      "reference": "R24",
      "pad": "pcb_smtpad_471",
      "same_net": false,
      "actual_mm": 0.22508298333417623,
      "required_mm": 0.35
    },
    {
      "check": "via_to_track_mm",
      "via": "pcb_via_44",
      "track": "saved_phase_null_0_67",
      "segment": 9,
      "layer": "inner2",
      "actual_mm": 0.12719984158001071,
      "required_mm": 0.15
    },
    {
      "check": "via_to_track_mm",
      "via": "pcb_via_44",
      "track": "saved_phase_null_0_67",
      "segment": 10,
      "layer": "inner2",
      "actual_mm": 0.1099999999999994,
      "required_mm": 0.15
    },
    {
      "check": "via_to_track_mm",
      "via": "pcb_via_44",
      "track": "saved_phase_null_0_67",
      "segment": 11,
      "layer": "inner2",
      "actual_mm": 0.11000075956695712,
      "required_mm": 0.15
    },
    {
      "check": "via_to_track_mm",
      "via": "pcb_via_44",
      "track": "saved_phase_null_0_67",
      "segment": 12,
      "layer": "inner2",
      "actual_mm": 0.1100054739413123,
      "required_mm": 0.15
    },
    {
      "check": "via_to_track_mm",
      "via": "pcb_via_45",
      "track": "saved_phase_null_0_64",
      "segment": 10,
      "layer": "bottom",
      "actual_mm": 0.11499535517297274,
      "required_mm": 0.15
    },
    {
      "check": "via_drill_to_pad_mm",
      "via": "pcb_via_49",
      "reference": "U_CAN",
      "pad": "pcb_smtpad_177",
      "same_net": true,
      "actual_mm": 0.2978660935168894,
      "required_mm": 0.35
    },
    {
      "check": "via_drill_to_pad_mm",
      "via": "pcb_via_49",
      "reference": "U_CAN",
      "pad": "pcb_smtpad_178",
      "same_net": false,
      "actual_mm": 0.166231402527763,
      "required_mm": 0.35
    },
    {
      "check": "via_annulus_to_other_net_pad",
      "via": "pcb_via_49",
      "pad": "pcb_smtpad_178",
      "reference": "U_CAN"
    },
    {
      "check": "via_drill_to_pad_mm",
      "via": "pcb_via_49",
      "reference": "C_CAN_CORE",
      "pad": "pcb_smtpad_188",
      "same_net": false,
      "actual_mm": 0.25526067662364116,
      "required_mm": 0.35
    },
    {
      "check": "via_to_track_mm",
      "via": "pcb_via_50",
      "track": "saved_phase_null_0_74",
      "segment": 11,
      "layer": "inner1",
      "actual_mm": 0.1149983179650971,
      "required_mm": 0.15
    },
    {
      "check": "via_to_track_mm",
      "via": "pcb_via_51",
      "track": "saved_phase_null_0_71",
      "segment": 23,
      "layer": "bottom",
      "actual_mm": 0.11499882744177206,
      "required_mm": 0.15
    },
    {
      "check": "via_drill_to_pad_mm",
      "via": "pcb_via_52",
      "reference": "R37",
      "pad": "pcb_smtpad_502",
      "same_net": true,
      "actual_mm": 0.11918769611898253,
      "required_mm": 0.35
    },
    {
      "check": "via_drill_to_pad_mm",
      "via": "pcb_via_52",
      "reference": "R37",
      "pad": "pcb_smtpad_503",
      "same_net": false,
      "actual_mm": 0.2670637551400211,
      "required_mm": 0.35
    },
    {
      "check": "via_to_track_mm",
      "via": "pcb_via_52",
      "track": "saved_phase_null_0_65",
      "segment": 16,
      "layer": "top",
      "actual_mm": 0.12865281982471208,
      "required_mm": 0.15
    },
    {
      "check": "via_to_track_mm",
      "via": "pcb_via_52",
      "track": "saved_phase_null_0_66",
      "segment": 32,
      "layer": "top",
      "actual_mm": 0.13357556289662978,
      "required_mm": 0.15
    },
    {
      "check": "via_to_track_mm",
      "via": "pcb_via_52",
      "track": "saved_phase_null_0_71",
      "segment": 9,
      "layer": "inner1",
      "actual_mm": 0.11499639816130744,
      "required_mm": 0.15
    },
    {
      "check": "via_to_track_mm",
      "via": "pcb_via_56",
      "track": "saved_phase_null_0_83",
      "segment": 17,
      "layer": "inner2",
      "actual_mm": 0.11499108701086672,
      "required_mm": 0.15
    },
    {
      "check": "via_drill_to_pad_mm",
      "via": "pcb_via_59",
      "reference": "U7",
      "pad": "pcb_smtpad_391",
      "same_net": true,
      "actual_mm": 0.3323894617040398,
      "required_mm": 0.35
    },
    {
      "check": "via_to_track_mm",
      "via": "pcb_via_59",
      "track": "saved_phase_null_0_77",
      "segment": 1,
      "layer": "bottom",
      "actual_mm": 0.11496713010855822,
      "required_mm": 0.15
    },
    {
      "check": "via_to_track_mm",
      "via": "pcb_via_59",
      "track": "saved_phase_null_0_81",
      "segment": 9,
      "layer": "inner1",
      "actual_mm": 0.11498405530277936,
      "required_mm": 0.15
    },
    {
      "check": "via_drill_to_pad_mm",
      "via": "pcb_via_60",
      "reference": "J_SWD",
      "pad": "pcb_smtpad_386",
      "same_net": true,
      "actual_mm": 0.17487689999999964,
      "required_mm": 0.35
    },
    {
      "check": "via_to_track_mm",
      "via": "pcb_via_61",
      "track": "saved_phase_null_0_77",
      "segment": 1,
      "layer": "bottom",
      "actual_mm": 0.11497872078193419,
      "required_mm": 0.15
    },
    {
      "check": "via_to_track_mm",
      "via": "pcb_via_61",
      "track": "saved_phase_null_0_78",
      "segment": 6,
      "layer": "bottom",
      "actual_mm": 0.1149820686803443,
      "required_mm": 0.15
    },
    {
      "check": "via_drill_to_pad_mm",
      "via": "pcb_via_64",
      "reference": "R6",
      "pad": "pcb_smtpad_264",
      "same_net": false,
      "actual_mm": 0.18049370000000017,
      "required_mm": 0.35
    },
    {
      "check": "via_annulus_to_other_net_pad",
      "via": "pcb_via_64",
      "pad": "pcb_smtpad_264",
      "reference": "R6"
    },
    {
      "check": "via_drill_to_pad_mm",
      "via": "pcb_via_65",
      "reference": "R41",
      "pad": "pcb_smtpad_540",
      "same_net": true,
      "actual_mm": 0.21469259366055307,
      "required_mm": 0.35
    },
    {
      "check": "via_to_track_mm",
      "via": "pcb_via_66",
      "track": "saved_phase_null_0_66",
      "segment": 20,
      "layer": "inner1",
      "actual_mm": 0.1099999999999999,
      "required_mm": 0.15
    },
    {
      "check": "via_to_track_mm",
      "via": "pcb_via_66",
      "track": "saved_phase_null_0_83",
      "segment": 19,
      "layer": "inner2",
      "actual_mm": 0.12707359022083545,
      "required_mm": 0.15
    },
    {
      "check": "via_hole_to_via_hole_mm",
      "first": "pcb_via_31",
      "second": "pcb_via_42",
      "actual_mm": 0.32765133692727694,
      "required_mm": 0.35
    },
    {
      "check": "via_hole_to_via_hole_mm",
      "first": "pcb_via_33",
      "second": "pcb_via_40",
      "actual_mm": 0.32315160484186506,
      "required_mm": 0.35
    },
    {
      "check": "via_hole_to_via_hole_mm",
      "first": "pcb_via_39",
      "second": "pcb_via_44",
      "actual_mm": 0.3334785127795545,
      "required_mm": 0.35
    }
  ],
  "passed": false
}
