Importing and validating references/mechanical-supplier-models/C136657.step
Importing and validating references/mechanical-supplier-models/C2847904.step
Importing and validating references/mechanical-supplier-models/C1525.step
Importing and validating references/mechanical-supplier-models/C23733.step
Importing and validating references/mechanical-supplier-models/C25744.step
Importing and validating references/mechanical-supplier-models/C79815.step
Importing and validating references/mechanical-supplier-models/C25900.step
Importing and validating references/mechanical-supplier-models/C12084.step
Importing and validating references/mechanical-supplier-models/C780769.step
Importing and validating references/mechanical-supplier-models/C13585.step
Importing and validating references/mechanical-supplier-models/C14663.step
Importing and validating references/mechanical-supplier-models/C19947652.step
Importing and validating references/mechanical-supplier-models/C45783.step
Importing and validating references/mechanical-supplier-models/C465949.step
Importing and validating references/mechanical-supplier-models/C307335.step
Importing and validating references/mechanical-supplier-models/C98192.step
Importing and validating references/mechanical-supplier-models/C178585.step
Importing and validating references/mechanical-supplier-models/C5127775.step
Importing and validating references/mechanical-supplier-models/C11702.step
Importing and validating references/mechanical-supplier-models/C165948.step
Importing and validating references/mechanical-supplier-models/C1121848.step
Importing and validating references/mechanical-supplier-models/C2965326.step
Importing and validating references/mechanical-supplier-models/C94934.step
Importing and validating references/mechanical-supplier-models/C1974707.step
Importing and validating references/mechanical-supplier-models/C268016.step
Importing and validating references/mechanical-supplier-models/C5448795.step
Importing and validating references/mechanical-supplier-models/C852472.step
Importing and validating references/mechanical-supplier-models/C852895.step
Importing and validating references/mechanical-supplier-models/C25767.step
Importing and validating references/motor/3323_0.stp
Importing and validating mechanical/assets/standoffs.step
Importing and validating mechanical/assets/retaining-cup.step
Importing and validating mechanical/assets/diametric-magnet.step
Checking intersection U1 / standoffs
Checking intersection C1 / PCB
Checking intersection C2 / PCB
Checking intersection C3 / PCB
Checking intersection C4 / PCB
Checking intersection R1 / PCB
Checking intersection C5 / PCB
Checking intersection U4 / standoffs
Checking intersection U4 / PCB
Checking intersection C6 / standoffs
Checking intersection C6 / PCB
Checking intersection R2 / PCB
Checking intersection R3 / PCB
Checking intersection U6 / PCB
Checking intersection C7 / PCB
Checking intersection C8 / PCB
Checking intersection C9 / PCB
Checking intersection C10 / PCB
Checking intersection C11 / PCB
Checking intersection C12 / PCB
Checking intersection U2 / standoffs
Checking intersection C13 / standoffs
Checking intersection C13 / PCB
Checking intersection C14 / standoffs
Checking intersection C14 / PCB
Checking intersection C15 / standoffs
Checking intersection C15 / PCB
Checking intersection C16 / PCB
Checking intersection C17 / PCB
Checking intersection C18 / PCB
Checking intersection C19 / PCB
Checking intersection C20 / PCB
Checking intersection R5 / PCB
Checking intersection R6 / PCB
Checking intersection R4 / standoffs
Checking intersection R4 / PCB
Checking intersection R7 / PCB
Checking intersection R8 / PCB
Checking intersection R9 / standoffs
Checking intersection R9 / PCB
Checking intersection R10 / PCB
Checking intersection R11 / PCB
Checking intersection C21 / standoffs
Checking intersection C21 / PCB
Checking intersection J_USB / PCB
Checking intersection U3 / PCB
Checking intersection Q_PD / PCB
Checking intersection D_VBUS / PCB
Checking intersection C25 / PCB
Checking intersection C26 / PCB
Checking intersection C22 / PCB
Checking intersection C23 / PCB
Checking intersection C24 / PCB
Checking intersection R12 / PCB
Checking intersection R13 / PCB
Checking intersection R14 / PCB
Checking intersection R15 / PCB
Checking intersection R16 / standoffs
Checking intersection R16 / PCB
Checking intersection R17 / standoffs
Checking intersection R17 / PCB
Checking intersection R18 / PCB
Checking intersection C27 / PCB
Checking intersection OfficialPhidgets3323Motor / standoffs
Checking intersection OfficialPhidgets3323Motor / retaining-cup
Checking intersection standoffs / retaining-cup
Checking intersection standoffs / diametric-magnet
Checking intersection standoffs / PCB
Checking intersection retaining-cup / diametric-magnet
/Users/anassarkiz/tsci/tscircuit-store/boards/smart-nema14-motor-controller--01a0fd9b/.mechanical-venv/lib/python3.12/site-packages/cadquery/utils.py:82: FutureWarning: save will be removed in the next release.
  warn(f"{f.__name__} will be removed in the next release.", FutureWarning)
Measured 62 STEP solids/assemblies; 2 intersections recorded. Mechanical status remains blocked.
