$ tsci build assembly.circuit.tsx --pcb-png --pcb-svgs --3d-png --glbs
Building 1 file(s)...
Building assembly.circuit.tsx...
Generating circuit JSON...
Circuit JSON written to dist/assembly/circuit.json
The "J" prefix is being used with a <chip />, try using it with a <connector /> or <jumper />
The "Q" prefix is being used with a <chip />, try using it with a <transistor />
component is inferred to face y- from its cable insertion center because no explicit footprint insertionDirection is defined, but should face x+ so the connector is accessible from the board edge. Set insertionDirection on the <footprint> to specify the actual direction in the footprint's unrotated orientation; for example, <footprint insertionDirection="from_above"> for a connector accessed from above the PCB (+Z).
All pins on Q_PD are underspecified (no pinAttributes set)
All pins on D_VBUS are underspecified (no pinAttributes set)
U4 has no pin with requires_power=true
U2 has no pin with requires_power=true
J_USB has no pin with requires_power=true
Q_PD has no pin with requires_power=true
D_USB has no pin with requires_power=true
D_VBUS has no pin with requires_power=true
J_USB has no pin with requires_ground=true
Q_PD has no pin with requires_ground=true
D_VBUS has no pin with requires_ground=true
Q_PD is missing schematic reference designator text. For a custom symbol, add name="{REFDES}" inside the symbol.
D_USB is missing schematic reference designator text. For a custom symbol, add name="{REFDES}" inside the symbol.
D_VBUS is missing schematic reference designator text. For a custom symbol, add name="{REFDES}" inside the symbol.
J_SWD_ENVELOPE overlaps U6: 3 footprint overlaps, 5 pad clearance violations, 1 courtyard conflict. Move the components apart.
U1 overlaps C2: 4 footprint overlaps, 4 pad clearance violations, 1 courtyard conflict. Move the components apart.
U1 overlaps C3: 4 footprint overlaps, 4 pad clearance violations, 1 courtyard conflict. Move the components apart.
U1 overlaps C4: 4 footprint overlaps, 4 pad clearance violations, 1 courtyard conflict. Move the components apart.
U1 overlaps R1: 4 footprint overlaps, 4 pad clearance violations, 1 courtyard conflict. Move the components apart.
pcb_smtpad U1.PA11_PA9_ overlaps with pcb_hole [pcb_hole_0]
pcb_smtpad U1.PA12_PA10_ overlaps with pcb_hole [pcb_hole_0]
pcb_smtpad U1.PA13 overlaps with pcb_hole [pcb_hole_0]
pcb_smtpad U1.PA14_BOOT0 overlaps with pcb_hole [pcb_hole_0]
pcb_smtpad U1.PA15 overlaps with pcb_hole [pcb_hole_0]
pcb_smtpad U1.PD0 overlaps with pcb_hole [pcb_hole_0]
pcb_smtpad U1.PD1 overlaps with pcb_hole [pcb_hole_0]
pcb_courtyard_outline [pcb_courtyard_outline_1] overlaps with pcb_hole [pcb_hole_0]
U5 overlaps J_USB: 2 footprint overlaps, 1 pad clearance violation, 1 courtyard conflict. Move the components apart.
C8 overlaps C9: 1 footprint overlap, 1 pad clearance violation, 1 courtyard conflict. Move the components apart.
C8 overlaps J_USB: 2 footprint overlaps, 1 pad clearance violation. Move the components apart.
C8 overlaps D_VBUS: 1 footprint overlap, 1 pad clearance violation, 1 courtyard conflict. Move the components apart.
C9 overlaps J_USB: 2 footprint overlaps. Move the components apart.
C10 overlaps J_USB: 2 footprint overlaps, 1 pad clearance violation. Move the components apart.
C11 overlaps C12: 1 footprint overlap, 1 pad clearance violation, 1 courtyard conflict. Move the components apart.
C11 overlaps U3: 3 footprint overlaps, 3 pad clearance violations, 1 courtyard conflict. Move the components apart.
C11 overlaps Q_PD: 4 footprint overlaps, 4 pad clearance violations, 1 courtyard conflict. Move the components apart.
R5 overlaps R6: 1 footprint overlap, 1 pad clearance violation, 1 courtyard conflict. Move the components apart.
pcb_smtpad R9.pin1 overlaps with pcb_hole [pcb_hole_1]
pcb_courtyard_outline [pcb_courtyard_outline_35] overlaps with pcb_hole [pcb_hole_1]
pcb_smtpad C21.pin1 overlaps with pcb_hole [pcb_hole_1]
pcb_courtyard_outline [pcb_courtyard_outline_38] overlaps with pcb_hole [pcb_hole_1]
J_USB overlaps D_USB: 2 footprint overlaps, 1 courtyard conflict. Move the components apart.
pcb_plated_hole J_USB.EH3 overlaps with pcb_courtyard_outline [pcb_courtyard_outline_47]
U3 overlaps C26: 1 footprint overlap, 1 pad clearance violation, 1 courtyard conflict. Move the components apart.
Pads pcb_port[.U2 > .OB2] and pcb_port[.C18 > .pin2] are too close (clearance: 0.024mm, minimum: 0.1mm)
Courtyard of U1 overlaps with courtyard of C1
Courtyard of U1 overlaps with courtyard of C5
Courtyard of U1 overlaps with courtyard of C7
Courtyard of U6 overlaps with courtyard of C7
Courtyard of U6 overlaps with courtyard of C27
Courtyard of C10 overlaps with courtyard of R16
Courtyard of C10 overlaps with courtyard of R17
Courtyard of C12 overlaps with courtyard of Q_PD
Courtyard of U2 overlaps with courtyard of C15
Courtyard of U2 overlaps with courtyard of C18
Courtyard of U2 overlaps with courtyard of R5
Courtyard of U2 overlaps with courtyard of R6
Courtyard of U3 overlaps with courtyard of Q_PD
Generating preview images...
[assembly] Generating PCB SVG...
[assembly] Written pcb.svg
[assembly] Generating PCB PNG...
[assembly] Written pcb.png
[assembly] Generating 3D PNG...
[assembly] Written 3d.png
Generating GLB models for all builds...
[assembly] Converting circuit to GLB...
[assembly] Written 3d.glb

Build complete
  Circuits  0 passed 1 failed
  Options   pcb-png, pcb-svgs, 3d-png, glbs
  Output    dist

⚠ Build completed with errors
Build exiting with code 1: circuit build errors occurred
error: script "preview:assembly" exited with code 1
