Collecting cadquery
  Downloading cadquery-2.8.0-py3-none-any.whl.metadata (14 kB)
Collecting matplotlib
  Downloading matplotlib-3.11.2-cp312-cp312-macosx_11_0_arm64.whl.metadata (80 kB)
Collecting cadquery-ocp<8.0,>=7.9.3.1 (from cadquery)
  Downloading cadquery_ocp-7.9.3.1.1-cp312-cp312-macosx_11_0_arm64.whl.metadata (831 bytes)
Collecting ezdxf>=1.3.0 (from cadquery)
  Downloading ezdxf-1.4.4-cp312-cp312-macosx_11_0_arm64.whl.metadata (9.9 kB)
Collecting multimethod<2.0,>=1.11 (from cadquery)
  Downloading multimethod-1.12-py3-none-any.whl.metadata (9.6 kB)
Collecting nlopt<3.0,>=2.9.0 (from cadquery)
  Downloading nlopt-2.11.0-cp312-cp312-macosx_11_0_arm64.whl.metadata (2.1 kB)
Collecting runtype (from cadquery)
  Downloading runtype-0.5.3-py3-none-any.whl.metadata (6.4 kB)
Collecting casadi (from cadquery)
  Downloading casadi-3.8.1-cp311-abi3-macosx_11_0_arm64.whl.metadata (2.2 kB)
Collecting trame (from cadquery)
  Downloading trame-4.0.0-py3-none-any.whl.metadata (8.7 kB)
Collecting trame-vtk (from cadquery)
  Downloading trame_vtk-2.11.17-py3-none-any.whl.metadata (14 kB)
Collecting trame-components (from cadquery)
  Downloading trame_components-2.5.0-py3-none-any.whl.metadata (3.7 kB)
Collecting trame-vuetify (from cadquery)
  Downloading trame_vuetify-3.3.0-py3-none-any.whl.metadata (5.5 kB)
Collecting pyparsing>=3.0.0 (from cadquery)
  Downloading pyparsing-3.3.3-py3-none-any.whl.metadata (5.9 kB)
Collecting scipy (from cadquery)
  Downloading scipy-1.18.1-cp312-cp312-macosx_14_0_arm64.whl.metadata (62 kB)
Collecting numba (from cadquery)
  Downloading numba-0.68.0-cp312-cp312-macosx_12_0_arm64.whl.metadata (2.8 kB)
Collecting contourpy>=1.0.1 (from matplotlib)
  Downloading contourpy-1.4.0-cp312-cp312-macosx_11_0_arm64.whl.metadata (3.8 kB)
Collecting cycler>=0.10 (from matplotlib)
  Downloading cycler-0.12.1-py3-none-any.whl.metadata (3.8 kB)
Collecting fonttools>=4.28.2 (from matplotlib)
  Downloading fonttools-4.66.1-cp312-cp312-macosx_10_13_universal2.whl.metadata (130 kB)
Collecting kiwisolver>=1.3.1 (from matplotlib)
  Downloading kiwisolver-1.5.1-cp312-cp312-macosx_11_0_arm64.whl.metadata (5.2 kB)
Collecting numpy>=1.25 (from matplotlib)
  Downloading numpy-2.5.3-cp312-cp312-macosx_14_0_arm64.whl.metadata (6.6 kB)
Collecting packaging>=20.0 (from matplotlib)
  Downloading packaging-26.3-py3-none-any.whl.metadata (3.5 kB)
Collecting pillow>=9 (from matplotlib)
  Downloading pillow-12.3.0-cp312-cp312-macosx_11_0_arm64.whl.metadata (9.1 kB)
Collecting python-dateutil>=2.7 (from matplotlib)
  Downloading python_dateutil-2.9.0.post0-py2.py3-none-any.whl.metadata (8.4 kB)
Collecting cadquery-ocp-proxy==7.9.3.1.1 (from cadquery-ocp<8.0,>=7.9.3.1->cadquery)
  Downloading cadquery_ocp_proxy-7.9.3.1.1-py3-none-any.whl.metadata (5.2 kB)
Collecting vtk==9.6.2 (from cadquery-ocp<8.0,>=7.9.3.1->cadquery)
  Downloading vtk-9.6.2-cp312-cp312-macosx_11_0_arm64.whl.metadata (5.5 kB)
Collecting typing_extensions>=4.6.0 (from ezdxf>=1.3.0->cadquery)
  Downloading typing_extensions-4.16.0-py3-none-any.whl.metadata (3.3 kB)
Collecting six>=1.5 (from python-dateutil>=2.7->matplotlib)
  Downloading six-1.17.0-py2.py3-none-any.whl.metadata (1.7 kB)
Collecting llvmlite<0.51,>=0.50.0dev0 (from numba->cadquery)
  Downloading llvmlite-0.50.0-cp312-cp312-macosx_12_0_arm64.whl.metadata (5.1 kB)
Collecting pyyaml (from trame->cadquery)
  Downloading pyyaml-6.0.3-cp312-cp312-macosx_11_0_arm64.whl.metadata (2.4 kB)
Collecting trame-client<5,>=4 (from trame->cadquery)
  Downloading trame_client-4.1.3-py3-none-any.whl.metadata (6.6 kB)
Collecting trame-common<2,>=1.2.7 (from trame->cadquery)
  Downloading trame_common-1.2.7-py3-none-any.whl.metadata (4.2 kB)
Collecting trame-server<5,>=4 (from trame->cadquery)
  Downloading trame_server-4.0.0-py3-none-any.whl.metadata (5.3 kB)
Collecting wslink>=2.5.7 (from trame->cadquery)
  Downloading wslink-2.5.7-py3-none-any.whl.metadata (3.3 kB)
Collecting more-itertools (from trame-server<5,>=4->trame->cadquery)
  Downloading more_itertools-11.1.0-py3-none-any.whl.metadata (41 kB)
Collecting aiohttp<4 (from wslink>=2.5.7->trame->cadquery)
  Downloading aiohttp-3.14.3-cp312-cp312-macosx_11_0_arm64.whl.metadata (8.3 kB)
Collecting msgpack<2,>=1 (from wslink>=2.5.7->trame->cadquery)
  Downloading msgpack-1.2.3-cp312-cp312-macosx_11_0_arm64.whl.metadata (8.3 kB)
Collecting aiohappyeyeballs>=2.5.0 (from aiohttp<4->wslink>=2.5.7->trame->cadquery)
  Downloading aiohappyeyeballs-2.7.1-py3-none-any.whl.metadata (5.9 kB)
Collecting aiosignal>=1.4.0 (from aiohttp<4->wslink>=2.5.7->trame->cadquery)
  Downloading aiosignal-1.4.0-py3-none-any.whl.metadata (3.7 kB)
Collecting attrs>=17.3.0 (from aiohttp<4->wslink>=2.5.7->trame->cadquery)
  Downloading attrs-26.1.0-py3-none-any.whl.metadata (8.8 kB)
Collecting frozenlist>=1.1.1 (from aiohttp<4->wslink>=2.5.7->trame->cadquery)
  Downloading frozenlist-1.8.0-cp312-cp312-macosx_11_0_arm64.whl.metadata (20 kB)
Collecting multidict<7.0,>=4.5 (from aiohttp<4->wslink>=2.5.7->trame->cadquery)
  Downloading multidict-6.9.1-cp312-cp312-macosx_11_0_arm64.whl.metadata (5.3 kB)
Collecting propcache>=0.2.0 (from aiohttp<4->wslink>=2.5.7->trame->cadquery)
  Downloading propcache-0.5.4-cp312-cp312-macosx_11_0_arm64.whl.metadata (25 kB)
Collecting yarl<2.0,>=1.17.0 (from aiohttp<4->wslink>=2.5.7->trame->cadquery)
  Downloading yarl-1.25.1-cp312-cp312-macosx_11_0_arm64.whl.metadata (111 kB)
Collecting idna>=2.0 (from yarl<2.0,>=1.17.0->aiohttp<4->wslink>=2.5.7->trame->cadquery)
  Downloading idna-3.20-py3-none-any.whl.metadata (7.2 kB)
Downloading cadquery-2.8.0-py3-none-any.whl (201 kB)
Downloading matplotlib-3.11.2-cp312-cp312-macosx_11_0_arm64.whl (9.3 MB)
   ━━━━━━━━━━━━━━━━━━━━━━━━━━━━━━━━━━━━━━━━ 9.3/9.3 MB 40.1 MB/s eta 0:00:00
Downloading cadquery_ocp-7.9.3.1.1-cp312-cp312-macosx_11_0_arm64.whl (62.6 MB)
   ━━━━━━━━━━━━━━━━━━━━━━━━━━━━━━━━━━━━━━━━ 62.6/62.6 MB 6.7 MB/s eta 0:00:00
Downloading cadquery_ocp_proxy-7.9.3.1.1-py3-none-any.whl (3.3 kB)
Downloading vtk-9.6.2-cp312-cp312-macosx_11_0_arm64.whl (107.0 MB)
   ━━━━━━━━━━━━━━━━━━━━━━━━━━━━━━━━━━━━━━━━ 107.0/107.0 MB 12.1 MB/s eta 0:00:00
Downloading contourpy-1.4.0-cp312-cp312-macosx_11_0_arm64.whl (284 kB)
Downloading cycler-0.12.1-py3-none-any.whl (8.3 kB)
Downloading ezdxf-1.4.4-cp312-cp312-macosx_11_0_arm64.whl (3.0 MB)
   ━━━━━━━━━━━━━━━━━━━━━━━━━━━━━━━━━━━━━━━━ 3.0/3.0 MB 63.1 MB/s eta 0:00:00
Downloading fonttools-4.66.1-cp312-cp312-macosx_10_13_universal2.whl (3.1 MB)
   ━━━━━━━━━━━━━━━━━━━━━━━━━━━━━━━━━━━━━━━━ 3.1/3.1 MB 54.7 MB/s eta 0:00:00
Downloading kiwisolver-1.5.1-cp312-cp312-macosx_11_0_arm64.whl (64 kB)
Downloading multimethod-1.12-py3-none-any.whl (10 kB)
Downloading nlopt-2.11.0-cp312-cp312-macosx_11_0_arm64.whl (615 kB)
   ━━━━━━━━━━━━━━━━━━━━━━━━━━━━━━━━━━━━━━━━ 615.2/615.2 kB 26.4 MB/s eta 0:00:00
Downloading numpy-2.5.3-cp312-cp312-macosx_14_0_arm64.whl (5.4 MB)
   ━━━━━━━━━━━━━━━━━━━━━━━━━━━━━━━━━━━━━━━━ 5.4/5.4 MB 51.9 MB/s eta 0:00:00
Downloading packaging-26.3-py3-none-any.whl (129 kB)
Downloading pillow-12.3.0-cp312-cp312-macosx_11_0_arm64.whl (4.8 MB)
   ━━━━━━━━━━━━━━━━━━━━━━━━━━━━━━━━━━━━━━━━ 4.8/4.8 MB 63.8 MB/s eta 0:00:00
Downloading pyparsing-3.3.3-py3-none-any.whl (126 kB)
Downloading python_dateutil-2.9.0.post0-py2.py3-none-any.whl (229 kB)
Downloading casadi-3.8.1-cp311-abi3-macosx_11_0_arm64.whl (52.0 MB)
   ━━━━━━━━━━━━━━━━━━━━━━━━━━━━━━━━━━━━━━━━ 52.0/52.0 MB 29.2 MB/s eta 0:00:00
Downloading numba-0.68.0-cp312-cp312-macosx_12_0_arm64.whl (2.8 MB)
   ━━━━━━━━━━━━━━━━━━━━━━━━━━━━━━━━━━━━━━━━ 2.8/2.8 MB 52.1 MB/s eta 0:00:00
Downloading runtype-0.5.3-py3-none-any.whl (31 kB)
Downloading scipy-1.18.1-cp312-cp312-macosx_14_0_arm64.whl (20.5 MB)
   ━━━━━━━━━━━━━━━━━━━━━━━━━━━━━━━━━━━━━━━━ 20.5/20.5 MB 52.8 MB/s eta 0:00:00
Downloading trame-4.0.0-py3-none-any.whl (27 kB)
Downloading trame_components-2.5.0-py3-none-any.whl (82 kB)
Downloading trame_vtk-2.11.17-py3-none-any.whl (851 kB)
   ━━━━━━━━━━━━━━━━━━━━━━━━━━━━━━━━━━━━━━━━ 852.0/852.0 kB 45.0 MB/s eta 0:00:00
Downloading trame_vuetify-3.3.0-py3-none-any.whl (6.8 MB)
   ━━━━━━━━━━━━━━━━━━━━━━━━━━━━━━━━━━━━━━━━ 6.8/6.8 MB 30.4 MB/s eta 0:00:00
Downloading llvmlite-0.50.0-cp312-cp312-macosx_12_0_arm64.whl (40.5 MB)
   ━━━━━━━━━━━━━━━━━━━━━━━━━━━━━━━━━━━━━━━━ 40.5/40.5 MB 55.2 MB/s eta 0:00:00
Downloading six-1.17.0-py2.py3-none-any.whl (11 kB)
Downloading trame_client-4.1.3-py3-none-any.whl (568 kB)
   ━━━━━━━━━━━━━━━━━━━━━━━━━━━━━━━━━━━━━━━━ 568.1/568.1 kB 14.8 MB/s eta 0:00:00
Downloading trame_common-1.2.7-py3-none-any.whl (23 kB)
Downloading trame_server-4.0.0-py3-none-any.whl (45 kB)
Downloading typing_extensions-4.16.0-py3-none-any.whl (45 kB)
Downloading wslink-2.5.7-py3-none-any.whl (37 kB)
Downloading pyyaml-6.0.3-cp312-cp312-macosx_11_0_arm64.whl (173 kB)
Downloading aiohttp-3.14.3-cp312-cp312-macosx_11_0_arm64.whl (511 kB)
Downloading msgpack-1.2.3-cp312-cp312-macosx_11_0_arm64.whl (90 kB)
Downloading more_itertools-11.1.0-py3-none-any.whl (72 kB)
Downloading aiohappyeyeballs-2.7.1-py3-none-any.whl (15 kB)
Downloading aiosignal-1.4.0-py3-none-any.whl (7.5 kB)
Downloading attrs-26.1.0-py3-none-any.whl (67 kB)
Downloading frozenlist-1.8.0-cp312-cp312-macosx_11_0_arm64.whl (50 kB)
Downloading multidict-6.9.1-cp312-cp312-macosx_11_0_arm64.whl (57 kB)
Downloading propcache-0.5.4-cp312-cp312-macosx_11_0_arm64.whl (52 kB)
Downloading yarl-1.25.1-cp312-cp312-macosx_11_0_arm64.whl (104 kB)
Downloading idna-3.20-py3-none-any.whl (69 kB)
Installing collected packages: typing_extensions, trame-common, six, runtype, pyyaml, pyparsing, propcache, pillow, packaging, numpy, multimethod, multidict, msgpack, more-itertools, llvmlite, kiwisolver, idna, frozenlist, fonttools, cycler, cadquery-ocp-proxy, attrs, aiohappyeyeballs, yarl, trame-client, scipy, python-dateutil, numba, nlopt, ezdxf, contourpy, casadi, aiosignal, trame-vuetify, trame-vtk, trame-components, matplotlib, aiohttp, wslink, vtk, trame-server, cadquery-ocp, trame, cadquery
Successfully installed aiohappyeyeballs-2.7.1 aiohttp-3.14.3 aiosignal-1.4.0 attrs-26.1.0 cadquery-2.8.0 cadquery-ocp-7.9.3.1.1 cadquery-ocp-proxy-7.9.3.1.1 casadi-3.8.1 contourpy-1.4.0 cycler-0.12.1 ezdxf-1.4.4 fonttools-4.66.1 frozenlist-1.8.0 idna-3.20 kiwisolver-1.5.1 llvmlite-0.50.0 matplotlib-3.11.2 more-itertools-11.1.0 msgpack-1.2.3 multidict-6.9.1 multimethod-1.12 nlopt-2.11.0 numba-0.68.0 numpy-2.5.3 packaging-26.3 pillow-12.3.0 propcache-0.5.4 pyparsing-3.3.3 python-dateutil-2.9.0.post0 pyyaml-6.0.3 runtype-0.5.3 scipy-1.18.1 six-1.17.0 trame-4.0.0 trame-client-4.1.3 trame-common-1.2.7 trame-components-2.5.0 trame-server-4.0.0 trame-vtk-2.11.17 trame-vuetify-3.3.0 typing_extensions-4.16.0 vtk-9.6.2 wslink-2.5.7 yarl-1.25.1

[notice] A new release of pip is available: 25.0.1 -> 26.2.1
[notice] To update, run: /Users/anassarkiz/tsci/tscircuit-store/boards/smart-nema14-motor-controller--01a0fd9b/.mechanical-venv/bin/python -m pip install --upgrade pip
