import time: self [us] | cumulative | imported package
import time:       122 |        122 |   _io
import time:        16 |         16 |   marshal
import time:       102 |        102 |   posix
import time:       137 |        375 | _frozen_importlib_external
import time:       310 |        310 |   time
import time:        52 |        361 | zipimport
import time:        53 |         53 |     _codecs
import time:        84 |        136 |   codecs
import time:       410 |        410 |   encodings.aliases
import time:       490 |       1036 | encodings
import time:       270 |        270 | encodings.utf_8
import time:        53 |         53 | _signal
import time:        14 |         14 |     _abc
import time:        54 |         67 |   abc
import time:        67 |        134 | io
import time:        24 |         24 |       _stat
import time:        23 |         47 |     stat
import time:       319 |        319 |     _collections_abc
import time:        19 |         19 |       genericpath
import time:        25 |         44 |     posixpath
import time:       127 |        535 |   os
import time:        26 |         26 |   _sitebuiltins
import time:       139 |        139 |   sitecustomize
import time:       269 |        967 | site
import time:       327 |        327 |       warnings
import time:       200 |        526 |     importlib
import time:       277 |        277 |         types
import time:        48 |         48 |           _operator
import time:       343 |        391 |         operator
import time:        53 |         53 |             itertools
import time:       238 |        238 |             keyword
import time:       210 |        210 |             reprlib
import time:        32 |         32 |             _collections
import time:       659 |       1189 |           collections
import time:        22 |         22 |           _functools
import time:       490 |       1700 |         functools
import time:       789 |       3156 |       enum
import time:        31 |         31 |         _sre
import time:       246 |        246 |           re._constants
import time:       391 |        636 |         re._parser
import time:       384 |        384 |         re._casefix
import time:       365 |       1415 |       re._compiler
import time:       225 |        225 |       copyreg
import time:       384 |       5179 |     re
import time:        29 |         29 |       _csv
import time:       318 |        347 |     csv
import time:       106 |        106 |     email
import time:       256 |        256 |       fnmatch
import time:        44 |         44 |         _winapi
import time:        35 |         35 |         nt
import time:        32 |         32 |         nt
import time:        31 |         31 |         nt
import time:        31 |         31 |         nt
import time:        31 |         31 |         nt
import time:        30 |         30 |         nt
import time:        44 |        275 |       ntpath
import time:        23 |         23 |       errno
import time:       214 |        214 |         urllib
import time:        27 |         27 |         math
import time:       754 |        754 |         ipaddress
import time:      1608 |       2601 |       urllib.parse
import time:       519 |       3672 |     pathlib
import time:        72 |         72 |       binascii
import time:       212 |        212 |         importlib._abc
import time:        39 |        250 |       importlib.util
import time:        32 |         32 |         zlib
import time:       218 |        218 |           _compression
import time:        12 |         12 |           _bz2
import time:       244 |        473 |         bz2
import time:        25 |         25 |           _lzma
import time:       269 |        294 |         lzma
import time:       476 |       1273 |       shutil
import time:        23 |         23 |         _struct
import time:       218 |        241 |       struct
import time:       192 |        192 |         _weakrefset
import time:       431 |        623 |       threading
import time:       374 |        374 |         contextlib
import time:       108 |        108 |         zipfile._path.glob
import time:       356 |        837 |       zipfile._path
import time:       544 |       3838 |     zipfile
import time:       486 |        486 |     textwrap
import time:       389 |        389 |         _ast
import time:       744 |       1133 |       ast
import time:        10 |         10 |           _opcode
import time:       288 |        298 |         opcode
import time:       525 |        822 |       dis
import time:       115 |        115 |       collections.abc
import time:        20 |         20 |       importlib.machinery
import time:       189 |        189 |           token
import time:        12 |         12 |           _tokenize
import time:       450 |        649 |         tokenize
import time:       203 |        852 |       linecache
import time:       362 |        362 |       weakref
import time:      1150 |       4452 |     inspect
import time:       195 |        195 |         quopri
import time:        10 |         10 |               _bisect
import time:       168 |        177 |             bisect
import time:        10 |         10 |             _random
import time:        15 |         15 |             _sha2
import time:       313 |        515 |           random
import time:       103 |        103 |             _socket
import time:        33 |         33 |               select
import time:       371 |        403 |             selectors
import time:        28 |         28 |             array
import time:       657 |       1190 |           socket
import time:        76 |         76 |             _datetime
import time:       250 |        326 |           datetime
import time:        23 |         23 |                 _locale
import time:       486 |        509 |               locale
import time:       764 |       1272 |             calendar
import time:       380 |       1652 |           email._parseaddr
import time:       242 |        242 |               base64
import time:        82 |        324 |             email.base64mime
import time:        11 |         11 |                 _string
import time:       313 |        324 |               string
import time:       204 |        527 |             email.quoprimime
import time:       330 |        330 |             email.errors
import time:        77 |         77 |             email.encoders
import time:       249 |       1505 |           email.charset
import time:       292 |       5476 |         email.utils
import time:       413 |        413 |           email.header
import time:       238 |        650 |         email._policybase
import time:       264 |        264 |         email._encoded_words
import time:        79 |         79 |         email.iterators
import time:       515 |       7176 |       email.message
import time:       112 |        112 |         importlib.metadata._functools
import time:       188 |        300 |       importlib.metadata._text
import time:       338 |       7814 |     importlib.metadata._adapters
import time:        14 |         14 |         _typing
import time:      1136 |       1149 |       typing
import time:       613 |       1762 |     importlib.metadata._meta
import time:       131 |        131 |     importlib.metadata._collections
import time:        74 |         74 |     importlib.metadata._itertools
import time:       566 |        566 |           tempfile
import time:       222 |        222 |           importlib.resources.abc
import time:       206 |        206 |           importlib.resources._adapters
import time:       259 |       1252 |         importlib.resources._common
import time:       236 |        236 |         importlib.resources._legacy
import time:        79 |       1566 |       importlib.resources
import time:       234 |       1800 |     importlib.abc
import time:       673 |      30854 |   importlib.metadata
import time:       305 |        305 |     email.feedparser
import time:       190 |        494 |   email.parser
import time:       212 |        212 |     cadquery.occ_impl
import time:    334839 |     334839 |         OCP.OCP
import time:       227 |     335066 |       OCP
import time:       994 |     336059 |     OCP.gp
import time:       452 |        452 |     OCP.Bnd
import time:       237 |        237 |     OCP.BRepBndLib
import time:       198 |        198 |     OCP.BRepMesh
import time:       167 |        167 |     OCP.TopoDS
import time:       182 |        182 |     OCP.TopLoc
import time:       301 |        301 |     OCP.BinTools
import time:       192 |        192 |     cadquery.types
import time:       233 |        233 |           copy
import time:       519 |        519 |           dataclasses
import time:       186 |        186 |           runtype.common
import time:        15 |         15 |                 _contextvars
import time:       176 |        191 |               contextvars
import time:       126 |        316 |             runtype.utils
import time:       196 |        196 |                   runtype.typesystem
import time:       479 |        675 |                 runtype.dispatch
import time:       583 |       1257 |               runtype.base_types
import time:       579 |        579 |               runtype.datetime_parse
import time:      1396 |       1396 |               typing_extensions
import time:       649 |       3880 |             runtype.pytypes
import time:       219 |       4414 |           runtype.validation
import time:       843 |       6193 |         runtype.dataclass
import time:       211 |       6403 |       runtype
import time:       440 |        440 |       multimethod
import time:       237 |       7080 |     cadquery.utils
import time:      1905 |     346981 |   cadquery.occ_impl.geom
import time:       239 |        239 |     __future__
import time:       264 |        264 |       vtkmodules
import time:     13280 |      13280 |       vtkmodules.vtkCommonCore
import time:      2912 |       2912 |       vtkmodules.vtkCommonMath
import time:      2985 |       2985 |       vtkmodules.vtkCommonTransforms
import time:       202 |        202 |         numpy.version
import time:       147 |        147 |         numpy._expired_attrs_2_0
import time:       184 |        184 |             numpy._utils._conversions
import time:       797 |        981 |           numpy._utils
import time:       227 |       1207 |         numpy._globals
import time:        15 |         15 |           numpy._distributor_init_local
import time:       162 |        177 |         numpy._distributor_init
import time:       253 |        253 |                   numpy.exceptions
import time:       205 |        205 |                   numpy._core._exceptions
import time:        69 |         69 |                   numpy._core.printoptions
import time:       146 |        146 |                   numpy.dtypes
import time:      5340 |       6011 |                 numpy._core._multiarray_umath
import time:       168 |        168 |                   numpy._utils._inspect
import time:       264 |        432 |                 numpy._core.overrides
import time:       751 |       7193 |               numpy._core.multiarray
import time:       115 |        115 |               numpy._core.umath
import time:       254 |        254 |                 numbers
import time:       117 |        117 |                 numpy._core._string_helpers
import time:       153 |        153 |                 numpy._core._type_aliases
import time:       242 |        764 |               numpy._core.numerictypes
import time:       267 |        267 |                           _compat_pickle
import time:        44 |         44 |                           _pickle
import time:       586 |        896 |                         pickle
import time:       105 |       1000 |                       numpy._core._methods
import time:       427 |       1427 |                     numpy._core.fromnumeric
import time:       225 |       1652 |                   numpy._core.shape_base
import time:       226 |        226 |                   numpy._core._ufunc_config
import time:       164 |        164 |                   numpy._core._asarray
import time:       411 |        411 |                   numpy._core.arrayprint
import time:       447 |       2898 |                 numpy._core.numeric
import time:       274 |       3172 |               numpy._core.einsumfunc
import time:       240 |        240 |               numpy._core.function_base
import time:       195 |        195 |               numpy._core.getlimits
import time:       182 |        182 |               numpy._core.memmap
import time:       244 |        244 |               numpy._core.records
import time:      2541 |       2541 |               numpy._core._add_newdocs
import time:       452 |        452 |               numpy._core._add_newdocs_scalars
import time:       277 |        277 |               numpy._core._dtype
import time:       181 |        181 |               numpy._core._dtype_ctypes
import time:        62 |         62 |                   _ctypes
import time:       302 |        302 |                   ctypes._endian
import time:       521 |        885 |                 ctypes
import time:       352 |       1236 |               numpy._core._internal
import time:       196 |        196 |               numpy._pytesttester
import time:       326 |      17308 |             numpy._core
import time:        10 |      17317 |           numpy._core._multiarray_umath
import time:       537 |      17854 |         numpy.__config__
import time:       152 |        152 |                           numpy._typing._nbit_base
import time:       679 |        679 |                           numpy._typing._nested_sequence
import time:        75 |         75 |                           numpy._typing._shape
import time:       193 |       1098 |                         numpy._typing._array_like
import time:       181 |        181 |                         numpy._typing._char_codes
import time:       232 |        232 |                         numpy._typing._dtype_like
import time:       105 |        105 |                         numpy._typing._nbit
import time:        72 |         72 |                         numpy._typing._scalars
import time:        63 |         63 |                         numpy._typing._ufunc
import time:       201 |       1950 |                       numpy._typing
import time:        68 |         68 |                           numpy.lib._array_utils_impl
import time:       194 |        261 |                         numpy.lib._stride_tricks_impl
import time:       242 |        502 |                       numpy.lib._twodim_base_impl
import time:        72 |         72 |                       numpy.lib.array_utils
import time:      2433 |       2433 |                       numpy.linalg._umath_linalg
import time:      1066 |       6021 |                     numpy.linalg._linalg
import time:       209 |       6229 |                   numpy.linalg
import time:       684 |       6913 |                 numpy.matrixlib.defmatrix
import time:       144 |       7057 |               numpy.matrixlib
import time:       353 |        353 |                 numpy.lib._histograms_impl
import time:       663 |       1016 |               numpy.lib._function_base_impl
import time:       275 |       8347 |             numpy.lib._index_tricks_impl
import time:       327 |       8673 |           numpy.lib._arraypad_impl
import time:       884 |        884 |           numpy.lib._arraysetops_impl
import time:       249 |        249 |           numpy.lib._arrayterator_impl
import time:       341 |        341 |           numpy.lib._nanfunctions_impl
import time:        39 |         39 |                     _wmi
import time:       404 |        443 |                   platform
import time:       198 |        641 |                 numpy.lib._utils_impl
import time:       219 |        859 |               numpy.lib._format_impl
import time:        82 |        940 |             numpy.lib.format
import time:       256 |        256 |             numpy.lib._datasource
import time:       270 |        270 |             numpy.lib._iotools
import time:       393 |       1858 |           numpy.lib._npyio_impl
import time:       181 |        181 |               numpy.lib._ufunclike_impl
import time:       265 |        445 |             numpy.lib._type_check_impl
import time:       335 |        779 |           numpy.lib._polynomial_impl
import time:       306 |        306 |           numpy.lib._shape_base_impl
import time:       193 |        193 |           numpy.lib._version
import time:        99 |         99 |           numpy.lib.introspect
import time:       598 |        598 |           numpy.lib.mixins
import time:        88 |         88 |           numpy.lib.npyio
import time:       286 |        286 |             numpy.lib._scimath_impl
import time:        82 |        367 |           numpy.lib.scimath
import time:        72 |         72 |           numpy.lib.stride_tricks
import time:       270 |      14773 |         numpy.lib
import time:       169 |        169 |         numpy._array_api_info
import time:       876 |      35401 |       numpy
import time:       195 |        195 |       vtkmodules.numpy_interface
import time:       180 |        180 |           vtkmodules.util.vtkConstants
import time:       195 |        375 |         vtkmodules.util.numpy_support
import time:       652 |       1027 |       vtkmodules.numpy_interface.dataset_adapter
import time:      2843 |       2843 |           vtkmodules.vtkCommonSystem
import time:      3266 |       6108 |         vtkmodules.vtkParallelCore
import time:       194 |       6302 |       vtkmodules.util.pickle_support
import time:      8220 |      70582 |     vtkmodules.vtkCommonDataModel
import time:      3463 |       3463 |       vtkmodules.vtkCommonExecutionModel
import time:      2775 |       2775 |       vtkmodules.vtkCommonMisc
import time:      4707 |      10944 |     vtkmodules.vtkFiltersCore
import time:       162 |        162 |     OCP.ShapeBuild
import time:       166 |        166 |       OCP.GeomAbs
import time:       332 |        497 |     cadquery.occ_impl.shape_protocols
import time:       202 |        202 |         pyparsing.warnings
import time:       369 |        369 |         pyparsing.util
import time:       315 |        315 |           pyparsing.unicode
import time:       809 |       1123 |         pyparsing.exceptions
import time:       338 |        338 |             pprint
import time:       304 |        642 |           pyparsing.results
import time:       281 |        923 |         pyparsing.actions
import time:       494 |        494 |           traceback
import time:      4830 |       5323 |         pyparsing.core
import time:       647 |        647 |               html.entities
import time:       279 |        925 |             html
import time:        10 |        934 |           html.entities
import time:      1371 |       2305 |         pyparsing.helpers
import time:       713 |        713 |               unittest.util
import time:       955 |       1668 |             unittest.result
import time:        17 |         17 |                   _heapq
import time:       277 |        293 |                 heapq
import time:      3636 |       3928 |               difflib
import time:      3833 |       7761 |             unittest.case
import time:      1221 |       1221 |             unittest.suite
import time:      1805 |       1805 |             unittest.loader
import time:       444 |        444 |                 gettext
import time:       654 |       1098 |               argparse
import time:       373 |        373 |                   signal
import time:       377 |        749 |                 unittest.signals
import time:      1104 |       1853 |               unittest.runner
import time:      1009 |       3958 |             unittest.main
import time:       397 |      16807 |           unittest
import time:       303 |      17110 |         pyparsing.testing
import time:      1472 |       1472 |         pyparsing.common
import time:       446 |      29270 |       pyparsing
import time:      1246 |      30516 |     cadquery.selectors
import time:       214 |        214 |     OCP.Message
import time:       233 |        233 |     OCP.TopAbs
import time:       154 |        154 |     OCP.Precision
import time:       163 |        163 |     OCP.TColgp
import time:       125 |        125 |     OCP.TColStd
import time:       231 |        231 |     OCP.BRepAdaptor
import time:       163 |        163 |     OCP.BRepBuilderAPI
import time:       311 |        311 |     OCP.GProp
import time:       127 |        127 |     OCP.BRepGProp
import time:       137 |        137 |     OCP.BRepPrimAPI
import time:       125 |        125 |     OCP.BRepIntCurveSurface
import time:        62 |         62 |     OCP.TopExp
import time:        63 |         63 |     OCP.BRep
import time:       124 |        124 |     OCP.GC
import time:        96 |         96 |     OCP.GCE2d
import time:       325 |        325 |     OCP.gce
import time:        79 |         79 |     OCP.GeomAPI
import time:        72 |         72 |     OCP.BRepFill
import time:        67 |         67 |     OCP.BRepAlgoAPI
import time:        64 |         64 |     OCP.Geom
import time:        62 |         62 |     OCP.Geom2d
import time:        61 |         61 |     OCP.Geom2dAPI
import time:       128 |        128 |     OCP.BRepLib
import time:       130 |        130 |     OCP.BRepOffsetAPI
import time:        62 |         62 |     OCP.BRepFilletAPI
import time:        64 |         64 |     OCP.TopTools
import time:        63 |         63 |     OCP.ShapeFix
import time:        67 |         67 |     OCP.STEPControl
import time:        62 |         62 |     OCP.StlAPI
import time:        62 |         62 |     OCP.ShapeUpgrade
import time:       137 |        137 |     OCP.BRepTools
import time:       387 |        387 |     OCP.LocOpe
import time:        74 |         74 |     OCP.BRepCheck
import time:        72 |         72 |     OCP.Font
import time:        62 |         62 |     OCP.StdPrs
import time:       197 |        197 |     OCP.Graphic3d
import time:       460 |        460 |     OCP.NCollection
import time:        86 |         86 |     OCP.BRepFeat
import time:        89 |         89 |     OCP.BRepClass3d
import time:       133 |        133 |     OCP.TCollection
import time:        67 |         67 |     OCP.BRepOffset
import time:        71 |         71 |     OCP.BOPAlgo
import time:        69 |         69 |     OCP.IFSelect
import time:       136 |        136 |     OCP.ShapeAnalysis
import time:        64 |         64 |     OCP.GCPnts
import time:        68 |         68 |     OCP.GeomFill
import time:        65 |         65 |     OCP.BRepProj
import time:       140 |        140 |     OCP.BRepExtrema
import time:      9087 |       9087 |         vtkmodules.vtkWebCore
import time:      3378 |       3378 |         vtkmodules.vtkIOCore
import time:      3546 |       3546 |         vtkmodules.vtkImagingCore
import time:      3724 |       3724 |         vtkmodules.vtkIOImage
import time:      3053 |       3053 |         vtkmodules.vtkIOXMLParser
import time:      3406 |       3406 |         vtkmodules.vtkIOXML
import time:      5558 |       5558 |         vtkmodules.vtkRenderingCore
import time:      3553 |       3553 |         vtkmodules.vtkRenderingContext2D
import time:      3143 |       3143 |         vtkmodules.vtkRenderingFreeType
import time:      3124 |       3124 |         vtkmodules.vtkRenderingSceneGraph
import time:      2993 |       2993 |         vtkmodules.vtkRenderingVtkJS
import time:      3448 |       3448 |         vtkmodules.vtkIOExport
import time:      3250 |       3250 |         vtkmodules.vtkWebGLExporter
import time:      4509 |       4509 |         vtkmodules.vtkFiltersGeneral
import time:      5182 |       5182 |         vtkmodules.vtkChartsCore
import time:      3478 |       3478 |         vtkmodules.vtkInteractionStyle
import time:      4668 |       4668 |         vtkmodules.vtkFiltersSources
import time:      6304 |       6304 |         vtkmodules.vtkInteractionWidgets
import time:      3763 |       3763 |         vtkmodules.vtkViewsCore
import time:      5803 |       5803 |         vtkmodules.vtkViewsInfovis
import time:      3735 |       3735 |         vtkmodules.vtkCommonComputationalGeometry
import time:      3763 |       3763 |         vtkmodules.vtkFiltersCellGrid
import time:      3521 |       3521 |         vtkmodules.vtkIOCellGrid
import time:      3721 |       3721 |         vtkmodules.vtkIOLegacy
import time:      3662 |       3662 |         vtkmodules.vtkDomainsChemistry
import time:      3570 |       3570 |         vtkmodules.vtkRenderingHyperTreeGrid
import time:      3446 |       3446 |         vtkmodules.vtkRenderingUI
import time:      4943 |       4943 |         vtkmodules.vtkRenderingOpenGL2
import time:      4153 |       4153 |         vtkmodules.vtkRenderingContextOpenGL2
import time:      4082 |       4082 |         vtkmodules.vtkRenderingVolume
import time:      4103 |       4103 |         vtkmodules.vtkImagingMath
import time:      4212 |       4212 |         vtkmodules.vtkRenderingVolumeOpenGL2
import time:      3894 |       3894 |         vtkmodules.vtkViewsContext2D
import time:      3912 |       3912 |         vtkmodules.vtkSerializationManager
import time:      3819 |       3819 |         vtkmodules.vtkTestingSerialization
import time:      3763 |       3763 |         vtkmodules.vtkImagingColor
import time:      4464 |       4464 |         vtkmodules.vtkTestingRendering
import time:      4264 |       4264 |         vtkmodules.vtkRenderingVolumeAMR
import time:      3954 |       3954 |         vtkmodules.vtkPythonContext2D
import time:      5647 |       5647 |         vtkmodules.vtkRenderingParallel
import time:      3897 |       3897 |         vtkmodules.vtkRenderingVRModels
import time:      4687 |       4687 |         vtkmodules.vtkRenderingVR
import time:      4129 |       4129 |         vtkmodules.vtkRenderingMatplotlib
import time:      4231 |       4231 |         vtkmodules.vtkRenderingLabel
import time:      4789 |       4789 |         vtkmodules.vtkRenderingLOD
import time:      4652 |       4652 |         vtkmodules.vtkRenderingLICOpenGL2
import time:      4397 |       4397 |         vtkmodules.vtkRenderingImage
import time:      4444 |       4444 |         vtkmodules.vtkRenderingGridAxes
import time:      4610 |       4610 |         vtkmodules.vtkRenderingExternal
import time:      4376 |       4376 |         vtkmodules.vtkRenderingCellGrid
import time:      5660 |       5660 |         vtkmodules.vtkIOXdmf2
import time:      4512 |       4512 |         vtkmodules.vtkIOVeraOut
import time:      4619 |       4619 |         vtkmodules.vtkIOVPIC
import time:      4489 |       4489 |         vtkmodules.vtkIOTecplotTable
import time:      4660 |       4660 |         vtkmodules.vtkIOTRUCHAS
import time:      4613 |       4613 |         vtkmodules.vtkIOSegY
import time:      4779 |       4779 |         vtkmodules.vtkIOParallelXML
import time:      4742 |       4742 |         vtkmodules.vtkIOLSDyna
import time:      4653 |       4653 |         vtkmodules.vtkIOParallelLSDyna
import time:      5757 |       5757 |         vtkmodules.vtkIOExodus
import time:      4902 |       4902 |         vtkmodules.vtkIOParallelExodus
import time:      5158 |       5158 |         vtkmodules.vtkIOPLY
import time:      5166 |       5166 |         vtkmodules.vtkIOPIO
import time:      4859 |       4859 |         vtkmodules.vtkIOMovie
import time:      5201 |       5201 |         vtkmodules.vtkIOOggTheora
import time:      5165 |       5165 |         vtkmodules.vtkIOOMF
import time:      5361 |       5361 |         vtkmodules.vtkIONetCDF
import time:      4995 |       4995 |         vtkmodules.vtkIOMotionFX
import time:      5231 |       5231 |         vtkmodules.vtkIOGeometry
import time:      5480 |       5480 |         vtkmodules.vtkIOParallel
import time:      5476 |       5476 |         vtkmodules.vtkIOMINC
import time:      5110 |       5110 |         vtkmodules.vtkIOLANLX3D
import time:      5454 |       5454 |         vtkmodules.vtkIOImport
import time:      6748 |       6748 |         vtkmodules.vtkIOIOSS
import time:      6118 |       6118 |         vtkmodules.vtkIOHDF
import time:      5620 |       5620 |         vtkmodules.vtkIOH5part
import time:      6037 |       6037 |         vtkmodules.vtkIOH5Rage
import time:      5635 |       5635 |         vtkmodules.vtkIOGeoJSON
import time:      5556 |       5556 |         vtkmodules.vtkIOFLUENTCFF
import time:      5652 |       5652 |         vtkmodules.vtkIOVideo
import time:      6199 |       6199 |         vtkmodules.vtkIOFDS
import time:      5838 |       5838 |         vtkmodules.vtkIOInfovis
import time:      5944 |       5944 |         vtkmodules.vtkIOExportPDF
import time:      5913 |       5913 |         vtkmodules.vtkRenderingGL2PSOpenGL2
import time:      5852 |       5852 |         vtkmodules.vtkIOExportGL2PS
import time:      5754 |       5754 |         vtkmodules.vtkIOEngys
import time:      5963 |       5963 |         vtkmodules.vtkIOEnSight
import time:      5816 |       5816 |         vtkmodules.vtkIOERF
import time:      5871 |       5871 |         vtkmodules.vtkIOCityGML
import time:      5919 |       5919 |         vtkmodules.vtkIOChemistry
import time:      7237 |       7237 |         vtkmodules.vtkIOCesium3DTiles
import time:      6206 |       6206 |         vtkmodules.vtkIOCONVERGECFD
import time:      6307 |       6307 |         vtkmodules.vtkIOCGNSReader
import time:      6022 |       6022 |         vtkmodules.vtkIOAvmesh
import time:      6137 |       6137 |         vtkmodules.vtkIOAsynchronous
import time:      6326 |       6326 |         vtkmodules.vtkIOAMR
import time:      6605 |       6605 |         vtkmodules.vtkInteractionImage
import time:     21380 |      21380 |         vtkmodules.vtkInfovisLayout
import time:      6848 |       6848 |         vtkmodules.vtkImagingStencil
import time:      6525 |       6525 |         vtkmodules.vtkImagingStatistics
import time:      6281 |       6281 |         vtkmodules.vtkImagingGeneral
import time:      6470 |       6470 |         vtkmodules.vtkImagingOpenGL2
import time:      6435 |       6435 |         vtkmodules.vtkImagingMorphological
import time:      6328 |       6328 |         vtkmodules.vtkImagingFourier
import time:      6370 |       6370 |         vtkmodules.vtkIOSQL
import time:      7037 |       7037 |         vtkmodules.vtkRenderingAnnotation
import time:      6275 |       6275 |         vtkmodules.vtkImagingHybrid
import time:      6556 |       6556 |         vtkmodules.vtkGeovisCore
import time:      6318 |       6318 |         vtkmodules.vtkFiltersTopology
import time:      6441 |       6441 |         vtkmodules.vtkFiltersTensor
import time:      6594 |       6594 |         vtkmodules.vtkFiltersSelection
import time:      6726 |       6726 |         vtkmodules.vtkFiltersSMP
import time:      6474 |       6474 |         vtkmodules.vtkFiltersPython
import time:      6490 |       6490 |         vtkmodules.vtkFiltersProgrammable
import time:      7309 |       7309 |         vtkmodules.vtkFiltersModeling
import time:      8231 |       8231 |         vtkmodules.vtkFiltersPoints
import time:      7341 |       7341 |         vtkmodules.vtkFiltersStatistics
import time:      7476 |       7476 |         vtkmodules.vtkFiltersParallelStatistics
import time:      7179 |       7179 |         vtkmodules.vtkFiltersImaging
import time:      7933 |       7933 |         vtkmodules.vtkFiltersExtraction
import time:      7330 |       7330 |         vtkmodules.vtkFiltersGeometry
import time:      7126 |       7126 |         vtkmodules.vtkFiltersHybrid
import time:      6885 |       6885 |         vtkmodules.vtkFiltersHyperTree
import time:      6899 |       6899 |         vtkmodules.vtkFiltersTexture
import time:      7942 |       7942 |         vtkmodules.vtkFiltersParallel
import time:      7407 |       7407 |         vtkmodules.vtkFiltersParallelImaging
import time:      7248 |       7248 |         vtkmodules.vtkFiltersParallelDIY2
import time:      6720 |       6720 |         vtkmodules.vtkFiltersTemporal
import time:      7717 |       7717 |         vtkmodules.vtkFiltersGeometryPreview
import time:      7357 |       7357 |         vtkmodules.vtkFiltersGeneric
import time:      7905 |       7905 |         vtkmodules.vtkFiltersFlowPaths
import time:      6795 |       6795 |         vtkmodules.vtkFiltersAMR
import time:      6898 |       6898 |         vtkmodules.vtkDomainsChemistryOpenGL2
import time:      6967 |       6967 |         vtkmodules.vtkCommonPython
import time:      6608 |       6608 |         vtkmodules.vtkCommonColor
import time:      6727 |       6727 |         vtkmodules.vtkImagingSources
import time:      7224 |       7224 |         vtkmodules.vtkInfovisCore
import time:     22510 |      22510 |         vtkmodules.vtkAcceleratorsVTKmCore
import time:      8428 |       8428 |         vtkmodules.vtkAcceleratorsVTKmDataModel
import time:      8004 |       8004 |         vtkmodules.vtkAcceleratorsVTKmFilters
import time:      7347 |       7347 |         vtkmodules.vtkFiltersVerdict
import time:      7242 |       7242 |         vtkmodules.vtkFiltersReduction
import time:       144 |        144 |         vtkmodules.util.misc
import time:       107 |        107 |         vtkmodules.util.vtkVariant
import time:      2139 |     819756 |       vtk
import time:        71 |     819826 |     OCP.IVtkOCC
import time:        75 |         75 |     OCP.IVtkVTK
import time:        78 |         78 |     OCP.Standard
import time:        74 |         74 |     OCP.Prs3d
import time:       114 |        114 |     OCP.Quantity
import time:        91 |         91 |     OCP.Aspect
import time:        62 |         62 |     OCP.Interface
import time:        55 |         55 |     OCP.ShapeCustom
import time:        52 |         52 |     OCP.BRepAlgo
import time:        52 |         52 |     OCP.ChFi2d
import time:        90 |         90 |     OCP.GeomConvert
import time:        55 |         55 |     OCP.Approx
import time:        50 |         50 |     OCP.LProp3d
import time:        51 |         51 |     OCP.Adaptor3d
import time:        53 |         53 |     OCP.GeomAdaptor
import time:        61 |         61 |     OCP.OSD
import time:      9741 |     949563 |   cadquery.occ_impl.shapes
import time:        69 |         69 |     OCP.VrmlAPI
import time:        66 |         66 |       OCP.HLRBRep
import time:        57 |         57 |       OCP.HLRAlgo
import time:       158 |        280 |     cadquery.occ_impl.exporters.svg
import time:        63 |         63 |     cadquery.occ_impl.exporters.json
import time:        74 |         74 |           xml
import time:        85 |        158 |         xml.etree
import time:       200 |        200 |           xml.etree.ElementPath
import time:        67 |         67 |             pyexpat
import time:        45 |        112 |           _elementtree
import time:       333 |        644 |         xml.etree.ElementTree
import time:       144 |        945 |       xml.etree.cElementTree
import time:        63 |       1008 |     cadquery.occ_impl.exporters.amf
import time:       148 |        148 |     cadquery.occ_impl.exporters.threemf
import time:       106 |        106 |         ezdxf.version
import time:       621 |        621 |           configparser
import time:       297 |        917 |         ezdxf._options
import time:       253 |        253 |         ezdxf.colors
import time:        58 |         58 |           ezdxf.lldxf
import time:       642 |        642 |           ezdxf.lldxf.const
import time:       863 |       1562 |         ezdxf.enums
import time:        17 |         17 |             atexit
import time:       720 |        737 |           logging
import time:      7095 |       7095 |                     ezdxf.acc.vector
import time:        80 |       7175 |                   ezdxf.acc
import time:      7113 |       7113 |                   ezdxf.acc.matrix44
import time:      6810 |       6810 |                     ezdxf.acc.construct
import time:      6612 |      13421 |                   ezdxf.acc.bezier4p
import time:      6707 |       6707 |                   ezdxf.acc.bezier3p
import time:      6716 |       6716 |                   ezdxf.acc.bspline
import time:       182 |      41311 |                 ezdxf.math._ctypes
import time:       236 |        236 |                     numpy._typing._add_docstring
import time:        99 |        334 |                   numpy.typing
import time:       157 |        491 |                 ezdxf.math.construct2d
import time:       247 |        247 |                 ezdxf.math.construct3d
import time:        67 |         67 |                   ezdxf.math.bezier_interpolation
import time:       100 |        166 |                 ezdxf.math.parametrize
import time:       170 |        170 |                   ezdxf.math.bbox
import time:       189 |        189 |                   ezdxf.math.linalg
import time:       295 |        654 |                 ezdxf.math.bspline
import time:       121 |        121 |                 ezdxf.math.bezier
import time:        73 |         73 |                 ezdxf.math.eulerspiral
import time:       120 |        120 |                 ezdxf.math.ucs
import time:        66 |         66 |                 ezdxf.math.bulge
import time:       132 |        132 |                     ezdxf.math.line
import time:        81 |        213 |                   ezdxf.math.circle
import time:       121 |        333 |                 ezdxf.math.arc
import time:       105 |        105 |                 ezdxf.math.ellipse
import time:        92 |         92 |                 ezdxf.math.box
import time:        78 |         78 |                 ezdxf.math.shape
import time:        66 |         66 |                 ezdxf.math.offset2d
import time:       138 |        138 |                 ezdxf.math.transformtools
import time:       136 |        136 |                 ezdxf.math.curvetools
import time:       184 |        184 |                 ezdxf.math.polyline
import time:       159 |      44532 |               ezdxf.math
import time:       152 |      44684 |             ezdxf.lldxf.types
import time:        18 |         18 |                   _uuid
import time:       203 |        220 |                 uuid
import time:       125 |        125 |                 ezdxf.tools.juliandate
import time:       200 |        200 |                 ezdxf.tools.binarydata
import time:        84 |        628 |               ezdxf.tools
import time:        68 |        696 |             ezdxf.tools.codepage
import time:       105 |      45484 |           ezdxf.lldxf.tagger
import time:       155 |      46374 |         ezdxf.lldxf.validator
import time:       404 |        404 |                     ezdxf.render.mesh
import time:       568 |        971 |                   ezdxf.render.forms
import time:       276 |       1246 |                 ezdxf.render.arrows
import time:        76 |         76 |                 ezdxf.render.r12spline
import time:        96 |         96 |                   ezdxf.math.perlin
import time:       111 |        207 |                 ezdxf.render.curves
import time:       292 |        292 |                 ezdxf.render.trace
import time:       128 |        128 |                     ezdxf.entities.factory
import time:       122 |        122 |                       ezdxf.lldxf.tags
import time:       233 |        233 |                       ezdxf.entities.copy
import time:       121 |        476 |                     ezdxf.entities.xdict
import time:        80 |         80 |                       ezdxf.lldxf.repair
import time:       201 |        280 |                     ezdxf.entities.xdata
import time:        76 |         76 |                     ezdxf.entities.appdata
import time:       101 |        101 |                       ezdxf.lldxf.extendedtags
import time:       220 |        220 |                       ezdxf.lldxf.attributes
import time:       127 |        127 |                       ezdxf.entities.dxfns
import time:       221 |        668 |                     ezdxf.entities.dxfentity
import time:       372 |        372 |                       ezdxf.proxygraphic
import time:       181 |        552 |                     ezdxf.entities.dxfgfx
import time:       150 |        150 |                     ezdxf.entities.dxfobj
import time:        80 |         80 |                     ezdxf.entities.dxfclass
import time:        74 |         74 |                     ezdxf.entities.table
import time:       348 |        348 |                         ezdxf.audit
import time:       459 |        807 |                       ezdxf.entities.layer
import time:        96 |         96 |                       ezdxf.tools.complex_ltype
import time:       117 |       1019 |                     ezdxf.entities.ltype
import time:       103 |        103 |                     ezdxf.entities.textstyle
import time:       256 |        256 |                     ezdxf.entities.dimstyle
import time:       100 |        100 |                     ezdxf.entities.view
import time:       117 |        117 |                     ezdxf.entities.vport
import time:        74 |         74 |                     ezdxf.entities.ucs
import time:        64 |         64 |                     ezdxf.entities.appid
import time:       106 |        106 |                       ezdxf.entities.block
import time:        95 |        201 |                     ezdxf.entities.blockrecord
import time:        58 |         58 |                         ezdxf.groupby
import time:       519 |        519 |                         ezdxf.queryparser
import time:       204 |        780 |                       ezdxf.query
import time:        90 |        870 |                     ezdxf.entities.acad_proxy_entity
import time:       167 |        167 |                     ezdxf.entities.dictionary
import time:       187 |        187 |                     ezdxf.entities.layout
import time:        90 |         90 |                     ezdxf.entities.idbuffer
import time:        93 |         93 |                     ezdxf.entities.sun
import time:       119 |        119 |                       ezdxf.entities.objectcollection
import time:       171 |        289 |                     ezdxf.entities.material
import time:        73 |         73 |                     ezdxf.entities.oleframe
import time:       131 |        131 |                     ezdxf.entities.spatial_filter
import time:       103 |        103 |                     ezdxf.entities.visualstyle
import time:        80 |         80 |                     ezdxf.entities.line
import time:        77 |         77 |                     ezdxf.entities.point
import time:        89 |         89 |                     ezdxf.entities.circle
import time:        82 |         82 |                     ezdxf.entities.arc
import time:        84 |         84 |                     ezdxf.entities.shape
import time:       121 |        121 |                     ezdxf.entities.solid
import time:       819 |        819 |                       ezdxf.tools.text
import time:       132 |        951 |                     ezdxf.entities.text
import time:        95 |         95 |                     ezdxf.entities.subentity
import time:       369 |        369 |                         ezdxf.entities.boundary_paths
import time:        97 |        466 |                       ezdxf.explode
import time:       279 |        279 |                         ezdxf.entities.mtext
import time:       184 |        462 |                       ezdxf.entities.attrib
import time:       157 |       1084 |                     ezdxf.entities.insert
import time:        80 |         80 |                       ezdxf.render.polyline
import time:       122 |        122 |                           ezdxf.lldxf.tagwriter
import time:        66 |         66 |                           ezdxf.tools.indexing
import time:       109 |        296 |                         ezdxf.lldxf.packedtags
import time:       188 |        484 |                       ezdxf.entities.lwpolyline
import time:       248 |        811 |                     ezdxf.entities.polyline
import time:        64 |         64 |                         ezdxf.tools.handle
import time:       117 |        181 |                       ezdxf.entitydb
import time:       132 |        132 |                       ezdxf.entities.dimstyleoverride
import time:       300 |        612 |                     ezdxf.entities.dimension
import time:       206 |        206 |                     ezdxf.entities.viewport
import time:       104 |        104 |                     ezdxf.entities.ellipse
import time:        82 |         82 |                     ezdxf.entities.xline
import time:        61 |         61 |                     ezdxf.entities.mtext_columns
import time:       142 |        142 |                     ezdxf.entities.spline
import time:       186 |        186 |                     ezdxf.entities.mesh
import time:       134 |        134 |                     ezdxf.entities.gradient
import time:       338 |        338 |                         ezdxf.tools._iso_pattern
import time:      2238 |       2576 |                       ezdxf.tools.pattern
import time:       101 |       2677 |                     ezdxf.entities.pattern
import time:       119 |        119 |                       ezdxf.entities.polygon
import time:       110 |        229 |                     ezdxf.entities.hatch
import time:        97 |         97 |                     ezdxf.entities.mpolygon
import time:       192 |        192 |                     ezdxf.entities.image
import time:       202 |        202 |                     ezdxf.entities.underlay
import time:       112 |        112 |                     ezdxf.entities.leader
import time:        75 |         75 |                     ezdxf.entities.tolerance
import time:        83 |         83 |                     ezdxf.entities.helix
import time:        61 |         61 |                       ezdxf.tools.crypt
import time:        46 |         46 |                       ezdxf.msgtypes
import time:        72 |         72 |                       ezdxf.entities.temporary_transform
import time:       278 |        455 |                     ezdxf.entities.acis
import time:       256 |        256 |                     ezdxf.entities.mline
import time:       428 |        428 |                     ezdxf.entities.mleader
import time:        97 |         97 |                     ezdxf.entities.light
import time:       139 |        139 |                     ezdxf.entities.acad_table
import time:       119 |        119 |                       ezdxf.units
import time:       145 |        264 |                     ezdxf.entities.geodata
import time:       265 |      16964 |                   ezdxf.entities
import time:        59 |         59 |                     ezdxf.fonts
import time:       140 |        140 |                       ezdxf.fonts.font_face
import time:        57 |         57 |                               _json
import time:       182 |        239 |                             json.scanner
import time:       205 |        444 |                           json.decoder
import time:       151 |        151 |                           json.encoder
import time:       100 |        694 |                         json
import time:        95 |         95 |                               fontTools.misc
import time:        20 |         20 |                                 gc
import time:       929 |        949 |                               timeit
import time:       184 |       1228 |                             fontTools.misc.loggingTools
import time:        92 |       1319 |                           fontTools
import time:       544 |        544 |                             fontTools.misc.configTools
import time:       141 |        684 |                           fontTools.config
import time:        86 |         86 |                               fontTools.misc.textTools
import time:       170 |        255 |                             fontTools.misc.xmlWriter
import time:        61 |         61 |                                   fontTools.misc.roundTools
import time:        91 |        152 |                                 fontTools.misc.fixedTools
import time:       271 |        423 |                               fontTools.misc.sstruct
import time:       218 |        641 |                             fontTools.ttLib.sfnt
import time:        79 |         79 |                               fontTools.misc.vector
import time:      1382 |       1382 |                               fontTools.misc.transform
import time:        85 |         85 |                                 fontTools.pens
import time:       167 |        167 |                                   fontTools.pens.basePen
import time:       239 |        239 |                                   fontTools.pens.pointPen
import time:       397 |        397 |                                   fontTools.pens.recordingPen
import time:       198 |       1000 |                                 fontTools.pens.filterPen
import time:       134 |       1218 |                               fontTools.pens.transformPen
import time:       208 |       2885 |                             fontTools.ttLib.ttGlyphSet
import time:       400 |       4179 |                           fontTools.ttLib.ttFont
import time:        72 |         72 |                               fontTools.ttLib.tables
import time:       129 |        129 |                               fontTools.ttLib.tables.DefaultTable
import time:       162 |        362 |                             fontTools.ttLib.tables.D_S_I_G_
import time:        64 |         64 |                             fontTools.misc.timeTools
import time:        89 |        514 |                           fontTools.ttLib.ttCollection
import time:       103 |       6798 |                         fontTools.ttLib
import time:       339 |        339 |                             ezdxf.path.commands
import time:       159 |        159 |                             ezdxf.path.path
import time:       123 |        123 |                                   ezdxf.math._mapbox_earcut
import time:      7219 |       7219 |                                   ezdxf.acc.mapbox_earcut
import time:        75 |       7415 |                                 ezdxf.math.triangulation
import time:       186 |        186 |                                   ezdxf.protocols
import time:       166 |        351 |                                 ezdxf.path.nesting
import time:       173 |       7939 |                               ezdxf.path.tools
import time:       203 |       8142 |                             ezdxf.path.converter
import time:        94 |         94 |                             ezdxf.path.shapes
import time:        81 |       8813 |                           ezdxf.path
import time:       130 |        130 |                           ezdxf.fonts.font_measurements
import time:      7097 |       7097 |                               ezdxf.acc.np_support
import time:       271 |       7367 |                             ezdxf.npshapes
import time:        81 |       7448 |                           ezdxf.fonts.glyphs
import time:       593 |      16983 |                         ezdxf.fonts.shapefile
import time:       172 |        172 |                         ezdxf.fonts.lff
import time:       245 |      24890 |                       ezdxf.fonts.font_manager
import time:        69 |         69 |                       ezdxf.fonts.font_synonyms
import time:       112 |        112 |                             fontTools.encodings
import time:       139 |        250 |                           fontTools.encodings.codecs
import time:        83 |        333 |                         fontTools.misc.encodingTools
import time:        81 |         81 |                           fontTools.misc.visitor
import time:        72 |        152 |                         fontTools.ttLib.ttVisitor
import time:       154 |        154 |                           fontTools.ttLib.tables.TupleVariation
import time:        51 |         51 |                               uharfbuzz
import time:       484 |        535 |                             fontTools.ttLib.tables.otBase
import time:       269 |        803 |                           fontTools.ttLib.tables.otTraverse
import time:       101 |        101 |                           fontTools.misc.arrayTools
import time:      7673 |       7673 |                             fontTools.misc.bezierTools
import time:       110 |       7783 |                           fontTools.pens.boundsPen
import time:       126 |        126 |                             fontTools.feaLib
import time:       227 |        352 |                           fontTools.feaLib.lookupDebugInfo
import time:       182 |        182 |                             fontTools.ttLib.tables.otDataSchema
import time:       487 |        669 |                           fontTools.ttLib.tables.otData
import time:       107 |        107 |                             fontTools.misc.lazyTools
import time:       946 |       1053 |                           fontTools.ttLib.tables.otConverters
import time:      4701 |      15613 |                         fontTools.ttLib.tables.otTables
import time:       152 |        152 |                         fontTools.ttLib.tables.C_P_A_L_
import time:       107 |        107 |                         fontTools.ttLib.tables._f_v_a_r
import time:       416 |      16771 |                       fontTools.ttLib.tables._n_a_m_e
import time:       102 |        102 |                       encodings.mac_roman
import time:       213 |        213 |                       fontTools.ttLib.tables.O_S_2f_2
import time:       316 |        316 |                       encodings.utf_16_be
Cannot create cache home directory: '/Users/anassarkiz/.cache/ezdxf', cache files will not be saved.
See also issue https://github.com/mozman/ezdxf/issues/923.
import time:    120940 |     163438 |                     ezdxf.fonts.fonts
import time:       911 |        911 |                     ezdxf.tools.text_layout
import time:       155 |        155 |                     ezdxf.render.abstract_mtext_renderer
import time:       811 |     165372 |                   ezdxf.tools.text_size
import time:       613 |     182948 |                 ezdxf.render.mleader
import time:        84 |     184850 |               ezdxf.render
import time:        11 |     184861 |             ezdxf.render.arrows
import time:       601 |     185462 |           ezdxf.tools.standards
import time:       187 |        187 |             ezdxf.entities.dxfgroups
import time:       228 |        228 |                     ezdxf.render.dim_base
import time:       130 |        358 |                   ezdxf.render.dim_linear
import time:       300 |        657 |                 ezdxf.graphicsfactory
import time:       186 |        842 |               ezdxf.layouts.base
import time:       208 |        208 |               ezdxf.layouts.layout
import time:       115 |        115 |               ezdxf.layouts.blocklayout
import time:       107 |        107 |               ezdxf.layouts.layouts
import time:        81 |       1351 |             ezdxf.layouts
import time:        73 |         73 |             ezdxf.lldxf.loader
import time:       199 |        199 |               ezdxf.render.dim_curved
import time:       108 |        108 |                 ezdxf.render.dim_radius
import time:       120 |        227 |               ezdxf.render.dim_diameter
import time:        78 |         78 |               ezdxf.render.dim_ordinate
import time:        81 |        584 |             ezdxf.render.dimension
import time:        53 |         53 |               ezdxf.sections
import time:       172 |        224 |             ezdxf.sections.acdsdata
import time:       113 |        113 |             ezdxf.sections.blocks
import time:       112 |        112 |             ezdxf.sections.classes
import time:       109 |        109 |             ezdxf.sections.entities
import time:       168 |        168 |                 ezdxf.lldxf.hdrvars
import time:       233 |        400 |               ezdxf.sections.headervars
import time:       151 |        551 |             ezdxf.sections.header
import time:       181 |        181 |             ezdxf.sections.objects
import time:       300 |        300 |               ezdxf.sections.table
import time:        78 |        378 |             ezdxf.sections.tables
import time:        63 |         63 |             ezdxf.messenger
import time:       418 |       4337 |           ezdxf.document
import time:        90 |     189887 |         ezdxf.filemanagement
import time:       143 |        143 |         ezdxf.lldxf.encoding
import time:       235 |     239474 |       ezdxf
import time:       241 |        241 |           ezdxf.disassemble
import time:        74 |        315 |         ezdxf.bbox
import time:        75 |        389 |       ezdxf.zoom
import time:        60 |         60 |       cadquery.units
import time:       239 |     240160 |     cadquery.occ_impl.exporters.dxf
import time:        79 |         79 |     cadquery.occ_impl.exporters.vtk
import time:       190 |     241993 |   cadquery.occ_impl.exporters
import time:       193 |        193 |         cadquery.hull
import time:       139 |        139 |         cadquery.occ_impl.importers.dxf
import time:      9703 |       9703 |               nlopt._nlopt
import time:       328 |      10030 |             nlopt.nlopt
import time:        90 |      10120 |           nlopt
import time:       240 |      10359 |         cadquery.occ_impl.sketch_solver
import time:      1877 |      12567 |       cadquery.sketch
import time:       757 |      13323 |     cadquery.cq
import time:       158 |      13480 |   cadquery.occ_impl.importers
import time:        71 |         71 |       OCP.TDocStd
import time:        60 |         60 |       OCP.XCAFDoc
import time:        54 |         54 |       OCP.XCAFApp
import time:        52 |         52 |       OCP.BinXCAFDrivers
import time:        49 |         49 |       OCP.XmlXCAFDrivers
import time:        56 |         56 |       OCP.TDataStd
import time:        55 |         55 |       OCP.TDF
import time:       369 |        764 |     cadquery.occ_impl.assembly
import time:     13640 |      13640 |           casadi._casadi
import time:      2487 |      16127 |         casadi.casadi
import time:       317 |      16443 |       casadi
import time:       328 |      16771 |     cadquery.occ_impl.solver
import time:        85 |         85 |       OCP.XSControl
import time:        63 |         63 |       OCP.STEPCAFControl
import time:        52 |         52 |       OCP.STEPConstruct
import time:        62 |         62 |       OCP.StepShape
import time:        65 |         65 |       OCP.StepGeom
import time:        64 |         64 |       OCP.PCDM
import time:        65 |         65 |       OCP.RWGltf
import time:       289 |        742 |     cadquery.occ_impl.exporters.assembly
import time:       125 |        125 |     cadquery.occ_impl.importers.assembly
import time:       901 |      19301 |   cadquery.assembly
import time:        73 |         73 |   cadquery.plugins
import time:      1024 |    1603757 | cadquery
cadquery ready
