{"phase":"topologyPlanningSolver","progress":0.16666666666666669,"elapsed_seconds":3.272180945,"solved":false,"failed":false,"error":null}
{"phase":"topologyMergingSolver","progress":0.2201217208814271,"elapsed_seconds":8.27242868,"solved":false,"failed":false,"error":null}
{"phase":"topologyMergingSolver","progress":0.2340146904512067,"elapsed_seconds":13.275010901,"solved":false,"failed":false,"error":null}
{"phase":"nodeDimensionSubdivisionSolver","progress":0.24,"node_count":37584,"elapsed_seconds":95.99650747,"solved":false,"failed":false,"error":null}
{"phase":"edgeSolver","progress":0.28,"node_count":38535,"elapsed_seconds":121.300218022,"solved":false,"failed":false,"error":null}
{"phase":"availableSegmentPointSolver","progress":0.32,"node_count":38535,"edge_count":114951,"elapsed_seconds":153.360236072,"solved":false,"failed":false,"error":null}
{"phase":"portPointPathingSolver","progress":0.44,"node_count":38535,"edge_count":114951,"elapsed_seconds":158.360240708,"solved":false,"failed":false,"error":null}
{"phase":"highDensityRouteSolver","progress":0.5453211009174312,"node_count":38535,"edge_count":114951,"elapsed_seconds":163.36025916599996,"solved":false,"failed":false,"error":null}
{"phase":"pipeline9JointDrcRepairSolver","progress":0.84,"node_count":38535,"edge_count":114951,"elapsed_seconds":168.576918361,"solved":false,"failed":false,"error":null}
{"phase":"pipeline9JointDrcRepairSolver","progress":0.84,"node_count":38535,"edge_count":114951,"elapsed_seconds":175.93586163899997,"solved":false,"failed":false,"error":null}
{"phase":"pipeline9JointDrcRepairSolver","progress":0.84,"node_count":38535,"edge_count":114951,"elapsed_seconds":182.444075114,"solved":false,"failed":false,"error":null}
{"phase":"pipeline9JointDrcRepairSolver","progress":0.84,"node_count":38535,"edge_count":114951,"elapsed_seconds":189.38729129899997,"solved":false,"failed":false,"error":null}
{"phase":"pipeline9JointDrcRepairSolver","progress":0.84,"node_count":38535,"edge_count":114951,"elapsed_seconds":200.38255132999998,"solved":false,"failed":false,"error":null}
{"phase":"pipeline9JointDrcRepairSolver","progress":0.84,"node_count":38535,"edge_count":114951,"elapsed_seconds":209.80326023199999,"solved":false,"failed":false,"error":null}
{"phase":"pipeline9JointDrcRepairSolver","progress":0.84,"node_count":38535,"edge_count":114951,"elapsed_seconds":219.05826319,"solved":false,"failed":false,"error":null}
{"phase":"pipeline9JointDrcRepairSolver","progress":0.84,"node_count":38535,"edge_count":114951,"elapsed_seconds":225.944487397,"solved":false,"failed":false,"error":null}
{"phase":"pipeline9JointDrcRepairSolver","progress":0.84,"node_count":38535,"edge_count":114951,"elapsed_seconds":235.70640097999998,"solved":false,"failed":false,"error":null}
{"phase":"pipeline9JointDrcRepairSolver","progress":0.84,"node_count":38535,"edge_count":114951,"elapsed_seconds":244.48595351599997,"solved":false,"failed":false,"error":null}
{"phase":"pipeline9JointDrcRepairSolver","progress":0.84,"node_count":38535,"edge_count":114951,"elapsed_seconds":253.102308306,"solved":false,"failed":false,"error":null}
{"phase":"pipeline9JointDrcRepairSolver","progress":0.84,"node_count":38535,"edge_count":114951,"elapsed_seconds":258.33254064,"solved":false,"failed":false,"error":null}
{"phase":"pipeline9JointDrcRepairSolver","progress":0.84,"node_count":38535,"edge_count":114951,"elapsed_seconds":264.94989337400006,"solved":false,"failed":false,"error":null}
{"phase":"pipeline9JointDrcRepairSolver","progress":0.84,"node_count":38535,"edge_count":114951,"elapsed_seconds":273.824945137,"solved":false,"failed":false,"error":null}
{"phase":"pipeline9JointDrcRepairSolver","progress":0.84,"node_count":38535,"edge_count":114951,"elapsed_seconds":280.131990713,"solved":false,"failed":false,"error":null}
{"phase":"pipeline9JointDrcRepairSolver","progress":0.84,"node_count":38535,"edge_count":114951,"elapsed_seconds":288.54692338,"solved":false,"failed":false,"error":null}
{"phase":"pipeline9JointDrcRepairSolver","progress":0.84,"node_count":38535,"edge_count":114951,"elapsed_seconds":294.527966514,"solved":false,"failed":false,"error":null}
