2026-10-03 19:11:39.894 INFO   Freerouting v2.4.1 (build-date: 2026-09-03)
2026-10-03 19:11:41.330 INFO   [65D5D3\3E0DB1] Loading board file 'kicad-routing-unfilled.dsn'...
2026-10-03 19:11:41.387 INFO   [65D5D3\3E0DB1] Job '65D5D3\3E0DB1' started at 2026-10-03T17:11:41.387930Z.
2026-10-03 19:11:41.448 INFO   [65D5D3\3E0DB1] Auto-routing stage started on board '2a2e61245def54f7528a08b1f1ff6343' for 294 unrouted items.
2026-10-03 19:11:49.871 INFO   [65D5D3\3E0DB1] Auto-routing pass #1 on board '2a2e61245def54f7528a08b1f1ff6343' was completed in 8.37 seconds with score 633.78 (106 unrouted and 12 violations), using 7.85 CPU seconds and the job allocated 112.02 GB of memory so far.
2026-10-03 19:11:59.538 INFO   [65D5D3\3E0DB1] Auto-routing pass #2 on board 'fa07cde601e0a601669a7ab9f6bd8c41' was completed in 9.60 seconds with score 674.32 (94 unrouted and 12 violations), using 16.72 CPU seconds and the job allocated 235.57 GB of memory so far.
2026-10-03 19:12:10.882 INFO   [65D5D3\3E0DB1] Auto-routing pass #3 on board 'db30316372e85846bd6fc200b3b90705' was completed in 11.27 seconds with score 741.89 (74 unrouted and 12 violations), using 28.55 CPU seconds and the job allocated 394.99 GB of memory so far.
2026-10-03 19:12:24.075 INFO   [65D5D3\3E0DB1] Auto-routing pass #4 on board '5a18fbf12ac6217249961d67f905a055' was completed in 13.11 seconds with score 758.78 (69 unrouted and 12 violations), using 41.37 CPU seconds and the job allocated 563.47 GB of memory so far.
2026-10-03 19:12:39.174 INFO   [65D5D3\3E0DB1] Auto-routing pass #5 on board '005d8eaf13e0121e86131a1f9cce8ee0' was completed in 15.01 seconds with score 782.43 (62 unrouted and 12 violations), using 56.20 CPU seconds and the job allocated 751.33 GB of memory so far.
2026-10-03 19:12:56.575 INFO   [65D5D3\3E0DB1] Auto-routing pass #6 on board '276b5560ec5af931ca7e2a51e67a9460' was completed in 17.29 seconds with score 806.07 (55 unrouted and 12 violations), using 72.99 CPU seconds and the job allocated 1020.41 GB of memory so far.
2026-10-03 19:13:16.152 INFO   [65D5D3\3E0DB1] Auto-routing pass #7 on board 'd8bda95229a9997647e1124c077eabb2' was completed in 19.46 seconds with score 779.05 (63 unrouted and 12 violations), using 91.79 CPU seconds and the job allocated 1278.58 GB of memory so far.
2026-10-03 19:13:31.121 INFO   [65D5D3\3E0DB1] Auto-routing pass #8 on board 'd8bda95229a9997647e1124c077eabb2' was completed in 0.00 seconds with score 806.07 (55 unrouted and 12 violations), using 106.63 CPU seconds and the job allocated 1491.74 GB of memory so far.
2026-10-03 19:13:52.849 INFO   [65D5D3\3E0DB1] Auto-routing pass #9 on board 'd8bda95229a9997647e1124c077eabb2' was completed in 21.67 seconds with score 799.32 (57 unrouted and 12 violations), using 128.39 CPU seconds and the job allocated 1778.66 GB of memory so far.
2026-10-03 19:14:11.352 INFO   [65D5D3\3E0DB1] Auto-routing pass #10 on board 'c031c6299d1559c134d827db291323dc' was completed in 18.40 seconds with score 799.32 (57 unrouted and 12 violations), using 146.20 CPU seconds and the job allocated 2003.69 GB of memory so far.
2026-10-03 19:14:30.557 INFO   [65D5D3\3E0DB1] Auto-routing pass #11 on board '7a4ec53ddafffcb98320048a1b156cf1' was completed in 19.08 seconds with score 812.83 (53 unrouted and 12 violations), using 165.00 CPU seconds and the job allocated 2287.59 GB of memory so far.
2026-10-03 19:14:53.915 INFO   [65D5D3\3E0DB1] Auto-routing pass #12 on board 'e5328e6c4748a6a52317c22601ad6187' was completed in 23.21 seconds with score 812.83 (53 unrouted and 12 violations), using 187.77 CPU seconds and the job allocated 2582.48 GB of memory so far.
2026-10-03 19:15:17.689 INFO   [65D5D3\3E0DB1] Auto-routing pass #13 on board 'e5328e6c4748a6a52317c22601ad6187' was completed in 23.69 seconds with score 822.97 (50 unrouted and 12 violations), using 211.52 CPU seconds and the job allocated 2889.38 GB of memory so far.
2026-10-03 19:15:38.848 INFO   [65D5D3\3E0DB1] Auto-routing pass #14 on board 'f606c381dfe6f99a1b7d4b3511883230' was completed in 21.01 seconds with score 833.10 (47 unrouted and 12 violations), using 232.34 CPU seconds and the job allocated 3145.57 GB of memory so far.
2026-10-03 19:16:01.049 INFO   [65D5D3\3E0DB1] Auto-routing pass #15 on board '2a8e439f8e265b9135e23f67bf0c7327' was completed in 22.02 seconds with score 812.83 (53 unrouted and 12 violations), using 254.11 CPU seconds and the job allocated 3425.98 GB of memory so far.
2026-10-03 19:16:24.397 INFO   [65D5D3\3E0DB1] Auto-routing pass #16 on board '2a8e439f8e265b9135e23f67bf0c7327' was completed in 0.00 seconds with score 833.10 (47 unrouted and 12 violations), using 276.91 CPU seconds and the job allocated 3700.23 GB of memory so far.
2026-10-03 19:16:49.010 INFO   [65D5D3\3E0DB1] Auto-routing pass #17 on board '2a8e439f8e265b9135e23f67bf0c7327' was completed in 24.52 seconds with score 833.10 (47 unrouted and 12 violations), using 301.62 CPU seconds and the job allocated 4006.19 GB of memory so far.
2026-10-03 19:17:08.851 INFO   [65D5D3\3E0DB1] Auto-routing pass #18 on board '48735549b82a1d46fbd2c9eea7a94973' was completed in 19.65 seconds with score 843.24 (44 unrouted and 12 violations), using 320.46 CPU seconds and the job allocated 4236.10 GB of memory so far.
2026-10-03 19:17:32.233 INFO   [65D5D3\3E0DB1] Auto-routing pass #19 on board '4b00a4d69da851b79c0de550363e2d6e' was completed in 23.18 seconds with score 816.21 (52 unrouted and 12 violations), using 343.24 CPU seconds and the job allocated 4506.31 GB of memory so far.
