2026-10-03 19:07:47.230 INFO   Freerouting v2.4.1 (build-date: 2026-09-03)
2026-10-03 19:07:48.375 WARN   Simplex.cutout_from only implemented for 2-dim simplex
2026-10-03 19:07:48.375 ERROR  Couldn't load the input file 'evidence/rev-0.0.17-alpha.0/manual-usb/kicad-refilled.dsn'
java.lang.NullPointerException: Cannot read the array length because "resultPieces" is null
	at app.freerouting.geometry.planar.PolylineArea.cutoutHolePiece(PolylineArea.java:30)
	at app.freerouting.geometry.planar.PolylineArea.splitToConvex(PolylineArea.java:192)
	at app.freerouting.geometry.planar.PolylineArea.splitToConvex(PolylineArea.java:159)
	at app.freerouting.board.model.items.ObstacleArea.splitToConvex(ObstacleArea.java:338)
	at app.freerouting.board.searchtree.ShapeSearchTree.calculateTreeShapes(ShapeSearchTree.java:912)
	at app.freerouting.board.model.items.ObstacleArea.calculateTreeShapes(ObstacleArea.java:184)
	at app.freerouting.board.model.items.Item.getPrecalculatedTreeShapes(Item.java:234)
	at app.freerouting.board.model.items.Item.treeShapeCount(Item.java:208)
	at app.freerouting.datastructures.ShapeTree.insert(ShapeTree.java:33)
	at app.freerouting.board.searchtree.SearchTreeManager.insert(SearchTreeManager.java:41)
	at app.freerouting.board.facade.BoardItemRepository.insertItem(BoardItemRepository.java:161)
	at app.freerouting.board.facade.BasicBoard.insertItem(BasicBoard.java:1220)
	at app.freerouting.board.facade.BasicBoard.insertConductionArea(BasicBoard.java:571)
	at app.freerouting.io.specctra.parser.Structure.readScope(Structure.java:1108)
	at app.freerouting.io.specctra.DsnReader.readMetadata(DsnReader.java:248)
	at app.freerouting.settings.sources.DsnFileSettings.<init>(DsnFileSettings.java:30)
	at app.freerouting.Freerouting.initializeCli(Freerouting.java:104)
	at app.freerouting.Freerouting.main(Freerouting.java:1494)
2026-10-03 19:07:48.375 ERROR  Couldn't load the input file 'evidence/rev-0.0.17-alpha.0/manual-usb/kicad-refilled.dsn'
java.lang.NullPointerException: Cannot read the array length because "resultPieces" is null
	at app.freerouting.geometry.planar.PolylineArea.cutoutHolePiece(PolylineArea.java:30)
	at app.freerouting.geometry.planar.PolylineArea.splitToConvex(PolylineArea.java:192)
	at app.freerouting.geometry.planar.PolylineArea.splitToConvex(PolylineArea.java:159)
	at app.freerouting.board.model.items.ObstacleArea.splitToConvex(ObstacleArea.java:338)
	at app.freerouting.board.searchtree.ShapeSearchTree.calculateTreeShapes(ShapeSearchTree.java:912)
	at app.freerouting.board.model.items.ObstacleArea.calculateTreeShapes(ObstacleArea.java:184)
	at app.freerouting.board.model.items.Item.getPrecalculatedTreeShapes(Item.java:234)
	at app.freerouting.board.model.items.Item.treeShapeCount(Item.java:208)
	at app.freerouting.datastructures.ShapeTree.insert(ShapeTree.java:33)
	at app.freerouting.board.searchtree.SearchTreeManager.insert(SearchTreeManager.java:41)
	at app.freerouting.board.facade.BoardItemRepository.insertItem(BoardItemRepository.java:161)
	at app.freerouting.board.facade.BasicBoard.insertItem(BasicBoard.java:1220)
	at app.freerouting.board.facade.BasicBoard.insertConductionArea(BasicBoard.java:571)
	at app.freerouting.io.specctra.parser.Structure.readScope(Structure.java:1108)
	at app.freerouting.io.specctra.DsnReader.readMetadata(DsnReader.java:248)
	at app.freerouting.settings.sources.DsnFileSettings.<init>(DsnFileSettings.java:30)
	at app.freerouting.Freerouting.initializeCli(Freerouting.java:104)
	at app.freerouting.Freerouting.main(Freerouting.java:1494)
2026-10-03 19:07:48.385 WARN   Simplex.cutout_from only implemented for 2-dim simplex
2026-10-03 19:07:48.385 ERROR  Cannot read the array length because "resultPieces" is null
java.lang.NullPointerException: Cannot read the array length because "resultPieces" is null
	at app.freerouting.geometry.planar.PolylineArea.cutoutHolePiece(PolylineArea.java:30)
	at app.freerouting.geometry.planar.PolylineArea.splitToConvex(PolylineArea.java:192)
	at app.freerouting.geometry.planar.PolylineArea.splitToConvex(PolylineArea.java:159)
	at app.freerouting.board.model.items.ObstacleArea.splitToConvex(ObstacleArea.java:338)
	at app.freerouting.board.searchtree.ShapeSearchTree.calculateTreeShapes(ShapeSearchTree.java:912)
	at app.freerouting.board.model.items.ObstacleArea.calculateTreeShapes(ObstacleArea.java:184)
	at app.freerouting.board.model.items.Item.getPrecalculatedTreeShapes(Item.java:234)
	at app.freerouting.board.model.items.Item.treeShapeCount(Item.java:208)
	at app.freerouting.datastructures.ShapeTree.insert(ShapeTree.java:33)
	at app.freerouting.board.searchtree.SearchTreeManager.insert(SearchTreeManager.java:41)
	at app.freerouting.board.facade.BoardItemRepository.insertItem(BoardItemRepository.java:161)
	at app.freerouting.board.facade.BasicBoard.insertItem(BasicBoard.java:1220)
	at app.freerouting.board.facade.BasicBoard.insertConductionArea(BasicBoard.java:571)
	at app.freerouting.io.specctra.parser.Structure.readScope(Structure.java:1108)
	at app.freerouting.io.specctra.DsnReader.readMetadata(DsnReader.java:248)
	at app.freerouting.settings.sources.DsnFileSettings.<init>(DsnFileSettings.java:30)
	at app.freerouting.Freerouting.initializeCli(Freerouting.java:128)
	at app.freerouting.Freerouting.main(Freerouting.java:1494)
2026-10-03 19:07:48.385 ERROR  Cannot read the array length because "resultPieces" is null
java.lang.NullPointerException: Cannot read the array length because "resultPieces" is null
	at app.freerouting.geometry.planar.PolylineArea.cutoutHolePiece(PolylineArea.java:30)
	at app.freerouting.geometry.planar.PolylineArea.splitToConvex(PolylineArea.java:192)
	at app.freerouting.geometry.planar.PolylineArea.splitToConvex(PolylineArea.java:159)
	at app.freerouting.board.model.items.ObstacleArea.splitToConvex(ObstacleArea.java:338)
	at app.freerouting.board.searchtree.ShapeSearchTree.calculateTreeShapes(ShapeSearchTree.java:912)
	at app.freerouting.board.model.items.ObstacleArea.calculateTreeShapes(ObstacleArea.java:184)
	at app.freerouting.board.model.items.Item.getPrecalculatedTreeShapes(Item.java:234)
	at app.freerouting.board.model.items.Item.treeShapeCount(Item.java:208)
	at app.freerouting.datastructures.ShapeTree.insert(ShapeTree.java:33)
	at app.freerouting.board.searchtree.SearchTreeManager.insert(SearchTreeManager.java:41)
	at app.freerouting.board.facade.BoardItemRepository.insertItem(BoardItemRepository.java:161)
	at app.freerouting.board.facade.BasicBoard.insertItem(BasicBoard.java:1220)
	at app.freerouting.board.facade.BasicBoard.insertConductionArea(BasicBoard.java:571)
	at app.freerouting.io.specctra.parser.Structure.readScope(Structure.java:1108)
	at app.freerouting.io.specctra.DsnReader.readMetadata(DsnReader.java:248)
	at app.freerouting.settings.sources.DsnFileSettings.<init>(DsnFileSettings.java:30)
	at app.freerouting.Freerouting.initializeCli(Freerouting.java:128)
	at app.freerouting.Freerouting.main(Freerouting.java:1494)
