2026-10-03 19:17:46.195 INFO   Freerouting v2.4.1 (build-date: 2026-09-03)
2026-10-03 19:17:47.635 INFO   [D9CD04\ECC7A3] Loading board file 'kicad-ground-plane.dsn'...
2026-10-03 19:17:47.683 INFO   Layer 'In1.Cu' has been automatically configured as a dedicated power plane because it contains a large conduction area covering >50% of the board.
2026-10-03 19:17:47.691 INFO   [D9CD04\ECC7A3] Job 'D9CD04\ECC7A3' started at 2026-10-03T17:17:47.690977Z.
2026-10-03 19:17:47.750 INFO   [D9CD04\ECC7A3] Auto-routing stage started on board '872cd76c5c735a8382e34b96877d156f' for 294 unrouted items.
2026-10-03 19:17:59.477 INFO   [D9CD04\ECC7A3] Auto-routing pass #1 on board '872cd76c5c735a8382e34b96877d156f' was completed in 11.66 seconds with score 666.66 (97 unrouted and 10 violations), using 10.73 CPU seconds and the job allocated 147.86 GB of memory so far.
2026-10-03 19:18:10.382 INFO   [D9CD04\ECC7A3] Auto-routing pass #2 on board 'f8d7b539a4cc53ae066823dcf6b51b82' was completed in 10.77 seconds with score 680.13 (93 unrouted and 10 violations), using 21.48 CPU seconds and the job allocated 294.84 GB of memory so far.
2026-10-03 19:18:23.352 INFO   [D9CD04\ECC7A3] Auto-routing pass #3 on board '7aebb1daac31ca47e1587a01c17c586f' was completed in 12.82 seconds with score 764.30 (68 unrouted and 10 violations), using 34.23 CPU seconds and the job allocated 465.55 GB of memory so far.
2026-10-03 19:18:38.400 INFO   [D9CD04\ECC7A3] Auto-routing pass #4 on board 'ad46fb7ccadc7d5a5a6510c7a314647d' was completed in 14.86 seconds with score 784.51 (62 unrouted and 10 violations), using 48.94 CPU seconds and the job allocated 649.11 GB of memory so far.
2026-10-03 19:18:51.967 INFO   [D9CD04\ECC7A3] Auto-routing pass #5 on board 'c12569cc346babdb20b79a39bdbf66ba' was completed in 13.35 seconds with score 791.24 (60 unrouted and 10 violations), using 61.69 CPU seconds and the job allocated 807.63 GB of memory so far.
2026-10-03 19:19:09.721 INFO   [D9CD04\ECC7A3] Auto-routing pass #6 on board '676f5468d963189b2323e957bcee7bfe' was completed in 17.57 seconds with score 818.17 (52 unrouted and 10 violations), using 79.30 CPU seconds and the job allocated 1011.05 GB of memory so far.
2026-10-03 19:19:26.075 INFO   [D9CD04\ECC7A3] Auto-routing pass #7 on board '04031d0e98054e5275f89be974ac8da7' was completed in 16.13 seconds with score 804.71 (56 unrouted and 10 violations), using 94.98 CPU seconds and the job allocated 1189.87 GB of memory so far.
2026-10-03 19:19:44.993 INFO   [D9CD04\ECC7A3] Auto-routing pass #8 on board '66e7269cf59c715803d4a6f14d7f45d9' was completed in 18.71 seconds with score 831.64 (48 unrouted and 10 violations), using 113.60 CPU seconds and the job allocated 1399.57 GB of memory so far.
2026-10-03 19:19:58.260 INFO   [D9CD04\ECC7A3] Auto-routing pass #9 on board 'fc40803a09968cb96faa9b6276dba56c' was completed in 13.04 seconds with score 811.44 (54 unrouted and 10 violations), using 126.36 CPU seconds and the job allocated 1545.58 GB of memory so far.
2026-10-03 19:20:16.244 INFO   [D9CD04\ECC7A3] Auto-routing pass #10 on board '4b20353d81bf56e0a6d1e489c131ed8c' was completed in 17.78 seconds with score 821.54 (51 unrouted and 10 violations), using 144.03 CPU seconds and the job allocated 1750.36 GB of memory so far.
2026-10-03 19:20:33.243 INFO   [D9CD04\ECC7A3] Auto-routing pass #11 on board '3cf5b19c94ae19a27a41a5f7fd4b89a4' was completed in 16.74 seconds with score 831.64 (48 unrouted and 10 violations), using 160.74 CPU seconds and the job allocated 1940.54 GB of memory so far.
2026-10-03 19:20:52.423 INFO   [D9CD04\ECC7A3] Auto-routing pass #12 on board '6e4a606e2a57427603182ecd0049d71f' was completed in 18.95 seconds with score 831.64 (48 unrouted and 10 violations), using 179.38 CPU seconds and the job allocated 2146.24 GB of memory so far.
2026-10-03 19:21:09.198 INFO   [D9CD04\ECC7A3] Auto-routing pass #13 on board '6e4a606e2a57427603182ecd0049d71f' was completed in 16.66 seconds with score 828.28 (49 unrouted and 10 violations), using 195.07 CPU seconds and the job allocated 2324.03 GB of memory so far.
2026-10-03 19:21:28.823 INFO   [D9CD04\ECC7A3] Auto-routing pass #14 on board 'ebffdb6115c2d09a871c30efbd767557' was completed in 19.41 seconds with score 804.71 (56 unrouted and 10 violations), using 214.68 CPU seconds and the job allocated 2530.35 GB of memory so far.
2026-10-03 19:21:47.925 INFO   [D9CD04\ECC7A3] Auto-routing pass #15 on board 'e30279873b4243e55cbeff2a7777d581' was completed in 18.91 seconds with score 824.91 (50 unrouted and 10 violations), using 233.38 CPU seconds and the job allocated 2735.83 GB of memory so far.
2026-10-03 19:22:10.755 INFO   [D9CD04\ECC7A3] Auto-routing pass #16 on board '6e4a606e2a57427603182ecd0049d71f' was completed in 0.00 seconds with score 831.64 (48 unrouted and 10 violations), using 255.04 CPU seconds and the job allocated 2962.05 GB of memory so far.
2026-10-03 19:22:31.167 INFO   [D9CD04\ECC7A3] Auto-routing pass #17 on board '6e4a606e2a57427603182ecd0049d71f' was completed in 20.30 seconds with score 831.64 (48 unrouted and 10 violations), using 275.68 CPU seconds and the job allocated 3183.59 GB of memory so far.
2026-10-03 19:22:52.774 INFO   [D9CD04\ECC7A3] Auto-routing pass #18 on board '6b739fff84bea993a9b661cd2f43f882' was completed in 21.36 seconds with score 808.07 (55 unrouted and 10 violations), using 296.31 CPU seconds and the job allocated 3399.73 GB of memory so far.
2026-10-03 19:22:52.790 INFO   [D9CD04\ECC7A3] The router's best score (831.64) has not improved by more than 0.5 points since pass #8. Stopping the auto-router after 18 passes (48 items still unconnected).
The following connections could not be routed -- please review your design (e.g. check pad clearances, trace width rules, and available routing space):
  Net 'GND' (7 unrouted connections):
    - C20-2  ->  C30-2
    - U1-29  ->  D_CAN-3
    - U9-2  ->  U9-4
    - C34-2  ->  U3-2
    - C26-2  ->  U3-13
    - J_IO-4  ->  J_IO-1
    - U10-17  ->  U4-4
  Net 'V3V3' (1 unrouted connection):
    - L1-2  ->  U3-12
  Net 'PD_CC2_CONN' (2 unrouted connections):
    - C24-1  ->  J_USB-15
    - C24-1  ->  U3-9
  Net 'PD_CC1_CONN' (1 unrouted connection):
    - C23-1  ->  U3-7
  Net 'VBUS_CONN' (1 unrouted connection):
    - J_USB-21  ->  via
  Net 'TMC_STEP' (1 unrouted connection):
    - R8-1  ->  U1-17
  Net 'MOTOR_B2' (1 unrouted connection):
    - J_MOTOR-4  ->  U2-1
  Net 'VBUS_ADC' (3 unrouted connections):
    - R51-1  ->  C27-1
    - U1-11  ->  R51-1
    - U7-13  ->  C27-1
  Net 'TEMP_ALERT_N' (1 unrouted connection):
    - R33-2  ->  U1-12
  Net 'TMC_UART_TX' (1 unrouted connection):
    - R4-1  ->  U1-13
  Net 'TMC_UART_RX' (1 unrouted connection):
    - R4-2  ->  U1-14
  Net 'TMC_DIAG' (1 unrouted connection):
    - U2-11  ->  U1-16
  Net 'TMC_DIR' (1 unrouted connection):
    - U1-18  ->  R9-1
  Net 'EXT_STEP' (1 unrouted connection):
    - U1-19  ->  R23-2
  Net 'EXT_DIR' (1 unrouted connection):
    - U1-20  ->  R24-2
  Net 'PD_DB' (1 unrouted connection):
    - U1-24  ->  U3-10
  Net 'PD_FLT' (2 unrouted connections):
    - U3-11  ->  R12-2
    - U3-11  ->  U1-25
  Net 'POWER_HIGH_CURRENT' (2 unrouted connections):
    - R46-1  ->  Q_ILIM-1
    - R46-1  ->  U1-26
  Net 'PD_CC1_MCU' (1 unrouted connection):
    - U1-28  ->  U3-3
  Net 'SWDIO' (1 unrouted connection):
    - R52-1  ->  U1-35
  Net 'SWCLK' (1 unrouted connection):
    - R53-1  ->  R21-2
  Net 'EFUSE_FLT_N' (2 unrouted connections):
    - R48-2  ->  U10-22
    - U1-43  ->  U10-22
  Net 'CAN_RX' (1 unrouted connection):
    - U1-44  ->  U6-4
  Net 'I2C_SCL' (1 unrouted connection):
    - via  ->  U4-7
  Net 'I2C_SDA' (1 unrouted connection):
    - R3-2  ->  U1-48
  Net 'EFUSE_OVP_TOP_2' (1 unrouted connection):
    - R41-2  ->  R42-1
  Net 'POWER_GOOD' (1 unrouted connection):
    - U8-2  ->  U7-11
  Net 'NRST_GUARDED' (1 unrouted connection):
    - U7-9  ->  R22-1
  Net 'VBUS_PROTECTED' (1 unrouted connection):
    - Q_PD-1  ->  U10-9
  Net 'PD_OVP' (2 unrouted connections):
    - R14-2  ->  R15-1
    - U3-6  ->  R14-2
  Net 'EFUSE_DVDT' (1 unrouted connection):
    - U10-20  ->  C33-1
  Net 'EFUSE_RTN' (2 unrouted connections):
    - U10-25  ->  C33-2
    - U10-25  ->  R44-2
  Net 'EXT_ENABLE_N_CONN' (1 unrouted connection):
    - D_IO1-4  ->  R25-1
  Net 'EFUSE_EN' (1 unrouted connection):
    - U10-10  ->  R38-2
  Net 'CAN_H' (1 unrouted connection):
    - J_IO-2  ->  D_CAN-1
  Net 'EFUSE_OVP' (2 unrouted connections):
    - R43-1  ->  R42-2
    - U10-12  ->  R42-2
  Net 'EXT_STEP_CONN' (1 unrouted connection):
    - D_IO1-1  ->  J_IO-5
  Net 'EXT_DIR_CONN' (1 unrouted connection):
    - D_IO1-2  ->  J_IO-6
  Net 'LIMIT1_CONN' (1 unrouted connection):
    - R26-1  ->  D_IO1-5
  Net 'EFUSE_ILIM' (1 unrouted connection):
    - R44-1  ->  U10-19
2026-10-03 19:22:53.226 INFO   [D9CD04\ECC7A3] Auto-routing stage completed: started with 294 unrouted nets, completed in 305.40 seconds, final score: 831.64 (48 unrouted and 10 violations), using 297.29 total CPU seconds, 3417.39 GB total allocated, and 734.9 MB peak heap usage.
2026-10-03 19:22:53.349 INFO   [D9CD04\ECC7A3] Optimization stage started on board '793207a626fab001bdd8914d96c28075' with score 814.81 (53 unrouted and 10 violations).
2026-10-03 19:23:05.114 INFO   [D9CD04\ECC7A3] Stopping optimization pass #1 early after 50 consecutive items could not be improved.
2026-10-03 19:23:05.244 INFO   [D9CD04\ECC7A3] Optimizer pass #1 on board '4bc38599886bbbb7267e44fa6bc79e6f' was completed in 11.51 seconds with the score of 814.81 (53 unrouted and 10 violations).
2026-10-03 19:23:05.361 INFO   [D9CD04\ECC7A3] Stopping optimizer because the improvement in this pass (0.0000%) is below the threshold (1.00%).
2026-10-03 19:23:05.480 INFO   [D9CD04\ECC7A3] Optimization stage completed: started with score 814.81 (53 unrouted and 10 violations), completed in 12.01 seconds, final score: 814.81 (53 unrouted and 10 violations), using 11.76 total CPU seconds, 236.29 GB total allocated, and 612.1 MB peak heap usage.
2026-10-03 19:23:05.492 INFO   [D9CD04\ECC7A3] Job 'D9CD04\ECC7A3' finished with state: COMPLETED (elapsed: 5 minutes 17.80 seconds, finished at UTC: 2026-10-03T17:23:05.492323Z).
2026-10-03 19:23:05.765 INFO   Saving output file '/Users/anassarkiz/tsci/tscircuit-store/boards/smart-nema14-motor-controller--01a0fd9b/evidence/rev-0.0.17-alpha.0/manual-usb/ground-plane-routed.ses' (SES)...
2026-10-03 19:23:05.769 INFO   Successfully saved output file '/Users/anassarkiz/tsci/tscircuit-store/boards/smart-nema14-motor-controller--01a0fd9b/evidence/rev-0.0.17-alpha.0/manual-usb/ground-plane-routed.ses' (95055 bytes).
