2026-10-03 20:15:15.885 INFO   Freerouting v2.4.1 (build-date: 2026-09-03)
2026-10-03 20:15:17.579 INFO   [EDC75F\63EE7D] Loading board file 'local-routing.dsn'...
2026-10-03 20:15:18.237 INFO   [EDC75F\63EE7D] Job 'EDC75F\63EE7D' started at 2026-10-03T18:15:18.237427Z.
2026-10-03 20:15:18.430 INFO   [EDC75F\63EE7D] Auto-routing stage started on board '5c1afefbeac4086f2ee714599b7058c8' for 298 unrouted items.
2026-10-03 20:16:13.387 INFO   [EDC75F\63EE7D] Auto-routing pass #1 on board '5c1afefbeac4086f2ee714599b7058c8' was completed in 52.88 seconds with score 668.43 (97 unrouted and 14 violations), using 53.48 CPU seconds and the job allocated 224.50 GB of memory so far.
2026-10-03 20:17:04.468 INFO   [EDC75F\63EE7D] Auto-routing pass #2 on board 'c62f26d5471bd08bb922f0f8022bbf07' was completed in 49.03 seconds with score 728.23 (79 unrouted and 14 violations), using 103.94 CPU seconds and the job allocated 427.19 GB of memory so far.
2026-10-03 20:17:46.878 INFO   [EDC75F\63EE7D] Auto-routing pass #3 on board '69e29813164aef3dc196b81db7a1392f' was completed in 40.19 seconds with score 771.42 (66 unrouted and 14 violations), using 145.56 CPU seconds and the job allocated 596.56 GB of memory so far.
2026-10-03 20:18:43.468 INFO   [EDC75F\63EE7D] Auto-routing pass #4 on board 'cd322c1fccdcbc1ec2713ea7c168a918' was completed in 54.21 seconds with score 771.42 (66 unrouted and 14 violations), using 200.99 CPU seconds and the job allocated 818.62 GB of memory so far.
2026-10-03 20:19:45.851 INFO   [EDC75F\63EE7D] Auto-routing pass #5 on board 'c315e5d7772a45d9fcc1ccf3ab5db676' was completed in 60.07 seconds with score 814.61 (53 unrouted and 14 violations), using 262.31 CPU seconds and the job allocated 1058.04 GB of memory so far.
2026-10-03 20:20:34.672 INFO   [EDC75F\63EE7D] Auto-routing pass #6 on board 'a834289d646422474d05ee09f2d022f0' was completed in 46.43 seconds with score 841.19 (45 unrouted and 14 violations), using 309.87 CPU seconds and the job allocated 1243.86 GB of memory so far.
2026-10-03 20:21:22.495 INFO   [EDC75F\63EE7D] Auto-routing pass #7 on board 'a2500f7843eafc1d5f4e641c29e116da' was completed in 45.34 seconds with score 851.15 (42 unrouted and 14 violations), using 357.44 CPU seconds and the job allocated 1425.48 GB of memory so far.
2026-10-03 20:22:05.952 INFO   [EDC75F\63EE7D] Auto-routing pass #8 on board '842f2a22ff567f8951aab3304f4aac27' was completed in 40.93 seconds with score 851.15 (42 unrouted and 14 violations), using 400.06 CPU seconds and the job allocated 1589.19 GB of memory so far.
2026-10-03 20:22:45.276 INFO   [EDC75F\63EE7D] Auto-routing pass #9 on board '842f2a22ff567f8951aab3304f4aac27' was completed in 38.06 seconds with score 834.54 (47 unrouted and 14 violations), using 438.61 CPU seconds and the job allocated 1748.90 GB of memory so far.
2026-10-03 20:23:32.980 INFO   [EDC75F\63EE7D] Auto-routing pass #10 on board '74a3c4600d90460f3780fd55d51140a0' was completed in 45.24 seconds with score 847.83 (43 unrouted and 14 violations), using 485.03 CPU seconds and the job allocated 1932.62 GB of memory so far.
2026-10-03 20:24:24.297 INFO   [EDC75F\63EE7D] Auto-routing pass #11 on board '30bd7cae9de68dfd5007d5aa201e6f1a' was completed in 48.82 seconds with score 851.15 (42 unrouted and 14 violations), using 535.46 CPU seconds and the job allocated 2120.74 GB of memory so far.
2026-10-03 20:25:12.395 INFO   [EDC75F\63EE7D] Auto-routing pass #12 on board '81a0fad6056b5b7d4d65f876de72f08a' was completed in 45.62 seconds with score 857.80 (40 unrouted and 14 violations), using 583.00 CPU seconds and the job allocated 2307.28 GB of memory so far.
2026-10-03 20:26:16.237 INFO   [EDC75F\63EE7D] Auto-routing pass #13 on board 'e6b9686a35cc2d05458139e135d08a1c' was completed in 61.33 seconds with score 824.58 (50 unrouted and 14 violations), using 645.25 CPU seconds and the job allocated 2526.47 GB of memory so far.
2026-10-03 20:27:16.171 INFO   [EDC75F\63EE7D] Auto-routing pass #14 on board '889d4ffe769ba8fa0cf4eca59e697469' was completed in 57.49 seconds with score 857.80 (40 unrouted and 14 violations), using 704.69 CPU seconds and the job allocated 2749.25 GB of memory so far.
2026-10-03 20:28:09.199 INFO   [EDC75F\63EE7D] Auto-routing pass #15 on board '37851269c637b1f2e10ba963cbe72fc7' was completed in 50.52 seconds with score 847.83 (43 unrouted and 14 violations), using 757.17 CPU seconds and the job allocated 2941.73 GB of memory so far.
2026-10-03 20:29:16.814 INFO   [EDC75F\63EE7D] Auto-routing pass #16 on board '37851269c637b1f2e10ba963cbe72fc7' was completed in 0.00 seconds with score 857.80 (40 unrouted and 14 violations), using 823.48 CPU seconds and the job allocated 3178.73 GB of memory so far.
2026-10-03 20:30:13.348 INFO   [EDC75F\63EE7D] Auto-routing pass #17 on board '37851269c637b1f2e10ba963cbe72fc7' was completed in 55.22 seconds with score 841.19 (45 unrouted and 14 violations), using 878.82 CPU seconds and the job allocated 3381.87 GB of memory so far.
2026-10-03 20:31:15.916 INFO   [EDC75F\63EE7D] Auto-routing pass #18 on board 'e0dfa83cff02220e95eed8ac27df65e0' was completed in 59.94 seconds with score 844.51 (44 unrouted and 14 violations), using 940.21 CPU seconds and the job allocated 3608.95 GB of memory so far.
2026-10-03 20:32:14.113 INFO   [EDC75F\63EE7D] Auto-routing pass #19 on board '9d64428f66b7c754daffed9bc3c65a3f' was completed in 55.50 seconds with score 847.83 (43 unrouted and 14 violations), using 996.47 CPU seconds and the job allocated 3804.76 GB of memory so far.
2026-10-03 20:33:05.735 INFO   [EDC75F\63EE7D] Auto-routing pass #20 on board 'f405deb5d0a94f807daaf5cdde732a90' was completed in 49.16 seconds with score 861.12 (39 unrouted and 14 violations), using 1048.03 CPU seconds and the job allocated 4004.12 GB of memory so far.
2026-10-03 20:33:08.283 INFO   [EDC75F\63EE7D] Auto-routing stage completed: started with 298 unrouted nets, completed in 1068.69 seconds, final score: 861.12 (39 unrouted and 14 violations), using 1050.03 total CPU seconds, 4009.22 GB total allocated, and 585.5 MB peak heap usage.
2026-10-03 20:33:09.587 INFO   [EDC75F\63EE7D] Optimization stage started on board 'b2f16b04cad4eca390a5e9a4908799c3' with score 837.87 (46 unrouted and 14 violations).
2026-10-03 20:33:48.117 INFO   [EDC75F\63EE7D] Stopping optimization pass #1 early after 50 consecutive items could not be improved.
2026-10-03 20:33:49.516 INFO   [EDC75F\63EE7D] Optimizer pass #1 on board 'f877cbdf626a1b0b10d956aa1e40fc02' was completed in 35.86 seconds with the score of 837.87 (46 unrouted and 14 violations).
2026-10-03 20:33:50.953 INFO   [EDC75F\63EE7D] Stopping optimizer because the improvement in this pass (0.0000%) is below the threshold (1.00%).
2026-10-03 20:33:52.377 INFO   [EDC75F\63EE7D] Optimization stage completed: started with score 837.87 (46 unrouted and 14 violations), completed in 41.39 seconds, final score: 837.87 (46 unrouted and 14 violations), using 40.93 total CPU seconds, 199.83 GB total allocated, and 557.3 MB peak heap usage.
2026-10-03 20:33:52.424 INFO   [EDC75F\63EE7D] Job 'EDC75F\63EE7D' finished with state: COMPLETED (elapsed: 18 minutes 34.18 seconds, finished at UTC: 2026-10-03T18:33:52.422876Z).
2026-10-03 20:33:52.923 INFO   Saving output file '/Users/anassarkiz/tsci/tscircuit-store/boards/smart-nema14-motor-controller--01a0fd9b/evidence/rev-0.0.17-alpha.0/manual-usb-060/local-routed.ses' (SES)...
2026-10-03 20:33:52.925 INFO   Successfully saved output file '/Users/anassarkiz/tsci/tscircuit-store/boards/smart-nema14-motor-controller--01a0fd9b/evidence/rev-0.0.17-alpha.0/manual-usb-060/local-routed.ses' (112774 bytes).
