2026-10-03 22:01:27.163 INFO   Freerouting v2.4.1 (build-date: 2026-09-03)
2026-10-03 22:01:28.844 INFO   [287FD6\F45516] Loading board file 'resumed-routing.dsn'...
2026-10-03 22:01:29.084 WARN   DSN file 'resumed-routing.dsn' was loaded with 11 warning(s).
2026-10-03 22:01:29.300 INFO   [287FD6\F45516] Job '287FD6\F45516' started at 2026-10-03T20:01:29.300657Z.
2026-10-03 22:01:29.812 INFO   [287FD6\F45516] Auto-routing stage started on board '9224537132542f0c29c1298dd3958e01' for 218 unrouted items.
2026-10-03 22:02:26.173 INFO   [287FD6\F45516] Auto-routing pass #1 on board '9224537132542f0c29c1298dd3958e01' was completed in 53.94 seconds with score 635.21 (107 unrouted and 14 violations), using 55.11 CPU seconds and the job allocated 319.07 GB of memory so far.
2026-10-03 22:03:14.570 INFO   [287FD6\F45516] Auto-routing pass #2 on board 'f6232a486225ed52271d0909bb2986dd' was completed in 46.06 seconds with score 631.89 (108 unrouted and 14 violations), using 102.40 CPU seconds and the job allocated 551.19 GB of memory so far.
2026-10-03 22:04:00.632 INFO   [287FD6\F45516] Auto-routing pass #3 on board '7fe55d99874389c91f43885510cdf6ae' was completed in 43.75 seconds with score 631.89 (108 unrouted and 14 violations), using 147.88 CPU seconds and the job allocated 782.55 GB of memory so far.
2026-10-03 22:04:46.115 INFO   [287FD6\F45516] Auto-routing pass #4 on board 'de07f817036bd5691ee404b46de8126b' was completed in 43.20 seconds with score 631.89 (108 unrouted and 14 violations), using 192.46 CPU seconds and the job allocated 1011.85 GB of memory so far.
2026-10-03 22:05:32.689 INFO   [287FD6\F45516] Auto-routing pass #5 on board 'ebf82fa5b67d1f6d98914531522afee1' was completed in 44.26 seconds with score 631.89 (108 unrouted and 14 violations), using 238.88 CPU seconds and the job allocated 1243.60 GB of memory so far.
2026-10-03 22:06:18.531 INFO   [287FD6\F45516] Auto-routing pass #6 on board '638234c2e6414ed11826a70501d93b4d' was completed in 43.49 seconds with score 631.89 (108 unrouted and 14 violations), using 283.46 CPU seconds and the job allocated 1472.85 GB of memory so far.
2026-10-03 22:07:04.687 INFO   [287FD6\F45516] Auto-routing pass #7 on board 'a1393433e2a62a4f0a96111743710a75' was completed in 43.85 seconds with score 631.89 (108 unrouted and 14 violations), using 328.96 CPU seconds and the job allocated 1702.03 GB of memory so far.
2026-10-03 22:07:52.317 INFO   [287FD6\F45516] Auto-routing pass #8 on board 'f6232a486225ed52271d0909bb2986dd' was completed in 0.00 seconds with score 635.21 (107 unrouted and 14 violations), using 376.49 CPU seconds and the job allocated 1937.25 GB of memory so far.
2026-10-03 22:08:37.786 INFO   [287FD6\F45516] Auto-routing pass #9 on board 'f6232a486225ed52271d0909bb2986dd' was completed in 44.31 seconds with score 635.21 (107 unrouted and 14 violations), using 420.83 CPU seconds and the job allocated 2160.58 GB of memory so far.
2026-10-03 22:09:22.468 INFO   [287FD6\F45516] Auto-routing pass #10 on board '5ee405eb70ac0dc65a852c09f0aca8d2' was completed in 42.35 seconds with score 635.21 (107 unrouted and 14 violations), using 465.14 CPU seconds and the job allocated 2379.99 GB of memory so far.
2026-10-03 22:10:13.808 INFO   [287FD6\F45516] Auto-routing pass #11 on board '5ee405eb70ac0dc65a852c09f0aca8d2' was completed in 49.77 seconds with score 635.21 (107 unrouted and 14 violations), using 513.52 CPU seconds and the job allocated 2600.72 GB of memory so far.
2026-10-03 22:11:10.029 INFO   [287FD6\F45516] Auto-routing pass #12 on board '5ee405eb70ac0dc65a852c09f0aca8d2' was completed in 54.86 seconds with score 635.21 (107 unrouted and 14 violations), using 566.83 CPU seconds and the job allocated 2824.46 GB of memory so far.
2026-10-03 22:12:05.254 INFO   [287FD6\F45516] Auto-routing pass #13 on board '5ee405eb70ac0dc65a852c09f0aca8d2' was completed in 53.80 seconds with score 635.21 (107 unrouted and 14 violations), using 619.32 CPU seconds and the job allocated 3045.45 GB of memory so far.
2026-10-03 22:13:01.313 INFO   [287FD6\F45516] Auto-routing pass #14 on board '5ee405eb70ac0dc65a852c09f0aca8d2' was completed in 54.59 seconds with score 635.21 (107 unrouted and 14 violations), using 674.44 CPU seconds and the job allocated 3270.49 GB of memory so far.
2026-10-03 22:13:56.061 INFO   [287FD6\F45516] Auto-routing pass #15 on board '5ee405eb70ac0dc65a852c09f0aca8d2' was completed in 53.29 seconds with score 635.21 (107 unrouted and 14 violations), using 728.90 CPU seconds and the job allocated 3493.16 GB of memory so far.
