08:35:05 PM: Debug: Adding duplicate image handler for 'PNG file'
08:35:05 PM: Debug: Adding duplicate image handler for 'JPEG file'
08:35:05 PM: Debug: Adding duplicate image handler for 'TIFF file'
08:35:05 PM: Debug: Adding duplicate image handler for 'GIF file'
08:35:05 PM: Debug: Adding duplicate image handler for 'PNM file'
08:35:05 PM: Debug: Adding duplicate image handler for 'PCX file'
08:35:05 PM: Debug: Adding duplicate image handler for 'IFF file'
08:35:05 PM: Debug: Adding duplicate image handler for 'Windows icon file'
08:35:05 PM: Debug: Adding duplicate image handler for 'Windows cursor file'
08:35:05 PM: Debug: Adding duplicate image handler for 'Windows animated cursor file'
08:35:05 PM: Debug: Adding duplicate image handler for 'TGA file'
08:35:05 PM: Debug: Adding duplicate image handler for 'XPM file'
{
  "session_sha256": "e58200df3c4880acc5b9fdc5dfe8a2342d57ec17d03c4e4511a34d3021cb2d30",
  "native_json_sha256": "9c8ae3eaf1f197d6bd745fe2980ce885d3ab429f158a4740ebf7138790214dff",
  "kicad_version": "10.0.3",
  "footprints_checked": 115,
  "changed_footprints": [],
  "preserved_manual_copper_objects": 52,
  "missing_manual_copper": [],
  "final_copper_objects": 1468,
  "status": "preservation passed",
  "scope": "Final connectivity and native copper checks remain required."
}
