{"phase":"topologyPlanningSolver","progress":0.1624786975045648,"elapsed_seconds":3.32930524,"solved":false,"failed":false,"error":null}
{"phase":"topologyMergingSolver","progress":0.20820811654526533,"elapsed_seconds":8.331581096,"solved":false,"failed":false,"error":null}
{"phase":"topologyMergingSolver","progress":0.2206035379812695,"elapsed_seconds":13.333324542,"solved":false,"failed":false,"error":null}
{"phase":"topologyMergingSolver","progress":0.22976899063475545,"elapsed_seconds":18.339677779,"solved":false,"failed":false,"error":null}
{"phase":"nodeDimensionSubdivisionSolver","progress":0.24,"node_count":38119,"elapsed_seconds":127.471640791,"solved":false,"failed":false,"error":null}
{"phase":"edgeSolver","progress":0.28,"node_count":39333,"elapsed_seconds":154.263035528,"solved":false,"failed":false,"error":null}
{"phase":"availableSegmentPointSolver","progress":0.32,"node_count":39333,"edge_count":117359,"elapsed_seconds":185.171845922,"solved":false,"failed":false,"error":null}
{"phase":"portPointPathingSolver","progress":0.44,"node_count":39333,"edge_count":117359,"elapsed_seconds":190.17184615899998,"solved":false,"failed":false,"error":null}
{"phase":"portPointPathingSolver","progress":0.44,"node_count":39333,"edge_count":117359,"elapsed_seconds":197.16117801599998,"solved":false,"failed":false,"error":null}
{"phase":"highDensityRouteSolver","progress":0.5421686746987951,"node_count":39333,"edge_count":117359,"elapsed_seconds":202.16495831699999,"solved":false,"failed":false,"error":null}
{"phase":"mutatedPreloadedTraceSimplificationSolver","progress":0.72,"node_count":39333,"edge_count":117359,"elapsed_seconds":207.166525772,"solved":false,"failed":false,"error":null}
{"phase":"pipeline9JointDrcRepairSolver","progress":0.84,"node_count":39333,"edge_count":117359,"elapsed_seconds":213.652898751,"solved":false,"failed":false,"error":null}
{"phase":"pipeline9JointDrcRepairSolver","progress":0.84,"node_count":39333,"edge_count":117359,"elapsed_seconds":222.85670142899997,"solved":false,"failed":false,"error":null}
{"phase":"pipeline9JointDrcRepairSolver","progress":0.84,"node_count":39333,"edge_count":117359,"elapsed_seconds":230.842443023,"solved":false,"failed":false,"error":null}
{"phase":"pipeline9JointDrcRepairSolver","progress":0.84,"node_count":39333,"edge_count":117359,"elapsed_seconds":241.342053304,"solved":false,"failed":false,"error":null}
{"phase":"pipeline9JointDrcRepairSolver","progress":0.84,"node_count":39333,"edge_count":117359,"elapsed_seconds":247.156700992,"solved":false,"failed":false,"error":null}
{"phase":"pipeline9JointDrcRepairSolver","progress":0.84,"node_count":39333,"edge_count":117359,"elapsed_seconds":255.05667455999998,"solved":false,"failed":false,"error":null}
{"phase":"pipeline9JointDrcRepairSolver","progress":0.84,"node_count":39333,"edge_count":117359,"elapsed_seconds":260.942208396,"solved":false,"failed":false,"error":null}
{"phase":"pipeline9JointDrcRepairSolver","progress":0.84,"node_count":39333,"edge_count":117359,"elapsed_seconds":266.23037290200006,"solved":false,"failed":false,"error":null}
{"phase":"pipeline9JointDrcRepairSolver","progress":0.84,"node_count":39333,"edge_count":117359,"elapsed_seconds":272.678549185,"solved":false,"failed":false,"error":null}
{"phase":"pipeline9JointDrcRepairSolver","progress":0.84,"node_count":39333,"edge_count":117359,"elapsed_seconds":278.81917739000005,"solved":false,"failed":false,"error":null}
{"phase":"pipeline9JointDrcRepairSolver","progress":0.84,"node_count":39333,"edge_count":117359,"elapsed_seconds":285.58138787900003,"solved":false,"failed":false,"error":null}
{"phase":"pipeline9JointDrcRepairSolver","progress":0.84,"node_count":39333,"edge_count":117359,"elapsed_seconds":292.81440953,"solved":false,"failed":false,"error":null}
