Building 1 file(s)...
Building routing-review.circuit.tsx...
Generating circuit JSON...
trace: `key` is not a prop. Trying to access it will result in `undefined` being returned. If you need to access the same value within the child component, you should pass it as a different prop. (https://react.dev/link/special-props)
Could not save autorouting paths for subcircuit_source_group_0: PCB port selector is not unique: .D_USB > port.pin1
Circuit JSON written to dist/routing-review/circuit.json
The "J" prefix is being used with a <chip />, try using it with a <connector /> or <jumper />
The "Q" prefix is being used with a <chip />, try using it with a <transistor />
The "J" prefix is being used with a <chip />, try using it with a <connector /> or <jumper />
The "J" prefix is being used with a <chip />, try using it with a <connector /> or <jumper />
The "Q" prefix is being used with a <chip />, try using it with a <transistor />
U4 has no pin with requires_power=true
U2 has no pin with requires_power=true
J_USB has no pin with requires_power=true
J_USB has no pin with requires_ground=true
Q_PD has no pin with requires_power=true
Q_PD has no pin with requires_ground=true
All pins on Q_PD are underspecified (no pinAttributes set)
D_USB has no pin with requires_power=true
D_VBUS has no pin with requires_power=true
D_VBUS has no pin with requires_ground=true
All pins on D_VBUS are underspecified (no pinAttributes set)
J_IO has no pin with requires_power=true
J_IO has no pin with requires_ground=true
All pins on J_IO are underspecified (no pinAttributes set)
J_MOTOR has no pin with requires_power=true
J_MOTOR has no pin with requires_ground=true
All pins on J_MOTOR are underspecified (no pinAttributes set)
U9 has no pin with requires_power=true
D_IO1 has no pin with requires_power=true
D_IO2 has no pin with requires_power=true
D_CAN has no pin with requires_power=true
D_CAN has no pin with requires_ground=true
All pins on D_CAN are underspecified (no pinAttributes set)
U10 has no pin with requires_power=true
Q_ILIM has no pin with requires_power=true
Q_ILIM has no pin with requires_ground=true
All pins on Q_ILIM are underspecified (no pinAttributes set)
Failed to fetch supplier footprint for <chip#485(.MCU>.U1) /> (jlcpcb:C2847904): Was there a typo in the url or port?
Failed to fetch supplier footprint for <capacitor#566(.Encoder>.C6) /> (jlcpcb:C1525): Unable to connect. Is the computer able to access the url?
Failed to fetch supplier footprint for <chip#557(.Encoder>.U4) /> (jlcpcb:C79815): Unable to connect. Is the computer able to access the url?
Failed to fetch supplier footprint for <capacitor#549(.MCU>.C5) /> (jlcpcb:C1525): Unable to connect. Is the computer able to access the url?
Failed to fetch supplier footprint for <resistor#546(.MCU>.R1) /> (jlcpcb:C25744): Unable to connect. Is the computer able to access the url?
Failed to fetch supplier footprint for <capacitor#543(.MCU>.C4) /> (jlcpcb:C1525): Unable to connect. Is the computer able to access the url?
Failed to fetch supplier footprint for <capacitor#540(.MCU>.C3) /> (jlcpcb:C1525): Unable to connect. Is the computer able to access the url?
Failed to fetch supplier footprint for <capacitor#537(.MCU>.C2) /> (jlcpcb:C23733): Unable to connect. Is the computer able to access the url?
Failed to fetch supplier footprint for <capacitor#534(.MCU>.C1) /> (jlcpcb:C1525): Unable to connect. Is the computer able to access the url?
Failed to fetch supplier footprint for <resistor#569(.Encoder>.R2) /> (jlcpcb:C25900): Was there a typo in the url or port?
Failed to fetch supplier footprint for <chip#602(.LogicPower>.U5) /> (jlcpcb:C780769): Unable to connect. Is the computer able to access the url?
Failed to fetch supplier footprint for <resistor#595(.CAN>.R50) /> (jlcpcb:C17168): Unable to connect. Is the computer able to access the url?
Failed to fetch supplier footprint for <resistor#592(.CAN>.R49) /> (jlcpcb:C25079): Unable to connect. Is the computer able to access the url?
Failed to fetch supplier footprint for <capacitor#589(.CAN>.C7) /> (jlcpcb:C1525): Unable to connect. Is the computer able to access the url?
Failed to fetch supplier footprint for <chip#580(.CAN>.U6) /> (jlcpcb:C12084): Unable to connect. Is the computer able to access the url?
Failed to fetch supplier footprint for <resistor#572(.Encoder>.R3) /> (jlcpcb:C25900): Unable to connect. Is the computer able to access the url?
Failed to fetch supplier footprint for <capacitor#609(.LogicPower>.C8) /> (jlcpcb:C13585): Was there a typo in the url or port?
Failed to fetch supplier footprint for <capacitor#662(.MotorDriver>.C13) /> (jlcpcb:C307335): Unable to connect. Is the computer able to access the url?
Failed to fetch supplier footprint for <chip#632(.MotorDriver>.U2) /> (jlcpcb:C465949): Unable to connect. Is the computer able to access the url?
Failed to fetch supplier footprint for <capacitor#624(.LogicPower>.C12) /> (jlcpcb:C45783): Unable to connect. Is the computer able to access the url?
Failed to fetch supplier footprint for <capacitor#621(.LogicPower>.C11) /> (jlcpcb:C45783): Unable to connect. Is the computer able to access the url?
Failed to fetch supplier footprint for <inductor#618(.LogicPower>.L1) /> (jlcpcb:C19947652): Unable to connect. Is the computer able to access the url?
Failed to fetch supplier footprint for <capacitor#615(.LogicPower>.C10) /> (jlcpcb:C14663): Unable to connect. Is the computer able to access the url?
Failed to fetch supplier footprint for <capacitor#612(.LogicPower>.C9) /> (jlcpcb:C14663): Unable to connect. Is the computer able to access the url?
Failed to fetch supplier footprint for <capacitor#665(.MotorDriver>.C14) /> (jlcpcb:C14663): Was there a typo in the url or port?
Failed to fetch supplier footprint for <capacitor#674(.MotorDriver>.C17) /> (jlcpcb:C14663): Unable to connect. Is the computer able to access the url?
Failed to fetch supplier footprint for <capacitor#671(.MotorDriver>.C16) /> (jlcpcb:C1525): Unable to connect. Is the computer able to access the url?
Failed to fetch supplier footprint for <capacitor#668(.MotorDriver>.C15) /> (jlcpcb:C98192): Unable to connect. Is the computer able to access the url?
Failed to fetch supplier footprint for <capacitor#677(.MotorDriver>.C18) /> (jlcpcb:C13585): Was there a typo in the url or port?
Failed to fetch supplier footprint for <resistor#701(.MotorDriver>.R9) /> (jlcpcb:C25744): Unable to connect. Is the computer able to access the url?
Failed to fetch supplier footprint for <resistor#698(.MotorDriver>.R8) /> (jlcpcb:C25744): Unable to connect. Is the computer able to access the url?
Failed to fetch supplier footprint for <resistor#695(.MotorDriver>.R7) /> (jlcpcb:C25744): Unable to connect. Is the computer able to access the url?
Failed to fetch supplier footprint for <resistor#692(.MotorDriver>.R4) /> (jlcpcb:C11702): Unable to connect. Is the computer able to access the url?
Failed to fetch supplier footprint for <resistor#689(.MotorDriver>.R6) /> (jlcpcb:C513714): Unable to connect. Is the computer able to access the url?
Failed to fetch supplier footprint for <resistor#686(.MotorDriver>.R5) /> (jlcpcb:C513714): Unable to connect. Is the computer able to access the url?
Failed to fetch supplier footprint for <capacitor#683(.MotorDriver>.C20) /> (jlcpcb:C178585): Unable to connect. Is the computer able to access the url?
Failed to fetch supplier footprint for <capacitor#680(.MotorDriver>.C19) /> (jlcpcb:C178585): Unable to connect. Is the computer able to access the url?
Failed to fetch supplier footprint for <resistor#704(.MotorDriver>.R10) /> (jlcpcb:C25744): Was there a typo in the url or port?
Failed to fetch supplier footprint for <resistor#849(.Programming>.R53) /> (jlcpcb:C852472): Unable to connect. Is the computer able to access the url?
Failed to fetch supplier footprint for <resistor#846(.Programming>.R52) /> (jlcpcb:C852472): Unable to connect. Is the computer able to access the url?
Failed to fetch supplier footprint for <resistor#843(.Programming>.R51) /> (jlcpcb:C852472): Unable to connect. Is the computer able to access the url?
Failed to fetch supplier footprint for <resistor#840(.Programming>.R22) /> (jlcpcb:C11702): Unable to connect. Is the computer able to access the url?
Failed to fetch supplier footprint for <resistor#837(.Programming>.R21) /> (jlcpcb:C11702): Unable to connect. Is the computer able to access the url?
Failed to fetch supplier footprint for <resistor#834(.Programming>.R20) /> (jlcpcb:C11702): Unable to connect. Is the computer able to access the url?
Failed to fetch supplier footprint for <capacitor#831(.Programming>.C29) /> (jlcpcb:C1525): Unable to connect. Is the computer able to access the url?
Failed to fetch supplier footprint for <capacitor#828(.Programming>.C28) /> (jlcpcb:C1525): Unable to connect. Is the computer able to access the url?
Failed to fetch supplier footprint for <resistor#825(.Programming>.R19) /> (jlcpcb:C25744): Unable to connect. Is the computer able to access the url?
Failed to fetch supplier footprint for <chip#821(.Programming>.U8) /> (jlcpcb:C5218924): Unable to connect. Is the computer able to access the url?
Failed to fetch supplier footprint for <chip#804(.Programming>.U7) /> (jlcpcb:C2673275): Unable to connect. Is the computer able to access the url?
Failed to fetch supplier footprint for <connector#798(.Programming>.J_SWD) /> (jlcpcb:C136657): Unable to connect. Is the computer able to access the url?
Failed to fetch supplier footprint for <capacitor#790(.UsbPd>.C27) /> (jlcpcb:C1525): Unable to connect. Is the computer able to access the url?
Failed to fetch supplier footprint for <resistor#787(.UsbPd>.R18) /> (jlcpcb:C11702): Unable to connect. Is the computer able to access the url?
Failed to fetch supplier footprint for <resistor#784(.UsbPd>.R17) /> (jlcpcb:C25744): Unable to connect. Is the computer able to access the url?
Failed to fetch supplier footprint for <resistor#781(.UsbPd>.R16) /> (jlcpcb:C25767): Unable to connect. Is the computer able to access the url?
Failed to fetch supplier footprint for <resistor#778(.UsbPd>.R15) /> (jlcpcb:C852895): Unable to connect. Is the computer able to access the url?
Failed to fetch supplier footprint for <resistor#775(.UsbPd>.R14) /> (jlcpcb:C11702): Unable to connect. Is the computer able to access the url?
Failed to fetch supplier footprint for <resistor#772(.UsbPd>.R13) /> (jlcpcb:C852472): Unable to connect. Is the computer able to access the url?
Failed to fetch supplier footprint for <resistor#769(.UsbPd>.R12) /> (jlcpcb:C25744): Unable to connect. Is the computer able to access the url?
Failed to fetch supplier footprint for <capacitor#766(.UsbPd>.C24) /> (jlcpcb:C5448795): Unable to connect. Is the computer able to access the url?
Failed to fetch supplier footprint for <capacitor#763(.UsbPd>.C23) /> (jlcpcb:C5448795): Unable to connect. Is the computer able to access the url?
Failed to fetch supplier footprint for <capacitor#760(.UsbPd>.C22) /> (jlcpcb:C1525): Unable to connect. Is the computer able to access the url?
Failed to fetch supplier footprint for <capacitor#757(.UsbPd>.C26) /> (jlcpcb:C14663): Unable to connect. Is the computer able to access the url?
Failed to fetch supplier footprint for <capacitor#754(.UsbPd>.C25) /> (jlcpcb:C268016): Unable to connect. Is the computer able to access the url?
Failed to fetch supplier footprint for <chip#753(.UsbPd>.D_VBUS) /> (jlcpcb:C1974707): Unable to connect. Is the computer able to access the url?
Failed to fetch supplier footprint for <chip#752(.UsbPd>.D_USB) /> (jlcpcb:C94934): Unable to connect. Is the computer able to access the url?
Failed to fetch supplier footprint for <chip#751(.UsbPd>.Q_PD) /> (jlcpcb:C2965326): Unable to connect. Is the computer able to access the url?
Failed to fetch supplier footprint for <chip#734(.UsbPd>.U3) /> (jlcpcb:C1121848): Unable to connect. Is the computer able to access the url?
Failed to fetch supplier footprint for <chip#717(.UsbPd>.J_USB) /> (jlcpcb:C5143397): Unable to connect. Is the computer able to access the url?
Failed to fetch supplier footprint for <capacitor#710(.MotorDriver>.C21) /> (jlcpcb:C1525): Unable to connect. Is the computer able to access the url?
Failed to fetch supplier footprint for <resistor#707(.MotorDriver>.R11) /> (jlcpcb:C25744): Unable to connect. Is the computer able to access the url?
Failed to fetch supplier footprint for <chip#856(.Interfaces>.J_IO) /> (jlcpcb:C160409): Was there a typo in the url or port?
Failed to fetch supplier footprint for <resistor#916(.Interfaces>.R26) /> (jlcpcb:C11702): Unable to connect. Is the computer able to access the url?
Failed to fetch supplier footprint for <resistor#913(.Interfaces>.R25) /> (jlcpcb:C11702): Unable to connect. Is the computer able to access the url?
Failed to fetch supplier footprint for <resistor#910(.Interfaces>.R24) /> (jlcpcb:C11702): Unable to connect. Is the computer able to access the url?
Failed to fetch supplier footprint for <resistor#907(.Interfaces>.R23) /> (jlcpcb:C11702): Unable to connect. Is the computer able to access the url?
Failed to fetch supplier footprint for <chip#905(.Interfaces>.D_CAN) /> (jlcpcb:C12067): Unable to connect. Is the computer able to access the url?
Failed to fetch supplier footprint for <chip#894(.Interfaces>.D_IO2) /> (jlcpcb:C138714): Unable to connect. Is the computer able to access the url?
Failed to fetch supplier footprint for <chip#883(.Interfaces>.D_IO1) /> (jlcpcb:C138714): Unable to connect. Is the computer able to access the url?
Failed to fetch supplier footprint for <chip#876(.Interfaces>.U9) /> (jlcpcb:C28927): Unable to connect. Is the computer able to access the url?
Failed to fetch supplier footprint for <chip#869(.Interfaces>.J_MOTOR) /> (jlcpcb:C189895): Unable to connect. Is the computer able to access the url?
Failed to fetch supplier footprint for <resistor#919(.Interfaces>.R27) /> (jlcpcb:C11702): Was there a typo in the url or port?
Failed to fetch supplier footprint for <resistor#940(.Interfaces>.R34) /> (jlcpcb:C25744): Unable to connect. Is the computer able to access the url?
Failed to fetch supplier footprint for <resistor#937(.Interfaces>.R33) /> (jlcpcb:C25744): Unable to connect. Is the computer able to access the url?
Failed to fetch supplier footprint for <resistor#934(.Interfaces>.R32) /> (jlcpcb:C25744): Unable to connect. Is the computer able to access the url?
Failed to fetch supplier footprint for <resistor#931(.Interfaces>.R31) /> (jlcpcb:C25744): Unable to connect. Is the computer able to access the url?
Failed to fetch supplier footprint for <resistor#928(.Interfaces>.R30) /> (jlcpcb:C25744): Unable to connect. Is the computer able to access the url?
Failed to fetch supplier footprint for <resistor#925(.Interfaces>.R29) /> (jlcpcb:C25744): Unable to connect. Is the computer able to access the url?
Failed to fetch supplier footprint for <resistor#922(.Interfaces>.R28) /> (jlcpcb:C25744): Unable to connect. Is the computer able to access the url?
Failed to fetch supplier footprint for <capacitor#943(.Interfaces>.C30) /> (jlcpcb:C1525): Was there a typo in the url or port?
Failed to fetch supplier footprint for <led#955(.Interfaces>.LED_POWER) /> (jlcpcb:C965805): Unable to connect. Is the computer able to access the url?
Failed to fetch supplier footprint for <resistor#952(.Interfaces>.R35) /> (jlcpcb:C11702): Unable to connect. Is the computer able to access the url?
Failed to fetch supplier footprint for <capacitor#949(.Interfaces>.C32) /> (jlcpcb:C1525): Unable to connect. Is the computer able to access the url?
Failed to fetch supplier footprint for <capacitor#946(.Interfaces>.C31) /> (jlcpcb:C1525): Unable to connect. Is the computer able to access the url?
Failed to fetch supplier footprint for <resistor#958(.Interfaces>.R36) /> (jlcpcb:C11702): Was there a typo in the url or port?
Failed to fetch supplier footprint for <led#967(.Interfaces>.LED_FAULT) /> (jlcpcb:C965805): Unable to connect. Is the computer able to access the url?
Failed to fetch supplier footprint for <resistor#964(.Interfaces>.R37) /> (jlcpcb:C11702): Unable to connect. Is the computer able to access the url?
Failed to fetch supplier footprint for <led#961(.Interfaces>.LED_STATUS) /> (jlcpcb:C965805): Unable to connect. Is the computer able to access the url?
Failed to fetch supplier footprint for <chip#974(.InputPower>.U10) /> (jlcpcb:C2155767): Was there a typo in the url or port?
Failed to fetch supplier footprint for <resistor#1005(.InputPower>.R39) /> (jlcpcb:C25792): Unable to connect. Is the computer able to access the url?
Failed to fetch supplier footprint for <resistor#1002(.InputPower>.R38) /> (jlcpcb:C852472): Unable to connect. Is the computer able to access the url?
Failed to fetch supplier footprint for <chip#1001(.InputPower>.Q_ILIM) /> (jlcpcb:C20512): Unable to connect. Is the computer able to access the url?
Failed to fetch supplier footprint for <resistor#1008(.InputPower>.R40) /> (jlcpcb:C852472): Was there a typo in the url or port?
Failed to fetch supplier footprint for <resistor#1020(.InputPower>.R44) /> (jlcpcb:C25769): Unable to connect. Is the computer able to access the url?
Failed to fetch supplier footprint for <resistor#1017(.InputPower>.R43) /> (jlcpcb:C852895): Unable to connect. Is the computer able to access the url?
Failed to fetch supplier footprint for <resistor#1014(.InputPower>.R42) /> (jlcpcb:C25900): Unable to connect. Is the computer able to access the url?
Failed to fetch supplier footprint for <resistor#1011(.InputPower>.R41) /> (jlcpcb:C11702): Unable to connect. Is the computer able to access the url?
Failed to fetch supplier footprint for <resistor#1023(.InputPower>.R45) /> (jlcpcb:C25769): Was there a typo in the url or port?
Failed to fetch supplier footprint for <capacitor#1032(.InputPower>.C34) /> (jlcpcb:C268016): Unable to connect. Is the computer able to access the url?
Failed to fetch supplier footprint for <capacitor#1029(.InputPower>.C33) /> (jlcpcb:C268016): Unable to connect. Is the computer able to access the url?
Failed to fetch supplier footprint for <resistor#1026(.InputPower>.R46) /> (jlcpcb:C25744): Unable to connect. Is the computer able to access the url?
Failed to fetch supplier footprint for <resistor#1035(.InputPower>.R48) /> (jlcpcb:C25744): Was there a typo in the url or port?
Trace [.GND_STITCH_MCU > .top to .U1 > .pin29] is routed thinner than requested (requested: 0.2mm, actual: 0.15mm).
Trace [.PROTECTED_MONITOR_EAST > .bottom to .TCPP_PROTECTED_MONITOR > .bottom] is routed thinner than requested (requested: 0.18mm, actual: 0.15mm).
Trace [.PROTECTED_LOW_RETURN > .bottom to .PROTECTED_MONITOR_WEST > .bottom] is routed thinner than requested (requested: 0.18mm, actual: 0.15mm).
Trace [.VM_TMC_LOW > .top to .VM_BUCK > .top] is routed thinner than requested (requested: 0.4mm, actual: 0.15mm).
Trace [.VM_TMC_BULK > .top to .VM_TMC_HIGH > .top] is routed thinner than requested (requested: 0.6mm, actual: 0.15mm).
Trace [.VM_BULK_LEFT > .top to .VM_TMC_HIGH > .top] is routed thinner than requested (requested: 0.4mm, actual: 0.15mm).
Trace [.PROTECTED_MONITOR_WEST > .bottom to .PROTECTED_MONITOR_EAST > .bottom] is routed thinner than requested (requested: 0.18mm, actual: 0.15mm).
Trace [.U10 > .pin8 to .U10 > .pin9] is routed thinner than requested (requested: 0.28mm, actual: 0.15mm).
Trace [.U10 > .pin8 to .C34 > .pin1] is routed thinner than requested (requested: 0.28mm, actual: 0.15mm).
Trace [.VM_BUCK > .top to .U5 > .pin2] is routed thinner than requested (requested: 0.4mm, actual: 0.15mm).
Trace [.VM_BUCK > .top to .U5 > .pin3] is routed thinner than requested (requested: 0.4mm, actual: 0.15mm).
Trace [.VM_BUCK > .top to .C9 > .pin1] is routed thinner than requested (requested: 0.4mm, actual: 0.15mm).
Trace [.VM_BUCK_CAP > .bottom to .C8 > .pin1] is routed thinner than requested (requested: 0.4mm, actual: 0.15mm).
Trace [.VM_TMC_LOW > .top to .U2 > .pin28] is routed thinner than requested (requested: 0.28mm, actual: 0.15mm).
Trace [.VM_TMC_HIGH > .top to .U2 > .pin22] is routed thinner than requested (requested: 0.28mm, actual: 0.15mm).
Trace [.VM_TMC_BYPASS > .bottom to .C17 > .pin1] is routed thinner than requested (requested: 0.4mm, actual: 0.15mm).
Trace [.VM_TMC_BULK > .bottom to .C18 > .pin1] is routed thinner than requested (requested: 0.4mm, actual: 0.15mm).
Trace [.VM_BULK_LEFT > .top to .C19 > .pin1] is routed thinner than requested (requested: 0.4mm, actual: 0.15mm).
Trace [.VM_BULK_RIGHT > .top to .C20 > .pin1] is routed thinner than requested (requested: 0.4mm, actual: 0.15mm).
Trace [.VM_EFUSE_OUT > .bottom to .U10 > .pin24] is routed thinner than requested (requested: 0.28mm, actual: 0.15mm).
Trace [.VM_EFUSE_OUT > .bottom to .U10 > .pin23] is routed thinner than requested (requested: 0.28mm, actual: 0.15mm).
Trace [.VM_OUT_BRIDGE > .top to .VM_EFUSE_OUT > .top] is routed thinner than requested (requested: 0.4mm, actual: 0.15mm).
Trace [.RAW_USB_LEFT > .top to .J_USB > .pin21] is routed thinner than requested (requested: 0.28mm, actual: 0.15mm).
Trace [.RAW_USB_RIGHT > .top to .J_USB > .pin20] is routed thinner than requested (requested: 0.28mm, actual: 0.15mm).
Trace [.RAW_PMOS_SOURCE > .bottom to .Q_PD > .pin9] is routed thinner than requested (requested: 0.4mm, actual: 0.15mm).
Trace [.RAW_TVS > .bottom to .D_VBUS > .pin1] is routed thinner than requested (requested: 0.4mm, actual: 0.15mm).
Trace [.RAW_TVS > .bottom to .C25 > .pin1] is routed thinner than requested (requested: 0.4mm, actual: 0.15mm).
Trace [.PROTECTED_PMOS_DRAIN > .bottom to .Q_PD > .pin1] is routed thinner than requested (requested: 0.28mm, actual: 0.15mm).
Trace [.PROTECTED_EFUSE_INPUT_VIA > .bottom to .U10 > .pin8] is routed thinner than requested (requested: 0.28mm, actual: 0.15mm).
Q_PD is missing schematic reference designator text. For a custom symbol, add name="{REFDES}" inside the symbol.
D_USB is missing schematic reference designator text. For a custom symbol, add name="{REFDES}" inside the symbol.
D_VBUS is missing schematic reference designator text. For a custom symbol, add name="{REFDES}" inside the symbol.
D_CAN is missing schematic reference designator text. For a custom symbol, add name="{REFDES}" inside the symbol.
Q_ILIM is missing schematic reference designator text. For a custom symbol, add name="{REFDES}" inside the symbol.
Port [U1.PA2] is not connected to net [TMC_UART_TX] by a PCB trace.
Port [U1.PA4] is not connected to net [TMC_ENABLE_N] by a PCB trace.
Port [U1.PA7] is not connected to net [TMC_DIR] by a PCB trace.
Port [U1.PA0] is not connected to net [VBUS_ADC] by a PCB trace.
Port [U1.PB1] is not connected to net [EXT_DIR] by a PCB trace.
Port [U1.PB3] is not connected to net [CAN_RS] by a PCB trace.
Port [U6.RS] is not connected to net [CAN_RS] by a PCB trace.
Port [U2.ENN] is not connected to net [TMC_ENABLE_N] by a PCB trace.
Port [U2.DIR] is not connected to net [TMC_DIR] by a PCB trace.
Port [R4.pin1] is not connected to net [TMC_UART_TX] by a PCB trace.
Port [R7.pin2] is not connected to net [TMC_ENABLE_N] by a PCB trace.
Port [R9.pin1] is not connected to net [TMC_DIR] by a PCB trace.
Port [C27.pin1] is not connected to net [VBUS_ADC] by a PCB trace.
Port [U7.D1] is not connected to net [SWDIO_GUARDED] by a PCB trace.
Port [U7.D4] is not connected to net [VBUS_ADC] by a PCB trace.
Port [R20.pin1] is not connected to net [SWDIO_GUARDED] by a PCB trace.
Port [R51.pin1] is not connected to net [VBUS_ADC] by a PCB trace.
Port [R24.pin2] is not connected to net [EXT_DIR] by a PCB trace.
Port [R29.pin1] is not connected to net [EXT_DIR] by a PCB trace.
Port [R34.pin2] is not connected to net [CAN_RS] by a PCB trace.
Trace [.SDA_MCU_ESCAPE > .top to .U1 > .pin48] has dangling endpoint at (5.55, -1.15)
Trace [.SDA_PULLUP_ESCAPE > .top to .R3 > .pin2] has dangling endpoint at (1.35, -4.10)
Trace [.LIMIT1_MCU_ESCAPE > .top to .U1 > .pin22] has dangling endpoint at (10.30, 4.30)
Trace [.LIMIT1_CAP_ESCAPE > .bottom to .C30 > .pin1] has dangling endpoint at (9.92, 10.38)
Trace [.SWCLK_MCU_ESCAPE > .top to .U1 > .pin36] has dangling endpoint at (5.55, 3.00)
Trace [.POWER_HIGH_GATE_FILLED > .bottom to .Q_ILIM > .pin1] has dangling endpoint at (-5.65, -4.30)
Trace [.POWER_HIGH_PULLDOWN_FILLED > .bottom to .R46 > .pin1] has dangling endpoint at (-5.70, 0.00)
Trace [.SWCLK_PULLDOWN_FILLED > .bottom to .R53 > .pin1] has dangling endpoint at (10.60, -4.10)
Trace [.STEP_SERIES_FILLED > .bottom to .R23 > .pin1] has dangling endpoint at (8.10, 8.05)
Trace [.TEMP_PULLUP_FILLED > .bottom to .R33 > .pin2] has dangling endpoint at (-4.65, 6.75)
Trace [.FLT_MCU_ESCAPE > .top to .U1 > .pin43] has dangling endpoint at (5.45, 1.25)

Build complete
  Circuits  0 passed 1 failed
  Output    dist

⚠ Build completed with errors
Build exiting with code 1: circuit build errors occurred
