$ biome format index.circuit.tsx routing-review.circuit.tsx assembly.circuit.tsx mounted-assembly.circuit.tsx controller-preview.circuit.tsx src scripts mechanical/viewer.js mechanical/design-constraints.json package.json tsconfig.json tscircuit.config.json biome.json
src/routing/power-pour-trial.json format ━━━━━━━━━━━━━━━━━━━━━━━━━━━━━━━━━━━━━━━━━━━━━━━━━━━━━━━━━━━

  × Formatter would have printed the following content:
  
      29   29 │       "width": 0.8,
      30   30 │       "points": [
      31      │ - ······[
      32      │ - ········-9.02947,
      33      │ - ········-4.59995
      34      │ - ······],
      35      │ - ······[
      36      │ - ········-10.32969,
      37      │ - ········-4.59995
      38      │ - ······],
      39      │ - ······[
      40      │ - ········-10.32969,
      41      │ - ········-5.65
      42      │ - ······],
      43      │ - ······[
      44      │ - ········-11.40741,
      45      │ - ········-5.65
      46      │ - ······],
      47      │ - ······[
      48      │ - ········-11.40741,
      49      │ - ········-9.50013
      50      │ - ······],
      51      │ - ······[
      52      │ - ········-8.95,
      53      │ - ········-10.6
      54      │ - ······],
      55      │ - ······[
      56      │ - ········-7.54998,
      57      │ - ········-11.875
      58      │ - ······]
           31 │ + ······[-9.02947,·-4.59995],
           32 │ + ······[-10.32969,·-4.59995],
           33 │ + ······[-10.32969,·-5.65],
           34 │ + ······[-11.40741,·-5.65],
           35 │ + ······[-11.40741,·-9.50013],
           36 │ + ······[-8.95,·-10.6],
           37 │ + ······[-7.54998,·-11.875]
      59   38 │       ],
      60   39 │       "outline": [
    ········· │ 
     132  111 │       "width": 0.8,
     133  112 │       "points": [
     134      │ - ······[
     135      │ - ········-11.40741,
     136      │ - ········-9.50013
     137      │ - ······],
     138      │ - ······[
     139      │ - ········-9.2,
     140      │ - ········-10.6
     141      │ - ······],
     142      │ - ······[
     143      │ - ········-8,
     144      │ - ········-10.6
     145      │ - ······],
     146      │ - ······[
     147      │ - ········-8,
     148      │ - ········-9.4
     149      │ - ······],
     150      │ - ······[
     151      │ - ········-7.15,
     152      │ - ········-9.4
     153      │ - ······],
     154      │ - ······[
     155      │ - ········-6.90754,
     156      │ - ········-8.75
     157      │ - ······],
     158      │ - ······[
     159      │ - ········-6.90754,
     160      │ - ········-8.25013
     161      │ - ······]
          113 │ + ······[-11.40741,·-9.50013],
          114 │ + ······[-9.2,·-10.6],
          115 │ + ······[-8,·-10.6],
          116 │ + ······[-8,·-9.4],
          117 │ + ······[-7.15,·-9.4],
          118 │ + ······[-6.90754,·-8.75],
          119 │ + ······[-6.90754,·-8.25013]
     162  120 │       ],
     163  121 │       "outline": [
    ········· │ 
     234  192 │       "net": "VBUS_PROTECTED",
     235  193 │       "width": 0.4,
     236      │ - ····"points":·[
     237      │ - ······[
     238      │ - ········-7.54998,
     239      │ - ········-11.875
     240      │ - ······],
     241      │ - ······[
     242      │ - ········-6.5,
     243      │ - ········-11.875
     244      │ - ······],
     245      │ - ······[
     246      │ - ········-6.18282,
     247      │ - ········-11.25
     248      │ - ······]
     249      │ - ····],
          194 │ + ····"points":·[[-7.54998,·-11.875],·[-6.5,·-11.875],·[-6.18282,·-11.25]],
     250  195 │       "outline": [
     251  196 │         {
    ········· │ 
     290  235 │       "width": 0.4,
     291  236 │       "points": [
     292      │ - ······[
     293      │ - ········-13.68282,
     294      │ - ········-7.5
     295      │ - ······],
     296      │ - ······[
     297      │ - ········-14.2,
     298      │ - ········-8.1
     299      │ - ······],
     300      │ - ······[
     301      │ - ········-12.9,
     302      │ - ········-9.5
     303      │ - ······],
     304      │ - ······[
     305      │ - ········-11.40741,
     306      │ - ········-9.50013
     307      │ - ······]
          237 │ + ······[-13.68282,·-7.5],
          238 │ + ······[-14.2,·-8.1],
          239 │ + ······[-12.9,·-9.5],
          240 │ + ······[-11.40741,·-9.50013]
     308  241 │       ],
     309  242 │       "outline": [
    ········· │ 
     356  289 │       "net": "VBUS_PROTECTED",
     357  290 │       "width": 0.8,
     358      │ - ····"points":·[
     359      │ - ······[
     360      │ - ········-12.3,
     361      │ - ········-9.5
     362      │ - ······],
     363      │ - ······[
     364      │ - ········-12.3,
     365      │ - ········-14.5
     366      │ - ······],
     367      │ - ······[
     368      │ - ········1.6,
     369      │ - ········-14.5
     370      │ - ······],
     371      │ - ······[
     372      │ - ········1.6,
     373      │ - ········-13.5
     374      │ - ······]
     375      │ - ····],
          291 │ + ····"points":·[[-12.3,·-9.5],·[-12.3,·-14.5],·[1.6,·-14.5],·[1.6,·-13.5]],
     376  292 │       "outline": [
     377  293 │         {
  

Checked 226 files in 113ms. No fixes applied.
Found 1 error.
format ━━━━━━━━━━━━━━━━━━━━━━━━━━━━━━━━━━━━━━━━━━━━━━━━━━━━━━━━━━━━━━━━━━━━━━━━━━━━━━━━━━━━━━━━━━━━━

  × Some errors were emitted while running checks.
  

error: script "format:check" exited with code 1
