Building 1 file(s)...
Building index.circuit.tsx...
Generating circuit JSON...
Circuit JSON written to dist/index/circuit.json
The "Y" prefix is being used with a <chip />, try using it with a <crystal />
The "Q" prefix is being used with a <chip />, try using it with a <transistor />
The "Q" prefix is being used with a <chip />, try using it with a <transistor />
The "Q" prefix is being used with a <chip />, try using it with a <transistor />
The "J" prefix is being used with a <chip />, try using it with a <connector /> or <jumper />
The "J" prefix is being used with a <chip />, try using it with a <connector /> or <jumper />
The "Q" prefix is being used with a <chip />, try using it with a <transistor />
Y_RP has no pin with requires_power=true
U9 has no pin with requires_power=true
BZ1 has no pin with requires_power=true
BZ1 has no pin with requires_ground=true
Q_BUZZ has no pin with requires_power=true
Q_BUZZ has no pin with requires_ground=true
All pins on Q_BUZZ are underspecified (no pinAttributes set)
Q_PD_IN has no pin with requires_power=true
Q_PD_IN has no pin with requires_ground=true
All pins on Q_PD_IN are underspecified (no pinAttributes set)
Q_PD_OUT has no pin with requires_power=true
Q_PD_OUT has no pin with requires_ground=true
All pins on Q_PD_OUT are underspecified (no pinAttributes set)
D_USB has no pin with requires_power=true
D_VBUS has no pin with requires_power=true
D_VBUS has no pin with requires_ground=true
All pins on D_VBUS are underspecified (no pinAttributes set)
J_IO has no pin with requires_power=true
J_IO has no pin with requires_ground=true
All pins on J_IO are underspecified (no pinAttributes set)
J_MOTOR has no pin with requires_power=true
J_MOTOR has no pin with requires_ground=true
All pins on J_MOTOR are underspecified (no pinAttributes set)
D_IO1 has no pin with requires_power=true
D_IO2 has no pin with requires_power=true
D_CAN has no pin with requires_power=true
D_CAN has no pin with requires_ground=true
All pins on D_CAN are underspecified (no pinAttributes set)
U10 has no pin with requires_power=true
Q_ILIM has no pin with requires_power=true
Q_ILIM has no pin with requires_ground=true
All pins on Q_ILIM are underspecified (no pinAttributes set)
Failed to fetch supplier footprint for <chip#121(.MCU>.U1) /> (jlcpcb:C2040): Failed to search for the component (HTTP 503)
Failed to fetch supplier footprint for <capacitor#199(.MCU>.C_XIN) /> (jlcpcb:C1548): Failed to search for the component (HTTP 503)
Failed to fetch supplier footprint for <capacitor#192(.MCU>.C_FLASH) /> (jlcpcb:C1525): Failed to search for the component (HTTP 503)
Failed to fetch supplier footprint for <resistor#189(.MCU>.R_FLASH_CS) /> (jlcpcb:C25744): Failed to search for the component (HTTP 503)
Failed to fetch supplier footprint for <chip#179(.MCU>.U_FLASH) /> (jlcpcb:C2843335): Failed to search for the component (HTTP 503)
Failed to fetch supplier footprint for <chip#195(.MCU>.Y_RP) /> (jlcpcb:C20625731): Failed to search for the component (HTTP 503)
Failed to fetch supplier footprint for <capacitor#241(.MCU>.C2) /> (jlcpcb:C15849): Failed to search for the component (HTTP 503)
Failed to fetch supplier footprint for <capacitor#214(.MCU>.C5) /> (jlcpcb:C1525): Failed to search for the component (HTTP 503)
Failed to fetch supplier footprint for <capacitor#238(.MCU>.C_USBPHY) /> (jlcpcb:C1525): Failed to search for the component (HTTP 503)
Failed to fetch supplier footprint for <resistor#211(.MCU>.R1) /> (jlcpcb:C25744): Failed to search for the component (HTTP 503)
Failed to fetch supplier footprint for <capacitor#226(.MCU>.C_IO4) /> (jlcpcb:C1525): Failed to search for the component (HTTP 503)
Failed to fetch supplier footprint for <resistor#205(.MCU>.R_USB_DM) /> (jlcpcb:C25104): Failed to search for the component (HTTP 503)
Failed to fetch supplier footprint for <capacitor#244(.MCU>.C_VCORE) /> (jlcpcb:C15849): Failed to search for the component (HTTP 503)
Failed to fetch supplier footprint for <capacitor#217(.MCU>.C1) /> (jlcpcb:C1525): Failed to search for the component (HTTP 503)
Failed to fetch supplier footprint for <capacitor#223(.MCU>.C_IO3) /> (jlcpcb:C1525): Failed to search for the component (HTTP 503)
Failed to fetch supplier footprint for <resistor#287(.I2C>.R2) /> (jlcpcb:C25900): Failed to search for the component (HTTP 503)
Failed to fetch supplier footprint for <capacitor#235(.MCU>.C_ADC) /> (jlcpcb:C1525): Failed to search for the component (HTTP 503)
Failed to fetch supplier footprint for <chip#280(.I2C>.U9) /> (jlcpcb:C28927): Failed to search for the component (HTTP 503)
Failed to fetch supplier footprint for <capacitor#232(.MCU>.C_IO6) /> (jlcpcb:C1525): Failed to search for the component (HTTP 503)
Failed to fetch supplier footprint for <capacitor#250(.MCU>.C4) /> (jlcpcb:C1525): Failed to search for the component (HTTP 503)
Failed to fetch supplier footprint for <capacitor#220(.MCU>.C_IO2) /> (jlcpcb:C1525): Failed to search for the component (HTTP 503)
Failed to fetch supplier footprint for <capacitor#247(.MCU>.C3) /> (jlcpcb:C1525): Failed to search for the component (HTTP 503)
Failed to fetch supplier footprint for <capacitor#229(.MCU>.C_IO5) /> (jlcpcb:C1525): Failed to search for the component (HTTP 503)
Failed to fetch supplier footprint for <capacitor#296(.I2C>.C32) /> (jlcpcb:C1525): Failed to search for the component (HTTP 503)
Failed to fetch supplier footprint for <capacitor#311(.I2C>.C_BUZZ) /> (jlcpcb:C15849): Failed to search for the component (HTTP 503)
Failed to fetch supplier footprint for <resistor#293(.I2C>.R33) /> (jlcpcb:C25744): Failed to search for the component (HTTP 503)
Failed to fetch supplier footprint for <resistor#342(.CAN>.R49) /> (jlcpcb:C25079): Failed to search for the component (HTTP 503)
Failed to fetch supplier footprint for <resistor#290(.I2C>.R3) /> (jlcpcb:C25900): Failed to search for the component (HTTP 503)
Failed to fetch supplier footprint for <crystal#372(.CAN>.Y_CAN) /> (jlcpcb:C179641): Failed to search for the component (HTTP 503)
Failed to fetch supplier footprint for <chip#330(.CAN>.U6) /> (jlcpcb:C12084): Failed to search for the component (HTTP 503)
Failed to fetch supplier footprint for <capacitor#380(.CAN>.C_CAN_XOUT) /> (jlcpcb:C1548): Failed to search for the component (HTTP 503)
Failed to fetch supplier footprint for <chip#414(.LogicPower>.U5) /> (jlcpcb:C780769): Failed to search for the component (HTTP 503)
Failed to fetch supplier footprint for <diode#300(.I2C>.D_BUZZ) /> (jlcpcb:C2128): Failed to search for the component (HTTP 503)
Failed to fetch supplier footprint for <chip#304(.I2C>.Q_BUZZ) /> (jlcpcb:C20512): Failed to search for the component (HTTP 503)
Failed to fetch supplier footprint for <resistor#308(.I2C>.R_BUZZ_OFF) /> (jlcpcb:C852472): Failed to search for the component (HTTP 503)
Failed to fetch supplier footprint for <capacitor#424(.LogicPower>.C9) /> (jlcpcb:C14663): Failed to search for the component (HTTP 503)
Failed to fetch supplier footprint for <capacitor#421(.LogicPower>.C8) /> (jlcpcb:C13585): Failed to search for the component (HTTP 503)
Failed to fetch supplier footprint for <capacitor#427(.LogicPower>.C10) /> (jlcpcb:C14663): Failed to search for the component (HTTP 503)
Failed to fetch supplier footprint for <capacitor#488(.MotorDriver>.C15) /> (jlcpcb:C98192): Failed to search for the component (HTTP 503)
Failed to fetch supplier footprint for <capacitor#395(.CAN>.C_CAN_XOUT2) /> (jlcpcb:C1548): Failed to search for the component (HTTP 503)
Failed to fetch supplier footprint for <chip#657(.UsbPd>.D_VBUS) /> (jlcpcb:C1974707): Failed to search for the component (HTTP 503)
Failed to fetch supplier footprint for <resistor#646(.UsbPd>.R_PD_SENSE) /> (jlcpcb:C4261071): Failed to search for the component (HTTP 503)
Failed to fetch supplier footprint for <resistor#518(.MotorDriver>.R8) /> (jlcpcb:C25744): Failed to search for the component (HTTP 503)
Failed to fetch supplier footprint for <capacitor#485(.MotorDriver>.C14) /> (jlcpcb:C14663): Failed to search for the component (HTTP 503)
Failed to fetch supplier footprint for <resistor#527(.MotorDriver>.R11) /> (jlcpcb:C25744): Failed to search for the component (HTTP 503)
Failed to fetch supplier footprint for <capacitor#497(.MotorDriver>.C18) /> (jlcpcb:C13585): Failed to search for the component (HTTP 503)
Failed to fetch supplier footprint for <capacitor#494(.MotorDriver>.C17) /> (jlcpcb:C14663): Failed to search for the component (HTTP 503)
Failed to fetch supplier footprint for <resistor#733(.Programming>.R19) /> (jlcpcb:C25744): Failed to search for the component (HTTP 503)
Failed to fetch supplier footprint for <chip#728(.Programming>.U8) /> (jlcpcb:C5218924): Failed to search for the component (HTTP 503)
Failed to fetch supplier footprint for <chip#573(.UsbPd>.U3) /> (jlcpcb:C2678061): Failed to search for the component (HTTP 503)
Failed to fetch supplier footprint for <capacitor#739(.Programming>.C29) /> (jlcpcb:C1525): Failed to search for the component (HTTP 503)
Failed to fetch supplier footprint for <chip#711(.Programming>.U7) /> (jlcpcb:C2673275): Failed to search for the component (HTTP 503)
Failed to fetch supplier footprint for <capacitor#383(.CAN>.C_CAN_CORE) /> (jlcpcb:C1525): Failed to search for the component (HTTP 503)
Failed to fetch supplier footprint for <chip#777(.Interfaces>.J_IO) /> (jlcpcb:C160409): Failed to search for the component (HTTP 503)
Failed to fetch supplier footprint for <chip#808(.Interfaces>.D_IO2) /> (jlcpcb:C138714): Failed to search for the component (HTTP 503)
Failed to fetch supplier footprint for <resistor#827(.Interfaces>.R25) /> (jlcpcb:C11702): Failed to search for the component (HTTP 503)
Failed to fetch supplier footprint for <resistor#821(.Interfaces>.R23) /> (jlcpcb:C11702): Failed to search for the component (HTTP 503)
Failed to fetch supplier footprint for <resistor#839(.Interfaces>.R29) /> (jlcpcb:C25744): Failed to search for the component (HTTP 503)
Failed to fetch supplier footprint for <resistor#386(.CAN>.R_CAN_CS) /> (jlcpcb:C25744): Failed to search for the component (HTTP 503)
Failed to fetch supplier footprint for <resistor#845(.Interfaces>.R31) /> (jlcpcb:C25744): Failed to search for the component (HTTP 503)
Failed to fetch supplier footprint for <resistor#751(.Programming>.R51) /> (jlcpcb:C852472): Failed to search for the component (HTTP 503)
Failed to fetch supplier footprint for <resistor#959(.InputPower>.R46) /> (jlcpcb:C25744): Failed to search for the component (HTTP 503)
Failed to fetch supplier footprint for <resistor#947(.InputPower>.R42) /> (jlcpcb:C25900): Failed to search for the component (HTTP 503)
Failed to fetch supplier footprint for <inductor#430(.LogicPower>.L1) /> (jlcpcb:C19947652): Failed to search for the component (HTTP 503)
Failed to fetch supplier footprint for <resistor#512(.MotorDriver>.R4) /> (jlcpcb:C11702): Failed to search for the component (HTTP 503)
Failed to fetch supplier footprint for <chip#820(.Interfaces>.D_CAN) /> (jlcpcb:C12067): Failed to search for the component (HTTP 503)
Failed to fetch supplier footprint for <resistor#950(.InputPower>.R43) /> (jlcpcb:C852895): Failed to search for the component (HTTP 503)
Failed to fetch supplier footprint for <resistor#941(.InputPower>.R40) /> (jlcpcb:C852472): Failed to search for the component (HTTP 503)
Failed to fetch supplier footprint for <resistor#935(.InputPower>.R38) /> (jlcpcb:C852472): Failed to search for the component (HTTP 503)
Failed to fetch supplier footprint for <resistor#521(.MotorDriver>.R9) /> (jlcpcb:C25744): Failed to search for the component (HTTP 503)
Failed to fetch supplier footprint for <capacitor#491(.MotorDriver>.C16) /> (jlcpcb:C1525): Failed to search for the component (HTTP 503)
Failed to fetch supplier footprint for <capacitor#482(.MotorDriver>.C13) /> (jlcpcb:C307335): Failed to search for the component (HTTP 503)
Failed to fetch supplier footprint for <capacitor#634(.UsbPd>.C_PD_2V7) /> (jlcpcb:C15849): Failed to search for the component (HTTP 503)
Failed to fetch supplier footprint for <resistor#619(.UsbPd>.R13) /> (jlcpcb:C852472): Failed to search for the component (HTTP 503)
Failed to fetch supplier footprint for <capacitor#530(.MotorDriver>.C21) /> (jlcpcb:C1525): Failed to search for the component (HTTP 503)
Failed to fetch supplier footprint for <capacitor#628(.UsbPd>.C_PD_VDD) /> (jlcpcb:C268016): Failed to search for the component (HTTP 503)
Failed to fetch supplier footprint for <capacitor#500(.MotorDriver>.C19) /> (jlcpcb:C178585): Failed to search for the component (HTTP 503)
Failed to fetch supplier footprint for <connector#556(.UsbPd>.J_USB) /> (jlcpcb:C5143397): Failed to search for the component (HTTP 503)
Failed to fetch supplier footprint for <chip#599(.UsbPd>.Q_PD_IN) /> (jlcpcb:C222138): Failed to search for the component (HTTP 503)
Failed to fetch supplier footprint for <capacitor#631(.UsbPd>.C_PD_1V2) /> (jlcpcb:C15849): Failed to search for the component (HTTP 503)
Failed to fetch supplier footprint for <resistor#649(.UsbPd>.R_PD_DISCH1) /> (jlcpcb:C4261071): Failed to search for the component (HTTP 503)
Failed to fetch supplier footprint for <connector#705(.Programming>.J_SWD) /> (jlcpcb:C136657): Failed to search for the component (HTTP 503)
Failed to fetch supplier footprint for <resistor#524(.MotorDriver>.R10) /> (jlcpcb:C25744): Failed to search for the component (HTTP 503)
Failed to fetch supplier footprint for <capacitor#658(.UsbPd>.C25) /> (jlcpcb:C268016): Failed to search for the component (HTTP 503)
Failed to fetch supplier footprint for <capacitor#661(.UsbPd>.C26) /> (jlcpcb:C14663): Failed to search for the component (HTTP 503)
Failed to fetch supplier footprint for <chip#655(.UsbPd>.D_USB) /> (jlcpcb:C97502): Failed to search for the component (HTTP 503)
Failed to fetch supplier footprint for <resistor#664(.UsbPd>.R16) /> (jlcpcb:C25767): Failed to search for the component (HTTP 503)
Failed to fetch supplier footprint for <resistor#824(.Interfaces>.R24) /> (jlcpcb:C11702): Failed to search for the component (HTTP 503)
Failed to fetch supplier footprint for <resistor#745(.Programming>.R21) /> (jlcpcb:C25076): Failed to search for the component (HTTP 503)
Failed to fetch supplier footprint for <capacitor#736(.Programming>.C28) /> (jlcpcb:C1525): Failed to search for the component (HTTP 503)
Failed to fetch supplier footprint for <resistor#833(.Interfaces>.R27) /> (jlcpcb:C11702): Failed to search for the component (HTTP 503)
Failed to fetch supplier footprint for <led#869(.Interfaces>.LED_STATUS) /> (jlcpcb:C965805): Failed to search for the component (HTTP 503)
Failed to fetch supplier footprint for <chip#790(.Interfaces>.J_MOTOR) /> (jlcpcb:C189895): Failed to search for the component (HTTP 503)
Failed to fetch supplier footprint for <resistor#860(.Interfaces>.R35) /> (jlcpcb:C11702): Failed to search for the component (HTTP 503)
Failed to fetch supplier footprint for <resistor#866(.Interfaces>.R36) /> (jlcpcb:C11702): Failed to search for the component (HTTP 503)
Failed to fetch supplier footprint for <resistor#953(.InputPower>.R44) /> (jlcpcb:C25769): Failed to search for the component (HTTP 503)
Failed to fetch supplier footprint for <resistor#757(.Programming>.R53) /> (jlcpcb:C852472): Failed to search for the component (HTTP 503)
Failed to fetch supplier footprint for <resistor#851(.Interfaces>.R34) /> (jlcpcb:C25744): Failed to search for the component (HTTP 503)
Failed to fetch supplier footprint for <chip#907(.InputPower>.U10) /> (jlcpcb:C2155767): Failed to search for the component (HTTP 503)
Failed to fetch supplier footprint for <resistor#938(.InputPower>.R39) /> (jlcpcb:C25792): Failed to search for the component (HTTP 503)
Failed to fetch supplier footprint for <resistor#968(.InputPower>.R48) /> (jlcpcb:C25744): Failed to search for the component (HTTP 503)
Failed to fetch supplier footprint for <led#875(.Interfaces>.LED_FAULT) /> (jlcpcb:C965805): Failed to search for the component (HTTP 503)
Failed to fetch supplier footprint for <led#863(.Interfaces>.LED_POWER) /> (jlcpcb:C965805): Failed to search for the component (HTTP 503)
Failed to fetch supplier footprint for <capacitor#965(.InputPower>.C34) /> (jlcpcb:C268016): Failed to search for the component (HTTP 503)
Failed to fetch supplier footprint for <resistor#956(.InputPower>.R45) /> (jlcpcb:C25769): Failed to search for the component (HTTP 503)
Failed to fetch supplier footprint for <resistor#208(.MCU>.R_USB_DP) /> (jlcpcb:C25104): Failed to fetch the component details (HTTP 503)
Failed to fetch supplier footprint for <resistor#196(.MCU>.R_XOUT) /> (jlcpcb:C11702): Failed to fetch the component details (HTTP 503)
Failed to fetch supplier footprint for <capacitor#202(.MCU>.C_XOUT) /> (jlcpcb:C1548): Failed to fetch the component details (HTTP 503)
Failed to fetch supplier footprint for <chip#452(.MotorDriver>.U2) /> (jlcpcb:C2150710): Failed to fetch the component details (HTTP 503)
Failed to fetch supplier footprint for <resistor#305(.I2C>.R_BUZZ_GATE) /> (jlcpcb:C25076): Failed to fetch the component details (HTTP 503)
Failed to fetch supplier footprint for <chip#299(.I2C>.BZ1) /> (jlcpcb:C94598): Failed to fetch the component details (HTTP 503)
Failed to fetch supplier footprint for <capacitor#377(.CAN>.C_CAN_XIN) /> (jlcpcb:C1548): Failed to fetch the component details (HTTP 503)
Failed to fetch supplier footprint for <resistor#842(.Interfaces>.R30) /> (jlcpcb:C25744): Failed to fetch the component details (HTTP 503)
Failed to fetch supplier footprint for <capacitor#854(.Interfaces>.C30) /> (jlcpcb:C1525): Failed to fetch the component details (HTTP 503)
Failed to fetch supplier footprint for <resistor#389(.CAN>.R_CAN_INT) /> (jlcpcb:C25744): Failed to fetch the component details (HTTP 503)
Failed to fetch supplier footprint for <resistor#640(.UsbPd>.R12) /> (jlcpcb:C25744): Failed to fetch the component details (HTTP 503)
Failed to fetch supplier footprint for <capacitor#436(.LogicPower>.C12) /> (jlcpcb:C45783): Failed to fetch the component details (HTTP 503)
Failed to fetch supplier footprint for <chip#350(.CAN>.U_CAN) /> (jlcpcb:C96140): Failed to fetch the component details (HTTP 503)
Failed to fetch supplier footprint for <capacitor#503(.MotorDriver>.C20) /> (jlcpcb:C178585): Failed to fetch the component details (HTTP 503)
Failed to fetch supplier footprint for <capacitor#392(.CAN>.C_CAN_XIN2) /> (jlcpcb:C1548): Failed to fetch the component details (HTTP 503)
Failed to fetch supplier footprint for <resistor#670(.UsbPd>.R18) /> (jlcpcb:C11702): Failed to fetch the component details (HTTP 503)
Failed to fetch supplier footprint for <capacitor#433(.LogicPower>.C11) /> (jlcpcb:C45783): Failed to fetch the component details (HTTP 503)
Failed to fetch supplier footprint for <resistor#515(.MotorDriver>.R7) /> (jlcpcb:C25744): Failed to fetch the component details (HTTP 503)
Failed to fetch supplier footprint for <resistor#509(.MotorDriver>.R6) /> (jlcpcb:C513714): Failed to fetch the component details (HTTP 503)
Failed to fetch supplier footprint for <chip#797(.Interfaces>.D_IO1) /> (jlcpcb:C138714): Failed to fetch the component details (HTTP 503)
Failed to fetch supplier footprint for <resistor#506(.MotorDriver>.R5) /> (jlcpcb:C513714): Failed to fetch the component details (HTTP 503)
Failed to fetch supplier footprint for <resistor#622(.UsbPd>.R_PD_GATE) /> (jlcpcb:C25768): Failed to fetch the component details (HTTP 503)
Failed to fetch supplier footprint for <resistor#944(.InputPower>.R41) /> (jlcpcb:C11702): Failed to fetch the component details (HTTP 503)
Failed to fetch supplier footprint for <resistor#643(.UsbPd>.R_PD_OK) /> (jlcpcb:C25744): Failed to fetch the component details (HTTP 503)
Failed to fetch supplier footprint for <capacitor#673(.UsbPd>.C27) /> (jlcpcb:C1525): Failed to fetch the component details (HTTP 503)
Failed to fetch supplier footprint for <resistor#754(.Programming>.R52) /> (jlcpcb:C852472): Failed to fetch the component details (HTTP 503)
Failed to fetch supplier footprint for <resistor#742(.Programming>.R20) /> (jlcpcb:C25076): Failed to fetch the component details (HTTP 503)
Failed to fetch supplier footprint for <capacitor#962(.InputPower>.C33) /> (jlcpcb:C268016): Failed to fetch the component details (HTTP 503)
Failed to fetch supplier footprint for <resistor#830(.Interfaces>.R26) /> (jlcpcb:C11702): Failed to fetch the component details (HTTP 503)
Failed to fetch supplier footprint for <resistor#667(.UsbPd>.R17) /> (jlcpcb:C25744): Failed to fetch the component details (HTTP 503)
Failed to fetch supplier footprint for <capacitor#857(.Interfaces>.C31) /> (jlcpcb:C1525): Failed to fetch the component details (HTTP 503)
Failed to fetch supplier footprint for <resistor#836(.Interfaces>.R28) /> (jlcpcb:C25744): Failed to fetch the component details (HTTP 503)
Generating preview images...
[index] Generating PCB SVG...
[index] Written pcb.svg
[index] Generating PCB PNG...
[index] Written pcb.png
[index] Generating schematic SVG...
[index] Written schematic.svg

Build complete
  Circuits  1 passed
  Options   pcb-png, pcb-svgs, schematic-svgs
  Output    dist

✓ Done
Build exiting with code 0: build finished successfully
