<SchematicSheet name="MCU" id="schematic_sheet_0">
<SchematicBoxPositions>
<SchematicBoxPlacement componentName="U1" positionAnchor="center" schX="-10" schY="0" width="3" height="6.2" />
<SchematicBoxPlacement componentName="C_FLASH" positionAnchor="center" schX="-7.5" schY="-8.4" width="0.9" height="0.6" />
<SchematicBoxPlacement componentName="C1" positionAnchor="center" schX="-13.5" schY="-7" width="0.9" height="0.6" />
<SchematicBoxPlacement componentName="C_IO2" positionAnchor="center" schX="-12" schY="-7" width="0.9" height="0.6" />
<SchematicBoxPlacement componentName="C_IO3" positionAnchor="center" schX="-10.5" schY="-7" width="0.9" height="0.6" />
<SchematicBoxPlacement componentName="C_IO4" positionAnchor="center" schX="-9" schY="-7" width="0.9" height="0.6" />
<SchematicBoxPlacement componentName="C_IO5" positionAnchor="center" schX="-7.5" schY="-7" width="0.9" height="0.6" />
<SchematicBoxPlacement componentName="C_IO6" positionAnchor="center" schX="-13.5" schY="-8.4" width="0.9" height="0.6" />
<SchematicBoxPlacement componentName="C_ADC" positionAnchor="center" schX="-12" schY="-8.4" width="0.9" height="0.6" />
<SchematicBoxPlacement componentName="C_USBPHY" positionAnchor="center" schX="-10.5" schY="-8.4" width="0.9" height="0.6" />
<SchematicBoxPlacement componentName="C2" positionAnchor="center" schX="-9" schY="-8.4" width="0.9" height="0.6" />
</SchematicBoxPositions>
<SchematicPlacementIssues>
<SchematicPinPaddingToEdgeTooLarge message="Move schematic pins closer to the box edge or change the schematic box height" componentName="U1" pinSides="left" edgeSides="top,bottom" suggestedSchHeight="5.6" />
<DecouplingCapacitorsNotCloseTogether rail="V3V3" ground="GND" capacitorNames="C_FLASH, C1, C_IO2, C_IO3, C_IO4, C_IO5, C_IO6, C_ADC, C_USBPHY, C2" maxBodyGap="5.162" maxRecommendedBodyGap="4" message="Group the decoupling capacitors between V3V3 and GND closer together in this schematic block. Preserve their net connections." />
</SchematicPlacementIssues>
</SchematicSheet>
<SchematicSheet name="UsbPd" id="schematic_sheet_5">
<SchematicBoxPositions>
<SchematicBoxPlacement componentName="D_VBUS" positionAnchor="center" schX="-4.6" schY="-3.3" width="0.2" height="0.28" />
</SchematicBoxPositions>
<SchematicPlacementIssues>
<TwoPinComponentShouldBeVertical componentName="D_VBUS" railPin="pin1" railType="power" deltaSchRotation="-90" suggestedRailFacingDirection="up" message="rotate D_VBUS by -90° so its power-connected pin faces up and the component is vertical" />
</SchematicPlacementIssues>
</SchematicSheet>
