{"phase":"topologyMergingSolver","progress":0.20353476283300842,"elapsed_seconds":3.7727141200000007,"solved":false,"failed":false,"error":null}
{"phase":"topologyMergingSolver","progress":0.22793155728828243,"elapsed_seconds":8.772873726,"solved":false,"failed":false,"error":null}
{"phase":"nodeDimensionSubdivisionSolver","progress":0.24,"node_count":6575,"elapsed_seconds":17.550601981,"solved":false,"failed":false,"error":null}
{"phase":"availableSegmentPointSolver","progress":0.32,"node_count":6564,"edge_count":18369,"elapsed_seconds":24.341972794,"solved":false,"failed":false,"error":null}
{"phase":"highDensityRouteSolver","progress":0.5220408163265307,"node_count":6564,"edge_count":18369,"elapsed_seconds":29.353081467,"solved":false,"failed":false,"error":null}
{"phase":"highDensityRouteSolver","progress":0.5579591836734694,"node_count":6564,"edge_count":18369,"elapsed_seconds":34.361062720999996,"solved":false,"failed":false,"error":null}
{"phase":"traceSimplificationSolver","progress":0.68,"node_count":6564,"edge_count":18369,"elapsed_seconds":39.450246965,"solved":false,"failed":false,"error":null}
Saved unqualified pre-repair candidate through public Pipeline9 API; full pipeline continues
{"phase":"globalDrcForceImproveSolver","progress":0.8,"node_count":6564,"edge_count":18369,"elapsed_seconds":46.399633588,"solved":false,"failed":false,"error":null}
{"phase":"globalDrcForceImproveSolver","progress":0.8,"node_count":6564,"edge_count":18369,"elapsed_seconds":52.258639697,"solved":false,"failed":false,"error":null}
{"phase":"pipeline9JointDrcRepairSolver","progress":0.84,"node_count":6564,"edge_count":18369,"elapsed_seconds":60.244474067999995,"solved":false,"failed":false,"error":null}
{"phase":"pipeline9JointDrcRepairSolver","progress":0.84,"node_count":6564,"edge_count":18369,"elapsed_seconds":79.57725602400001,"solved":false,"failed":false,"error":null}
{"phase":"pipeline9JointDrcRepairSolver","progress":0.84,"node_count":6564,"edge_count":18369,"elapsed_seconds":85.552035391,"solved":false,"failed":false,"error":null}
{"phase":"pipeline9JointDrcRepairSolver","progress":0.84,"node_count":6564,"edge_count":18369,"elapsed_seconds":92.26187435700001,"solved":false,"failed":false,"error":null}
{"phase":"pipeline9JointDrcRepairSolver","progress":0.84,"node_count":6564,"edge_count":18369,"elapsed_seconds":99.77717710700001,"solved":false,"failed":false,"error":null}
{"phase":"pipeline9JointDrcRepairSolver","progress":0.84,"node_count":6564,"edge_count":18369,"elapsed_seconds":107.69166232100001,"solved":false,"failed":false,"error":null}
{"phase":"pipeline9JointDrcRepairSolver","progress":0.84,"node_count":6564,"edge_count":18369,"elapsed_seconds":113.992733627,"solved":false,"failed":false,"error":null}
{"phase":"pipeline9JointDrcRepairSolver","progress":0.84,"node_count":6564,"edge_count":18369,"elapsed_seconds":119.59474527900001,"solved":false,"failed":false,"error":null}
{"phase":"pipeline9JointDrcRepairSolver","progress":0.84,"node_count":6564,"edge_count":18369,"elapsed_seconds":125.39544446900001,"solved":false,"failed":false,"error":null}
{"phase":"pipeline9JointDrcRepairSolver","progress":0.84,"node_count":6564,"edge_count":18369,"elapsed_seconds":131.843245272,"solved":false,"failed":false,"error":null}
{"phase":"pipeline9JointDrcRepairSolver","progress":0.84,"node_count":6564,"edge_count":18369,"elapsed_seconds":137.992973547,"solved":false,"failed":false,"error":null}
{"phase":"pipeline9JointDrcRepairSolver","progress":0.84,"node_count":6564,"edge_count":18369,"elapsed_seconds":143.827705922,"solved":false,"failed":false,"error":null}
{"phase":"pipeline9JointDrcRepairSolver","progress":0.84,"node_count":6564,"edge_count":18369,"elapsed_seconds":151.612023995,"solved":false,"failed":false,"error":null}
{"phase":"pipeline9JointDrcRepairSolver","progress":0.84,"node_count":6564,"edge_count":18369,"elapsed_seconds":159.001661579,"solved":false,"failed":false,"error":null}
{"phase":"pipeline9JointDrcRepairSolver","progress":0.84,"node_count":6564,"edge_count":18369,"elapsed_seconds":165.965802051,"solved":false,"failed":false,"error":null}
{"phase":"pipeline9JointDrcRepairSolver","progress":0.84,"node_count":6564,"edge_count":18369,"elapsed_seconds":175.626271117,"solved":false,"failed":false,"error":null}
{"phase":"pipeline9JointDrcRepairSolver","progress":0.84,"node_count":6564,"edge_count":18369,"elapsed_seconds":187.057699929,"solved":false,"failed":false,"error":null}
{"phase":"pipeline9JointDrcRepairSolver","progress":0.8672222222222223,"node_count":6564,"edge_count":18369,"elapsed_seconds":192.060196554,"solved":false,"failed":false,"error":null}
{"phase":"powerTraceExpansionSolver","progress":0.98,"node_count":6564,"edge_count":18369,"elapsed_seconds":197.06048380000001,"solved":false,"failed":false,"error":null}
{"phase":"powerTraceExpansionSolver","progress":1,"node_count":6564,"edge_count":18369,"elapsed_seconds":202.162307692,"solved":false,"failed":false,"error":null}
{"phase":"none","progress":1,"node_count":6564,"edge_count":18369,"elapsed_seconds":202.291549272,"solved":true,"failed":false,"error":null}
