placement summary: no placement issues

board top-layer utilization:
- occupied: 52.688% (645.432mm^2 of 1225mm^2)
- empty spaces over 5% of board area:
  - 7% (85.749mm^2); bounds=(minX=-17.5mm, maxX=17.5mm, minY=15.05mm, maxY=17.5mm)

board-edge status:
- U1: 4mm inside right edge
- C1: 8.83mm inside right edge
- C2: 8.83mm inside right edge
- C3: 11.08mm inside right edge
- C4: 10.48mm inside top edge
- R1: 6.534mm inside right edge
- C5: 1.83mm inside right edge
- U4: 13.82mm inside top edge
- C6: 12.48mm inside bottom edge
- R2: 14.23mm inside top edge
- R3: 12.23mm inside top edge
- U6: 2mm inside bottom edge
- C7: 9.63mm inside bottom edge
- R49: 4.48mm inside bottom edge
- R50: 0.73mm inside bottom edge
- U5: 0.775mm inside left edge
- C8: 2.636mm inside left edge
- C9: 0.9mm inside left edge
- C10: 0.9mm inside left edge
- L1: 4.1mm inside left edge
- C11: 2.825mm inside top edge
- C12: 1.075mm inside top edge
- U2: 5.55mm inside left edge
- C13: 8.08mm inside left edge
- C14: 10.65mm inside left edge
- C15: 12.325mm inside left edge
- C16: 11.48mm inside left edge
- C17: 2.4mm inside left edge
- C18: 1.165mm inside left edge
- C19: 1.98mm inside left edge
- C20: 5.33mm inside right edge
- R5: 0.567mm inside left edge
- R6: 0.567mm inside left edge
- R4: 12.784mm inside left edge
- R7: 10.784mm inside left edge
- R8: 12.23mm inside bottom edge
- R9: 11.73mm inside bottom edge
- R10: 11.23mm inside bottom edge
- R11: 10.98mm inside bottom edge
- C21: 8.23mm inside left edge
- J_USB: 1.76mm inside top edge
- U3: 5.76mm inside left edge
- Q_PD: 6.2mm inside left edge
- D_USB: 10.05mm inside top edge
- D_VBUS: 3.55mm inside top edge
- C25: 3.55mm inside top edge
- C26: 6.4mm inside left edge
- C22: 3.33mm inside left edge
- C23: 5.98mm inside top edge
- C24: 5.98mm inside top edge
- R12: 1.284mm inside left edge
- R13: 12.784mm inside left edge
- R14: 11.98mm inside top edge
- R15: 9.48mm inside top edge
- R16: 4.73mm inside top edge
- R17: 5.23mm inside top edge
- R18: 3.48mm inside top edge
- C27: 10.73mm inside top edge
- J_SWD: 0.325mm inside right edge
- U7: 6.4mm inside top edge
- U8: 8.8mm inside right edge
- R19: 7.534mm inside right edge
- C28: 6.63mm inside right edge
- C29: 12.23mm inside top edge
- R20: 4.534mm inside right edge
- R21: 4.784mm inside right edge
- R22: 3.48mm inside top edge
- R51: 11.784mm inside right edge
- R52: 8.284mm inside right edge
- R53: 6.034mm inside right edge
- J_IO: 0.687mm inside right edge
- J_MOTOR: 2.9mm inside bottom edge
- U9: 9.45mm inside left edge
- D_IO1: 7.4mm inside right edge
- D_IO2: 7.4mm inside right edge
- D_CAN: 7.13mm inside right edge
- R23: 11.034mm inside right edge
- R24: 11.034mm inside right edge
- R25: 10.534mm inside right edge
- R26: 10.534mm inside right edge
- R27: 9.784mm inside right edge
- R28: 11.23mm inside bottom edge
- R29: 12.784mm inside right edge
- R30: 12.784mm inside right edge
- R31: 12.784mm inside right edge
- R32: 12.034mm inside right edge
- R33: 11.23mm inside bottom edge
- R34: 9.73mm inside bottom edge
- C30: 5.73mm inside bottom edge
- C31: 7.58mm inside right edge
- C32: 9.18mm inside bottom edge
- R35: 12.48mm inside bottom edge
- LED_POWER: 15.097mm inside bottom edge
- R36: 11.23mm inside bottom edge
- LED_STATUS: 13.097mm inside bottom edge
- R37: 11.23mm inside bottom edge
- LED_FAULT: 15.301mm inside right edge
- U10: 7.51mm inside top edge
- Q_ILIM: 11.595mm inside left edge
- R38: 5.98mm inside top edge
- R39: 4.73mm inside top edge
- R40: 3.534mm inside left edge
- R41: 10.784mm inside left edge
- R42: 7.48mm inside top edge
- R43: 4.73mm inside top edge
- R44: 4.73mm inside top edge
- R45: 11.98mm inside top edge
- R46: 9.784mm inside left edge
- C33: 10.3mm inside top edge
- C34: 5.175mm inside top edge
- R48: 3.48mm inside top edge

placement drc:
Errors: 0
Warnings: 0
