placement summary: no placement issues

board top-layer utilization:
- occupied: 44.787% (548.643mm^2 of 1225mm^2)
- empty spaces over 5% of board area:
  - 6.604% (80.899mm^2); bounds=(minX=-0.045mm, maxX=5.75mm, minY=-6.48mm, maxY=7.48mm)
  - 5.96% (73.006mm^2); bounds=(minX=-7.33mm, maxX=7.33mm, minY=12.52mm, maxY=17.5mm)

board-edge status:
- J_SWD_ENVELOPE: 0.325mm inside right edge
- U1: 1.5mm inside right edge
- C1: 5.23mm inside bottom edge
- C2: 7.23mm inside bottom edge
- C3: 9.23mm inside bottom edge
- C4: 5.23mm inside bottom edge
- R1: 9.23mm inside bottom edge
- C5: 7.23mm inside bottom edge
- U4: 13.82mm inside top edge
- C6: 12.23mm inside bottom edge
- R2: 9.23mm inside bottom edge
- R3: 9.23mm inside bottom edge
- U6: 4.301mm inside right edge
- C7: 1.83mm inside right edge
- U5: 7.25mm inside top edge
- C8: 2.165mm inside left edge
- C9: 1.4mm inside left edge
- C10: 10.05mm inside top edge
- L1: 1.65mm inside left edge
- C11: 1.795mm inside left edge
- C12: 1.795mm inside left edge
- U2: 5.55mm inside left edge
- C13: 12.83mm inside left edge
- C14: 12.4mm inside left edge
- C15: 13.795mm inside left edge
- C16: 2.83mm inside left edge
- C17: 2.4mm inside left edge
- C18: 2.165mm inside left edge
- C19: 1.08mm inside left edge
- C20: 1.08mm inside right edge
- R5: 5.417mm inside left edge
- R6: 5.417mm inside left edge
- R4: 12.784mm inside left edge
- R7: 8.784mm inside left edge
- R8: 2.784mm inside left edge
- R9: 13.23mm inside top edge
- R10: 5.784mm inside left edge
- R11: 3.784mm inside left edge
- C21: 11.23mm inside top edge
- J_USB: 1.726mm inside top edge
- U3: 5.76mm inside left edge
- Q_PD: 6.2mm inside left edge
- D_USB: 3.05mm inside top edge
- D_VBUS: 4.85mm inside top edge
- C25: 5.05mm inside top edge
- C26: 2.55mm inside top edge
- C22: 7.23mm inside top edge
- C23: 5.23mm inside top edge
- C24: 5.23mm inside top edge
- R12: 10.23mm inside top edge
- R13: 10.23mm inside top edge
- R14: 4.784mm inside left edge
- R15: 4.23mm inside bottom edge
- R16: 11.73mm inside top edge
- R17: 11.73mm inside top edge
- R18: 10.23mm inside top edge
- C27: 6.23mm inside top edge

placement drc:
Errors: 0
Warnings: 0
