Building 1 file(s)...
Building mounted-assembly.circuit.tsx...
Generating circuit JSON...
Circuit JSON written to dist/mounted-assembly/circuit.json
The "J" prefix is being used with a <chip />, try using it with a <connector /> or <jumper />
The "Q" prefix is being used with a <chip />, try using it with a <transistor />
The "J" prefix is being used with a <chip />, try using it with a <connector /> or <jumper />
The "J" prefix is being used with a <chip />, try using it with a <connector /> or <jumper />
The "Q" prefix is being used with a <chip />, try using it with a <transistor />
All pins on Q_PD are underspecified (no pinAttributes set)
All pins on D_VBUS are underspecified (no pinAttributes set)
All pins on J_IO are underspecified (no pinAttributes set)
All pins on J_MOTOR are underspecified (no pinAttributes set)
All pins on D_CAN are underspecified (no pinAttributes set)
All pins on Q_ILIM are underspecified (no pinAttributes set)
U4 has no pin with requires_power=true
U2 has no pin with requires_power=true
J_USB has no pin with requires_power=true
Q_PD has no pin with requires_power=true
D_USB has no pin with requires_power=true
D_VBUS has no pin with requires_power=true
J_IO has no pin with requires_power=true
J_MOTOR has no pin with requires_power=true
U9 has no pin with requires_power=true
D_IO1 has no pin with requires_power=true
D_IO2 has no pin with requires_power=true
D_CAN has no pin with requires_power=true
U10 has no pin with requires_power=true
Q_ILIM has no pin with requires_power=true
J_USB has no pin with requires_ground=true
Q_PD has no pin with requires_ground=true
D_VBUS has no pin with requires_ground=true
J_IO has no pin with requires_ground=true
J_MOTOR has no pin with requires_ground=true
D_CAN has no pin with requires_ground=true
Q_ILIM has no pin with requires_ground=true
Q_PD is missing schematic reference designator text. For a custom symbol, add name="{REFDES}" inside the symbol.
D_USB is missing schematic reference designator text. For a custom symbol, add name="{REFDES}" inside the symbol.
D_VBUS is missing schematic reference designator text. For a custom symbol, add name="{REFDES}" inside the symbol.
D_CAN is missing schematic reference designator text. For a custom symbol, add name="{REFDES}" inside the symbol.
Q_ILIM is missing schematic reference designator text. For a custom symbol, add name="{REFDES}" inside the symbol.
Failed to fetch supplier footprint for <resistor#449(.Programming>.R51) /> (jlcpcb:C852472): Failed to search for the component (HTTP 429)
Failed to fetch supplier footprint for <resistor#620(.InputPower>.R42) /> (jlcpcb:C25900): Failed to search for the component (HTTP 429)
Failed to fetch supplier footprint for <capacitor#635(.InputPower>.C33) /> (jlcpcb:C268016): Failed to search for the component (HTTP 429)
Failed to fetch supplier footprint for <resistor#310(.MotorDriver>.R10) /> (jlcpcb:C25744): Failed to search for the component (HTTP 429)
Failed to fetch supplier footprint for <resistor#641(.InputPower>.R48) /> (jlcpcb:C25744): Failed to search for the component (HTTP 429)
Failed to fetch supplier footprint for <capacitor#366(.UsbPd>.C22) /> (jlcpcb:C1525): Failed to search for the component (HTTP 429)
Failed to fetch supplier footprint for <capacitor#638(.InputPower>.C34) /> (jlcpcb:C268016): Failed to search for the component (HTTP 429)
Failed to fetch supplier footprint for <resistor#295(.MotorDriver>.R6) /> (jlcpcb:C513714): Failed to search for the component (HTTP 429)
Failed to fetch supplier footprint for <resistor#632(.InputPower>.R46) /> (jlcpcb:C25744): Failed to search for the component (HTTP 429)
Failed to fetch supplier footprint for <resistor#298(.MotorDriver>.R4) /> (jlcpcb:C11702): Failed to search for the component (HTTP 429)
Failed to fetch supplier footprint for <resistor#375(.UsbPd>.R12) /> (jlcpcb:C25744): Failed to search for the component (HTTP 429)
Failed to fetch supplier footprint for <resistor#307(.MotorDriver>.R9) /> (jlcpcb:C25744): Failed to search for the component (HTTP 429)
Failed to fetch supplier footprint for <resistor#623(.InputPower>.R43) /> (jlcpcb:C852895): Failed to search for the component (HTTP 429)
Failed to fetch supplier footprint for <resistor#304(.MotorDriver>.R8) /> (jlcpcb:C25744): Failed to search for the component (HTTP 429)
Failed to fetch supplier footprint for <resistor#301(.MotorDriver>.R7) /> (jlcpcb:C25744): Failed to search for the component (HTTP 429)
Failed to fetch supplier footprint for <capacitor#372(.UsbPd>.C24) /> (jlcpcb:C5448795): Failed to search for the component (HTTP 429)
Failed to fetch supplier footprint for <capacitor#289(.MotorDriver>.C20) /> (jlcpcb:C178585): Failed to search for the component (HTTP 429)
Failed to fetch supplier footprint for <resistor#614(.InputPower>.R40) /> (jlcpcb:C852472): Failed to search for the component (HTTP 429)
Failed to fetch supplier footprint for <resistor#617(.InputPower>.R41) /> (jlcpcb:C11702): Failed to search for the component (HTTP 429)
Failed to fetch supplier footprint for <chip#489(.Interfaces>.D_IO1) /> (jlcpcb:C138714): Failed to search for the component (HTTP 429)
Failed to fetch supplier footprint for <resistor#292(.MotorDriver>.R5) /> (jlcpcb:C513714): Failed to search for the component (HTTP 429)
Failed to fetch supplier footprint for <chip#340(.UsbPd>.U3) /> (jlcpcb:C1121848): Failed to search for the component (HTTP 429)
Failed to fetch supplier footprint for <chip#358(.UsbPd>.D_USB) /> (jlcpcb:C94934): Failed to search for the component (HTTP 429)
Failed to fetch supplier footprint for <resistor#313(.MotorDriver>.R11) /> (jlcpcb:C25744): Failed to search for the component (HTTP 429)
Failed to fetch supplier footprint for <capacitor#286(.MotorDriver>.C19) /> (jlcpcb:C178585): Failed to search for the component (HTTP 429)
Failed to fetch supplier footprint for <capacitor#363(.UsbPd>.C26) /> (jlcpcb:C14663): Failed to search for the component (HTTP 429)
Failed to fetch supplier footprint for <capacitor#283(.MotorDriver>.C18) /> (jlcpcb:C13585): Failed to search for the component (HTTP 429)
Failed to fetch supplier footprint for <capacitor#369(.UsbPd>.C23) /> (jlcpcb:C5448795): Failed to search for the component (HTTP 429)
Generating preview images...
[mounted-assembly] Generating PCB SVG...
[mounted-assembly] Written pcb.svg
[mounted-assembly] Generating PCB PNG...
[mounted-assembly] Written pcb.png
[mounted-assembly] Generating 3D PNG...
[mounted-assembly] Written 3d.png
Generating GLB models for all builds...
[mounted-assembly] Converting circuit to GLB...
[mounted-assembly] Written 3d.glb

Build complete
  Circuits  1 passed
  Options   pcb-png, pcb-svgs, 3d-png, glbs
  Output    dist

✓ Done
Build exiting with code 0: build finished successfully
