C1 (8.0, -5.0) -> (8.0, -5.0)
C2 (8.0, -6.75) -> (8.0, -6.75)
C3 (5.75, -5.0) -> (5.75, -5.0)
C4 (6.0, -6.75) -> (6.0, -6.75)
C22 (-13.5, -9.0) -> (-13.5, -9.0)
C23 (-1.25, -11.25) -> (-1.25, -11.25)
C24 (1.25, -11.25) -> (1.25, -11.25)
C25 (-10.0, -13.5) -> (-10.0, -13.5)
C28 (4, -10) -> (4.0, -10.0)
C29 (5, -5) -> (4.25, -5.0)
D_USB (7.75, -14.0) -> (7.75, -14.0)
D_VBUS (-6.5, -13.25) -> (-6.5, -13.5)
D_IO1 (9.0, 5.5) -> (9.0, 5.5)
D_IO2 (9.0, 2.5) -> (9.0, 2.5)
D_CAN (12.75, 10.75) -> (5.5, 6.25)
LED_POWER (-1, 2) -> (-1.0, 2.0)
LED_STATUS (1, 4) -> (1.0, 4.0)
LED_FAULT (1, 0) -> (1.0, 0.0)
R23 (7, 6) -> (8.5, 7.25)
R24 (7, 4) -> (6.25, 3.75)
R25 (7, 2) -> (6.25, 2.0)
R26 (7, 0) -> (7.0, 0.0)
R27 (7, -2) -> (7.0, -2.0)
R28 (5, 6) -> (4.0, 3.75)
R29 (5, 4) -> (4.0, 2.5)
R30 (5, 2) -> (4.0, 1.25)
R31 (5, 0) -> (4.75, 0.0)
R32 (5, -2) -> (4.75, -2.0)
R33 (-6, 6) -> (-4.5, 6.0)
R34 (5, 8) -> (2.5, 8.0)
R35 (-1, 4) -> (-1.0, 4.75)
R36 (-1, 6) -> (-1.0, 6.0)
R37 (1, 6) -> (1.25, 6.0)
C30 (8, 7.5) -> (10.25, 11.5)
C31 (8, 0.3) -> (9.25, 0.25)
R38 (-6, -9) -> (-5.75, -11.25)
R39 (-6, -11) -> (-4.25, -12.5)
R40 (-8, -7) -> (-13.25, -7.5)
R41 (-6, -7) -> (-0.25, -8.25)
R42 (-4, -7) -> (-0.25, -5.25)
R43 (-2, -9) -> (-0.25, -9.5)
R44 (-2, -11) -> (-2.0, -12.5)
R45 (-2, -7) -> (2.0, -8.25)
R46 (-7, -3) -> (-7.0, -0.5)
R48 (-2, -13) -> (-2.0, -13.75)
R49 (10.75, 12.75) -> (10.75, 12.75)
R50 (7.0, 16.5) -> (7.0, 16.5)
R51 (5.0, -3.75) -> (5.0, -3.75)
R52 (8.5, -4.0) -> (8.5, -4.0)
R53 (10.75, -4.75) -> (10.75, -4.75)
R19 (7, -4) -> (9.25, -2.75)
R20 (12.0, -10.0) -> (12.0, -10.0)
R21 (12.0, -12.0) -> (12.0, -12.0)
R22 (11.75, -13.75) -> (11.75, -13.75)
C5 (15.0, -3.5) -> (15.0, -3.5)
C6 (1.5, 4.75) -> (1.5, 4.75)
R1 (10.25, -5.0) -> (10.25, -5.0)
R2 (1, -3) -> (1.0, -3.0)
R3 (1, -5) -> (1.0, -5.0)
C7 (2.5, 12.0) -> (2.5, 12.0)
R4 (-4, 3) -> (-4.0, 3.0)
R7 (-6, -5.5) -> (-6.0, -5.0)
R8 (-3, 5) -> (-3.0, 5.0)
R9 (-1, 5) -> (-0.75, 5.5)
R10 (-6, 4) -> (-5.25, 6.0)
R11 (-4, 6) -> (-3.0, 6.25)
C27 (4.25, -6.5) -> (4.25, -6.5)
R12 (-13.5, -7.75) -> (-15.5, -7.75)
R13 (-4.0, -0.5) -> (-4.0, -0.5)
R14 (2.0, -5.75) -> (2.0, -5.25)
R15 (2.0, -7.0) -> (4.25, -7.75)
R16 (2.0, -8.25) -> (2.0, -12.5)
R17 (4.25, -7.75) -> (4.5, -12.0)
R18 (3.0, -12.5) -> (3.0, -13.75)
