{"phase":"topologyPlanningSolver","progress":0.166221226206286,"elapsed_seconds":4.2752298070000005,"solved":false,"failed":false,"error":null}
{"phase":"topologyMergingSolver","progress":0.2134781780064799,"elapsed_seconds":9.275836895000001,"solved":false,"failed":false,"error":null}
{"phase":"topologyMergingSolver","progress":0.23056222603392412,"elapsed_seconds":14.277150307,"solved":false,"failed":false,"error":null}
{"phase":"topologyMergingSolver","progress":0.23875738517247952,"elapsed_seconds":19.279680453,"solved":false,"failed":false,"error":null}
{"phase":"nodeDimensionSubdivisionSolver","progress":0.24,"node_count":41241,"elapsed_seconds":140.90036605100002,"solved":false,"failed":false,"error":null}
{"phase":"edgeSolver","progress":0.28,"node_count":42314,"elapsed_seconds":172.32003555600002,"solved":false,"failed":false,"error":null}
{"phase":"availableSegmentPointSolver","progress":0.32,"node_count":42314,"edge_count":126463,"elapsed_seconds":206.474086241,"solved":false,"failed":false,"error":null}
{"phase":"portPointPathingSolver","progress":0.44,"node_count":42314,"edge_count":126463,"elapsed_seconds":211.66098305100002,"solved":false,"failed":false,"error":null}
{"phase":"portPointPathingSolver","progress":0.44,"node_count":42314,"edge_count":126463,"elapsed_seconds":216.661044364,"solved":false,"failed":false,"error":null}
{"phase":"traceSimplificationSolver","progress":0.68,"node_count":42314,"edge_count":126463,"elapsed_seconds":221.71569268800002,"solved":false,"failed":false,"error":null}
Saved unqualified pre-repair candidate through public Pipeline9 API; full pipeline continues
{"phase":"pipeline9JointDrcRepairSolver","progress":0.84,"node_count":42314,"edge_count":126463,"elapsed_seconds":229.146894214,"solved":false,"failed":false,"error":null}
{"phase":"pipeline9JointDrcRepairSolver","progress":0.84,"node_count":42314,"edge_count":126463,"elapsed_seconds":238.452275711,"solved":false,"failed":false,"error":null}
{"phase":"pipeline9JointDrcRepairSolver","progress":0.84,"node_count":42314,"edge_count":126463,"elapsed_seconds":244.887059902,"solved":false,"failed":false,"error":null}
{"phase":"pipeline9JointDrcRepairSolver","progress":0.84,"node_count":42314,"edge_count":126463,"elapsed_seconds":254.051627276,"solved":false,"failed":false,"error":null}
{"phase":"pipeline9JointDrcRepairSolver","progress":0.84,"node_count":42314,"edge_count":126463,"elapsed_seconds":260.645402577,"solved":false,"failed":false,"error":null}
{"phase":"pipeline9JointDrcRepairSolver","progress":0.84,"node_count":42314,"edge_count":126463,"elapsed_seconds":267.83493531199997,"solved":false,"failed":false,"error":null}
{"phase":"pipeline9JointDrcRepairSolver","progress":0.84,"node_count":42314,"edge_count":126463,"elapsed_seconds":278.014921349,"solved":false,"failed":false,"error":null}
{"phase":"pipeline9JointDrcRepairSolver","progress":0.84,"node_count":42314,"edge_count":126463,"elapsed_seconds":289.40855234400004,"solved":false,"failed":false,"error":null}
{"phase":"pipeline9JointDrcRepairSolver","progress":0.84,"node_count":42314,"edge_count":126463,"elapsed_seconds":295.597687968,"solved":false,"failed":false,"error":null}
