$ node scripts/check-mechanical-assembly.mjs
node:internal/modules/run_main:107
    triggerUncaughtException(
    ^

AssertionError [ERR_ASSERTION]: Missing genuine STEP model blocks complete 3D component assembly qualification; bounding-box display is insufficient
+ actual - expected

+ [
+   {
+     part: [
+       'C5143397'
+     ],
+     reference: 'J_USB',
+     show_as_bounding_box: true
+   }
+ ]
- []

    at file:///Users/anassarkiz/tsci/tscircuit-store/boards/smart-nema14-motor-controller--01a0fd9b/scripts/check-mechanical-assembly.mjs:80:8
    at ModuleJob.run (node:internal/modules/esm/module_job:430:25)
    at async onImport.tracePromise.__proto__ (node:internal/modules/esm/loader:655:26)
    at async asyncRunEntryPointWithESMLoader (node:internal/modules/run_main:101:5) {
  generatedMessage: false,
  code: 'ERR_ASSERTION',
  actual: [
    {
      reference: 'J_USB',
      part: [ 'C5143397' ],
      show_as_bounding_box: true
    }
  ],
  expected: [],
  operator: 'deepStrictEqual',
  diff: 'simple'
}

Node.js v25.6.0
error: script "test:assembly" exited with code 1
