placement summary: 11 suboptimal orientations

worst issues:
1. C6 connections cross the routing path between its pads. Suggested move: rotate C6 180 degrees.
2. R13 connections cross the routing path between its pads. Suggested move: rotate R13 180 degrees.
3. R14 connections cross the routing path between its pads. Suggested move: rotate R14 180 degrees.
4. R16 connections cross the routing path between its pads. Suggested move: rotate R16 180 degrees.
5. R17 connections cross the routing path between its pads. Suggested move: rotate R17 180 degrees.

board top-layer utilization:
- occupied: 62.007% (759.58mm^2 of 1225mm^2)
- empty spaces over 5% of board area: none

board-edge status:
- U1: 4mm inside right edge
- C1: 8.83mm inside right edge
- C2: 8.83mm inside right edge
- C3: 11.08mm inside right edge
- C4: 10.48mm inside top edge
- R1: 4.784mm inside right edge
- C5: 2.33mm inside right edge
- U4: 13.82mm inside top edge
- C6: 12.48mm inside bottom edge
- R2: 14.23mm inside top edge
- R3: 12.23mm inside top edge
- U6: 2mm inside bottom edge
- C7: 5.23mm inside bottom edge
- R49: 5.23mm inside bottom edge
- R50: 0.73mm inside bottom edge
- U5: 5.275mm inside left edge
- C8: 1.165mm inside left edge
- C9: 6.65mm inside left edge
- C10: 8.65mm inside left edge
- L1: 1.25mm inside top edge
- C11: 1.075mm inside left edge
- C12: 1.075mm inside left edge
- U2: 5.55mm inside left edge
- C13: 8.58mm inside left edge
- C14: 9.9mm inside left edge
- C15: 11.825mm inside top edge
- C16: 12.33mm inside left edge
- C17: 1.65mm inside left edge
- C18: 0.665mm inside left edge
- C19: 1.08mm inside left edge
- C20: 1.08mm inside right edge
- R5: 0.567mm inside left edge
- R6: 0.567mm inside left edge
- R4: 12.784mm inside left edge
- R7: 10.534mm inside left edge
- R8: 11.48mm inside bottom edge
- R9: 11.73mm inside bottom edge
- R10: 10.034mm inside left edge
- R11: 11.23mm inside bottom edge
- C21: 12.83mm inside left edge
- J_USB: 1.76mm inside top edge
- U3: 5.76mm inside left edge
- Q_PD: 6.2mm inside left edge
- D_USB: 3.05mm inside top edge
- D_VBUS: 3.8mm inside top edge
- C25: 3.55mm inside top edge
- C26: 1.3mm inside top edge
- C22: 3.33mm inside left edge
- C23: 5.98mm inside top edge
- C24: 5.98mm inside top edge
- R12: 3.284mm inside left edge
- R13: 11.73mm inside top edge
- R14: 11.48mm inside top edge
- R15: 12.48mm inside top edge
- R16: 10.23mm inside top edge
- R17: 9.48mm inside top edge
- R18: 7.98mm inside top edge
- C27: 10.73mm inside top edge
- J_SWD: 0.325mm inside right edge
- U7: 6.4mm inside top edge
- U8: 8.8mm inside right edge
- R19: 7.534mm inside right edge
- C28: 7.23mm inside top edge
- C29: 12.23mm inside top edge
- R20: 4.784mm inside right edge
- R21: 4.784mm inside right edge
- R22: 3.23mm inside top edge
- R51: 11.784mm inside right edge
- R52: 8.284mm inside right edge
- R53: 6.034mm inside right edge
- J_IO: 0.687mm inside right edge
- J_MOTOR: 0.812mm inside bottom edge
- U9: 9.45mm inside left edge
- D_IO1: 7.4mm inside right edge
- D_IO2: 7.4mm inside right edge
- D_CAN: 1.784mm inside bottom edge
- R23: 10.534mm inside right edge
- R24: 10.534mm inside right edge
- R25: 10.534mm inside right edge
- R26: 9.784mm inside right edge
- R27: 9.784mm inside right edge
- R28: 11.23mm inside bottom edge
- R29: 12.784mm inside right edge
- R30: 12.784mm inside right edge
- R31: 12.034mm inside right edge
- R32: 12.034mm inside right edge
- R33: 11.23mm inside bottom edge
- R34: 9.73mm inside bottom edge
- C30: 8.83mm inside right edge
- C31: 7.58mm inside right edge
- C32: 6.83mm inside left edge
- R35: 12.48mm inside bottom edge
- LED_POWER: 15.097mm inside bottom edge
- R36: 11.23mm inside bottom edge
- LED_STATUS: 13.097mm inside bottom edge
- R37: 11.23mm inside bottom edge
- LED_FAULT: 15.301mm inside right edge
- U10: 7.3mm inside top edge
- Q_ILIM: 10.73mm inside left edge
- R38: 10.48mm inside top edge
- R39: 5.48mm inside top edge
- R40: 8.534mm inside left edge
- R41: 10.784mm inside left edge
- R42: 10.48mm inside top edge
- R43: 8.23mm inside top edge
- R44: 4.73mm inside top edge
- R45: 10.23mm inside top edge
- R46: 9.784mm inside left edge
- R47: 4.23mm inside top edge
- C33: 5.55mm inside top edge
- R48: 3.48mm inside top edge

flagged components:
- C6
  source placement: placement_mode=none
  resolved placement: center=(1.5mm, 4.75mm) on bottom; bounds=(minX=0.83mm, maxX=2.17mm, minY=4.48mm, maxY=5.02mm); size=(width=1.34mm, height=0.54mm); anchor_alignment="center"
  board edge status: 12.48mm inside bottom edge
  issues:
  - C6 connections cross the routing path between its pads. Suggested move: rotate C6 180 degrees.
- R13
  source placement: placement_mode=none
  resolved placement: center=(-3.75mm, -5.5mm) on bottom; bounds=(minX=-4.466mm, maxX=-3.034mm, minY=-5.77mm, maxY=-5.23mm); size=(width=1.431mm, height=0.54mm); anchor_alignment="center"
  board edge status: 11.73mm inside top edge
  issues:
  - R13 connections cross the routing path between its pads. Suggested move: rotate R13 180 degrees.
- R14
  source placement: placement_mode=none
  resolved placement: center=(-1.5mm, -5.75mm) on bottom; bounds=(minX=-2.216mm, maxX=-0.784mm, minY=-6.02mm, maxY=-5.48mm); size=(width=1.431mm, height=0.54mm); anchor_alignment="center"
  board edge status: 11.48mm inside top edge
  issues:
  - R14 connections cross the routing path between its pads. Suggested move: rotate R14 180 degrees.
- R16
  source placement: placement_mode=none
  resolved placement: center=(1.5mm, -7mm) on bottom; bounds=(minX=0.784mm, maxX=2.216mm, minY=-7.27mm, maxY=-6.73mm); size=(width=1.431mm, height=0.54mm); anchor_alignment="center"
  board edge status: 10.23mm inside top edge
  issues:
  - R16 connections cross the routing path between its pads. Suggested move: rotate R16 180 degrees.
- R17
  source placement: placement_mode=none
  resolved placement: center=(3.75mm, -7.75mm) on bottom; bounds=(minX=3.034mm, maxX=4.466mm, minY=-8.02mm, maxY=-7.48mm); size=(width=1.431mm, height=0.54mm); anchor_alignment="center"
  board edge status: 9.48mm inside top edge
  issues:
  - R17 connections cross the routing path between its pads. Suggested move: rotate R17 180 degrees.
- R38
  source placement: placement_mode=none
  resolved placement: center=(-6mm, -6.75mm) on bottom; bounds=(minX=-6.716mm, maxX=-5.284mm, minY=-7.02mm, maxY=-6.48mm); size=(width=1.431mm, height=0.54mm); anchor_alignment="center"
  board edge status: 10.48mm inside top edge
  issues:
  - R38 connections cross the routing path between its pads. Suggested move: rotate R38 180 degrees.
- R40
  source placement: placement_mode=none
  resolved placement: center=(-8.25mm, -6.25mm) on bottom; bounds=(minX=-8.966mm, maxX=-7.534mm, minY=-6.52mm, maxY=-5.98mm); size=(width=1.431mm, height=0.54mm); anchor_alignment="center"
  board edge status: 8.534mm inside left edge
  issues:
  - R40 connections cross the routing path between its pads. Suggested move: rotate R40 180 degrees.
- R41
  source placement: placement_mode=none
  resolved placement: center=(-6mm, -5.5mm) on bottom; bounds=(minX=-6.716mm, maxX=-5.284mm, minY=-5.77mm, maxY=-5.23mm); size=(width=1.431mm, height=0.54mm); anchor_alignment="center"
  board edge status: 10.784mm inside left edge
  issues:
  - R41 connections cross the routing path between its pads. Suggested move: rotate R41 180 degrees.
- R42
  source placement: placement_mode=none
  resolved placement: center=(-3.75mm, -6.75mm) on bottom; bounds=(minX=-4.466mm, maxX=-3.034mm, minY=-7.02mm, maxY=-6.48mm); size=(width=1.431mm, height=0.54mm); anchor_alignment="center"
  board edge status: 10.48mm inside top edge
  issues:
  - R42 connections cross the routing path between its pads. Suggested move: rotate R42 180 degrees.
- R43
  source placement: placement_mode=none
  resolved placement: center=(-1.75mm, -9mm) on bottom; bounds=(minX=-2.466mm, maxX=-1.034mm, minY=-9.27mm, maxY=-8.73mm); size=(width=1.431mm, height=0.54mm); anchor_alignment="center"
  board edge status: 8.23mm inside top edge
  issues:
  - R43 connections cross the routing path between its pads. Suggested move: rotate R43 180 degrees.
- R44
  source placement: placement_mode=none
  resolved placement: center=(-2mm, -12.5mm) on bottom; bounds=(minX=-2.716mm, maxX=-1.284mm, minY=-12.77mm, maxY=-12.23mm); size=(width=1.431mm, height=0.54mm); anchor_alignment="center"
  board edge status: 4.73mm inside top edge
  issues:
  - R44 connections cross the routing path between its pads. Suggested move: rotate R44 180 degrees.

placement drc:
Errors: 0
Warnings: 1
- pcb_connector_not_in_accessible_orientation_warning: component is inferred to face y- from its cable insertion center because no explicit footprint insertionDirection is defined, but should face y+ so the connector is accessible from the board edge. Set insertionDirection on the <footprint> to specify the actual direction in the footprint's unrotated orientation; for example, <footprint insertionDirection="from_above"> for a connector accessed from above the PCB (+Z).
