Building 1 file(s)...
Building controller-preview.circuit.tsx...
Generating circuit JSON...
Circuit JSON written to dist/controller-preview/circuit.json
The "J" prefix is being used with a <chip />, try using it with a <connector /> or <jumper />
The "Q" prefix is being used with a <chip />, try using it with a <transistor />
The "J" prefix is being used with a <chip />, try using it with a <connector /> or <jumper />
The "J" prefix is being used with a <chip />, try using it with a <connector /> or <jumper />
The "Q" prefix is being used with a <chip />, try using it with a <transistor />
schPinSpacing is deprecated and will be ignored. Pin spacing is always 0.2.
component is inferred to face y- from its cable insertion center because no explicit footprint insertionDirection is defined, but should face y+ so the connector is accessible from the board edge. Set insertionDirection on the <footprint> to specify the actual direction in the footprint's unrotated orientation; for example, <footprint insertionDirection="from_above"> for a connector accessed from above the PCB (+Z).
All pins on Q_PD are underspecified (no pinAttributes set)
All pins on D_VBUS are underspecified (no pinAttributes set)
All pins on J_IO are underspecified (no pinAttributes set)
All pins on J_MOTOR are underspecified (no pinAttributes set)
All pins on D_CAN are underspecified (no pinAttributes set)
All pins on Q_ILIM are underspecified (no pinAttributes set)
U4 has no pin with requires_power=true
U2 has no pin with requires_power=true
J_USB has no pin with requires_power=true
Q_PD has no pin with requires_power=true
D_USB has no pin with requires_power=true
D_VBUS has no pin with requires_power=true
J_IO has no pin with requires_power=true
J_MOTOR has no pin with requires_power=true
U9 has no pin with requires_power=true
D_IO1 has no pin with requires_power=true
D_IO2 has no pin with requires_power=true
D_CAN has no pin with requires_power=true
U10 has no pin with requires_power=true
Q_ILIM has no pin with requires_power=true
J_USB has no pin with requires_ground=true
Q_PD has no pin with requires_ground=true
D_VBUS has no pin with requires_ground=true
J_IO has no pin with requires_ground=true
J_MOTOR has no pin with requires_ground=true
D_CAN has no pin with requires_ground=true
Q_ILIM has no pin with requires_ground=true
Q_PD is missing schematic reference designator text. For a custom symbol, add name="{REFDES}" inside the symbol.
D_USB is missing schematic reference designator text. For a custom symbol, add name="{REFDES}" inside the symbol.
D_VBUS is missing schematic reference designator text. For a custom symbol, add name="{REFDES}" inside the symbol.
D_CAN is missing schematic reference designator text. For a custom symbol, add name="{REFDES}" inside the symbol.
Q_ILIM is missing schematic reference designator text. For a custom symbol, add name="{REFDES}" inside the symbol.
SMT pad pcb_smtpad_296 violates copper-to-board-edge clearance (measured 0.000mm, required 0.200mm)
SMT pad pcb_smtpad_297 violates copper-to-board-edge clearance (measured 0.000mm, required 0.200mm)
SMT pad pcb_smtpad_298 violates copper-to-board-edge clearance (measured 0.000mm, required 0.200mm)
SMT pad pcb_smtpad_299 violates copper-to-board-edge clearance (measured 0.000mm, required 0.200mm)
Component J_MOTOR extends outside board boundaries by 0.29mm. Try moving it 0.29mm down to fit within the board edge.
U1 overlaps J_IO: 3 footprint overlaps, 4 pad clearance violations, 1 courtyard conflict. Move the components apart.
R43 overlaps U4: 1 footprint overlap, 1 pad clearance violation, 1 courtyard conflict. Move the components apart.
R44 overlaps U4: 2 footprint overlaps, 2 pad clearance violations, 1 courtyard conflict. Move the components apart.
J_MOTOR overlaps R2: 1 footprint overlap, 1 pad clearance violation, 1 courtyard conflict. Move the components apart.
R3 overlaps J_MOTOR: 2 footprint overlaps, 2 pad clearance violations, 1 courtyard conflict. Move the components apart.
U6 overlaps U7: 3 footprint overlaps, 3 pad clearance violations, 1 courtyard conflict. Move the components apart.
R49 overlaps R17: 1 footprint overlap, 1 pad clearance violation, 1 courtyard conflict. Move the components apart.
R50 overlaps R13: 1 footprint overlap, 1 pad clearance violation, 1 courtyard conflict. Move the components apart.
U5 overlaps J_USB: 1 footprint overlap, 1 pad clearance violation, 1 courtyard conflict. Move the components apart.
R47 overlaps R16: 2 footprint overlaps, 2 pad clearance violations, 1 courtyard conflict. Move the components apart.
R48 overlaps R17: 1 footprint overlap, 1 pad clearance violation, 1 courtyard conflict. Move the components apart.
C27 overlaps U7: 1 footprint overlap, 4 pad clearance violations, 1 courtyard conflict. Move the components apart.
J_MOTOR overlaps LED_POWER: 2 footprint overlaps, 2 pad clearance violations, 1 courtyard conflict. Move the components apart.
J_MOTOR overlaps LED_STATUS: 2 footprint overlaps, 2 pad clearance violations, 1 courtyard conflict. Move the components apart.
J_MOTOR overlaps LED_FAULT: 2 footprint overlaps, 2 pad clearance violations, 1 courtyard conflict. Move the components apart.
R41 overlaps R31: 1 footprint overlap, 1 pad clearance violation, 1 courtyard conflict. Move the components apart.
R45 overlaps R35: 1 footprint overlap, 1 pad clearance violation, 1 courtyard conflict. Move the components apart.
R42 overlaps Q_ILIM: 1 footprint overlap, 1 pad clearance violation, 1 courtyard conflict. Move the components apart.
Pads pcb_port[.U6 > .VREF] and pcb_port[.R37 > .pin1] are too close (clearance: 0.085mm, minimum: 0.1mm)
Pads pcb_port[.U7 > .GND] and pcb_port[.C28 > .pin1] are too close (clearance: 0.025mm, minimum: 0.1mm)
Pads pcb_port[.D_IO2 > .NC1] and pcb_port[.C31 > .pin2] are too close (clearance: 0.085mm, minimum: 0.1mm)
Pads pcb_port[.D_IO2 > .NC1] and pcb_port[.C31 > .pin1] are too close (clearance: 0.085mm, minimum: 0.1mm)
Pads pcb_port[.D_IO2 > .NC2] and pcb_port[.C31 > .pin1] are too close (clearance: 0.048mm, minimum: 0.1mm)
Pads pcb_port[.D_IO2 > .D2_NEG] and pcb_port[.R26 > .pin2] are too close (clearance: 0.069mm, minimum: 0.1mm)
Pads pcb_port[.D_IO2 > .D2_NEG] and pcb_port[.R26 > .pin1] are too close (clearance: 0.069mm, minimum: 0.1mm)
Pads pcb_port[.D_IO2 > .D2_POS] and pcb_port[.R26 > .pin1] are too close (clearance: 0.048mm, minimum: 0.1mm)
Courtyard of C1 overlaps with courtyard of J_MOTOR
Courtyard of C2 overlaps with courtyard of J_MOTOR
Courtyard of C3 overlaps with courtyard of J_MOTOR
Courtyard of C4 overlaps with courtyard of J_MOTOR
Courtyard of R1 overlaps with courtyard of J_MOTOR
Courtyard of C5 overlaps with courtyard of J_MOTOR
Courtyard of U4 overlaps with courtyard of R38
Courtyard of U4 overlaps with courtyard of R39
Courtyard of U4 overlaps with courtyard of R40
Courtyard of U4 overlaps with courtyard of R41
Courtyard of U4 overlaps with courtyard of R42
Courtyard of U4 overlaps with courtyard of R45
Courtyard of U6 overlaps with courtyard of U8
Courtyard of U6 overlaps with courtyard of R19
Courtyard of U6 overlaps with courtyard of R20
Courtyard of U6 overlaps with courtyard of R52
Courtyard of U6 overlaps with courtyard of R37
Courtyard of C20 overlaps with courtyard of J_IO
Courtyard of J_USB overlaps with courtyard of D_USB
Courtyard of D_VBUS overlaps with courtyard of C33
Courtyard of C24 overlaps with courtyard of C33
Courtyard of U7 overlaps with courtyard of C28
Courtyard of D_IO2 overlaps with courtyard of R26
Courtyard of D_IO2 overlaps with courtyard of C31
Courtyard of U10 overlaps with courtyard of C33
Courtyard of Q_ILIM overlaps with courtyard of R38
Courtyard of Q_ILIM overlaps with courtyard of R46
Generating preview images...
[controller-preview] Generating PCB SVG...
[controller-preview] Written pcb.svg
[controller-preview] Generating PCB PNG...
[controller-preview] Written pcb.png

Build complete
  Circuits  0 passed 1 failed
  Options   pcb-png, pcb-svgs
  Output    dist

⚠ Build completed with errors
Build exiting with code 1: circuit build errors occurred
