Building 1 file(s)...
Building controller-preview.circuit.tsx...
Generating circuit JSON...
Circuit JSON written to dist/controller-preview/circuit.json
The "J" prefix is being used with a <chip />, try using it with a <connector /> or <jumper />
The "Q" prefix is being used with a <chip />, try using it with a <transistor />
The "J" prefix is being used with a <chip />, try using it with a <connector /> or <jumper />
The "J" prefix is being used with a <chip />, try using it with a <connector /> or <jumper />
The "Q" prefix is being used with a <chip />, try using it with a <transistor />
schPinSpacing is deprecated and will be ignored. Pin spacing is always 0.2.
component is inferred to face y- from its cable insertion center because no explicit footprint insertionDirection is defined, but should face y+ so the connector is accessible from the board edge. Set insertionDirection on the <footprint> to specify the actual direction in the footprint's unrotated orientation; for example, <footprint insertionDirection="from_above"> for a connector accessed from above the PCB (+Z).
All pins on Q_PD are underspecified (no pinAttributes set)
All pins on D_VBUS are underspecified (no pinAttributes set)
All pins on J_IO are underspecified (no pinAttributes set)
All pins on J_MOTOR are underspecified (no pinAttributes set)
All pins on D_CAN are underspecified (no pinAttributes set)
All pins on Q_ILIM are underspecified (no pinAttributes set)
U4 has no pin with requires_power=true
U2 has no pin with requires_power=true
J_USB has no pin with requires_power=true
Q_PD has no pin with requires_power=true
D_USB has no pin with requires_power=true
D_VBUS has no pin with requires_power=true
J_IO has no pin with requires_power=true
J_MOTOR has no pin with requires_power=true
U9 has no pin with requires_power=true
D_IO1 has no pin with requires_power=true
D_IO2 has no pin with requires_power=true
D_CAN has no pin with requires_power=true
U10 has no pin with requires_power=true
Q_ILIM has no pin with requires_power=true
J_USB has no pin with requires_ground=true
Q_PD has no pin with requires_ground=true
D_VBUS has no pin with requires_ground=true
J_IO has no pin with requires_ground=true
J_MOTOR has no pin with requires_ground=true
D_CAN has no pin with requires_ground=true
Q_ILIM has no pin with requires_ground=true
Q_PD is missing schematic reference designator text. For a custom symbol, add name="{REFDES}" inside the symbol.
D_USB is missing schematic reference designator text. For a custom symbol, add name="{REFDES}" inside the symbol.
D_VBUS is missing schematic reference designator text. For a custom symbol, add name="{REFDES}" inside the symbol.
D_CAN is missing schematic reference designator text. For a custom symbol, add name="{REFDES}" inside the symbol.
Q_ILIM is missing schematic reference designator text. For a custom symbol, add name="{REFDES}" inside the symbol.
Pads pcb_port[.U4 > .SDA] and pcb_port[.R35 > .pin1] are too close (clearance: 0.05mm, minimum: 0.1mm)
Courtyard of U4 overlaps with courtyard of R35
Courtyard of C6 overlaps with courtyard of R37
Generating preview images...
[controller-preview] Generating PCB SVG...
[controller-preview] Written pcb.svg
[controller-preview] Generating PCB PNG...
[controller-preview] Written pcb.png

Build complete
  Circuits  0 passed 1 failed
  Options   pcb-png, pcb-svgs
  Output    dist

⚠ Build completed with errors
Build exiting with code 1: circuit build errors occurred
