C1 (8.0, -5.0) -> (8.0, -5.0)
C2 (8.0, -6.75) -> (8.0, -6.75)
C3 (5.75, -5.0) -> (5.75, -5.0)
C4 (6.0, -6.75) -> (6.0, -6.75)
C8 (-14.0, -3.75) -> (-14.0, -3.75)
C9 (-9.75, -3.5) -> (-9.75, -3.5)
C10 (-7.75, -8.0) -> (-7.75, -8.0)
C11 (-15.75, -13.0) -> (-15.75, -13.0)
C12 (-15.75, -8.75) -> (-15.75, -8.75)
C13 (-8.25, -5.0) -> (-8.25, -5.0)
C14 (-6.5, -3.5) -> (-6.5, -3.5)
C15 (-3.0, -5.0) -> (-3.0, -5.0)
C16 (-4.5, 4.5) -> (-4.5, 4.5)
C17 (-14.75, -5.75) -> (-14.75, -5.75)
C18 (-14.5, 6.75) -> (-14.5, 6.75)
C22 (-13.5, -9.0) -> (-13.5, -9.0)
C23 (-1.25, -11.25) -> (-1.25, -11.25)
C24 (1.25, -11.25) -> (1.25, -11.25)
C25 (-10.0, -13.5) -> (-10.0, -13.5)
C26 (-10.0, -15.75) -> (-10.0, -15.75)
C28 (4, -10) -> (4.0, -10.0)
C29 (5, -5) -> (4.25, -5.0)
C32 (-10.0, 6.0) -> (-10.0, 6.0)
C33 (-5.0, -11.5) -> (-5.0, -11.5)
D_USB (7.75, -14.0) -> (7.75, -14.0)
D_VBUS (-6.5, -13.25) -> (-6.5, -13.25)
D_IO1 (9.0, 5.5) -> (9.0, 5.5)
D_IO2 (9.0, 2.5) -> (9.0, 2.5)
D_CAN (12.75, 14.5) -> (12.75, 14.5)
LED_POWER (-1, 2) -> (-1.0, 2.0)
LED_STATUS (1, 4) -> (1.0, 4.0)
LED_FAULT (1, 0) -> (1.0, 0.0)
R23 (7, 6) -> (6.25, 6.0)
R24 (7, 4) -> (6.25, 4.0)
R25 (7, 2) -> (6.25, 2.0)
R26 (7, 0) -> (7.0, 0.0)
R27 (7, -2) -> (7.0, -2.0)
R28 (5, 6) -> (4.0, 6.0)
R29 (5, 4) -> (4.0, 4.0)
R30 (5, 2) -> (4.0, 2.0)
R31 (5, 0) -> (4.75, 0.0)
R32 (5, -2) -> (4.75, -2.0)
R33 (-6, 6) -> (-4.5, 6.0)
R34 (5, 8) -> (5.0, 7.5)
R35 (-1, 4) -> (-1.0, 4.75)
R36 (-1, 6) -> (-1.0, 6.0)
R37 (1, 6) -> (1.25, 6.0)
C30 (8, 7.5) -> (8.0, 7.5)
C31 (8, 0.3) -> (9.25, 0.25)
R38 (-6, -9) -> (-6.0, -6.75)
R39 (-6, -11) -> (-7.5, -11.75)
R40 (-8, -7) -> (-8.25, -6.25)
R41 (-6, -7) -> (-6.0, -5.5)
R42 (-4, -7) -> (-3.75, -6.75)
R43 (-2, -9) -> (-1.75, -9.0)
R44 (-2, -11) -> (-2.0, -12.5)
R45 (-2, -7) -> (-1.5, -7.0)
R46 (-7, -3) -> (-7.0, -0.5)
R47 (-4, -12) -> (-4.25, -13.0)
R48 (-2, -13) -> (-2.0, -13.75)
R49 (10.75, 12.0) -> (10.75, 12.0)
R50 (7.0, 16.5) -> (7.0, 16.5)
R51 (5.0, -3.75) -> (5.0, -3.75)
R52 (8.5, -4.75) -> (8.5, -4.0)
R53 (10.75, -4.75) -> (10.75, -4.75)
R19 (7, -4) -> (9.25, -2.75)
R20 (12.0, -10.0) -> (12.0, -10.0)
R21 (12.0, -12.0) -> (12.0, -12.0)
R22 (12.0, -14.0) -> (12.0, -14.0)
C5 (14.5, -5.0) -> (14.5, -5.0)
C6 (1.5, 4.75) -> (1.5, 4.75)
R1 (12.0, -5.0) -> (12.0, -5.0)
R2 (1, -3) -> (1.0, -3.0)
R3 (1, -5) -> (1.0, -5.0)
C7 (2.5, 12.0) -> (2.5, 12.0)
R4 (-4, 3) -> (-4.0, 3.0)
R7 (-6, -5.5) -> (-6.25, -6.25)
R8 (-3, 5) -> (-3.0, 5.75)
R9 (-1, 5) -> (-0.75, 5.5)
R10 (-6, 4) -> (-6.75, 4.75)
R11 (-4, 6) -> (-5.25, 6.0)
C21 (-4, 2) -> (-4.0, 1.75)
C27 (5.0, -6.5) -> (4.25, -6.5)
R12 (-13.5, -6.75) -> (-13.5, -6.75)
R13 (-3.75, -5.5) -> (-3.75, -5.5)
R14 (-1.5, -5.75) -> (-1.5, -5.75)
R15 (0.75, -4.75) -> (0.75, -4.75)
R16 (1.5, -7.0) -> (1.5, -7.0)
R17 (3.75, -7.75) -> (3.75, -7.75)
R18 (1.75, -9.25) -> (1.75, -9.25)
